[2026-03-06 14:54:16] INFO: Logger initialized at log2/log484513.log
[2026-03-06 14:54:16] INFO: Test 438th graph in data/list_660_graphs.g6: L~wOg[NLx^y}rz
[2026-03-06 14:54:16] INFO: meta data: 
minimum degree >= 4
independent number <= 2
connected
[2026-03-06 14:54:16] INFO: Orientation of L~wOg[NLx^y}rz with min semidegree 3:
[0 0 1 0 0 0 0 0 0 0 0 1 1]
[1 0 0 0 0 0 0 0 0 0 0 1 1]
[0 1 0 0 0 0 0 0 0 1 1 0 0]
[1 1 1 0 0 0 0 0 0 0 0 0 0]
[1 1 1 0 0 0 0 0 0 0 0 0 0]
[0 0 0 1 0 0 0 0 0 0 1 0 1]
[0 0 0 1 0 1 0 0 0 0 1 0 0]
[0 0 0 0 1 1 1 0 0 0 0 0 0]
[0 0 0 0 1 1 1 1 0 0 0 0 0]
[0 0 0 1 0 1 1 1 1 0 0 0 0]
[0 0 0 0 1 0 0 1 1 1 0 0 0]
[0 0 0 1 0 1 1 1 1 1 0 0 0]
[0 0 0 0 1 0 1 1 1 0 1 1 0]
[2026-03-06 14:54:16] INFO: Any vertex can be a start vertex of a directed path of length 2k-1
