[2026-03-06 14:53:56] INFO: Logger initialized at log2/log480960.log
[2026-03-06 14:53:56] INFO: Test 342th graph in data/list_660_graphs.g6: LtlAIMwP~}F}N|
[2026-03-06 14:53:56] INFO: meta data: 
minimum degree >= 4
independent number <= 2
connected
[2026-03-06 14:53:56] INFO: Orientation of LtlAIMwP~}F}N| with min semidegree 3:
[0 0 1 0 0 0 0 0 1 0 1 0 0]
[1 0 0 0 0 0 0 0 0 1 1 0 0]
[0 0 0 0 0 0 0 0 0 0 1 1 1]
[1 0 1 0 0 0 0 0 0 0 0 1 0]
[1 0 1 1 0 0 0 0 0 0 0 0 0]
[0 1 0 0 0 0 0 0 0 1 0 0 1]
[0 1 0 0 0 1 0 0 0 0 0 0 1]
[0 1 0 0 0 1 1 0 0 0 0 0 0]
[0 0 1 1 1 0 0 0 0 0 0 0 0]
[0 0 0 0 0 0 1 1 1 0 0 0 0]
[0 0 0 1 1 1 1 1 0 0 0 0 0]
[0 0 0 0 1 1 1 1 1 1 0 0 0]
[0 0 0 1 1 0 0 1 1 1 0 1 0]
[2026-03-06 14:53:56] INFO: Any vertex can be a start vertex of a directed path of length 2k-1
