[2026-03-06 14:53:37] INFO: Logger initialized at log2/log477835.log
[2026-03-06 14:53:37] INFO: Test 261th graph in data/list_660_graphs.g6: K~~ck\wPxNb^
[2026-03-06 14:53:37] INFO: meta data: 
minimum degree >= 4
independent number <= 2
connected
[2026-03-06 14:53:37] INFO: Orientation of K~~ck\wPxNb^ with min semidegree 3:
[0 0 0 1 1 1 0 0 0 0 0 0]
[1 0 0 0 1 0 0 0 0 1 0 0]
[1 1 0 0 0 0 0 0 0 0 1 0]
[0 1 1 0 0 0 0 0 0 0 0 1]
[0 0 1 1 0 0 0 0 0 0 0 1]
[0 1 1 0 0 0 0 0 0 0 1 0]
[1 0 0 1 0 1 0 0 0 0 0 1]
[1 0 0 0 1 1 1 0 0 0 0 0]
[0 1 1 1 1 0 0 0 0 0 0 0]
[0 0 0 0 0 1 1 1 1 0 0 0]
[0 0 0 0 0 0 1 1 1 1 0 0]
[0 0 0 0 0 0 0 1 1 1 1 0]
[2026-03-06 14:53:37] INFO: Any vertex can be a start vertex of a directed path of length 2k-1
