[2026-03-06 14:54:18] INFO: Logger initialized at log2/log484778.log
[2026-03-06 14:54:18] INFO: Test 445th graph in data/list_660_graphs.g6: L`N@}GzvVN^M~e
[2026-03-06 14:54:18] INFO: meta data: 
minimum degree >= 4
independent number <= 2
connected
[2026-03-06 14:54:18] INFO: Orientation of L`N@}GzvVN^M~e with min semidegree 3:
[0 0 0 0 0 0 0 0 0 1 1 1 0]
[1 0 0 0 0 0 0 0 0 0 1 1 0]
[0 0 0 0 0 0 0 0 1 0 0 1 1]
[0 0 1 0 0 0 1 0 0 0 0 0 1]
[0 0 1 1 0 0 0 0 0 0 0 0 1]
[1 1 0 0 0 0 0 0 0 1 0 0 0]
[0 0 1 0 1 1 0 0 0 0 0 0 0]
[1 1 0 0 0 1 0 0 0 0 0 0 0]
[0 0 0 1 1 0 1 1 0 0 0 0 0]
[0 1 0 1 1 0 0 1 0 0 0 0 0]
[0 0 1 0 0 1 1 1 1 0 0 0 0]
[0 0 0 1 1 0 0 1 1 1 0 0 0]
[1 1 0 0 0 1 1 0 0 1 1 0 0]
[2026-03-06 14:54:18] INFO: Any vertex can be a start vertex of a directed path of length 2k-1
