[2026-03-06 14:54:08] INFO: Logger initialized at log2/log483143.log
[2026-03-06 14:54:09] INFO: Test 402th graph in data/list_660_graphs.g6: L~wOg[NLy^u}ry
[2026-03-06 14:54:09] INFO: meta data: 
minimum degree >= 4
independent number <= 2
connected
[2026-03-06 14:54:09] INFO: Orientation of L~wOg[NLy^u}ry with min semidegree 3:
[0 0 0 0 1 0 0 0 0 0 0 1 1]
[1 0 0 0 0 0 0 0 0 0 1 0 1]
[1 1 0 0 0 0 0 0 0 1 0 0 0]
[1 1 1 0 0 0 0 0 0 0 0 0 0]
[0 1 1 0 0 0 0 0 0 0 0 0 1]
[0 0 0 1 0 0 0 0 0 0 1 1 0]
[0 0 0 1 0 1 0 0 0 0 0 1 0]
[0 0 0 0 1 1 1 0 0 0 0 0 0]
[0 0 0 0 1 1 1 1 0 0 0 0 0]
[0 0 0 1 0 1 1 1 1 0 0 0 0]
[0 0 0 0 1 0 1 1 1 1 0 0 0]
[0 0 1 1 0 0 0 1 1 1 0 0 0]
[0 0 0 0 0 1 1 1 1 0 1 0 0]
[2026-03-06 14:54:09] INFO: Any vertex can be a start vertex of a directed path of length 2k-1
