[2026-03-06 14:54:36] INFO: Logger initialized at log2/log487945.log
[2026-03-06 14:54:36] INFO: Test 530th graph in data/list_660_graphs.g6: L`Mztxzr]f}pzd
[2026-03-06 14:54:36] INFO: meta data: 
minimum degree >= 4
independent number <= 2
connected
[2026-03-06 14:54:36] INFO: Orientation of L`Mztxzr]f}pzd with min semidegree 3:
[0 0 0 0 0 0 0 0 0 1 1 1 1]
[1 0 0 0 0 0 0 0 1 0 1 0 0]
[0 0 0 0 0 1 0 0 0 0 0 1 1]
[0 0 1 0 0 0 1 1 0 0 0 0 0]
[0 0 1 1 0 0 0 0 0 0 0 0 1]
[1 0 0 1 1 0 0 0 0 0 0 0 0]
[0 1 1 0 1 0 0 0 0 0 0 0 0]
[1 0 1 0 1 1 0 0 0 0 0 0 0]
[0 0 1 1 1 0 1 1 0 0 0 0 0]
[0 1 0 0 1 1 0 1 1 0 0 0 0]
[0 0 0 1 0 0 1 1 1 1 0 0 0]
[0 1 0 1 0 1 1 0 0 0 1 0 0]
[0 1 0 0 0 1 1 0 0 1 0 1 0]
[2026-03-06 14:54:36] INFO: Any vertex can be a start vertex of a directed path of length 2k-1
