[2026-03-06 14:54:24] INFO: Logger initialized at log2/log485872.log
[2026-03-06 14:54:24] INFO: Test 474th graph in data/list_660_graphs.g6: L}s`JM]Zo~b~lz
[2026-03-06 14:54:24] INFO: meta data: 
minimum degree >= 4
independent number <= 2
connected
[2026-03-06 14:54:24] INFO: Orientation of L}s`JM]Zo~b~lz with min semidegree 3:
[0 0 1 0 0 0 0 0 1 0 0 0 1]
[1 0 0 0 0 0 0 1 0 1 0 0 0]
[0 1 0 0 0 0 0 0 0 1 0 0 1]
[1 1 0 0 0 0 0 0 0 0 1 0 0]
[1 1 0 1 0 0 0 0 0 0 0 0 0]
[0 0 1 0 0 0 0 0 0 0 0 1 1]
[0 0 1 0 0 1 0 0 0 0 0 1 0]
[0 0 1 0 0 1 1 0 0 0 0 0 0]
[0 0 0 1 1 1 1 0 0 0 0 0 0]
[0 0 0 0 1 1 1 1 0 0 0 0 0]
[0 0 0 0 1 1 1 1 1 1 0 0 0]
[0 0 0 1 1 0 0 1 1 1 1 0 0]
[0 0 0 1 0 0 1 1 1 0 1 1 0]
[2026-03-06 14:54:24] INFO: Any vertex can be a start vertex of a directed path of length 2k-1
