[2026-03-06 14:54:36] INFO: Logger initialized at log2/log487954.log
[2026-03-06 14:54:36] INFO: Test 531th graph in data/list_660_graphs.g6: Lt}vILFQyre~N^
[2026-03-06 14:54:36] INFO: meta data: 
minimum degree >= 4
independent number <= 2
connected
[2026-03-06 14:54:36] INFO: Orientation of Lt}vILFQyre~N^ with min semidegree 3:
[0 0 0 1 1 1 0 0 0 0 0 0 0]
[1 0 0 0 0 0 1 0 0 0 1 0 0]
[1 0 0 0 0 0 0 0 0 0 0 1 1]
[0 0 1 0 0 0 0 0 0 0 0 1 1]
[0 1 1 1 0 0 0 0 0 0 0 0 0]
[0 0 1 1 0 0 0 0 0 0 0 0 1]
[1 0 1 0 0 1 0 0 0 0 0 0 0]
[0 1 0 0 0 1 1 0 0 0 0 0 0]
[0 1 0 0 0 1 1 1 0 0 0 0 0]
[0 1 0 0 1 0 1 1 1 0 0 0 0]
[0 0 0 1 1 0 0 1 1 1 0 0 0]
[0 0 0 0 0 1 1 1 1 1 1 0 0]
[0 0 0 0 1 0 0 1 1 1 1 1 0]
[2026-03-06 14:54:36] INFO: Any vertex can be a start vertex of a directed path of length 2k-1
