[2026-03-06 14:53:48] INFO: Logger initialized at log2/log479620.log
[2026-03-06 14:53:48] INFO: Test 305th graph in data/list_660_graphs.g6: K~?GW^oB~}^~
[2026-03-06 14:53:48] INFO: meta data: 
minimum degree >= 4
independent number <= 2
connected
[2026-03-06 14:53:48] INFO: Orientation of K~?GW^oB~}^~ with min semidegree 3:
[0 0 0 0 0 0 0 0 1 0 1 1]
[1 0 0 0 0 0 0 0 0 0 1 1]
[1 1 0 0 0 0 0 0 0 0 0 1]
[1 1 1 0 0 0 0 0 0 0 0 0]
[0 0 0 0 0 0 0 0 0 1 1 1]
[0 0 0 0 1 0 0 0 0 1 1 0]
[0 0 0 0 1 1 0 0 0 0 1 0]
[0 0 0 0 1 1 1 0 0 0 0 0]
[0 1 1 1 0 0 0 0 0 0 0 0]
[0 0 0 0 0 0 1 1 1 0 0 0]
[0 0 1 1 0 0 0 1 0 0 0 0]
[0 0 0 1 0 1 1 1 1 1 1 0]
[2026-03-06 14:53:48] INFO: Any vertex can be a start vertex of a directed path of length 2k-1
