[2026-03-06 14:54:20] INFO: Logger initialized at log2/log485133.log
[2026-03-06 14:54:20] INFO: Test 456th graph in data/list_660_graphs.g6: LRm|zpt[}ZXZpn
[2026-03-06 14:54:20] INFO: meta data: 
minimum degree >= 4
independent number <= 2
connected
[2026-03-06 14:54:20] INFO: Orientation of LRm|zpt[}ZXZpn with min semidegree 3:
[0 0 0 0 0 0 0 0 0 0 1 1 1]
[0 0 0 0 0 0 0 0 0 1 0 1 1]
[1 0 0 0 0 1 1 0 0 0 0 0 0]
[0 1 1 0 0 1 0 0 0 0 0 0 0]
[1 0 1 1 0 0 0 0 0 0 0 0 0]
[1 0 0 0 1 0 0 0 0 0 0 0 1]
[1 0 0 1 1 1 0 0 0 0 0 0 0]
[0 1 1 1 1 0 0 0 0 0 0 0 0]
[0 1 1 1 0 1 0 1 0 0 0 0 0]
[0 0 1 1 0 0 1 1 1 0 0 0 0]
[0 1 0 0 1 1 0 1 1 0 0 0 0]
[0 0 0 0 1 0 1 1 0 1 1 0 0]
[0 0 0 0 0 0 1 0 1 1 1 1 0]
[2026-03-06 14:54:20] INFO: Any vertex can be a start vertex of a directed path of length 2k-1
