[2026-03-06 14:54:11] INFO: Logger initialized at log2/log483593.log
[2026-03-06 14:54:11] INFO: Test 412th graph in data/list_660_graphs.g6: L{{Og{^d~Kl|X~
[2026-03-06 14:54:11] INFO: meta data: 
minimum degree >= 4
independent number <= 2
connected
[2026-03-06 14:54:11] INFO: Orientation of L{{Og{^d~Kl|X~ with min semidegree 3:
[0 0 0 0 1 0 0 0 0 1 1 0 0]
[1 0 0 0 0 0 0 0 0 0 0 1 1]
[1 1 0 0 0 0 0 0 0 0 0 1 0]
[1 0 0 0 0 0 0 1 1 0 0 0 0]
[0 1 1 1 0 0 0 0 0 0 0 0 0]
[0 0 0 1 0 0 0 0 1 0 0 0 1]
[0 0 0 1 0 1 0 0 0 0 0 0 1]
[0 0 0 0 1 1 1 0 0 0 0 0 0]
[0 0 0 0 1 0 1 1 0 0 0 0 0]
[0 0 0 1 0 1 1 1 1 0 0 0 0]
[0 1 1 0 0 1 1 0 0 1 0 0 0]
[0 0 0 0 1 1 1 1 1 0 1 0 0]
[0 0 1 0 0 0 0 1 1 1 1 1 0]
[2026-03-06 14:54:11] INFO: Any vertex can be a start vertex of a directed path of length 2k-1
