[2026-03-06 14:53:54] INFO: Logger initialized at log2/log480594.log
[2026-03-06 14:53:54] INFO: Test 333th graph in data/list_660_graphs.g6: L~{?GKF@~o?~~{
[2026-03-06 14:53:54] INFO: meta data: 
minimum degree >= 4
independent number <= 2
connected
[2026-03-06 14:53:54] INFO: Orientation of L~{?GKF@~o?~~{ with min semidegree 3:
[0 0 0 0 1 0 0 0 0 0 1 0 1]
[1 0 0 0 0 0 0 0 0 0 1 0 1]
[1 1 0 0 0 0 0 0 0 0 0 0 1]
[1 1 1 0 0 0 0 0 0 0 0 0 0]
[0 1 1 1 0 0 0 0 0 0 0 0 0]
[0 0 0 0 0 0 0 0 0 1 0 1 1]
[0 0 0 0 0 1 0 0 0 0 0 1 1]
[0 0 0 0 0 1 1 0 0 0 0 1 0]
[0 0 0 0 0 1 1 1 0 0 0 0 0]
[0 0 0 0 0 0 1 1 1 0 0 0 0]
[0 0 1 1 1 0 0 0 0 0 0 0 0]
[0 0 0 0 0 0 0 0 1 1 1 0 0]
[0 0 0 1 1 0 0 1 1 1 0 0 0]
[2026-03-06 14:53:54] INFO: Any vertex can be a start vertex of a directed path of length 2k-1
