[2026-03-06 17:24:56] INFO: Logger initialized at log2/log568893.log
[2026-03-06 17:24:56] INFO: Test 632th graph in data/list_660_graphs.g6: Qv}}~v||n]]]zZ~eI^xZ~Ln|N^w
[2026-03-06 17:24:56] INFO: meta data: 
minimum degree >= 4
independent number <= 2
connected
[2026-03-06 17:24:56] INFO: Orientation of Qv}}~v||n]]]zZ~eI^xZ~Ln|N^w with min semidegree 6:
[0 0 0 0 0 1 1 1 0 0 0 1 1 1 0 0 0 0]
[1 0 0 0 0 0 1 0 0 0 0 0 1 1 1 0 0 1]
[1 0 0 0 0 0 0 0 1 1 1 0 0 0 0 1 1 0]
[1 1 1 0 0 0 0 0 1 0 0 0 0 0 1 0 1 0]
[1 1 1 1 0 0 0 0 0 0 0 0 0 0 0 1 0 1]
[0 0 1 1 1 0 0 0 0 0 0 0 0 0 0 1 1 1]
[0 0 0 1 1 1 0 0 0 0 0 0 0 0 1 0 1 1]
[0 1 1 1 1 0 1 0 0 0 0 0 0 0 0 0 0 1]
[1 1 0 0 1 1 0 1 0 0 0 0 0 0 0 0 1 0]
[1 1 0 1 0 1 1 0 1 0 0 0 0 0 0 0 0 1]
[1 1 0 0 1 1 1 1 0 0 0 0 0 0 0 1 0 0]
[0 1 1 1 0 0 1 1 1 1 0 0 0 0 0 0 0 0]
[0 0 1 0 1 1 0 1 1 0 1 1 0 0 0 0 0 0]
[0 0 1 1 1 1 1 0 0 1 1 0 0 0 0 0 0 0]
[0 0 0 0 0 0 0 1 1 1 1 1 1 1 0 0 0 0]
[0 0 0 0 0 0 0 1 1 1 0 1 1 1 1 0 0 0]
[0 0 0 0 0 0 0 0 0 1 1 1 1 1 1 1 0 0]
[0 0 0 0 0 0 0 0 0 0 1 1 1 1 1 1 1 0]
[2026-03-06 17:51:21] INFO: Any vertex can be a start vertex of a directed path of length 2k-1
