[2026-03-06 17:23:05] INFO: Logger initialized at log2/log568578.log
[2026-03-06 17:23:05] INFO: Test 624th graph in data/list_660_graphs.g6: K`zV]yvmzynt
[2026-03-06 17:23:05] INFO: meta data: 
minimum degree >= 4
independent number <= 2
connected
[2026-03-06 17:23:05] INFO: Orientation of K`zV]yvmzynt with min semidegree 3:
[0 0 0 0 0 0 1 0 1 1 0 0]
[1 0 0 0 0 0 0 0 0 0 1 1]
[0 0 0 0 0 0 0 0 0 1 1 1]
[0 0 1 0 0 0 0 1 0 0 0 1]
[1 1 1 0 0 0 0 0 0 0 0 0]
[1 1 0 1 0 0 0 0 0 0 0 0]
[0 1 1 0 1 1 0 0 0 0 0 0]
[1 1 0 0 1 1 0 0 0 0 0 0]
[0 0 1 1 0 1 1 1 0 0 0 0]
[0 0 0 1 1 0 1 1 1 0 0 0]
[0 0 0 1 1 1 0 1 0 1 0 0]
[0 0 0 0 1 1 1 0 1 0 1 0]
[2026-03-06 17:23:05] INFO: Any vertex can be a start vertex of a directed path of length 2k-1
