[2026-03-05 20:47:21] INFO: Logger initialized at log/log158072.log
[2026-03-05 20:47:21] INFO: Test 510th graph in data/list_660_graphs.g6: L}mkzHdSyfd~F~
[2026-03-05 20:47:21] INFO: meta data: 
minimum degree >= 4
independent number <= 2
connected
[2026-03-05 20:47:21] INFO: Orientation of L}mkzHdSyfd~F~ with min semidegree 3:
[0 0 1 0 1 1 0 0 0 0 0 0 0]
[1 0 0 0 0 0 0 0 1 0 1 0 0]
[0 1 0 0 1 0 0 0 0 0 0 1 0]
[1 1 0 0 0 0 0 0 0 0 0 0 1]
[0 0 0 1 0 0 0 0 0 0 0 1 1]
[0 0 1 0 1 0 0 0 0 0 0 0 1]
[1 0 0 1 1 1 0 0 0 0 0 0 0]
[0 1 1 0 0 1 0 0 0 0 0 0 0]
[0 0 1 0 0 1 0 1 0 0 0 0 0]
[0 1 0 1 0 0 1 1 1 0 0 0 0]
[0 0 0 1 0 0 1 1 1 1 0 0 0]
[0 0 0 0 0 1 1 1 1 1 1 0 0]
[0 0 0 0 0 0 1 1 1 1 1 1 0]
[2026-03-05 20:47:21] INFO: op ←←←←←, 5066
[2026-03-05 20:47:21] INFO: op →←←←←, 4164
[2026-03-05 20:47:21] INFO: op →→←←←, 4087
[2026-03-05 20:47:22] INFO: op →→→←←, 4087
[2026-03-05 20:47:22] INFO: op →→→→←, 4164
[2026-03-05 20:47:22] INFO: op ←→←←←, 3520
[2026-03-05 20:47:22] INFO: op ←←→←←, 3531
[2026-03-05 20:47:22] INFO: op ←→→←←, 3525
[2026-03-05 20:47:22] INFO: op ←←←→←, 3624
[2026-03-05 20:47:23] INFO: op ←←→→←, 3688
[2026-03-05 20:47:23] INFO: op ←→→→←, 3559
[2026-03-05 20:47:23] INFO: op →←→←←, 2616
[2026-03-05 20:47:23] INFO: op →←←→←, 2959
[2026-03-05 20:47:23] INFO: op →→←→←, 2616
[2026-03-05 20:47:23] INFO: op →←→→←, 2959
[2026-03-05 20:47:23] INFO: op ←→←→←, 2305
[2026-03-05 20:47:23] INFO: [END]
