[2026-03-05 20:45:20] INFO: Logger initialized at log/log142659.log
[2026-03-05 20:45:20] INFO: Test 113th graph in data/list_660_graphs.g6: HJqkz~~
[2026-03-05 20:45:20] INFO: meta data: 
minimum degree >= 4
independent number <= 2
connected
[2026-03-05 20:45:20] INFO: Orientation of HJqkz~~ with min semidegree 2:
[0 0 0 0 0 1 0 0 1]
[0 0 0 0 0 0 0 1 1]
[0 1 0 0 0 0 0 1 0]
[0 1 1 0 0 0 0 0 0]
[1 1 0 0 0 0 0 0 0]
[0 0 1 0 1 0 0 0 0]
[1 0 0 1 1 1 0 0 0]
[0 0 0 1 1 1 1 0 0]
[0 0 1 1 1 1 1 1 0]
[2026-03-05 20:45:20] INFO: op ←←←, 156
[2026-03-05 20:45:20] INFO: op →←←, 122
[2026-03-05 20:45:20] INFO: op →→←, 122
[2026-03-05 20:45:20] INFO: op ←→←, 120
[2026-03-05 20:45:20] INFO: [END]
