[2026-03-05 20:46:15] INFO: Logger initialized at log/log151206.log
[2026-03-05 20:46:15] INFO: Test 335th graph in data/list_660_graphs.g6: L~?G]^NN`{r~Z}
[2026-03-05 20:46:15] INFO: meta data: 
minimum degree >= 4
independent number <= 2
connected
[2026-03-05 20:46:15] INFO: Orientation of L~?G]^NN`{r~Z} with min semidegree 3:
[0 0 0 0 0 0 0 1 1 0 0 1 0]
[1 0 0 0 0 0 0 1 0 0 0 0 1]
[1 1 0 0 0 0 0 0 0 0 1 0 0]
[1 1 1 0 0 0 0 0 0 0 0 0 0]
[0 0 0 0 0 0 0 0 1 0 0 1 1]
[0 0 0 0 1 0 0 0 0 0 0 1 1]
[0 0 0 0 1 1 0 0 1 0 0 0 0]
[0 0 0 0 1 1 1 0 0 0 0 0 0]
[0 1 0 0 0 1 0 1 0 0 0 0 0]
[0 0 1 1 1 1 1 0 0 0 0 0 0]
[0 0 0 1 1 1 1 0 0 1 0 0 0]
[0 0 0 1 0 0 1 1 1 1 1 0 0]
[0 0 1 0 0 0 1 1 1 1 1 0 0]
[2026-03-05 20:46:15] INFO: op ←←←←←, 4214
[2026-03-05 20:46:15] INFO: op →←←←←, 3685
[2026-03-05 20:46:16] INFO: op →→←←←, 3920
[2026-03-05 20:46:16] INFO: op →→→←←, 3920
[2026-03-05 20:46:16] INFO: op →→→→←, 3685
[2026-03-05 20:46:16] INFO: op ←→←←←, 3323
[2026-03-05 20:46:16] INFO: op ←←→←←, 3428
[2026-03-05 20:46:16] INFO: op ←→→←←, 3347
[2026-03-05 20:46:16] INFO: op ←←←→←, 3125
[2026-03-05 20:46:16] INFO: op ←←→→←, 3259
[2026-03-05 20:46:17] INFO: op ←→→→←, 3208
[2026-03-05 20:46:17] INFO: op →←→←←, 2661
[2026-03-05 20:46:17] INFO: op →←←→←, 2707
[2026-03-05 20:46:17] INFO: op →→←→←, 2661
[2026-03-05 20:46:17] INFO: op →←→→←, 2707
[2026-03-05 20:46:17] INFO: op ←→←→←, 2270
[2026-03-05 20:46:17] INFO: [END]
