[2026-03-05 20:47:21] INFO: Logger initialized at log/log158115.log
[2026-03-05 20:47:21] INFO: Test 511th graph in data/list_660_graphs.g6: LxwOgk^N~mX|r|
[2026-03-05 20:47:21] INFO: meta data: 
minimum degree >= 4
independent number <= 2
connected
[2026-03-05 20:47:21] INFO: Orientation of LxwOgk^N~mX|r| with min semidegree 3:
[0 0 0 0 0 0 0 0 0 0 1 1 1]
[1 0 0 0 0 0 0 0 0 0 1 1 0]
[1 1 0 0 0 0 0 0 0 1 0 0 0]
[0 0 1 0 0 0 0 0 1 1 0 0 0]
[1 1 1 0 0 0 0 0 0 0 0 0 0]
[0 0 0 1 0 0 0 0 1 0 0 0 1]
[0 0 0 1 0 1 0 0 0 0 0 0 1]
[0 0 0 1 0 1 1 0 0 0 0 0 0]
[0 0 0 0 1 0 1 1 0 0 0 0 0]
[0 0 0 0 1 1 1 1 1 0 0 0 0]
[0 0 1 1 0 1 1 1 0 0 0 0 0]
[0 0 0 0 1 1 1 1 1 0 1 0 0]
[0 1 0 0 1 0 0 1 1 1 0 1 0]
[2026-03-05 20:47:21] INFO: op ←←←←←, 4517
[2026-03-05 20:47:22] INFO: op →←←←←, 3700
[2026-03-05 20:47:22] INFO: op →→←←←, 3764
[2026-03-05 20:47:22] INFO: op →→→←←, 3764
[2026-03-05 20:47:22] INFO: op →→→→←, 3700
[2026-03-05 20:47:22] INFO: op ←→←←←, 3353
[2026-03-05 20:47:22] INFO: op ←←→←←, 3289
[2026-03-05 20:47:22] INFO: op ←→→←←, 3150
[2026-03-05 20:47:23] INFO: op ←←←→←, 3108
[2026-03-05 20:47:23] INFO: op ←←→→←, 3108
[2026-03-05 20:47:23] INFO: op ←→→→←, 3072
[2026-03-05 20:47:23] INFO: op →←→←←, 2716
[2026-03-05 20:47:23] INFO: op →←←→←, 2556
[2026-03-05 20:47:23] INFO: op →→←→←, 2716
[2026-03-05 20:47:23] INFO: op →←→→←, 2556
[2026-03-05 20:47:23] INFO: op ←→←→←, 2337
[2026-03-05 20:47:23] INFO: [END]
