[2026-03-05 20:46:24] INFO: Logger initialized at log/log152003.log
[2026-03-05 20:46:25] INFO: Test 355th graph in data/list_660_graphs.g6: L~?GX{~r_~zrz{
[2026-03-05 20:46:25] INFO: meta data: 
minimum degree >= 4
independent number <= 2
connected
[2026-03-05 20:46:25] INFO: Orientation of L~?GX{~r_~zrz{ with min semidegree 3:
[0 0 0 0 0 0 0 0 0 1 0 1 1]
[1 0 0 0 0 0 0 0 0 0 0 1 1]
[1 1 0 0 0 0 0 0 1 0 0 0 0]
[1 1 1 0 0 0 0 0 0 0 0 0 0]
[0 0 0 0 0 0 0 0 0 0 1 1 1]
[0 0 0 0 1 0 0 1 0 0 1 0 0]
[0 0 0 0 1 1 0 1 0 0 0 0 0]
[0 0 1 1 1 0 0 0 0 0 0 0 0]
[0 0 0 1 1 1 1 1 0 0 0 0 0]
[0 1 0 0 1 1 1 0 0 0 0 0 0]
[0 0 0 1 0 0 1 1 1 1 0 0 0]
[0 0 0 1 0 1 1 0 0 1 1 0 0]
[0 0 1 0 0 1 1 1 1 1 0 0 0]
[2026-03-05 20:46:25] INFO: op ←←←←←, 4608
[2026-03-05 20:46:25] INFO: op →←←←←, 3766
[2026-03-05 20:46:25] INFO: op →→←←←, 3762
[2026-03-05 20:46:25] INFO: op →→→←←, 3762
[2026-03-05 20:46:25] INFO: op →→→→←, 3766
[2026-03-05 20:46:25] INFO: op ←→←←←, 3298
[2026-03-05 20:46:26] INFO: op ←←→←←, 3302
[2026-03-05 20:46:26] INFO: op ←→→←←, 3172
[2026-03-05 20:46:26] INFO: op ←←←→←, 3056
[2026-03-05 20:46:26] INFO: op ←←→→←, 3153
[2026-03-05 20:46:26] INFO: op ←→→→←, 2959
[2026-03-05 20:46:26] INFO: op →←→←←, 2730
[2026-03-05 20:46:26] INFO: op →←←→←, 2553
[2026-03-05 20:46:26] INFO: op →→←→←, 2730
[2026-03-05 20:46:26] INFO: op →←→→←, 2553
[2026-03-05 20:46:27] INFO: op ←→←→←, 2385
[2026-03-05 20:46:27] INFO: [END]
