[2026-03-05 20:45:11] INFO: Logger initialized at log/log140658.log
[2026-03-05 20:45:11] INFO: Test 58th graph in data/list_660_graphs.g6: H`NUX~~
[2026-03-05 20:45:11] INFO: meta data: 
minimum degree >= 4
independent number <= 2
connected
[2026-03-05 20:45:11] INFO: Orientation of H`NUX~~ with min semidegree 2:
[0 0 0 0 0 1 0 0 1]
[1 0 0 0 0 0 0 0 1]
[0 0 0 0 0 0 0 1 1]
[0 0 1 0 0 0 0 1 0]
[0 0 1 1 0 0 0 0 0]
[0 1 0 1 0 0 0 0 0]
[1 1 0 0 1 1 0 0 0]
[0 0 0 0 1 1 1 0 0]
[0 0 0 1 1 1 1 1 0]
[2026-03-05 20:45:11] INFO: op ←←←, 139
[2026-03-05 20:45:11] INFO: op →←←, 98
[2026-03-05 20:45:11] INFO: op →→←, 98
[2026-03-05 20:45:11] INFO: op ←→←, 76
[2026-03-05 20:45:11] INFO: [END]
