[2026-03-05 20:45:03] INFO: Logger initialized at log/log138514.log
[2026-03-05 20:45:03] INFO: Test 5th graph in data/list_660_graphs.g6: I~?GW^oBw
[2026-03-05 20:45:03] INFO: meta data: 
minimum degree >= 4
independent number <= 2
connected
[2026-03-05 20:45:03] INFO: Orientation of I~?GW^oBw with min semidegree 2:
[0 0 0 1 0 0 0 0 1 0]
[1 0 0 0 0 0 0 0 1 0]
[1 1 0 0 0 0 0 0 0 0]
[0 1 1 0 0 0 0 0 0 0]
[0 0 0 0 0 0 0 1 0 1]
[0 0 0 0 1 0 0 0 0 1]
[0 0 0 0 1 1 0 0 0 0]
[0 0 0 0 0 1 1 0 0 0]
[0 0 1 1 0 0 0 0 0 0]
[0 0 0 0 0 0 1 1 1 0]
[2026-03-05 20:45:03] INFO: op ←←←, 62
[2026-03-05 20:45:03] INFO: op →←←, 40
[2026-03-05 20:45:03] INFO: op →→←, 40
[2026-03-05 20:45:03] INFO: op ←→←, 18
[2026-03-05 20:45:03] INFO: [END]
