[2026-03-05 20:47:07] INFO: Logger initialized at log/log156557.log
[2026-03-05 20:47:07] INFO: Test 471th graph in data/list_660_graphs.g6: L`N@p~F}e\}k~F
[2026-03-05 20:47:07] INFO: meta data: 
minimum degree >= 4
independent number <= 2
connected
[2026-03-05 20:47:07] INFO: Orientation of L`N@p~F}e\}k~F with min semidegree 3:
[0 0 0 0 0 0 0 0 1 1 1 0 0]
[1 0 0 0 0 0 0 0 0 0 1 1 0]
[0 0 0 0 0 0 0 1 0 0 0 1 1]
[0 0 1 0 0 0 0 1 0 0 0 0 1]
[0 0 1 1 0 0 0 0 0 0 0 0 1]
[1 1 0 0 0 0 0 0 1 0 0 0 0]
[0 0 1 1 1 0 0 0 0 0 0 0 0]
[0 0 0 0 1 1 1 0 0 0 0 0 0]
[0 1 0 0 0 0 1 1 0 0 0 0 0]
[0 1 1 1 1 0 1 0 0 0 0 0 0]
[0 0 0 0 1 1 1 0 1 1 0 0 0]
[1 0 0 1 0 1 0 1 1 0 0 0 0]
[1 1 0 0 0 1 0 0 0 1 1 1 0]
[2026-03-05 20:47:08] INFO: op ←←←←←, 4595
[2026-03-05 20:47:08] INFO: op →←←←←, 3453
[2026-03-05 20:47:08] INFO: op →→←←←, 3199
[2026-03-05 20:47:08] INFO: op →→→←←, 3199
[2026-03-05 20:47:08] INFO: op →→→→←, 3453
[2026-03-05 20:47:08] INFO: op ←→←←←, 2713
[2026-03-05 20:47:08] INFO: op ←←→←←, 2711
[2026-03-05 20:47:08] INFO: op ←→→←←, 2604
[2026-03-05 20:47:09] INFO: op ←←←→←, 2787
[2026-03-05 20:47:09] INFO: op ←←→→←, 2691
[2026-03-05 20:47:09] INFO: op ←→→→←, 2786
[2026-03-05 20:47:09] INFO: op →←→←←, 1938
[2026-03-05 20:47:09] INFO: op →←←→←, 2070
[2026-03-05 20:47:09] INFO: op →→←→←, 1938
[2026-03-05 20:47:09] INFO: op →←→→←, 2070
[2026-03-05 20:47:09] INFO: op ←→←→←, 1619
[2026-03-05 20:47:09] INFO: [END]
