[2026-03-05 20:46:07] INFO: Logger initialized at log/log150454.log
[2026-03-05 20:46:07] INFO: Test 316th graph in data/list_660_graphs.g6: KxNEJo^F{|~~
[2026-03-05 20:46:07] INFO: meta data: 
minimum degree >= 4
independent number <= 2
connected
[2026-03-05 20:46:07] INFO: Orientation of KxNEJo^F{|~~ with min semidegree 3:
[0 0 0 0 0 1 0 0 0 0 1 1]
[1 0 0 0 0 0 0 1 0 0 0 1]
[1 1 0 0 0 0 0 0 0 0 0 1]
[0 0 1 0 0 0 0 0 0 1 1 0]
[0 0 1 1 0 0 0 0 1 0 0 0]
[0 1 0 0 0 0 0 0 1 1 0 0]
[1 1 0 0 0 1 0 0 0 0 0 0]
[0 0 1 1 1 0 0 0 0 0 0 0]
[0 0 0 1 0 0 1 1 0 0 0 0]
[0 0 0 0 1 0 1 1 1 0 0 0]
[0 0 0 0 1 1 1 0 1 1 0 0]
[0 0 0 1 1 1 1 1 1 1 1 0]
[2026-03-05 20:46:07] INFO: op ←←←←←, 3644
[2026-03-05 20:46:07] INFO: op →←←←←, 2729
[2026-03-05 20:46:07] INFO: op →→←←←, 2723
[2026-03-05 20:46:08] INFO: op →→→←←, 2723
[2026-03-05 20:46:08] INFO: op →→→→←, 2729
[2026-03-05 20:46:08] INFO: op ←→←←←, 2386
[2026-03-05 20:46:08] INFO: op ←←→←←, 2414
[2026-03-05 20:46:08] INFO: op ←→→←←, 2325
[2026-03-05 20:46:08] INFO: op ←←←→←, 2359
[2026-03-05 20:46:08] INFO: op ←←→→←, 2306
[2026-03-05 20:46:08] INFO: op ←→→→←, 2205
[2026-03-05 20:46:08] INFO: op →←→←←, 1831
[2026-03-05 20:46:08] INFO: op →←←→←, 1764
[2026-03-05 20:46:08] INFO: op →→←→←, 1831
[2026-03-05 20:46:08] INFO: op →←→→←, 1764
[2026-03-05 20:46:08] INFO: op ←→←→←, 1580
[2026-03-05 20:46:08] INFO: [END]
