[2026-03-05 20:47:24] INFO: Logger initialized at log/log158434.log
[2026-03-05 20:47:24] INFO: Test 519th graph in data/list_660_graphs.g6: L`K}UK~u~N^Q|R
[2026-03-05 20:47:24] INFO: meta data: 
minimum degree >= 4
independent number <= 2
connected
[2026-03-05 20:47:24] INFO: Orientation of L`K}UK~u~N^Q|R with min semidegree 3:
[0 0 0 0 0 0 0 0 0 1 1 1 1]
[1 0 0 0 0 0 0 0 0 1 1 0 0]
[0 0 0 0 0 0 0 0 1 0 0 1 1]
[0 0 1 0 0 0 0 0 1 0 0 0 1]
[0 0 1 1 0 0 0 0 1 0 0 0 0]
[0 0 1 1 1 0 0 0 0 0 0 0 0]
[1 1 0 0 1 0 0 0 0 0 0 0 0]
[1 1 0 0 0 1 1 0 0 0 0 0 0]
[0 0 0 0 0 1 1 1 0 0 0 0 0]
[0 0 0 1 1 0 1 1 1 0 0 0 0]
[0 0 1 0 0 1 1 1 1 0 0 0 0]
[0 1 0 1 1 0 1 0 0 1 0 0 0]
[0 1 0 0 0 1 0 1 0 0 1 1 0]
[2026-03-05 20:47:24] INFO: op ←←←←←, 4580
[2026-03-05 20:47:25] INFO: op →←←←←, 3730
[2026-03-05 20:47:25] INFO: op →→←←←, 3815
[2026-03-05 20:47:25] INFO: op →→→←←, 3815
[2026-03-05 20:47:25] INFO: op →→→→←, 3730
[2026-03-05 20:47:25] INFO: op ←→←←←, 3120
[2026-03-05 20:47:25] INFO: op ←←→←←, 3153
[2026-03-05 20:47:25] INFO: op ←→→←←, 3182
[2026-03-05 20:47:25] INFO: op ←←←→←, 3027
[2026-03-05 20:47:26] INFO: op ←←→→←, 3277
[2026-03-05 20:47:26] INFO: op ←→→→←, 3060
[2026-03-05 20:47:26] INFO: op →←→←←, 2416
[2026-03-05 20:47:26] INFO: op →←←→←, 2478
[2026-03-05 20:47:26] INFO: op →→←→←, 2416
[2026-03-05 20:47:26] INFO: op →←→→←, 2478
[2026-03-05 20:47:26] INFO: op ←→←→←, 1917
[2026-03-05 20:47:26] INFO: [END]
