[2026-03-05 20:46:57] INFO: Logger initialized at log/log155608.log
[2026-03-05 20:46:57] INFO: Test 448th graph in data/list_660_graphs.g6: L~?G\\nfq|vy^i
[2026-03-05 20:46:57] INFO: meta data: 
minimum degree >= 4
independent number <= 2
connected
[2026-03-05 20:46:57] INFO: Orientation of L~?G\\nfq|vy^i with min semidegree 3:
[0 0 0 0 0 0 0 1 0 1 0 1 0]
[1 0 0 0 0 0 0 0 1 0 1 0 0]
[1 1 0 0 0 0 0 0 0 0 0 1 0]
[1 1 1 0 0 0 0 0 0 0 0 0 0]
[0 0 0 0 0 0 0 0 0 0 1 1 1]
[0 0 0 0 1 0 0 1 0 0 0 0 1]
[0 0 0 0 1 1 0 0 0 0 0 0 1]
[0 0 1 0 1 0 1 0 0 0 0 0 0]
[0 0 1 0 1 1 1 1 0 0 0 0 0]
[0 0 0 1 1 1 1 1 0 0 0 0 0]
[0 0 0 1 0 1 1 0 1 1 0 0 0]
[0 0 0 1 0 1 1 1 0 1 0 0 0]
[0 1 1 1 0 0 0 0 1 0 1 0 0]
[2026-03-05 20:46:58] INFO: op ←←←←←, 4761
[2026-03-05 20:46:58] INFO: op →←←←←, 3818
[2026-03-05 20:46:58] INFO: op →→←←←, 3780
[2026-03-05 20:46:58] INFO: op →→→←←, 3780
[2026-03-05 20:46:58] INFO: op →→→→←, 3818
[2026-03-05 20:46:58] INFO: op ←→←←←, 3185
[2026-03-05 20:46:58] INFO: op ←←→←←, 3141
[2026-03-05 20:46:58] INFO: op ←→→←←, 3103
[2026-03-05 20:46:59] INFO: op ←←←→←, 3189
[2026-03-05 20:46:59] INFO: op ←←→→←, 3041
[2026-03-05 20:46:59] INFO: op ←→→→←, 3052
[2026-03-05 20:46:59] INFO: op →←→←←, 2616
[2026-03-05 20:46:59] INFO: op →←←→←, 2517
[2026-03-05 20:46:59] INFO: op →→←→←, 2616
[2026-03-05 20:46:59] INFO: op →←→→←, 2517
[2026-03-05 20:46:59] INFO: op ←→←→←, 2223
[2026-03-05 20:46:59] INFO: [END]
