[2026-03-05 20:47:35] INFO: Logger initialized at log/log159775.log
[2026-03-05 20:47:35] INFO: Test 552th graph in data/list_660_graphs.g6: L~~w?CB?wFp~[}
[2026-03-05 20:47:35] INFO: meta data: 
minimum degree >= 4
independent number <= 2
connected
[2026-03-05 20:47:35] INFO: Orientation of L~~w?CB?wFp~[} with min semidegree 3:
[0 0 0 0 1 1 0 0 0 0 0 1 0]
[1 0 0 0 0 1 0 0 0 0 0 0 1]
[1 1 0 0 0 0 0 0 0 0 0 0 1]
[1 1 1 0 0 0 0 0 0 0 0 0 0]
[0 1 1 1 0 0 0 0 0 0 0 0 0]
[0 0 1 1 1 0 0 0 0 0 0 0 0]
[0 0 0 0 0 0 0 0 0 0 1 1 1]
[0 0 0 0 0 0 1 0 0 0 0 1 1]
[0 0 0 0 0 0 1 1 0 0 0 1 0]
[0 0 0 0 0 0 1 1 1 0 0 0 0]
[0 0 0 0 0 0 0 1 1 1 0 0 0]
[0 0 0 0 1 1 0 0 0 1 1 0 0]
[0 0 0 1 0 0 0 0 1 1 1 0 0]
[2026-03-05 20:47:36] INFO: op ←←←←←, 1734
[2026-03-05 20:47:36] INFO: op →←←←←, 1225
[2026-03-05 20:47:36] INFO: op →→←←←, 1309
[2026-03-05 20:47:36] INFO: op →→→←←, 1309
[2026-03-05 20:47:36] INFO: op →→→→←, 1225
[2026-03-05 20:47:36] INFO: op ←→←←←, 887
[2026-03-05 20:47:36] INFO: op ←←→←←, 998
[2026-03-05 20:47:36] INFO: op ←→→←←, 903
[2026-03-05 20:47:36] INFO: op ←←←→←, 886
[2026-03-05 20:47:36] INFO: op ←←→→←, 902
[2026-03-05 20:47:36] INFO: op ←→→→←, 941
[2026-03-05 20:47:36] INFO: op →←→←←, 591
[2026-03-05 20:47:36] INFO: op →←←→←, 649
[2026-03-05 20:47:36] INFO: op →→←→←, 591
[2026-03-05 20:47:36] INFO: op →←→→←, 649
[2026-03-05 20:47:36] INFO: op ←→←→←, 357
[2026-03-05 20:47:36] INFO: [END]
