[2026-03-05 20:47:34] INFO: Logger initialized at log/log159574.log
[2026-03-05 20:47:34] INFO: Test 547th graph in data/list_660_graphs.g6: L`Kx~frru\~i~J
[2026-03-05 20:47:34] INFO: meta data: 
minimum degree >= 4
independent number <= 2
connected
[2026-03-05 20:47:34] INFO: Orientation of L`Kx~frru\~i~J with min semidegree 3:
[0 0 0 0 0 0 0 0 1 1 1 0 0]
[1 0 0 0 0 0 0 0 0 0 1 1 0]
[0 0 0 0 0 0 1 0 0 0 0 1 1]
[0 0 1 0 0 0 0 1 0 0 0 0 1]
[0 0 1 1 0 0 0 0 0 0 0 0 1]
[0 0 1 1 1 0 0 0 0 0 0 0 0]
[0 0 0 1 1 1 0 0 0 0 0 0 0]
[1 1 1 0 0 0 1 0 0 0 0 0 0]
[0 1 1 1 0 0 1 1 0 0 0 0 0]
[0 1 0 0 1 1 1 1 0 0 0 0 0]
[0 0 0 0 1 1 1 0 1 1 0 0 0]
[1 0 0 1 1 1 0 1 0 1 0 0 0]
[1 1 0 0 0 1 0 0 1 0 1 1 0]
[2026-03-05 20:47:34] INFO: op ←←←←←, 5997
[2026-03-05 20:47:34] INFO: op →←←←←, 5066
[2026-03-05 20:47:35] INFO: op →→←←←, 5039
[2026-03-05 20:47:35] INFO: op →→→←←, 5039
[2026-03-05 20:47:35] INFO: op →→→→←, 5066
[2026-03-05 20:47:35] INFO: op ←→←←←, 4396
[2026-03-05 20:47:35] INFO: op ←←→←←, 4328
[2026-03-05 20:47:36] INFO: op ←→→←←, 4414
[2026-03-05 20:47:36] INFO: op ←←←→←, 4355
[2026-03-05 20:47:36] INFO: op ←←→→←, 4321
[2026-03-05 20:47:36] INFO: op ←→→→←, 4380
[2026-03-05 20:47:36] INFO: op →←→←←, 3648
[2026-03-05 20:47:36] INFO: op →←←→←, 3660
[2026-03-05 20:47:36] INFO: op →→←→←, 3648
[2026-03-05 20:47:37] INFO: op →←→→←, 3660
[2026-03-05 20:47:37] INFO: op ←→←→←, 3285
[2026-03-05 20:47:37] INFO: [END]
