[2026-03-05 20:47:30] INFO: Logger initialized at log/log159079.log
[2026-03-05 20:47:30] INFO: Test 536th graph in data/list_660_graphs.g6: LJaM\\~^NeZrnV
[2026-03-05 20:47:30] INFO: meta data: 
minimum degree >= 4
independent number <= 2
connected
[2026-03-05 20:47:30] INFO: Orientation of LJaM\\~^NeZrnV with min semidegree 3:
[0 0 0 0 0 0 0 0 0 0 1 1 1]
[0 0 0 0 0 0 0 0 1 1 0 1 0]
[0 1 0 0 0 0 0 0 1 0 0 0 1]
[0 1 1 0 0 0 0 0 0 0 0 0 1]
[1 0 0 0 0 0 1 1 0 0 0 0 0]
[1 0 0 0 1 0 0 1 0 0 0 0 0]
[1 1 0 0 0 1 0 0 0 0 0 0 0]
[1 0 1 0 0 0 1 0 0 0 0 0 0]
[0 0 0 1 1 1 1 1 0 0 0 0 0]
[0 0 1 1 1 1 0 0 1 0 0 0 0]
[0 1 1 1 0 0 1 1 0 0 0 0 0]
[0 0 0 1 1 1 1 0 0 1 1 0 0]
[0 0 0 0 1 1 0 1 0 1 1 1 0]
[2026-03-05 20:47:30] INFO: op ←←←←←, 5279
[2026-03-05 20:47:30] INFO: op →←←←←, 4452
[2026-03-05 20:47:31] INFO: op →→←←←, 4415
[2026-03-05 20:47:31] INFO: op →→→←←, 4415
[2026-03-05 20:47:31] INFO: op →→→→←, 4452
[2026-03-05 20:47:31] INFO: op ←→←←←, 3995
[2026-03-05 20:47:31] INFO: op ←←→←←, 3931
[2026-03-05 20:47:31] INFO: op ←→→←←, 3998
[2026-03-05 20:47:32] INFO: op ←←←→←, 3806
[2026-03-05 20:47:32] INFO: op ←←→→←, 4102
[2026-03-05 20:47:32] INFO: op ←→→→←, 3712
[2026-03-05 20:47:32] INFO: op →←→←←, 3382
[2026-03-05 20:47:32] INFO: op →←←→←, 3260
[2026-03-05 20:47:32] INFO: op →→←→←, 3382
[2026-03-05 20:47:33] INFO: op →←→→←, 3260
[2026-03-05 20:47:33] INFO: op ←→←→←, 3081
[2026-03-05 20:47:33] INFO: [END]
