[2026-03-05 20:45:47] INFO: Logger initialized at log/log147874.log
[2026-03-05 20:45:47] INFO: Test 249th graph in data/list_660_graphs.g6: H`zPpnN
[2026-03-05 20:45:47] INFO: meta data: 
minimum degree >= 4
independent number <= 2
connected
[2026-03-05 20:45:47] INFO: Orientation of H`zPpnN with min semidegree 2:
[0 0 0 0 1 0 0 0 1]
[1 0 0 0 0 0 0 0 1]
[0 0 0 0 0 0 1 1 0]
[0 0 1 0 0 1 0 0 0]
[0 1 1 0 0 0 0 0 0]
[1 1 0 0 0 0 0 0 0]
[0 0 0 1 1 0 0 0 0]
[0 0 0 1 0 1 1 0 0]
[0 0 0 0 1 1 1 1 0]
[2026-03-05 20:45:47] INFO: op ←←←, 87
[2026-03-05 20:45:47] INFO: op →←←, 58
[2026-03-05 20:45:47] INFO: op →→←, 58
[2026-03-05 20:45:47] INFO: op ←→←, 40
[2026-03-05 20:45:47] INFO: [END]
