[2026-03-05 20:47:15] INFO: Logger initialized at log/log157409.log
[2026-03-05 20:47:15] INFO: Test 493th graph in data/list_660_graphs.g6: LwCW~C^~FN^M~e
[2026-03-05 20:47:15] INFO: meta data: 
minimum degree >= 4
independent number <= 2
connected
[2026-03-05 20:47:15] INFO: Orientation of LwCW~C^~FN^M~e with min semidegree 3:
[0 0 0 0 0 0 0 0 0 1 1 1 0]
[1 0 0 0 0 0 0 0 0 0 1 1 0]
[1 1 0 0 0 0 0 0 0 0 0 1 0]
[0 0 0 0 0 0 0 0 1 1 0 0 1]
[0 0 0 1 0 0 0 0 1 0 0 0 1]
[0 0 0 1 1 0 0 0 0 0 0 0 1]
[0 0 0 1 1 1 0 0 0 0 0 0 0]
[1 1 1 0 0 0 1 0 0 0 0 0 0]
[0 0 0 0 0 1 1 1 0 0 0 0 0]
[0 1 1 0 1 1 0 0 0 0 0 0 0]
[0 0 1 0 0 1 1 1 1 0 0 0 0]
[0 0 0 1 1 0 0 1 1 1 0 0 0]
[1 1 1 0 0 0 1 0 0 1 1 0 0]
[2026-03-05 20:47:15] INFO: op ←←←←←, 4366
[2026-03-05 20:47:15] INFO: op →←←←←, 3314
[2026-03-05 20:47:15] INFO: op →→←←←, 3402
[2026-03-05 20:47:16] INFO: op →→→←←, 3402
[2026-03-05 20:47:16] INFO: op →→→→←, 3314
[2026-03-05 20:47:16] INFO: op ←→←←←, 2720
[2026-03-05 20:47:16] INFO: op ←←→←←, 2802
[2026-03-05 20:47:16] INFO: op ←→→←←, 2744
[2026-03-05 20:47:16] INFO: op ←←←→←, 2777
[2026-03-05 20:47:16] INFO: op ←←→→←, 2719
[2026-03-05 20:47:16] INFO: op ←→→→←, 2754
[2026-03-05 20:47:16] INFO: op →←→←←, 1905
[2026-03-05 20:47:17] INFO: op →←←→←, 2159
[2026-03-05 20:47:17] INFO: op →→←→←, 1905
[2026-03-05 20:47:17] INFO: op →←→→←, 2159
[2026-03-05 20:47:17] INFO: op ←→←→←, 1603
[2026-03-05 20:47:17] INFO: [END]
