[2026-03-05 20:46:52] INFO: Logger initialized at log/log154959.log
[2026-03-05 20:46:52] INFO: Test 431th graph in data/list_660_graphs.g6: LtrqQTNMxne~mv
[2026-03-05 20:46:52] INFO: meta data: 
minimum degree >= 4
independent number <= 2
connected
[2026-03-05 20:46:52] INFO: Orientation of LtrqQTNMxne~mv with min semidegree 3:
[0 0 1 0 0 1 0 0 0 0 0 0 1]
[1 0 0 0 0 1 0 0 1 0 0 0 0]
[0 0 0 0 0 0 0 0 0 1 1 1 0]
[1 0 1 0 0 0 0 0 0 0 0 1 0]
[1 1 0 0 0 0 0 0 0 0 0 0 1]
[0 0 1 1 0 0 0 0 1 0 0 0 0]
[0 1 0 0 1 0 0 0 0 0 0 0 1]
[0 1 0 0 1 0 1 0 0 0 0 0 0]
[0 0 0 0 1 0 1 1 0 0 0 0 0]
[0 0 0 1 1 0 1 1 1 0 0 0 0]
[0 0 0 1 0 1 1 1 1 1 0 0 0]
[0 0 0 0 0 1 1 1 1 1 1 0 0]
[0 0 1 1 0 0 0 1 0 1 1 1 0]
[2026-03-05 20:46:52] INFO: op ←←←←←, 5424
[2026-03-05 20:46:52] INFO: op →←←←←, 4269
[2026-03-05 20:46:53] INFO: op →→←←←, 3924
[2026-03-05 20:46:53] INFO: op →→→←←, 3924
[2026-03-05 20:46:53] INFO: op →→→→←, 4269
[2026-03-05 20:46:53] INFO: op ←→←←←, 3624
[2026-03-05 20:46:53] INFO: op ←←→←←, 3652
[2026-03-05 20:46:53] INFO: op ←→→←←, 3324
[2026-03-05 20:46:53] INFO: op ←←←→←, 3739
[2026-03-05 20:46:54] INFO: op ←←→→←, 3441
[2026-03-05 20:46:54] INFO: op ←→→→←, 3494
[2026-03-05 20:46:54] INFO: op →←→←←, 2788
[2026-03-05 20:46:54] INFO: op →←←→←, 2825
[2026-03-05 20:46:54] INFO: op →→←→←, 2788
[2026-03-05 20:46:54] INFO: op →←→→←, 2825
[2026-03-05 20:46:54] INFO: op ←→←→←, 2533
[2026-03-05 20:46:54] INFO: [END]
