[2026-03-05 20:46:41] INFO: Logger initialized at log/log153737.log
[2026-03-05 20:46:41] INFO: Test 400th graph in data/list_660_graphs.g6: Lj]CKNN|p}f|Nz
[2026-03-05 20:46:41] INFO: meta data: 
minimum degree >= 4
independent number <= 2
connected
[2026-03-05 20:46:41] INFO: Orientation of Lj]CKNN|p}f|Nz with min semidegree 3:
[0 0 0 0 0 0 0 1 1 1 0 0 0]
[1 0 0 0 0 0 0 0 1 1 0 0 0]
[0 1 0 0 0 0 0 0 0 0 1 1 0]
[0 1 1 0 0 0 0 0 0 0 0 1 0]
[0 1 1 1 0 0 0 0 0 0 0 0 0]
[1 0 0 0 0 0 0 0 1 0 0 0 1]
[1 0 0 0 0 1 0 0 0 0 0 0 1]
[0 0 0 0 0 1 1 0 0 0 0 0 1]
[0 0 0 0 1 0 1 1 0 0 0 0 0]
[0 0 1 1 0 1 1 1 0 0 0 0 0]
[0 0 0 1 1 1 1 1 0 1 0 0 0]
[0 0 0 0 1 1 1 1 1 0 1 0 0]
[0 0 1 1 1 0 0 0 1 0 1 1 0]
[2026-03-05 20:46:41] INFO: op ←←←←←, 4966
[2026-03-05 20:46:41] INFO: op →←←←←, 3946
[2026-03-05 20:46:41] INFO: op →→←←←, 4013
[2026-03-05 20:46:41] INFO: op →→→←←, 4013
[2026-03-05 20:46:42] INFO: op →→→→←, 3946
[2026-03-05 20:46:42] INFO: op ←→←←←, 3539
[2026-03-05 20:46:42] INFO: op ←←→←←, 3661
[2026-03-05 20:46:42] INFO: op ←→→←←, 3421
[2026-03-05 20:46:42] INFO: op ←←←→←, 3686
[2026-03-05 20:46:42] INFO: op ←←→→←, 3424
[2026-03-05 20:46:42] INFO: op ←→→→←, 3571
[2026-03-05 20:46:43] INFO: op →←→←←, 2952
[2026-03-05 20:46:43] INFO: op →←←→←, 2952
[2026-03-05 20:46:43] INFO: op →→←→←, 2952
[2026-03-05 20:46:43] INFO: op →←→→←, 2952
[2026-03-05 20:46:43] INFO: op ←→←→←, 2793
[2026-03-05 20:46:43] INFO: [END]
