[2026-03-05 20:45:20] INFO: Logger initialized at log/log142841.log
[2026-03-05 20:45:20] INFO: Test 117th graph in data/list_660_graphs.g6: HqltY~~
[2026-03-05 20:45:20] INFO: meta data: 
minimum degree >= 4
independent number <= 2
connected
[2026-03-05 20:45:20] INFO: Orientation of HqltY~~ with min semidegree 2:
[0 0 0 0 1 0 0 0 1]
[1 0 0 0 0 0 0 1 0]
[1 0 0 0 0 0 0 0 1]
[0 1 0 0 0 1 0 0 0]
[0 0 1 1 0 0 0 0 0]
[0 1 1 0 0 0 0 0 0]
[1 0 1 0 1 1 0 0 0]
[0 0 0 1 1 1 1 0 0]
[0 1 0 1 1 1 1 1 0]
[2026-03-05 20:45:21] INFO: op ←←←, 154
[2026-03-05 20:45:21] INFO: op →←←, 117
[2026-03-05 20:45:21] INFO: op →→←, 117
[2026-03-05 20:45:21] INFO: op ←→←, 118
[2026-03-05 20:45:21] INFO: [END]
