[2026-03-05 20:46:30] INFO: Logger initialized at log/log152515.log
[2026-03-05 20:46:30] INFO: Test 368th graph in data/list_660_graphs.g6: L~?Hw[~rUY}N~e
[2026-03-05 20:46:30] INFO: meta data: 
minimum degree >= 4
independent number <= 2
connected
[2026-03-05 20:46:30] INFO: Orientation of L~?Hw[~rUY}N~e with min semidegree 3:
[0 0 0 0 0 0 0 0 0 0 1 1 1]
[1 0 0 0 0 0 0 0 0 0 0 1 1]
[1 1 0 0 0 0 0 0 1 0 0 1 0]
[1 1 1 0 0 0 0 0 0 0 0 0 0]
[0 0 0 0 0 0 1 0 1 0 0 0 1]
[0 0 0 0 1 0 0 0 1 1 0 0 0]
[0 0 1 1 0 1 0 0 0 0 0 0 0]
[0 0 0 0 1 1 1 0 0 0 0 0 0]
[0 0 0 1 0 0 1 1 0 0 0 0 0]
[1 1 0 0 1 0 0 1 0 0 0 0 0]
[0 1 0 0 1 1 0 1 0 1 0 0 0]
[0 0 0 1 0 0 0 1 1 1 1 0 0]
[0 0 1 1 0 1 1 0 0 1 1 0 0]
[2026-03-05 20:46:30] INFO: op ←←←←←, 4281
[2026-03-05 20:46:30] INFO: op →←←←←, 3249
[2026-03-05 20:46:30] INFO: op →→←←←, 3278
[2026-03-05 20:46:30] INFO: op →→→←←, 3278
[2026-03-05 20:46:30] INFO: op →→→→←, 3249
[2026-03-05 20:46:30] INFO: op ←→←←←, 2740
[2026-03-05 20:46:31] INFO: op ←←→←←, 2870
[2026-03-05 20:46:31] INFO: op ←→→←←, 2697
[2026-03-05 20:46:31] INFO: op ←←←→←, 2701
[2026-03-05 20:46:31] INFO: op ←←→→←, 2776
[2026-03-05 20:46:31] INFO: op ←→→→←, 2735
[2026-03-05 20:46:31] INFO: op →←→←←, 2120
[2026-03-05 20:46:31] INFO: op →←←→←, 2160
[2026-03-05 20:46:31] INFO: op →→←→←, 2120
[2026-03-05 20:46:31] INFO: op →←→→←, 2160
[2026-03-05 20:46:31] INFO: op ←→←→←, 1696
[2026-03-05 20:46:31] INFO: [END]
