[2026-03-05 20:47:00] INFO: Logger initialized at log/log155887.log
[2026-03-05 20:47:00] INFO: Test 455th graph in data/list_660_graphs.g6: L`rM\drK~wVj^N
[2026-03-05 20:47:00] INFO: meta data: 
minimum degree >= 4
independent number <= 2
connected
[2026-03-05 20:47:00] INFO: Orientation of L`rM\drK~wVj^N with min semidegree 3:
[0 0 0 0 0 0 1 0 0 0 1 1 0]
[1 0 0 0 0 0 0 0 1 0 0 0 1]
[0 0 0 0 0 0 0 0 0 1 0 1 1]
[0 0 1 0 0 0 0 1 0 0 0 0 1]
[1 1 0 0 0 0 0 0 0 0 1 0 0]
[1 1 0 0 1 0 0 0 0 0 0 0 0]
[0 1 0 0 1 1 0 0 0 0 0 0 0]
[1 0 1 0 0 0 1 0 0 0 0 0 0]
[0 0 1 1 0 0 1 1 0 0 0 0 0]
[0 0 0 1 0 0 1 1 1 0 0 0 0]
[0 1 1 1 0 1 0 0 0 0 0 0 0]
[0 0 0 1 1 1 0 1 0 1 1 0 0]
[0 0 0 0 1 1 0 0 1 1 1 1 0]
[2026-03-05 20:47:00] INFO: op ←←←←←, 4113
[2026-03-05 20:47:01] INFO: op →←←←←, 3237
[2026-03-05 20:47:01] INFO: op →→←←←, 3296
[2026-03-05 20:47:01] INFO: op →→→←←, 3296
[2026-03-05 20:47:01] INFO: op →→→→←, 3237
[2026-03-05 20:47:01] INFO: op ←→←←←, 2707
[2026-03-05 20:47:01] INFO: op ←←→←←, 2766
[2026-03-05 20:47:01] INFO: op ←→→←←, 2872
[2026-03-05 20:47:01] INFO: op ←←←→←, 2651
[2026-03-05 20:47:01] INFO: op ←←→→←, 3003
[2026-03-05 20:47:02] INFO: op ←→→→←, 2672
[2026-03-05 20:47:02] INFO: op →←→←←, 2080
[2026-03-05 20:47:02] INFO: op →←←→←, 2149
[2026-03-05 20:47:02] INFO: op →→←→←, 2080
[2026-03-05 20:47:02] INFO: op →←→→←, 2149
[2026-03-05 20:47:02] INFO: op ←→←→←, 1655
[2026-03-05 20:47:02] INFO: [END]
