[2026-03-05 20:46:40] INFO: Logger initialized at log/log153628.log
[2026-03-05 20:46:40] INFO: Test 396th graph in data/list_660_graphs.g6: L~?GW[N~?~]\z{
[2026-03-05 20:46:40] INFO: meta data: 
minimum degree >= 4
independent number <= 2
connected
[2026-03-05 20:46:40] INFO: Orientation of L~?GW[N~?~]\z{ with min semidegree 3:
[0 0 0 0 0 0 0 0 0 1 0 1 1]
[1 0 0 0 0 0 0 0 0 1 0 1 0]
[1 1 0 0 0 0 0 0 0 0 0 1 0]
[1 1 1 0 0 0 0 0 0 0 0 0 0]
[0 0 0 0 0 0 0 0 1 0 1 0 1]
[0 0 0 0 1 0 0 0 0 0 1 0 1]
[0 0 0 0 1 1 0 0 0 0 1 0 0]
[0 0 0 0 1 1 1 0 0 0 0 0 0]
[0 0 0 0 0 1 1 1 0 0 0 0 0]
[0 0 1 1 1 1 0 0 0 0 0 0 0]
[0 0 0 1 0 0 0 1 1 0 0 0 0]
[0 0 0 1 0 0 1 1 1 0 1 0 0]
[0 1 1 0 0 0 1 1 1 1 0 0 0]
[2026-03-05 20:46:40] INFO: op ←←←←←, 2875
[2026-03-05 20:46:40] INFO: op →←←←←, 2242
[2026-03-05 20:46:40] INFO: op →→←←←, 2435
[2026-03-05 20:46:41] INFO: op →→→←←, 2435
[2026-03-05 20:46:41] INFO: op →→→→←, 2242
[2026-03-05 20:46:41] INFO: op ←→←←←, 1889
[2026-03-05 20:46:41] INFO: op ←←→←←, 1961
[2026-03-05 20:46:41] INFO: op ←→→←←, 1904
[2026-03-05 20:46:41] INFO: op ←←←→←, 1744
[2026-03-05 20:46:41] INFO: op ←←→→←, 1865
[2026-03-05 20:46:41] INFO: op ←→→→←, 1845
[2026-03-05 20:46:41] INFO: op →←→←←, 1336
[2026-03-05 20:46:41] INFO: op →←←→←, 1395
[2026-03-05 20:46:41] INFO: op →→←→←, 1336
[2026-03-05 20:46:41] INFO: op →←→→←, 1395
[2026-03-05 20:46:41] INFO: op ←→←→←, 1029
[2026-03-05 20:46:41] INFO: [END]
