[2026-03-05 20:47:17] INFO: Logger initialized at log/log157644.log
[2026-03-05 20:47:17] INFO: Test 499th graph in data/list_660_graphs.g6: L~?HW{~Z{~\qvR
[2026-03-05 20:47:17] INFO: meta data: 
minimum degree >= 4
independent number <= 2
connected
[2026-03-05 20:47:17] INFO: Orientation of L~?HW{~Z{~\qvR with min semidegree 3:
[0 0 0 0 0 0 0 0 0 0 1 1 1]
[1 0 0 0 0 0 0 0 0 1 0 1 0]
[1 1 0 0 0 0 0 0 1 0 0 0 0]
[1 1 1 0 0 0 0 0 0 0 0 0 0]
[0 0 0 0 0 0 0 0 0 1 1 0 1]
[0 0 0 0 1 0 0 1 0 0 0 0 1]
[0 0 1 0 1 1 0 0 0 0 0 0 0]
[0 0 0 1 1 0 1 0 0 0 0 0 0]
[0 0 0 1 1 1 1 1 0 0 0 0 0]
[0 0 1 0 0 1 1 1 1 0 0 0 0]
[0 0 0 1 0 1 1 1 1 0 0 0 0]
[0 0 1 0 1 1 1 0 0 1 0 0 0]
[0 1 0 1 0 0 0 1 0 0 1 1 0]
[2026-03-05 20:47:17] INFO: op ←←←←←, 4646
[2026-03-05 20:47:17] INFO: op →←←←←, 3790
[2026-03-05 20:47:18] INFO: op →→←←←, 3814
[2026-03-05 20:47:18] INFO: op →→→←←, 3814
[2026-03-05 20:47:18] INFO: op →→→→←, 3790
[2026-03-05 20:47:18] INFO: op ←→←←←, 3203
[2026-03-05 20:47:18] INFO: op ←←→←←, 3140
[2026-03-05 20:47:18] INFO: op ←→→←←, 3217
[2026-03-05 20:47:18] INFO: op ←←←→←, 3059
[2026-03-05 20:47:18] INFO: op ←←→→←, 3201
[2026-03-05 20:47:19] INFO: op ←→→→←, 2975
[2026-03-05 20:47:19] INFO: op →←→←←, 2627
[2026-03-05 20:47:19] INFO: op →←←→←, 2556
[2026-03-05 20:47:19] INFO: op →→←→←, 2627
[2026-03-05 20:47:19] INFO: op →←→→←, 2556
[2026-03-05 20:47:19] INFO: op ←→←→←, 2225
[2026-03-05 20:47:19] INFO: [END]
