[2026-03-05 20:46:45] INFO: Logger initialized at log/log154170.log
[2026-03-05 20:46:45] INFO: Test 412th graph in data/list_660_graphs.g6: L{{Og{^d~Kl|X~
[2026-03-05 20:46:45] INFO: meta data: 
minimum degree >= 4
independent number <= 2
connected
[2026-03-05 20:46:45] INFO: Orientation of L{{Og{^d~Kl|X~ with min semidegree 3:
[0 0 0 0 1 0 0 0 0 1 1 0 0]
[1 0 0 0 0 0 0 0 0 0 0 1 1]
[1 1 0 0 0 0 0 0 0 0 0 1 0]
[1 0 0 0 0 0 0 1 1 0 0 0 0]
[0 1 1 1 0 0 0 0 0 0 0 0 0]
[0 0 0 1 0 0 0 0 1 0 0 0 1]
[0 0 0 1 0 1 0 0 0 0 0 0 1]
[0 0 0 0 1 1 1 0 0 0 0 0 0]
[0 0 0 0 1 0 1 1 0 0 0 0 0]
[0 0 0 1 0 1 1 1 1 0 0 0 0]
[0 1 1 0 0 1 1 0 0 1 0 0 0]
[0 0 0 0 1 1 1 1 1 0 1 0 0]
[0 0 1 0 0 0 0 1 1 1 1 1 0]
[2026-03-05 20:46:45] INFO: op ←←←←←, 3948
[2026-03-05 20:46:45] INFO: op →←←←←, 3497
[2026-03-05 20:46:45] INFO: op →→←←←, 3788
[2026-03-05 20:46:45] INFO: op →→→←←, 3788
[2026-03-05 20:46:45] INFO: op →→→→←, 3497
[2026-03-05 20:46:45] INFO: op ←→←←←, 3262
[2026-03-05 20:46:46] INFO: op ←←→←←, 3466
[2026-03-05 20:46:46] INFO: op ←→→←←, 3308
[2026-03-05 20:46:46] INFO: op ←←←→←, 3136
[2026-03-05 20:46:46] INFO: op ←←→→←, 3258
[2026-03-05 20:46:46] INFO: op ←→→→←, 3184
[2026-03-05 20:46:46] INFO: op →←→←←, 2806
[2026-03-05 20:46:46] INFO: op →←←→←, 2646
[2026-03-05 20:46:46] INFO: op →→←→←, 2806
[2026-03-05 20:46:47] INFO: op →←→→←, 2646
[2026-03-05 20:46:47] INFO: op ←→←→←, 2362
[2026-03-05 20:46:47] INFO: [END]
