[2026-03-05 20:45:53] INFO: Logger initialized at log/log148679.log
[2026-03-05 20:45:53] INFO: Test 270th graph in data/list_660_graphs.g6: IwC^?~{~w
[2026-03-05 20:45:53] INFO: meta data: 
minimum degree >= 4
independent number <= 2
connected
[2026-03-05 20:45:53] INFO: Orientation of IwC^?~{~w with min semidegree 2:
[0 0 0 0 0 0 0 0 1 1]
[1 0 0 0 0 0 0 0 0 1]
[1 1 0 0 0 0 0 0 0 0]
[0 0 0 0 0 0 0 1 1 0]
[0 0 0 1 0 0 0 1 0 0]
[0 0 0 1 1 0 0 0 0 0]
[1 1 1 0 0 0 0 0 0 0]
[0 0 0 0 0 1 1 0 0 0]
[0 1 1 0 1 1 0 0 0 0]
[0 0 1 1 1 1 1 1 1 0]
[2026-03-05 20:45:53] INFO: op ←←←, 166
[2026-03-05 20:45:53] INFO: op →←←, 115
[2026-03-05 20:45:53] INFO: op →→←, 115
[2026-03-05 20:45:53] INFO: op ←→←, 117
[2026-03-05 20:45:53] INFO: [END]
