[2026-03-05 20:45:17] INFO: Logger initialized at log/log141946.log
[2026-03-05 20:45:17] INFO: Test 94th graph in data/list_660_graphs.g6: HKfzrv~
[2026-03-05 20:45:17] INFO: meta data: 
minimum degree >= 4
independent number <= 2
connected
[2026-03-05 20:45:17] INFO: Orientation of HKfzrv~ with min semidegree 2:
[0 0 0 0 0 1 0 0 1]
[0 0 0 0 0 0 0 1 1]
[0 1 0 0 0 1 0 0 0]
[1 0 0 0 0 1 0 0 0]
[1 0 0 1 0 0 0 0 0]
[0 1 0 0 1 0 0 0 0]
[0 1 1 1 1 0 0 0 0]
[0 0 1 1 1 0 1 0 0]
[0 0 1 1 1 1 1 1 0]
[2026-03-05 20:45:17] INFO: op ←←←, 147
[2026-03-05 20:45:17] INFO: op →←←, 123
[2026-03-05 20:45:17] INFO: op →→←, 123
[2026-03-05 20:45:17] INFO: op ←→←, 124
[2026-03-05 20:45:17] INFO: [END]
