[2026-03-05 20:46:57] INFO: Logger initialized at log/log155543.log
[2026-03-05 20:46:57] INFO: Test 447th graph in data/list_660_graphs.g6: L`NEMK}NX~~S}T
[2026-03-05 20:46:57] INFO: meta data: 
minimum degree >= 4
independent number <= 2
connected
[2026-03-05 20:46:57] INFO: Orientation of L`NEMK}NX~~S}T with min semidegree 3:
[0 0 0 0 0 0 0 1 0 0 0 1 1]
[1 0 0 0 0 0 0 0 0 0 0 1 1]
[0 0 0 0 0 0 0 0 0 1 1 0 1]
[0 0 1 0 0 0 0 0 1 0 1 0 0]
[0 0 1 1 0 0 0 0 0 0 1 0 0]
[1 1 0 0 0 0 0 0 1 0 0 0 0]
[1 1 0 0 0 1 0 0 0 0 0 0 0]
[0 1 0 0 0 1 1 0 0 0 0 0 0]
[0 0 1 0 1 0 1 0 0 0 0 0 0]
[0 0 0 1 1 1 0 1 1 0 0 0 0]
[0 0 0 0 0 1 1 1 1 1 0 0 0]
[0 0 1 1 1 0 1 0 1 0 0 0 0]
[0 0 0 1 1 0 0 1 0 1 0 1 0]
[2026-03-05 20:46:57] INFO: op ←←←←←, 4211
[2026-03-05 20:46:57] INFO: op →←←←←, 3094
[2026-03-05 20:46:58] INFO: op →→←←←, 2899
[2026-03-05 20:46:58] INFO: op →→→←←, 2899
[2026-03-05 20:46:58] INFO: op →→→→←, 3094
[2026-03-05 20:46:58] INFO: op ←→←←←, 2426
[2026-03-05 20:46:58] INFO: op ←←→←←, 2399
[2026-03-05 20:46:58] INFO: op ←→→←←, 2331
[2026-03-05 20:46:58] INFO: op ←←←→←, 2406
[2026-03-05 20:46:58] INFO: op ←←→→←, 2359
[2026-03-05 20:46:58] INFO: op ←→→→←, 2324
[2026-03-05 20:46:58] INFO: op →←→←←, 1842
[2026-03-05 20:46:58] INFO: op →←←→←, 1821
[2026-03-05 20:46:59] INFO: op →→←→←, 1842
[2026-03-05 20:46:59] INFO: op →←→→←, 1821
[2026-03-05 20:46:59] INFO: op ←→←→←, 1544
[2026-03-05 20:46:59] INFO: [END]
