[2026-03-05 20:46:22] INFO: Logger initialized at log/log151734.log
[2026-03-05 20:46:22] INFO: Test 348th graph in data/list_660_graphs.g6: L~{?GKFB{^m}|x
[2026-03-05 20:46:22] INFO: meta data: 
minimum degree >= 4
independent number <= 2
connected
[2026-03-05 20:46:22] INFO: Orientation of L~{?GKFB{^m}|x with min semidegree 3:
[0 0 0 0 1 0 0 0 0 0 1 0 1]
[1 0 0 0 0 0 0 0 0 0 0 1 1]
[1 1 0 0 0 0 0 0 0 0 0 1 0]
[1 1 1 0 0 0 0 0 0 0 0 0 0]
[0 1 1 1 0 0 0 0 0 0 0 0 0]
[0 0 0 0 0 0 0 0 0 1 1 0 1]
[0 0 0 0 0 1 0 0 0 1 1 0 0]
[0 0 0 0 0 1 1 0 0 0 1 0 0]
[0 0 0 0 0 1 1 1 0 0 0 0 0]
[0 0 0 0 1 0 0 1 1 0 0 0 0]
[0 0 0 0 1 0 0 0 1 1 0 0 0]
[0 0 0 1 0 1 1 1 1 1 0 0 0]
[0 0 1 1 0 0 1 1 1 0 0 1 0]
[2026-03-05 20:46:22] INFO: op ←←←←←, 3036
[2026-03-05 20:46:22] INFO: op →←←←←, 2267
[2026-03-05 20:46:22] INFO: op →→←←←, 2342
[2026-03-05 20:46:22] INFO: op →→→←←, 2342
[2026-03-05 20:46:22] INFO: op →→→→←, 2267
[2026-03-05 20:46:22] INFO: op ←→←←←, 1864
[2026-03-05 20:46:22] INFO: op ←←→←←, 1917
[2026-03-05 20:46:22] INFO: op ←→→←←, 1890
[2026-03-05 20:46:23] INFO: op ←←←→←, 1783
[2026-03-05 20:46:23] INFO: op ←←→→←, 1880
[2026-03-05 20:46:23] INFO: op ←→→→←, 1859
[2026-03-05 20:46:23] INFO: op →←→←←, 1280
[2026-03-05 20:46:23] INFO: op →←←→←, 1399
[2026-03-05 20:46:23] INFO: op →→←→←, 1280
[2026-03-05 20:46:23] INFO: op →←→→←, 1399
[2026-03-05 20:46:23] INFO: op ←→←→←, 1003
[2026-03-05 20:46:23] INFO: [END]
