[2026-03-05 20:45:22] INFO: Logger initialized at log/log143242.log
[2026-03-05 20:45:22] INFO: Test 127th graph in data/list_660_graphs.g6: HqKy~^~
[2026-03-05 20:45:22] INFO: meta data: 
minimum degree >= 4
independent number <= 2
connected
[2026-03-05 20:45:22] INFO: Orientation of HqKy~^~ with min semidegree 2:
[0 0 0 0 0 0 0 1 1]
[1 0 0 0 0 0 0 0 1]
[1 0 0 0 0 1 0 0 0]
[0 1 0 0 0 0 1 0 0]
[0 0 1 1 0 0 0 0 0]
[0 0 0 1 1 0 0 0 0]
[0 1 0 0 1 1 0 0 0]
[0 1 1 0 1 1 1 0 0]
[0 0 1 1 1 1 1 1 0]
[2026-03-05 20:45:22] INFO: op ←←←, 150
[2026-03-05 20:45:22] INFO: op →←←, 121
[2026-03-05 20:45:22] INFO: op →→←, 121
[2026-03-05 20:45:22] INFO: op ←→←, 127
[2026-03-05 20:45:22] INFO: [END]
