[2026-03-05 20:46:01] INFO: Logger initialized at log/log149794.log
[2026-03-05 20:46:01] INFO: Test 300th graph in data/list_660_graphs.g6: J{dbG{^~~~_
[2026-03-05 20:46:01] INFO: meta data: 
minimum degree >= 4
independent number <= 2
connected
[2026-03-05 20:46:01] INFO: Orientation of J{dbG{^~~~_ with min semidegree 3:
[0 0 1 0 0 0 0 0 0 1 1]
[1 0 0 0 0 0 0 0 0 1 1]
[0 1 0 0 0 0 0 0 0 1 1]
[1 0 0 0 0 0 0 1 1 0 0]
[1 0 0 1 0 0 0 0 1 0 0]
[0 1 1 0 0 0 0 0 0 1 0]
[0 1 1 0 0 1 0 0 0 0 0]
[0 0 0 0 1 1 1 0 0 0 0]
[0 0 0 0 0 1 1 1 0 0 0]
[0 0 0 1 1 0 1 1 1 0 0]
[0 0 0 1 1 1 1 1 1 1 0]
[2026-03-05 20:46:01] INFO: op ←←←←←, 2827
[2026-03-05 20:46:01] INFO: op →←←←←, 2097
[2026-03-05 20:46:01] INFO: op →→←←←, 2039
[2026-03-05 20:46:02] INFO: op →→→←←, 2039
[2026-03-05 20:46:02] INFO: op →→→→←, 2097
[2026-03-05 20:46:02] INFO: op ←→←←←, 1722
[2026-03-05 20:46:02] INFO: op ←←→←←, 1726
[2026-03-05 20:46:02] INFO: op ←→→←←, 1537
[2026-03-05 20:46:02] INFO: op ←←←→←, 1623
[2026-03-05 20:46:02] INFO: op ←←→→←, 1536
[2026-03-05 20:46:02] INFO: op ←→→→←, 1570
[2026-03-05 20:46:02] INFO: op →←→←←, 1045
[2026-03-05 20:46:02] INFO: op →←←→←, 1170
[2026-03-05 20:46:02] INFO: op →→←→←, 1045
[2026-03-05 20:46:02] INFO: op →←→→←, 1170
[2026-03-05 20:46:02] INFO: op ←→←→←, 809
[2026-03-05 20:46:02] INFO: [END]
