[2026-03-05 20:47:21] INFO: Logger initialized at log/log158035.log
[2026-03-05 20:47:21] INFO: Test 509th graph in data/list_660_graphs.g6: L`~H~rDK}Lev{^
[2026-03-05 20:47:21] INFO: meta data: 
minimum degree >= 4
independent number <= 2
connected
[2026-03-05 20:47:21] INFO: Orientation of L`~H~rDK}Lev{^ with min semidegree 3:
[0 0 0 0 1 0 0 0 0 0 1 0 1]
[1 0 0 0 0 0 0 1 0 0 0 0 1]
[0 0 0 0 0 0 1 0 0 0 0 1 1]
[0 0 1 0 0 0 0 1 0 0 0 1 0]
[0 1 1 1 0 0 0 0 0 0 0 0 0]
[1 1 0 0 1 0 0 0 0 0 0 0 0]
[0 0 0 1 1 1 0 0 0 0 0 0 0]
[1 0 1 0 1 0 0 0 0 0 0 0 0]
[1 1 0 0 0 1 0 1 0 0 0 0 0]
[0 0 1 1 0 0 1 1 1 0 0 0 0]
[0 1 0 0 0 1 1 0 1 1 0 0 0]
[0 0 0 0 0 1 1 0 1 1 1 0 0]
[0 0 0 1 0 0 0 1 1 1 1 1 0]
[2026-03-05 20:47:21] INFO: op ←←←←←, 4846
[2026-03-05 20:47:21] INFO: op →←←←←, 3801
[2026-03-05 20:47:21] INFO: op →→←←←, 3697
[2026-03-05 20:47:21] INFO: op →→→←←, 3697
[2026-03-05 20:47:21] INFO: op →→→→←, 3801
[2026-03-05 20:47:22] INFO: op ←→←←←, 2972
[2026-03-05 20:47:22] INFO: op ←←→←←, 2962
[2026-03-05 20:47:22] INFO: op ←→→←←, 3174
[2026-03-05 20:47:22] INFO: op ←←←→←, 3091
[2026-03-05 20:47:22] INFO: op ←←→→←, 3301
[2026-03-05 20:47:22] INFO: op ←→→→←, 3140
[2026-03-05 20:47:22] INFO: op →←→←←, 2245
[2026-03-05 20:47:22] INFO: op →←←→←, 2447
[2026-03-05 20:47:22] INFO: op →→←→←, 2245
[2026-03-05 20:47:23] INFO: op →←→→←, 2447
[2026-03-05 20:47:23] INFO: op ←→←→←, 1897
[2026-03-05 20:47:23] INFO: [END]
