[2026-03-05 20:45:58] INFO: Logger initialized at log/log149338.log
[2026-03-05 20:45:58] INFO: Test 289th graph in data/list_660_graphs.g6: J~yuPhJDw^_
[2026-03-05 20:45:58] INFO: meta data: 
minimum degree >= 4
independent number <= 2
connected
[2026-03-05 20:45:58] INFO: Orientation of J~yuPhJDw^_ with min semidegree 3:
[0 0 0 1 1 1 0 0 0 0 0]
[1 0 0 0 0 0 1 0 1 0 0]
[1 1 0 0 0 0 0 1 0 0 0]
[0 1 1 0 0 0 0 0 0 1 0]
[0 1 1 0 0 0 0 0 0 0 1]
[0 0 1 1 0 0 0 0 0 1 0]
[1 0 0 0 1 0 0 0 0 0 1]
[0 0 0 1 0 1 0 0 0 0 1]
[0 0 0 0 1 0 1 1 0 0 0]
[0 0 0 0 0 0 1 1 1 0 0]
[0 0 0 0 0 1 0 0 1 1 0]
[2026-03-05 20:45:58] INFO: op ←←←←←, 1129
[2026-03-05 20:45:58] INFO: op →←←←←, 828
[2026-03-05 20:45:58] INFO: op →→←←←, 919
[2026-03-05 20:45:58] INFO: op →→→←←, 919
[2026-03-05 20:45:58] INFO: op →→→→←, 828
[2026-03-05 20:45:58] INFO: op ←→←←←, 612
[2026-03-05 20:45:58] INFO: op ←←→←←, 702
[2026-03-05 20:45:58] INFO: op ←→→←←, 610
[2026-03-05 20:45:58] INFO: op ←←←→←, 613
[2026-03-05 20:45:58] INFO: op ←←→→←, 611
[2026-03-05 20:45:58] INFO: op ←→→→←, 629
[2026-03-05 20:45:58] INFO: op →←→←←, 412
[2026-03-05 20:45:58] INFO: op →←←→←, 421
[2026-03-05 20:45:58] INFO: op →→←→←, 412
[2026-03-05 20:45:58] INFO: op →←→→←, 421
[2026-03-05 20:45:58] INFO: op ←→←→←, 241
[2026-03-05 20:45:58] INFO: [END]
