[2026-03-05 20:46:10] INFO: Logger initialized at log/log150653.log
[2026-03-05 20:46:10] INFO: Test 321th graph in data/list_660_graphs.g6: K~iWW\rYyn~~
[2026-03-05 20:46:10] INFO: meta data: 
minimum degree >= 4
independent number <= 2
connected
[2026-03-05 20:46:10] INFO: Orientation of K~iWW\rYyn~~ with min semidegree 3:
[0 1 1 0 0 0 0 0 0 0 0 1]
[0 0 0 0 0 0 0 0 1 1 1 0]
[0 1 0 0 0 0 0 0 1 0 0 1]
[1 1 1 0 0 0 0 0 0 0 0 0]
[1 0 1 0 0 0 0 0 0 0 0 1]
[1 0 0 1 1 0 0 0 0 0 0 0]
[0 0 0 0 1 1 0 0 0 0 1 0]
[0 0 0 0 1 1 1 0 0 0 0 0]
[0 0 0 1 0 0 1 1 0 0 0 0]
[0 0 1 0 1 0 1 1 1 0 0 0]
[0 0 0 1 0 1 0 1 1 1 0 0]
[0 1 0 1 0 1 1 1 1 1 1 0]
[2026-03-05 20:46:10] INFO: op ←←←←←, 4186
[2026-03-05 20:46:10] INFO: op →←←←←, 3203
[2026-03-05 20:46:10] INFO: op →→←←←, 2916
[2026-03-05 20:46:10] INFO: op →→→←←, 2916
[2026-03-05 20:46:10] INFO: op →→→→←, 3203
[2026-03-05 20:46:10] INFO: op ←→←←←, 2765
[2026-03-05 20:46:10] INFO: op ←←→←←, 2725
[2026-03-05 20:46:11] INFO: op ←→→←←, 2387
[2026-03-05 20:46:11] INFO: op ←←←→←, 2776
[2026-03-05 20:46:11] INFO: op ←←→→←, 2424
[2026-03-05 20:46:11] INFO: op ←→→→←, 2672
[2026-03-05 20:46:11] INFO: op →←→←←, 1960
[2026-03-05 20:46:11] INFO: op →←←→←, 2050
[2026-03-05 20:46:11] INFO: op →→←→←, 1960
[2026-03-05 20:46:11] INFO: op →←→→←, 2050
[2026-03-05 20:46:11] INFO: op ←→←→←, 1775
[2026-03-05 20:46:11] INFO: [END]
