[2026-03-05 20:47:33] INFO: Logger initialized at log/log159488.log
[2026-03-05 20:47:33] INFO: Test 545th graph in data/list_660_graphs.g6: L~?GW^o{G^`~~o
[2026-03-05 20:47:33] INFO: meta data: 
minimum degree >= 4
independent number <= 2
connected
[2026-03-05 20:47:33] INFO: Orientation of L~?GW^o{G^`~~o with min semidegree 3:
[0 0 0 0 0 0 0 0 1 1 0 0 1]
[1 0 0 0 0 0 0 0 0 1 0 0 1]
[1 1 0 0 0 0 0 0 0 0 0 0 1]
[1 1 1 0 0 0 0 0 0 0 0 0 0]
[0 0 0 0 0 0 0 0 0 0 1 1 1]
[0 0 0 0 1 0 0 0 0 0 1 1 0]
[0 0 0 0 1 1 0 0 0 0 0 1 0]
[0 0 0 0 1 1 1 0 0 0 0 0 0]
[0 1 1 1 0 0 0 0 0 0 0 0 0]
[0 0 1 1 0 0 0 0 1 0 0 0 0]
[0 0 0 0 0 0 1 1 1 1 0 0 0]
[0 0 0 0 0 0 0 1 1 1 1 0 0]
[0 0 0 1 0 1 1 1 0 0 0 0 0]
[2026-03-05 20:47:33] INFO: op ←←←←←, 2279
[2026-03-05 20:47:33] INFO: op →←←←←, 1531
[2026-03-05 20:47:33] INFO: op →→←←←, 1486
[2026-03-05 20:47:33] INFO: op →→→←←, 1486
[2026-03-05 20:47:34] INFO: op →→→→←, 1531
[2026-03-05 20:47:34] INFO: op ←→←←←, 1082
[2026-03-05 20:47:34] INFO: op ←←→←←, 1212
[2026-03-05 20:47:34] INFO: op ←→→←←, 1058
[2026-03-05 20:47:34] INFO: op ←←←→←, 1082
[2026-03-05 20:47:34] INFO: op ←←→→←, 1058
[2026-03-05 20:47:34] INFO: op ←→→→←, 1131
[2026-03-05 20:47:34] INFO: op →←→←←, 752
[2026-03-05 20:47:34] INFO: op →←←→←, 792
[2026-03-05 20:47:34] INFO: op →→←→←, 752
[2026-03-05 20:47:34] INFO: op →←→→←, 792
[2026-03-05 20:47:34] INFO: op ←→←→←, 488
[2026-03-05 20:47:34] INFO: [END]
