[2026-03-05 20:46:57] INFO: Logger initialized at log/log155492.log
[2026-03-05 20:46:57] INFO: Test 444th graph in data/list_660_graphs.g6: L~oGW[vL}}L}l}
[2026-03-05 20:46:57] INFO: meta data: 
minimum degree >= 4
independent number <= 2
connected
[2026-03-05 20:46:57] INFO: Orientation of L~oGW[vL}}L}l} with min semidegree 3:
[0 0 1 0 0 0 0 0 0 0 1 0 1]
[1 0 0 0 0 0 0 0 0 0 1 1 0]
[0 1 0 0 0 0 0 0 1 1 0 0 0]
[1 1 1 0 0 0 0 0 0 0 0 0 0]
[1 1 0 0 0 0 0 0 0 0 0 1 0]
[0 0 0 0 1 0 0 0 0 0 0 1 1]
[0 0 0 0 1 1 0 0 0 0 0 0 1]
[0 0 0 0 1 1 1 0 0 0 0 0 0]
[0 0 0 1 0 1 1 1 0 0 0 0 0]
[0 0 0 1 0 1 1 1 1 0 0 0 0]
[0 0 0 1 1 1 1 1 0 0 0 0 0]
[0 0 1 0 0 0 1 1 1 1 0 0 0]
[0 0 1 1 0 0 0 1 1 1 1 0 0]
[2026-03-05 20:46:57] INFO: op ←←←←←, 4520
[2026-03-05 20:46:57] INFO: op →←←←←, 3714
[2026-03-05 20:46:57] INFO: op →→←←←, 3812
[2026-03-05 20:46:57] INFO: op →→→←←, 3812
[2026-03-05 20:46:57] INFO: op →→→→←, 3714
[2026-03-05 20:46:57] INFO: op ←→←←←, 3264
[2026-03-05 20:46:58] INFO: op ←←→←←, 3314
[2026-03-05 20:46:58] INFO: op ←→→←←, 3124
[2026-03-05 20:46:58] INFO: op ←←←→←, 3211
[2026-03-05 20:46:58] INFO: op ←←→→←, 3092
[2026-03-05 20:46:58] INFO: op ←→→→←, 3065
[2026-03-05 20:46:58] INFO: op →←→←←, 2483
[2026-03-05 20:46:58] INFO: op →←←→←, 2601
[2026-03-05 20:46:58] INFO: op →→←→←, 2483
[2026-03-05 20:46:58] INFO: op →←→→←, 2601
[2026-03-05 20:46:59] INFO: op ←→←→←, 2160
[2026-03-05 20:46:59] INFO: [END]
