[2026-03-05 20:45:51] INFO: Logger initialized at log/log148484.log
[2026-03-05 20:45:51] INFO: Test 265th graph in data/list_660_graphs.g6: H`o~f~~
[2026-03-05 20:45:51] INFO: meta data: 
minimum degree >= 4
independent number <= 2
connected
[2026-03-05 20:45:51] INFO: Orientation of H`o~f~~ with min semidegree 2:
[0 0 0 0 0 0 0 1 1]
[1 0 0 0 0 0 0 0 1]
[0 0 0 0 0 1 1 0 0]
[0 0 1 0 0 0 1 0 0]
[1 1 0 0 0 0 0 0 0]
[0 0 0 1 1 0 0 0 0]
[1 1 0 0 0 0 0 0 0]
[0 1 1 1 1 1 1 0 0]
[0 0 1 1 1 1 1 1 0]
[2026-03-05 20:45:51] INFO: op ←←←, 153
[2026-03-05 20:45:51] INFO: op →←←, 111
[2026-03-05 20:45:51] INFO: op →→←, 111
[2026-03-05 20:45:51] INFO: op ←→←, 128
[2026-03-05 20:45:51] INFO: [END]
