[2026-03-05 20:47:03] INFO: Logger initialized at log/log156128.log
[2026-03-05 20:47:03] INFO: Test 460th graph in data/list_660_graphs.g6: L^PKZ\^k~wTzfn
[2026-03-05 20:47:03] INFO: meta data: 
minimum degree >= 4
independent number <= 2
connected
[2026-03-05 20:47:03] INFO: Orientation of L^PKZ\^k~wTzfn with min semidegree 3:
[0 0 0 0 0 0 0 0 0 1 1 1 1]
[0 0 0 0 0 0 0 1 1 0 1 0 0]
[1 1 0 0 0 0 0 0 0 0 0 1 0]
[1 1 1 0 0 0 0 0 0 0 0 0 0]
[0 1 0 0 0 0 0 1 0 0 0 0 1]
[0 1 0 0 1 0 0 0 0 0 0 0 1]
[1 0 0 0 1 1 0 0 0 0 0 0 0]
[0 0 1 0 0 1 1 0 0 0 0 0 0]
[0 0 0 1 1 1 1 1 0 0 0 0 0]
[0 0 1 1 0 0 1 1 1 0 0 0 0]
[0 0 1 1 1 1 0 0 0 0 0 0 0]
[0 0 0 0 1 1 1 1 0 1 1 0 0]
[0 0 0 1 0 0 1 0 1 1 1 1 0]
[2026-03-05 20:47:03] INFO: op ←←←←←, 4892
[2026-03-05 20:47:04] INFO: op →←←←←, 4284
[2026-03-05 20:47:04] INFO: op →→←←←, 4542
[2026-03-05 20:47:04] INFO: op →→→←←, 4542
[2026-03-05 20:47:04] INFO: op →→→→←, 4284
[2026-03-05 20:47:04] INFO: op ←→←←←, 3924
[2026-03-05 20:47:04] INFO: op ←←→←←, 4161
[2026-03-05 20:47:05] INFO: op ←→→←←, 4119
[2026-03-05 20:47:05] INFO: op ←←←→←, 3862
[2026-03-05 20:47:05] INFO: op ←←→→←, 4190
[2026-03-05 20:47:05] INFO: op ←→→→←, 3878
[2026-03-05 20:47:05] INFO: op →←→←←, 3448
[2026-03-05 20:47:05] INFO: op →←←→←, 3349
[2026-03-05 20:47:05] INFO: op →→←→←, 3448
[2026-03-05 20:47:06] INFO: op →←→→←, 3349
[2026-03-05 20:47:06] INFO: op ←→←→←, 2967
[2026-03-05 20:47:06] INFO: [END]
