[2026-03-05 20:45:11] INFO: Logger initialized at log/log140557.log
[2026-03-05 20:45:11] INFO: Test 56th graph in data/list_660_graphs.g6: HRhTY~~
[2026-03-05 20:45:11] INFO: meta data: 
minimum degree >= 4
independent number <= 2
connected
[2026-03-05 20:45:11] INFO: Orientation of HRhTY~~ with min semidegree 2:
[0 0 0 0 0 0 1 0 1]
[0 0 0 0 0 0 0 1 1]
[1 0 0 0 0 0 1 0 0]
[0 1 1 0 0 0 0 0 0]
[1 0 1 0 0 0 0 0 0]
[0 1 0 1 0 0 0 0 0]
[0 0 0 0 1 1 0 0 0]
[0 0 0 1 1 1 1 0 0]
[0 0 1 1 1 1 1 1 0]
[2026-03-05 20:45:11] INFO: op ←←←, 120
[2026-03-05 20:45:11] INFO: op →←←, 91
[2026-03-05 20:45:11] INFO: op →→←, 91
[2026-03-05 20:45:11] INFO: op ←→←, 92
[2026-03-05 20:45:11] INFO: [END]
