[2026-03-05 20:45:31] INFO: Logger initialized at log/log145679.log
[2026-03-05 20:45:31] INFO: Test 196th graph in data/list_660_graphs.g6: H}nax~~
[2026-03-05 20:45:31] INFO: meta data: 
minimum degree >= 4
independent number <= 2
connected
[2026-03-05 20:45:31] INFO: Orientation of H}nax~~ with min semidegree 3:
[0 0 1 1 0 0 0 0 1]
[1 0 0 0 0 0 1 0 1]
[0 1 0 0 0 0 0 1 1]
[0 1 0 0 0 0 0 1 1]
[1 0 1 1 0 0 0 0 0]
[1 1 1 0 0 0 0 0 0]
[0 0 0 1 1 1 0 0 0]
[0 0 0 0 1 1 1 0 0]
[0 0 0 0 1 1 1 1 0]
[2026-03-05 20:45:32] INFO: op ←←←←←, 868
[2026-03-05 20:45:32] INFO: op →←←←←, 649
[2026-03-05 20:45:32] INFO: op →→←←←, 706
[2026-03-05 20:45:32] INFO: op →→→←←, 706
[2026-03-05 20:45:32] INFO: op →→→→←, 649
[2026-03-05 20:45:32] INFO: op ←→←←←, 482
[2026-03-05 20:45:32] INFO: op ←←→←←, 540
[2026-03-05 20:45:32] INFO: op ←→→←←, 453
[2026-03-05 20:45:32] INFO: op ←←←→←, 484
[2026-03-05 20:45:32] INFO: op ←←→→←, 451
[2026-03-05 20:45:32] INFO: op ←→→→←, 511
[2026-03-05 20:45:32] INFO: op →←→←←, 283
[2026-03-05 20:45:32] INFO: op →←←→←, 333
[2026-03-05 20:45:32] INFO: op →→←→←, 283
[2026-03-05 20:45:32] INFO: op →←→→←, 333
[2026-03-05 20:45:32] INFO: op ←→←→←, 149
[2026-03-05 20:45:32] INFO: [END]
