[2026-03-05 20:47:10] INFO: Logger initialized at log/log156904.log
[2026-03-05 20:47:10] INFO: Test 480th graph in data/list_660_graphs.g6: LR}i|IdSyfw~}]
[2026-03-05 20:47:10] INFO: meta data: 
minimum degree >= 4
independent number <= 2
connected
[2026-03-05 20:47:10] INFO: Orientation of LR}i|IdSyfw~}] with min semidegree 3:
[0 0 0 0 1 0 0 0 0 0 0 1 1]
[0 0 0 0 0 0 0 0 0 0 1 1 1]
[1 0 0 0 0 1 0 0 0 0 0 0 1]
[0 1 1 0 0 0 1 0 0 0 0 0 0]
[0 1 1 1 0 0 0 0 0 0 0 0 0]
[1 0 0 0 1 0 0 0 0 0 0 1 0]
[0 1 0 0 1 1 0 0 0 0 0 0 0]
[1 0 1 0 0 1 0 0 0 0 0 0 0]
[1 0 1 0 0 1 0 1 0 0 0 0 0]
[0 1 0 1 0 0 1 1 1 0 0 0 0]
[0 0 0 1 0 0 1 1 1 1 0 0 0]
[0 0 0 0 0 0 1 1 1 1 1 0 0]
[0 0 0 1 1 0 0 1 1 1 1 0 0]
[2026-03-05 20:47:10] INFO: op ←←←←←, 4522
[2026-03-05 20:47:11] INFO: op →←←←←, 3696
[2026-03-05 20:47:11] INFO: op →→←←←, 3699
[2026-03-05 20:47:11] INFO: op →→→←←, 3699
[2026-03-05 20:47:11] INFO: op →→→→←, 3696
[2026-03-05 20:47:11] INFO: op ←→←←←, 3164
[2026-03-05 20:47:11] INFO: op ←←→←←, 3254
[2026-03-05 20:47:11] INFO: op ←→→←←, 3062
[2026-03-05 20:47:11] INFO: op ←←←→←, 3187
[2026-03-05 20:47:12] INFO: op ←←→→←, 3171
[2026-03-05 20:47:12] INFO: op ←→→→←, 3161
[2026-03-05 20:47:12] INFO: op →←→←←, 2282
[2026-03-05 20:47:12] INFO: op →←←→←, 2508
[2026-03-05 20:47:12] INFO: op →→←→←, 2282
[2026-03-05 20:47:12] INFO: op →←→→←, 2508
[2026-03-05 20:47:12] INFO: op ←→←→←, 1879
[2026-03-05 20:47:12] INFO: [END]
