[2026-03-05 20:46:44] INFO: Logger initialized at log/log154066.log
[2026-03-05 20:46:44] INFO: Test 409th graph in data/list_660_graphs.g6: L~?G[\NF~^Vy^l
[2026-03-05 20:46:44] INFO: meta data: 
minimum degree >= 4
independent number <= 2
connected
[2026-03-05 20:46:44] INFO: Orientation of L~?G[\NF~^Vy^l with min semidegree 3:
[0 0 0 0 0 0 0 1 0 0 1 1 0]
[1 0 0 0 0 0 0 0 0 0 1 0 1]
[1 1 0 0 0 0 0 0 0 0 1 0 0]
[1 1 1 0 0 0 0 0 0 0 0 0 0]
[0 0 0 0 0 0 0 0 0 1 0 1 1]
[0 0 0 0 1 0 0 0 1 0 0 0 1]
[0 0 0 0 1 1 0 0 1 0 0 0 0]
[0 0 0 0 1 1 1 0 0 0 0 0 0]
[0 1 0 0 1 0 0 1 0 0 0 0 0]
[0 0 0 1 0 1 1 1 1 0 0 0 0]
[0 0 0 0 1 1 1 1 1 0 0 0 0]
[0 0 1 1 0 1 1 1 0 1 0 0 0]
[0 0 1 1 0 0 1 0 1 1 0 1 0]
[2026-03-05 20:46:44] INFO: op ←←←←←, 4804
[2026-03-05 20:46:45] INFO: op →←←←←, 3938
[2026-03-05 20:46:45] INFO: op →→←←←, 3877
[2026-03-05 20:46:45] INFO: op →→→←←, 3877
[2026-03-05 20:46:45] INFO: op →→→→←, 3938
[2026-03-05 20:46:45] INFO: op ←→←←←, 3354
[2026-03-05 20:46:45] INFO: op ←←→←←, 3089
[2026-03-05 20:46:45] INFO: op ←→→←←, 3257
[2026-03-05 20:46:46] INFO: op ←←←→←, 3038
[2026-03-05 20:46:46] INFO: op ←←→→←, 3177
[2026-03-05 20:46:46] INFO: op ←→→→←, 3107
[2026-03-05 20:46:46] INFO: op →←→←←, 2683
[2026-03-05 20:46:46] INFO: op →←←→←, 2495
[2026-03-05 20:46:46] INFO: op →→←→←, 2683
[2026-03-05 20:46:46] INFO: op →←→→←, 2495
[2026-03-05 20:46:46] INFO: op ←→←→←, 2323
[2026-03-05 20:46:46] INFO: [END]
