[2026-03-05 20:45:14] INFO: Logger initialized at log/log141226.log
[2026-03-05 20:45:14] INFO: Test 73th graph in data/list_660_graphs.g6: H`NNjz~
[2026-03-05 20:45:14] INFO: meta data: 
minimum degree >= 4
independent number <= 2
connected
[2026-03-05 20:45:14] INFO: Orientation of H`NNjz~ with min semidegree 2:
[0 0 0 0 0 0 1 0 1]
[1 0 0 0 0 0 0 1 0]
[0 0 0 0 0 0 1 0 1]
[0 0 1 0 0 0 1 0 0]
[0 0 1 1 0 0 0 0 0]
[1 1 0 0 1 0 0 0 0]
[0 1 0 0 0 1 0 0 0]
[0 0 1 1 1 1 0 0 0]
[0 1 0 1 1 1 1 1 0]
[2026-03-05 20:45:14] INFO: op ←←←, 144
[2026-03-05 20:45:14] INFO: op →←←, 104
[2026-03-05 20:45:14] INFO: op →→←, 104
[2026-03-05 20:45:14] INFO: op ←→←, 97
[2026-03-05 20:45:14] INFO: [END]
