[2026-03-05 20:45:52] INFO: Logger initialized at log/log148634.log
[2026-03-05 20:45:52] INFO: Test 269th graph in data/list_660_graphs.g6: I}lah[^~w
[2026-03-05 20:45:52] INFO: meta data: 
minimum degree >= 4
independent number <= 2
connected
[2026-03-05 20:45:52] INFO: Orientation of I}lah[^~w with min semidegree 2:
[0 0 0 1 0 0 0 0 0 1]
[1 0 0 0 0 0 0 0 0 1]
[1 1 0 0 0 0 0 0 0 0]
[0 1 0 0 0 0 0 0 1 0]
[1 0 1 1 0 0 0 0 0 0]
[0 1 1 0 0 0 0 0 0 0]
[0 1 0 1 0 1 0 0 0 0]
[0 0 1 0 1 1 1 0 0 0]
[0 0 0 0 1 1 1 1 0 0]
[0 0 1 1 1 1 1 1 1 0]
[2026-03-05 20:45:52] INFO: op ←←←, 212
[2026-03-05 20:45:52] INFO: op →←←, 172
[2026-03-05 20:45:52] INFO: op →→←, 172
[2026-03-05 20:45:52] INFO: op ←→←, 171
[2026-03-05 20:45:52] INFO: [END]
