[2026-03-05 20:47:29] INFO: Logger initialized at log/log158955.log
[2026-03-05 20:47:29] INFO: Test 533th graph in data/list_660_graphs.g6: LtnmqLFXYffnM~
[2026-03-05 20:47:29] INFO: meta data: 
minimum degree >= 4
independent number <= 2
connected
[2026-03-05 20:47:29] INFO: Orientation of LtnmqLFXYffnM~ with min semidegree 3:
[0 0 0 1 1 1 0 0 0 0 0 0 0]
[1 0 0 0 0 0 1 0 0 0 1 0 0]
[1 0 0 0 0 0 0 0 0 0 0 1 1]
[0 0 1 0 0 0 0 0 0 0 0 1 1]
[0 0 1 1 0 0 0 0 0 0 0 0 1]
[0 1 1 0 1 0 0 0 0 0 0 0 0]
[1 0 0 1 1 0 0 0 0 0 0 0 0]
[0 1 0 0 0 1 1 0 0 0 0 0 0]
[0 1 0 0 0 1 1 1 0 0 0 0 0]
[0 1 1 0 0 1 0 1 1 0 0 0 0]
[0 0 0 1 0 0 1 1 1 1 0 0 0]
[0 0 0 0 1 1 0 1 1 1 1 0 0]
[0 0 0 0 0 0 1 1 1 1 1 1 0]
[2026-03-05 20:47:29] INFO: op ←←←←←, 5550
[2026-03-05 20:47:30] INFO: op →←←←←, 4348
[2026-03-05 20:47:30] INFO: op →→←←←, 3924
[2026-03-05 20:47:30] INFO: op →→→←←, 3924
[2026-03-05 20:47:30] INFO: op →→→→←, 4348
[2026-03-05 20:47:30] INFO: op ←→←←←, 3481
[2026-03-05 20:47:30] INFO: op ←←→←←, 3440
[2026-03-05 20:47:31] INFO: op ←→→←←, 3381
[2026-03-05 20:47:31] INFO: op ←←←→←, 3548
[2026-03-05 20:47:31] INFO: op ←←→→←, 3569
[2026-03-05 20:47:31] INFO: op ←→→→←, 3526
[2026-03-05 20:47:31] INFO: op →←→←←, 2629
[2026-03-05 20:47:31] INFO: op →←←→←, 2858
[2026-03-05 20:47:31] INFO: op →→←→←, 2629
[2026-03-05 20:47:31] INFO: op →←→→←, 2858
[2026-03-05 20:47:32] INFO: op ←→←→←, 2367
[2026-03-05 20:47:32] INFO: [END]
