[2026-03-05 20:46:05] INFO: Logger initialized at log/log150293.log
[2026-03-05 20:46:05] INFO: Test 312th graph in data/list_660_graphs.g6: K`Kx~fksuX~~
[2026-03-05 20:46:05] INFO: meta data: 
minimum degree >= 4
independent number <= 2
connected
[2026-03-05 20:46:05] INFO: Orientation of K`Kx~fksuX~~ with min semidegree 3:
[0 0 0 0 0 0 0 1 1 1 0 0]
[1 0 0 0 0 0 0 0 0 0 1 1]
[0 0 0 0 0 0 1 1 0 0 0 1]
[0 0 1 0 0 0 0 0 0 1 0 1]
[0 0 1 1 0 0 0 0 0 0 1 0]
[0 0 1 1 1 0 0 0 0 0 0 0]
[0 0 0 1 1 1 0 0 0 0 0 0]
[0 1 0 1 0 0 1 0 0 0 0 0]
[0 1 1 0 1 1 0 0 0 0 0 0]
[0 1 0 0 0 0 1 1 0 0 0 0]
[1 0 0 0 0 1 0 0 1 1 0 0]
[1 0 0 0 1 1 1 1 1 1 1 0]
[2026-03-05 20:46:05] INFO: op ←←←←←, 2915
[2026-03-05 20:46:05] INFO: op →←←←←, 2319
[2026-03-05 20:46:05] INFO: op →→←←←, 2435
[2026-03-05 20:46:06] INFO: op →→→←←, 2435
[2026-03-05 20:46:06] INFO: op →→→→←, 2319
[2026-03-05 20:46:06] INFO: op ←→←←←, 2005
[2026-03-05 20:46:06] INFO: op ←←→←←, 2125
[2026-03-05 20:46:06] INFO: op ←→→←←, 2114
[2026-03-05 20:46:06] INFO: op ←←←→←, 2075
[2026-03-05 20:46:06] INFO: op ←←→→←, 2105
[2026-03-05 20:46:06] INFO: op ←→→→←, 2055
[2026-03-05 20:46:06] INFO: op →←→←←, 1554
[2026-03-05 20:46:06] INFO: op →←←→←, 1598
[2026-03-05 20:46:06] INFO: op →→←→←, 1554
[2026-03-05 20:46:06] INFO: op →←→→←, 1598
[2026-03-05 20:46:06] INFO: op ←→←→←, 1230
[2026-03-05 20:46:06] INFO: [END]
