[2026-03-05 20:45:31] INFO: Logger initialized at log/log145525.log
[2026-03-05 20:45:31] INFO: Test 191th graph in data/list_660_graphs.g6: H{Sz~z~
[2026-03-05 20:45:31] INFO: meta data: 
minimum degree >= 4
independent number <= 2
connected
[2026-03-05 20:45:31] INFO: Orientation of H{Sz~z~ with min semidegree 2:
[0 0 0 0 0 0 0 1 1]
[1 0 0 0 0 0 1 0 0]
[1 1 0 0 0 0 0 0 0]
[1 0 0 0 0 0 0 0 1]
[0 1 0 1 0 0 0 0 0]
[0 0 1 1 1 0 0 0 0]
[0 0 1 1 1 1 0 0 0]
[0 1 1 1 1 1 0 0 0]
[0 1 1 0 1 1 1 1 0]
[2026-03-05 20:45:31] INFO: op ←←←, 182
[2026-03-05 20:45:31] INFO: op →←←, 151
[2026-03-05 20:45:31] INFO: op →→←, 151
[2026-03-05 20:45:31] INFO: op ←→←, 165
[2026-03-05 20:45:31] INFO: [END]
