[2026-03-05 20:45:47] INFO: Logger initialized at log/log147877.log
[2026-03-05 20:45:47] INFO: Test 250th graph in data/list_660_graphs.g6: HdYr]o~
[2026-03-05 20:45:47] INFO: meta data: 
minimum degree >= 4
independent number <= 2
connected
[2026-03-05 20:45:47] INFO: Orientation of HdYr]o~ with min semidegree 2:
[0 0 0 1 0 0 0 1 0]
[1 0 0 0 0 0 1 0 0]
[0 0 0 0 0 1 0 0 1]
[0 0 1 0 0 0 0 0 1]
[0 1 1 0 0 0 0 0 0]
[1 0 0 1 0 0 0 0 0]
[0 0 1 0 1 1 0 0 0]
[0 1 0 1 1 0 0 0 0]
[0 0 0 0 1 1 1 1 0]
[2026-03-05 20:45:47] INFO: op ←←←, 103
[2026-03-05 20:45:47] INFO: op →←←, 70
[2026-03-05 20:45:47] INFO: op →→←, 70
[2026-03-05 20:45:47] INFO: op ←→←, 47
[2026-03-05 20:45:47] INFO: [END]
