[2026-03-05 20:46:19] INFO: Logger initialized at log/log151461.log
[2026-03-05 20:46:19] INFO: Test 342th graph in data/list_660_graphs.g6: LtlAIMwP~}F}N|
[2026-03-05 20:46:19] INFO: meta data: 
minimum degree >= 4
independent number <= 2
connected
[2026-03-05 20:46:19] INFO: Orientation of LtlAIMwP~}F}N| with min semidegree 3:
[0 0 1 0 0 0 0 0 1 0 1 0 0]
[1 0 0 0 0 0 0 0 0 1 1 0 0]
[0 0 0 0 0 0 0 0 0 0 1 1 1]
[1 0 1 0 0 0 0 0 0 0 0 1 0]
[1 0 1 1 0 0 0 0 0 0 0 0 0]
[0 1 0 0 0 0 0 0 0 1 0 0 1]
[0 1 0 0 0 1 0 0 0 0 0 0 1]
[0 1 0 0 0 1 1 0 0 0 0 0 0]
[0 0 1 1 1 0 0 0 0 0 0 0 0]
[0 0 0 0 0 0 1 1 1 0 0 0 0]
[0 0 0 1 1 1 1 1 0 0 0 0 0]
[0 0 0 0 1 1 1 1 1 1 0 0 0]
[0 0 0 1 1 0 0 1 1 1 0 1 0]
[2026-03-05 20:46:19] INFO: op ←←←←←, 3772
[2026-03-05 20:46:19] INFO: op →←←←←, 2810
[2026-03-05 20:46:19] INFO: op →→←←←, 2828
[2026-03-05 20:46:19] INFO: op →→→←←, 2828
[2026-03-05 20:46:19] INFO: op →→→→←, 2810
[2026-03-05 20:46:20] INFO: op ←→←←←, 2428
[2026-03-05 20:46:20] INFO: op ←←→←←, 2497
[2026-03-05 20:46:20] INFO: op ←→→←←, 2384
[2026-03-05 20:46:20] INFO: op ←←←→←, 2376
[2026-03-05 20:46:20] INFO: op ←←→→←, 2457
[2026-03-05 20:46:20] INFO: op ←→→→←, 2301
[2026-03-05 20:46:20] INFO: op →←→←←, 1847
[2026-03-05 20:46:20] INFO: op →←←→←, 1876
[2026-03-05 20:46:20] INFO: op →→←→←, 1847
[2026-03-05 20:46:20] INFO: op →←→→←, 1876
[2026-03-05 20:46:20] INFO: op ←→←→←, 1695
[2026-03-05 20:46:20] INFO: [END]
