[2026-03-05 20:48:54] INFO: Logger initialized at log/log163103.log
[2026-03-05 20:48:54] INFO: Test 625th graph in data/list_660_graphs.g6: I}hX~~~~w
[2026-03-05 20:48:54] INFO: meta data: 
minimum degree >= 4
independent number <= 2
connected
[2026-03-05 20:48:54] INFO: Orientation of I}hX~~~~w with min semidegree 3:
[0 0 0 0 0 0 0 1 1 1]
[1 0 0 0 0 0 0 0 1 1]
[1 1 0 0 0 0 0 0 0 1]
[1 1 0 0 0 0 1 0 0 0]
[1 0 1 0 0 0 0 1 0 0]
[0 1 0 1 1 0 0 0 0 0]
[0 0 1 0 1 1 0 0 0 0]
[0 1 1 1 0 1 1 0 0 0]
[0 0 1 1 1 1 1 1 0 0]
[0 0 0 1 1 1 1 1 1 0]
[2026-03-05 20:48:54] INFO: op ←←←←←, 2844
[2026-03-05 20:48:54] INFO: op →←←←←, 2225
[2026-03-05 20:48:54] INFO: op →→←←←, 2238
[2026-03-05 20:48:54] INFO: op →→→←←, 2238
[2026-03-05 20:48:54] INFO: op →→→→←, 2225
[2026-03-05 20:48:54] INFO: op ←→←←←, 1950
[2026-03-05 20:48:54] INFO: op ←←→←←, 1928
[2026-03-05 20:48:55] INFO: op ←→→←←, 1881
[2026-03-05 20:48:55] INFO: op ←←←→←, 1845
[2026-03-05 20:48:55] INFO: op ←←→→←, 1900
[2026-03-05 20:48:55] INFO: op ←→→→←, 1864
[2026-03-05 20:48:55] INFO: op →←→←←, 1355
[2026-03-05 20:48:55] INFO: op →←←→←, 1490
[2026-03-05 20:48:55] INFO: op →→←→←, 1355
[2026-03-05 20:48:55] INFO: op →←→→←, 1490
[2026-03-05 20:48:55] INFO: op ←→←→←, 1209
[2026-03-05 20:48:55] INFO: [END]
