[2026-03-05 20:47:39] INFO: Logger initialized at log/log160333.log
[2026-03-05 20:47:39] INFO: Test 567th graph in data/list_660_graphs.g6: L~wGglNJznz{nt
[2026-03-05 20:47:39] INFO: meta data: 
minimum degree >= 4
independent number <= 2
connected
[2026-03-05 20:47:40] INFO: Orientation of L~wGglNJznz{nt with min semidegree 3:
[0 0 1 0 0 0 0 0 0 0 0 1 1]
[1 0 0 0 0 0 0 0 0 0 1 1 0]
[0 1 0 0 0 0 0 0 0 1 0 0 1]
[1 1 1 0 0 0 0 0 0 0 0 0 0]
[1 1 1 0 0 0 0 0 0 0 0 0 0]
[0 0 0 0 1 0 0 0 0 0 1 0 1]
[0 0 0 1 0 1 0 0 0 0 1 0 0]
[0 0 0 1 0 1 1 0 0 0 0 0 0]
[0 1 0 0 1 1 1 1 0 0 0 0 0]
[0 0 0 0 1 1 1 1 1 0 0 0 0]
[0 0 1 1 0 0 0 1 1 1 0 0 0]
[0 0 0 1 1 1 1 1 1 0 0 0 0]
[0 0 0 1 1 0 1 1 0 1 0 1 0]
[2026-03-05 20:47:40] INFO: op ←←←←←, 5243
[2026-03-05 20:47:40] INFO: op →←←←←, 4424
[2026-03-05 20:47:40] INFO: op →→←←←, 4426
[2026-03-05 20:47:40] INFO: op →→→←←, 4426
[2026-03-05 20:47:40] INFO: op →→→→←, 4424
[2026-03-05 20:47:41] INFO: op ←→←←←, 4025
[2026-03-05 20:47:41] INFO: op ←←→←←, 4085
[2026-03-05 20:47:41] INFO: op ←→→←←, 3952
[2026-03-05 20:47:41] INFO: op ←←←→←, 3976
[2026-03-05 20:47:41] INFO: op ←←→→←, 3992
[2026-03-05 20:47:41] INFO: op ←→→→←, 3646
[2026-03-05 20:47:41] INFO: op →←→←←, 3367
[2026-03-05 20:47:42] INFO: op →←←→←, 3396
[2026-03-05 20:47:42] INFO: op →→←→←, 3367
[2026-03-05 20:47:42] INFO: op →←→→←, 3396
[2026-03-05 20:47:42] INFO: op ←→←→←, 3249
[2026-03-05 20:47:42] INFO: [END]
