[2026-03-05 20:47:00] INFO: Logger initialized at log/log155802.log
[2026-03-05 20:47:00] INFO: Test 452th graph in data/list_660_graphs.g6: L~TGW]rhz}R}x}
[2026-03-05 20:47:00] INFO: meta data: 
minimum degree >= 4
independent number <= 2
connected
[2026-03-05 20:47:00] INFO: Orientation of L~TGW]rhz}R}x} with min semidegree 3:
[0 0 0 0 0 0 0 0 0 1 0 1 1]
[1 0 0 0 0 0 0 0 0 0 1 0 1]
[1 1 0 0 0 0 0 0 0 0 1 0 0]
[1 1 1 0 0 0 0 0 0 0 0 0 0]
[0 1 0 1 0 0 0 0 0 0 0 1 0]
[0 1 0 0 1 0 0 0 0 0 0 1 0]
[0 0 0 0 1 1 0 0 0 0 0 0 1]
[0 0 0 0 1 1 1 0 0 0 0 0 0]
[1 0 1 1 0 0 1 1 0 0 0 0 0]
[0 0 1 0 0 1 1 1 1 0 0 0 0]
[0 0 0 1 1 1 1 1 0 0 0 0 0]
[0 0 0 1 0 0 1 1 1 1 0 0 0]
[0 0 1 0 0 1 0 1 1 1 1 0 0]
[2026-03-05 20:47:00] INFO: op ←←←←←, 5172
[2026-03-05 20:47:00] INFO: op →←←←←, 4176
[2026-03-05 20:47:00] INFO: op →→←←←, 4074
[2026-03-05 20:47:01] INFO: op →→→←←, 4074
[2026-03-05 20:47:01] INFO: op →→→→←, 4176
[2026-03-05 20:47:01] INFO: op ←→←←←, 3508
[2026-03-05 20:47:01] INFO: op ←←→←←, 3419
[2026-03-05 20:47:01] INFO: op ←→→←←, 3525
[2026-03-05 20:47:01] INFO: op ←←←→←, 3453
[2026-03-05 20:47:01] INFO: op ←←→→←, 3560
[2026-03-05 20:47:02] INFO: op ←→→→←, 3372
[2026-03-05 20:47:02] INFO: op →←→←←, 2721
[2026-03-05 20:47:02] INFO: op →←←→←, 2896
[2026-03-05 20:47:02] INFO: op →→←→←, 2721
[2026-03-05 20:47:02] INFO: op →←→→←, 2896
[2026-03-05 20:47:02] INFO: op ←→←→←, 2512
[2026-03-05 20:47:02] INFO: [END]
