[2026-03-05 20:47:39] INFO: Logger initialized at log/log160282.log
[2026-03-05 20:47:39] INFO: Test 565th graph in data/list_660_graphs.g6: L~?GZ\^N~]Ztnf
[2026-03-05 20:47:39] INFO: meta data: 
minimum degree >= 4
independent number <= 2
connected
[2026-03-05 20:47:39] INFO: Orientation of L~?GZ\^N~]Ztnf with min semidegree 3:
[0 0 0 0 0 0 0 0 0 0 1 1 1]
[1 0 0 0 0 0 0 0 1 0 0 1 0]
[1 1 0 0 0 0 0 0 0 1 0 0 0]
[1 1 1 0 0 0 0 0 0 0 0 0 0]
[0 0 0 0 0 0 0 1 0 1 0 0 1]
[0 0 0 0 1 0 0 1 0 0 0 0 1]
[0 0 0 0 1 1 0 0 1 0 0 0 0]
[0 1 1 0 0 0 1 0 0 0 0 0 0]
[0 0 0 1 1 1 0 1 0 0 0 0 0]
[0 0 0 1 0 1 1 1 1 0 0 0 0]
[0 1 1 0 1 1 1 1 0 0 0 0 0]
[0 0 0 1 1 1 1 0 1 0 1 0 0]
[0 0 1 1 0 0 1 0 0 1 1 1 0]
[2026-03-05 20:47:39] INFO: op ←←←←←, 5307
[2026-03-05 20:47:39] INFO: op →←←←←, 4456
[2026-03-05 20:47:40] INFO: op →→←←←, 4461
[2026-03-05 20:47:40] INFO: op →→→←←, 4461
[2026-03-05 20:47:40] INFO: op →→→→←, 4456
[2026-03-05 20:47:40] INFO: op ←→←←←, 4078
[2026-03-05 20:47:40] INFO: op ←←→←←, 4040
[2026-03-05 20:47:40] INFO: op ←→→←←, 3979
[2026-03-05 20:47:41] INFO: op ←←←→←, 3879
[2026-03-05 20:47:41] INFO: op ←←→→←, 4063
[2026-03-05 20:47:41] INFO: op ←→→→←, 3804
[2026-03-05 20:47:41] INFO: op →←→←←, 3397
[2026-03-05 20:47:41] INFO: op →←←→←, 3268
[2026-03-05 20:47:41] INFO: op →→←→←, 3397
[2026-03-05 20:47:41] INFO: op →←→→←, 3268
[2026-03-05 20:47:41] INFO: op ←→←→←, 3062
[2026-03-05 20:47:41] INFO: [END]
