[2026-03-05 20:46:37] INFO: Logger initialized at log/log153350.log
[2026-03-05 20:46:37] INFO: Test 389th graph in data/list_660_graphs.g6: LwC^~B`FWzfnve
[2026-03-05 20:46:37] INFO: meta data: 
minimum degree >= 4
independent number <= 2
connected
[2026-03-05 20:46:37] INFO: Orientation of LwC^~B`FWzfnve with min semidegree 3:
[0 0 0 0 0 0 1 0 1 0 0 0 1]
[1 0 0 0 0 0 1 0 0 0 0 0 1]
[1 1 0 0 0 0 0 0 0 0 0 1 0]
[0 0 0 0 0 0 0 0 0 0 1 1 1]
[0 0 0 1 0 0 1 0 0 0 0 1 0]
[0 0 0 1 1 0 0 0 0 1 0 0 0]
[0 0 1 1 0 1 0 0 0 0 0 0 0]
[1 1 1 0 0 0 0 0 0 0 0 0 0]
[0 1 1 0 0 0 0 1 0 0 0 0 0]
[0 0 0 1 1 0 0 1 1 0 0 0 0]
[0 0 0 0 1 1 0 1 1 1 0 0 0]
[0 0 0 0 0 1 0 1 1 1 1 0 0]
[0 0 0 0 1 1 1 0 0 1 1 0 0]
[2026-03-05 20:46:38] INFO: op ←←←←←, 3749
[2026-03-05 20:46:38] INFO: op →←←←←, 2719
[2026-03-05 20:46:38] INFO: op →→←←←, 2586
[2026-03-05 20:46:38] INFO: op →→→←←, 2586
[2026-03-05 20:46:38] INFO: op →→→→←, 2719
[2026-03-05 20:46:38] INFO: op ←→←←←, 2103
[2026-03-05 20:46:38] INFO: op ←←→←←, 2159
[2026-03-05 20:46:38] INFO: op ←→→←←, 2040
[2026-03-05 20:46:38] INFO: op ←←←→←, 2124
[2026-03-05 20:46:38] INFO: op ←←→→←, 2104
[2026-03-05 20:46:39] INFO: op ←→→→←, 2067
[2026-03-05 20:46:39] INFO: op →←→←←, 1556
[2026-03-05 20:46:39] INFO: op →←←→←, 1577
[2026-03-05 20:46:39] INFO: op →→←→←, 1556
[2026-03-05 20:46:39] INFO: op →←→→←, 1577
[2026-03-05 20:46:39] INFO: op ←→←→←, 1228
[2026-03-05 20:46:39] INFO: [END]
