[2026-03-05 20:47:20] INFO: Logger initialized at log/log157992.log
[2026-03-05 20:47:20] INFO: Test 508th graph in data/list_660_graphs.g6: L`~}ECrMxn|]ty
[2026-03-05 20:47:20] INFO: meta data: 
minimum degree >= 4
independent number <= 2
connected
[2026-03-05 20:47:20] INFO: Orientation of L`~}ECrMxn|]ty with min semidegree 3:
[0 0 0 0 0 1 0 0 0 0 0 1 1]
[1 0 0 0 0 0 0 0 0 0 0 1 1]
[0 0 0 0 0 0 0 0 0 1 1 1 0]
[0 0 1 0 0 0 0 0 0 0 1 0 1]
[1 1 1 1 0 0 0 0 0 0 0 0 0]
[0 1 1 1 1 0 0 0 0 0 0 0 0]
[1 1 0 0 0 0 0 0 1 0 0 0 0]
[1 1 0 0 0 0 1 0 0 0 0 0 0]
[0 0 1 1 0 0 0 1 0 0 0 0 0]
[0 0 0 1 1 0 1 1 1 0 0 0 0]
[0 0 0 0 0 1 1 1 1 1 0 0 0]
[0 0 0 0 1 0 1 1 1 1 0 0 0]
[0 0 0 0 0 1 1 1 1 0 1 0 0]
[2026-03-05 20:47:20] INFO: op ←←←←←, 4341
[2026-03-05 20:47:20] INFO: op →←←←←, 3640
[2026-03-05 20:47:20] INFO: op →→←←←, 3789
[2026-03-05 20:47:20] INFO: op →→→←←, 3789
[2026-03-05 20:47:21] INFO: op →→→→←, 3640
[2026-03-05 20:47:21] INFO: op ←→←←←, 3283
[2026-03-05 20:47:21] INFO: op ←←→←←, 3337
[2026-03-05 20:47:21] INFO: op ←→→←←, 3026
[2026-03-05 20:47:21] INFO: op ←←←→←, 3085
[2026-03-05 20:47:21] INFO: op ←←→→←, 3090
[2026-03-05 20:47:21] INFO: op ←→→→←, 3123
[2026-03-05 20:47:22] INFO: op →←→←←, 2620
[2026-03-05 20:47:22] INFO: op →←←→←, 2579
[2026-03-05 20:47:22] INFO: op →→←→←, 2620
[2026-03-05 20:47:22] INFO: op →←→→←, 2579
[2026-03-05 20:47:22] INFO: op ←→←→←, 2081
[2026-03-05 20:47:22] INFO: [END]
