[2026-03-05 20:47:36] INFO: Logger initialized at log/log159998.log
[2026-03-05 20:47:36] INFO: Test 558th graph in data/list_660_graphs.g6: L~?IX[^^~]ZtnZ
[2026-03-05 20:47:36] INFO: meta data: 
minimum degree >= 4
independent number <= 2
connected
[2026-03-05 20:47:36] INFO: Orientation of L~?IX[^^~]ZtnZ with min semidegree 3:
[0 0 0 0 0 0 0 0 0 0 1 1 1]
[1 0 0 0 0 0 0 0 0 1 0 1 0]
[1 1 0 0 0 0 0 0 0 1 0 0 0]
[1 1 1 0 0 0 0 0 0 0 0 0 0]
[0 0 0 0 0 0 0 1 0 1 0 0 1]
[0 0 0 0 1 0 0 0 1 0 0 0 1]
[0 1 0 0 1 1 0 0 0 0 0 0 0]
[0 0 1 0 0 1 1 0 0 0 0 0 0]
[0 0 0 1 1 0 1 1 0 0 0 0 0]
[0 0 0 1 0 1 1 1 1 0 0 0 0]
[0 1 1 0 1 1 1 1 0 0 0 0 0]
[0 0 0 1 1 1 1 0 1 0 1 0 0]
[0 0 1 1 0 0 0 1 1 0 1 1 0]
[2026-03-05 20:47:36] INFO: op ←←←←←, 5320
[2026-03-05 20:47:37] INFO: op →←←←←, 4424
[2026-03-05 20:47:37] INFO: op →→←←←, 4462
[2026-03-05 20:47:37] INFO: op →→→←←, 4462
[2026-03-05 20:47:37] INFO: op →→→→←, 4424
[2026-03-05 20:47:37] INFO: op ←→←←←, 4069
[2026-03-05 20:47:38] INFO: op ←←→←←, 4000
[2026-03-05 20:47:38] INFO: op ←→→←←, 4007
[2026-03-05 20:47:38] INFO: op ←←←→←, 3807
[2026-03-05 20:47:38] INFO: op ←←→→←, 4084
[2026-03-05 20:47:38] INFO: op ←→→→←, 3732
[2026-03-05 20:47:38] INFO: op →←→←←, 3453
[2026-03-05 20:47:38] INFO: op →←←→←, 3265
[2026-03-05 20:47:39] INFO: op →→←→←, 3453
[2026-03-05 20:47:39] INFO: op →←→→←, 3265
[2026-03-05 20:47:39] INFO: op ←→←→←, 3199
[2026-03-05 20:47:39] INFO: [END]
