[2026-03-05 20:46:17] INFO: Logger initialized at log/log151369.log
[2026-03-05 20:46:17] INFO: Test 339th graph in data/list_660_graphs.g6: L~}GGKFB~nM^]|
[2026-03-05 20:46:17] INFO: meta data: 
minimum degree >= 4
independent number <= 2
connected
[2026-03-05 20:46:17] INFO: Orientation of L~}GGKFB~nM^]| with min semidegree 3:
[0 1 0 0 1 0 0 0 0 0 1 0 0]
[0 0 0 0 0 0 0 0 0 0 1 1 1]
[1 1 0 0 0 0 0 0 0 0 0 1 0]
[1 1 1 0 0 0 0 0 0 0 0 0 0]
[0 1 1 1 0 0 0 0 0 0 0 0 0]
[1 0 0 0 1 0 0 0 0 1 0 0 0]
[0 0 0 0 0 1 0 0 0 1 0 0 1]
[0 0 0 0 0 1 1 0 0 0 0 0 1]
[0 0 0 0 0 1 1 1 0 0 0 0 0]
[0 0 0 0 1 0 0 1 1 0 0 0 0]
[0 0 1 1 0 1 1 1 1 0 0 0 0]
[0 0 0 1 0 0 1 1 1 1 1 0 0]
[0 0 1 1 1 0 0 0 1 1 0 1 0]
[2026-03-05 20:46:17] INFO: op ←←←←←, 4377
[2026-03-05 20:46:17] INFO: op →←←←←, 3251
[2026-03-05 20:46:17] INFO: op →→←←←, 3079
[2026-03-05 20:46:18] INFO: op →→→←←, 3079
[2026-03-05 20:46:18] INFO: op →→→→←, 3251
[2026-03-05 20:46:18] INFO: op ←→←←←, 2772
[2026-03-05 20:46:18] INFO: op ←←→←←, 2795
[2026-03-05 20:46:18] INFO: op ←→→←←, 2618
[2026-03-05 20:46:18] INFO: op ←←←→←, 2742
[2026-03-05 20:46:18] INFO: op ←←→→←, 2715
[2026-03-05 20:46:18] INFO: op ←→→→←, 2703
[2026-03-05 20:46:19] INFO: op →←→←←, 2072
[2026-03-05 20:46:19] INFO: op →←←→←, 2092
[2026-03-05 20:46:19] INFO: op →→←→←, 2072
[2026-03-05 20:46:19] INFO: op →←→→←, 2092
[2026-03-05 20:46:19] INFO: op ←→←→←, 1903
[2026-03-05 20:46:19] INFO: [END]
