[2026-03-05 20:46:53] INFO: Logger initialized at log/log155094.log
[2026-03-05 20:46:53] INFO: Test 434th graph in data/list_660_graphs.g6: L}utYofFw~mnY~
[2026-03-05 20:46:53] INFO: meta data: 
minimum degree >= 4
independent number <= 2
connected
[2026-03-05 20:46:53] INFO: Orientation of L}utYofFw~mnY~ with min semidegree 3:
[0 0 1 0 1 0 1 0 0 0 0 0 0]
[1 0 0 0 0 0 0 0 0 0 0 1 1]
[0 1 0 0 0 0 0 0 0 0 0 1 1]
[1 1 0 0 0 0 0 0 0 0 1 0 0]
[0 1 0 1 0 0 0 0 0 0 0 0 1]
[1 0 1 1 0 0 0 0 0 0 0 0 0]
[0 0 1 0 1 1 0 0 0 0 0 0 0]
[0 1 0 1 1 0 0 0 0 0 0 0 0]
[0 0 1 0 0 1 1 1 0 0 0 0 0]
[0 0 0 1 1 1 1 1 1 0 0 0 0]
[0 0 0 0 1 1 1 1 1 1 0 0 0]
[0 0 0 1 0 1 0 1 1 1 1 0 0]
[0 0 0 0 0 0 1 1 1 1 1 1 0]
[2026-03-05 20:46:53] INFO: op ←←←←←, 5948
[2026-03-05 20:46:53] INFO: op →←←←←, 4976
[2026-03-05 20:46:53] INFO: op →→←←←, 4773
[2026-03-05 20:46:53] INFO: op →→→←←, 4773
[2026-03-05 20:46:54] INFO: op →→→→←, 4976
[2026-03-05 20:46:54] INFO: op ←→←←←, 4393
[2026-03-05 20:46:54] INFO: op ←←→←←, 4406
[2026-03-05 20:46:54] INFO: op ←→→←←, 4353
[2026-03-05 20:46:54] INFO: op ←←←→←, 4558
[2026-03-05 20:46:54] INFO: op ←←→→←, 4593
[2026-03-05 20:46:55] INFO: op ←→→→←, 4374
[2026-03-05 20:46:55] INFO: op →←→←←, 3529
[2026-03-05 20:46:55] INFO: op →←←→←, 3851
[2026-03-05 20:46:55] INFO: op →→←→←, 3529
[2026-03-05 20:46:55] INFO: op →←→→←, 3851
[2026-03-05 20:46:55] INFO: op ←→←→←, 3421
[2026-03-05 20:46:55] INFO: [END]
