[2026-03-05 20:47:17] INFO: Logger initialized at log/log157685.log
[2026-03-05 20:47:17] INFO: Test 500th graph in data/list_660_graphs.g6: Lt}uyLFLXjh^Y^
[2026-03-05 20:47:17] INFO: meta data: 
minimum degree >= 4
independent number <= 2
connected
[2026-03-05 20:47:17] INFO: Orientation of Lt}uyLFLXjh^Y^ with min semidegree 3:
[0 1 0 0 1 0 1 0 0 0 0 0 0]
[0 0 0 0 1 0 0 0 0 0 0 1 1]
[1 0 0 0 0 0 0 0 0 0 1 0 1]
[1 0 1 0 1 0 0 0 0 0 0 0 0]
[0 0 1 0 0 0 0 0 0 0 0 1 1]
[1 0 1 1 0 0 0 0 0 0 0 0 0]
[0 1 0 1 1 1 0 0 0 0 0 0 0]
[0 1 0 0 0 1 1 0 0 0 0 0 0]
[0 1 0 0 0 1 1 1 0 0 0 0 0]
[0 0 1 1 0 1 0 1 1 0 0 0 0]
[0 0 0 1 0 1 0 1 1 1 0 0 0]
[0 0 0 0 0 0 1 1 1 1 1 0 0]
[0 0 0 0 0 0 0 1 1 1 1 1 0]
[2026-03-05 20:47:18] INFO: op ←←←←←, 5336
[2026-03-05 20:47:18] INFO: op →←←←←, 4172
[2026-03-05 20:47:18] INFO: op →→←←←, 3687
[2026-03-05 20:47:18] INFO: op →→→←←, 3687
[2026-03-05 20:47:18] INFO: op →→→→←, 4172
[2026-03-05 20:47:18] INFO: op ←→←←←, 3216
[2026-03-05 20:47:19] INFO: op ←←→←←, 3104
[2026-03-05 20:47:19] INFO: op ←→→←←, 2782
[2026-03-05 20:47:19] INFO: op ←←←→←, 3232
[2026-03-05 20:47:19] INFO: op ←←→→←, 2910
[2026-03-05 20:47:19] INFO: op ←→→→←, 3231
[2026-03-05 20:47:19] INFO: op →←→←←, 2196
[2026-03-05 20:47:19] INFO: op →←←→←, 2388
[2026-03-05 20:47:19] INFO: op →→←→←, 2196
[2026-03-05 20:47:19] INFO: op →←→→←, 2388
[2026-03-05 20:47:19] INFO: op ←→←→←, 1710
[2026-03-05 20:47:19] INFO: [END]
