[2026-03-05 20:45:34] INFO: Logger initialized at log/log146460.log
[2026-03-05 20:45:34] INFO: Test 214th graph in data/list_660_graphs.g6: J~`HW~~~~~_
[2026-03-05 20:45:34] INFO: meta data: 
minimum degree >= 4
independent number <= 2
connected
[2026-03-05 20:45:34] INFO: Orientation of J~`HW~~~~~_ with min semidegree 3:
[0 0 0 0 0 0 0 0 1 1 1]
[1 0 0 0 0 0 0 0 0 1 1]
[1 1 0 0 0 0 0 0 0 0 1]
[1 1 1 0 0 0 0 0 0 0 0]
[1 0 0 0 0 0 0 1 1 0 0]
[0 1 0 0 1 0 0 0 1 0 0]
[0 0 1 0 1 1 0 0 0 0 0]
[0 0 0 1 0 1 1 0 0 0 0]
[0 1 1 1 0 0 1 1 0 0 0]
[0 0 1 1 1 1 1 1 1 0 0]
[0 0 0 1 1 1 1 1 1 1 0]
[2026-03-05 20:45:35] INFO: op ←←←←←, 3961
[2026-03-05 20:45:35] INFO: op →←←←←, 3117
[2026-03-05 20:45:35] INFO: op →→←←←, 3113
[2026-03-05 20:45:35] INFO: op →→→←←, 3113
[2026-03-05 20:45:35] INFO: op →→→→←, 3117
[2026-03-05 20:45:35] INFO: op ←→←←←, 2919
[2026-03-05 20:45:35] INFO: op ←←→←←, 2894
[2026-03-05 20:45:35] INFO: op ←→→←←, 2728
[2026-03-05 20:45:36] INFO: op ←←←→←, 2757
[2026-03-05 20:45:36] INFO: op ←←→→←, 2762
[2026-03-05 20:45:36] INFO: op ←→→→←, 2713
[2026-03-05 20:45:36] INFO: op →←→←←, 2087
[2026-03-05 20:45:36] INFO: op →←←→←, 2190
[2026-03-05 20:45:36] INFO: op →→←→←, 2087
[2026-03-05 20:45:36] INFO: op →←→→←, 2190
[2026-03-05 20:45:36] INFO: op ←→←→←, 1980
[2026-03-05 20:45:36] INFO: [END]
