[2026-03-05 20:45:43] INFO: Logger initialized at log/log147450.log
[2026-03-05 20:45:43] INFO: Test 240th graph in data/list_660_graphs.g6: H{Sz]}~
[2026-03-05 20:45:43] INFO: meta data: 
minimum degree >= 4
independent number <= 2
connected
[2026-03-05 20:45:43] INFO: Orientation of H{Sz]}~ with min semidegree 2:
[0 0 0 0 0 0 0 1 1]
[1 0 0 0 0 0 1 0 0]
[1 1 0 0 0 0 0 0 0]
[1 0 0 0 0 0 0 0 1]
[0 1 0 1 0 0 0 0 0]
[0 0 1 1 1 0 0 0 0]
[0 0 1 0 1 1 0 0 0]
[0 1 0 1 1 1 1 0 0]
[0 0 1 0 1 1 1 1 0]
[2026-03-05 20:45:43] INFO: op ←←←, 163
[2026-03-05 20:45:43] INFO: op →←←, 118
[2026-03-05 20:45:43] INFO: op →→←, 118
[2026-03-05 20:45:43] INFO: op ←→←, 108
[2026-03-05 20:45:43] INFO: [END]
