[2026-03-05 20:45:14] INFO: Logger initialized at log/log141265.log
[2026-03-05 20:45:14] INFO: Test 74th graph in data/list_660_graphs.g6: HtPLzz~
[2026-03-05 20:45:14] INFO: meta data: 
minimum degree >= 4
independent number <= 2
connected
[2026-03-05 20:45:14] INFO: Orientation of HtPLzz~ with min semidegree 2:
[0 0 0 0 0 0 1 0 1]
[1 0 0 0 0 0 0 1 0]
[1 0 0 0 0 0 0 0 1]
[1 0 1 0 0 0 0 0 0]
[0 1 0 0 0 0 1 0 0]
[0 1 0 0 1 0 0 0 0]
[0 0 1 1 0 1 0 0 0]
[0 0 1 1 1 1 0 0 0]
[0 1 0 1 1 1 1 1 0]
[2026-03-05 20:45:14] INFO: op ←←←, 142
[2026-03-05 20:45:14] INFO: op →←←, 102
[2026-03-05 20:45:14] INFO: op →→←, 102
[2026-03-05 20:45:14] INFO: op ←→←, 95
[2026-03-05 20:45:14] INFO: [END]
