[2026-03-05 20:46:40] INFO: Logger initialized at log/log153636.log
[2026-03-05 20:46:40] INFO: Test 398th graph in data/list_660_graphs.g6: Lt~NaLFPxffnN^
[2026-03-05 20:46:40] INFO: meta data: 
minimum degree >= 4
independent number <= 2
connected
[2026-03-05 20:46:40] INFO: Orientation of Lt~NaLFPxffnN^ with min semidegree 3:
[0 0 1 1 1 0 0 0 0 0 0 0 0]
[1 0 0 0 1 0 1 0 0 0 0 0 0]
[0 0 0 0 0 0 0 0 0 0 1 1 1]
[0 0 1 0 0 0 0 0 0 0 0 1 1]
[0 0 1 1 0 0 0 0 0 0 0 0 1]
[1 1 0 0 1 0 0 0 0 0 0 0 0]
[1 0 1 1 0 0 0 0 0 0 0 0 0]
[0 1 0 0 0 1 1 0 0 0 0 0 0]
[0 1 0 0 0 1 1 1 0 0 0 0 0]
[0 1 0 0 0 1 1 1 1 0 0 0 0]
[0 0 0 1 0 0 1 1 1 1 0 0 0]
[0 0 0 0 1 1 0 1 1 1 1 0 0]
[0 0 0 0 0 1 0 1 1 1 1 1 0]
[2026-03-05 20:46:41] INFO: op ←←←←←, 6119
[2026-03-05 20:46:41] INFO: op →←←←←, 4903
[2026-03-05 20:46:41] INFO: op →→←←←, 3764
[2026-03-05 20:46:41] INFO: op →→→←←, 3764
[2026-03-05 20:46:41] INFO: op →→→→←, 4903
[2026-03-05 20:46:41] INFO: op ←→←←←, 3804
[2026-03-05 20:46:42] INFO: op ←←→←←, 3519
[2026-03-05 20:46:42] INFO: op ←→→←←, 2843
[2026-03-05 20:46:42] INFO: op ←←←→←, 3781
[2026-03-05 20:46:42] INFO: op ←←→→←, 3105
[2026-03-05 20:46:42] INFO: op ←→→→←, 3659
[2026-03-05 20:46:42] INFO: op →←→←←, 2384
[2026-03-05 20:46:42] INFO: op →←←→←, 2650
[2026-03-05 20:46:42] INFO: op →→←→←, 2384
[2026-03-05 20:46:42] INFO: op →←→→←, 2650
[2026-03-05 20:46:43] INFO: op ←→←→←, 2099
[2026-03-05 20:46:43] INFO: [END]
