[2026-03-05 20:45:38] INFO: Logger initialized at log/log146927.log
[2026-03-05 20:45:38] INFO: Test 225th graph in data/list_660_graphs.g6: K~~}DCZDw^k^
[2026-03-05 20:45:38] INFO: meta data: 
minimum degree >= 4
independent number <= 2
connected
[2026-03-05 20:45:38] INFO: Orientation of K~~}DCZDw^k^ with min semidegree 3:
[0 0 0 0 1 1 1 0 0 0 0 0]
[1 0 0 0 1 0 0 0 0 0 0 1]
[1 1 0 0 0 0 0 0 0 0 0 1]
[1 1 1 0 0 0 0 0 0 0 0 0]
[0 0 1 1 0 0 0 0 0 0 1 0]
[0 1 1 1 1 0 0 0 0 0 0 0]
[0 1 0 0 0 0 0 0 0 1 1 0]
[1 0 1 0 0 0 1 0 0 0 0 1]
[0 0 0 1 1 0 1 1 0 0 0 0]
[0 0 0 1 0 1 0 1 1 0 0 0]
[0 0 0 0 0 1 0 1 1 1 0 0]
[0 0 0 0 0 0 1 0 1 1 1 0]
[2026-03-05 20:45:38] INFO: op ←←←←←, 2958
[2026-03-05 20:45:38] INFO: op →←←←←, 2334
[2026-03-05 20:45:38] INFO: op →→←←←, 2352
[2026-03-05 20:45:38] INFO: op →→→←←, 2352
[2026-03-05 20:45:38] INFO: op →→→→←, 2334
[2026-03-05 20:45:38] INFO: op ←→←←←, 1714
[2026-03-05 20:45:38] INFO: op ←←→←←, 1763
[2026-03-05 20:45:38] INFO: op ←→→←←, 1797
[2026-03-05 20:45:38] INFO: op ←←←→←, 1715
[2026-03-05 20:45:38] INFO: op ←←→→←, 1784
[2026-03-05 20:45:39] INFO: op ←→→→←, 1793
[2026-03-05 20:45:39] INFO: op →←→←←, 1212
[2026-03-05 20:45:39] INFO: op →←←→←, 1306
[2026-03-05 20:45:39] INFO: op →→←→←, 1212
[2026-03-05 20:45:39] INFO: op →←→→←, 1306
[2026-03-05 20:45:39] INFO: op ←→←→←, 856
[2026-03-05 20:45:39] INFO: [END]
