[2026-03-05 20:45:37] INFO: Logger initialized at log/log146881.log
[2026-03-05 20:45:37] INFO: Test 224th graph in data/list_660_graphs.g6: K`Kxx~~~~~^z
[2026-03-05 20:45:37] INFO: meta data: 
minimum degree >= 4
independent number <= 2
connected
[2026-03-05 20:45:37] INFO: Orientation of K`Kxx~~~~~^z with min semidegree 2:
[0 0 0 0 0 0 0 0 0 1 1 0]
[1 0 0 0 0 0 0 0 0 0 0 1]
[0 0 0 0 0 1 0 0 0 0 0 1]
[0 0 1 0 0 0 1 0 0 0 0 0]
[0 0 1 1 0 0 0 0 0 0 0 0]
[0 0 0 1 1 0 0 0 0 0 0 0]
[0 0 1 0 1 1 0 0 0 0 0 0]
[0 0 1 1 1 1 1 0 0 0 0 0]
[1 1 1 1 1 1 1 1 0 0 0 0]
[0 1 1 1 1 1 1 1 1 0 0 0]
[0 1 1 1 1 1 1 1 1 0 0 0]
[1 0 0 1 1 1 1 1 0 1 1 0]
[2026-03-05 20:45:37] INFO: op ←←←, 479
[2026-03-05 20:45:37] INFO: op →←←, 705
[2026-03-05 20:45:37] INFO: op →→←, 705
[2026-03-05 20:45:37] INFO: op ←→←, 1051
[2026-03-05 20:45:37] INFO: [END]
