[2026-03-05 20:45:21] INFO: Logger initialized at log/log142880.log
[2026-03-05 20:45:21] INFO: Test 120th graph in data/list_660_graphs.g6: HKttz~~
[2026-03-05 20:45:21] INFO: meta data: 
minimum degree >= 4
independent number <= 2
connected
[2026-03-05 20:45:21] INFO: Orientation of HKttz~~ with min semidegree 2:
[0 0 0 0 1 0 0 0 1]
[0 0 0 0 0 0 0 1 1]
[0 1 0 0 0 1 0 0 0]
[1 0 0 0 0 0 1 0 0]
[0 1 0 1 0 0 0 0 0]
[0 1 0 1 0 0 0 0 0]
[1 0 1 0 1 1 0 0 0]
[0 0 1 1 1 1 1 0 0]
[0 0 1 1 1 1 1 1 0]
[2026-03-05 20:45:21] INFO: op ←←←, 166
[2026-03-05 20:45:21] INFO: op →←←, 137
[2026-03-05 20:45:21] INFO: op →→←, 137
[2026-03-05 20:45:21] INFO: op ←→←, 148
[2026-03-05 20:45:21] INFO: [END]
