[2026-03-05 20:46:35] INFO: Logger initialized at log/log153111.log
[2026-03-05 20:46:35] INFO: Test 383th graph in data/list_660_graphs.g6: L~~L_KFRYZe^K~
[2026-03-05 20:46:35] INFO: meta data: 
minimum degree >= 4
independent number <= 2
connected
[2026-03-05 20:46:35] INFO: Orientation of L~~L_KFRYZe^K~ with min semidegree 3:
[0 0 1 1 1 0 0 0 0 0 0 0 0]
[1 0 0 0 0 0 0 0 0 1 1 0 0]
[0 1 0 0 0 0 0 0 0 0 0 1 1]
[0 1 1 0 0 0 0 0 0 0 0 0 1]
[0 1 1 1 0 0 0 0 0 0 0 0 0]
[1 1 0 0 1 0 0 0 0 0 0 0 0]
[1 0 1 1 0 0 0 0 0 0 0 0 1]
[0 0 0 0 0 1 1 0 0 0 0 1 0]
[0 0 0 0 0 1 1 1 0 0 0 0 0]
[0 0 0 0 1 1 0 1 1 0 0 0 0]
[0 0 0 0 1 1 0 1 1 1 0 0 0]
[0 0 0 1 0 0 1 0 1 1 1 0 0]
[0 0 0 0 0 0 0 1 1 1 1 1 0]
[2026-03-05 20:46:35] INFO: op ←←←←←, 4281
[2026-03-05 20:46:35] INFO: op →←←←←, 3285
[2026-03-05 20:46:35] INFO: op →→←←←, 2992
[2026-03-05 20:46:35] INFO: op →→→←←, 2992
[2026-03-05 20:46:35] INFO: op →→→→←, 3285
[2026-03-05 20:46:36] INFO: op ←→←←←, 2471
[2026-03-05 20:46:36] INFO: op ←←→←←, 2405
[2026-03-05 20:46:36] INFO: op ←→→←←, 2226
[2026-03-05 20:46:36] INFO: op ←←←→←, 2502
[2026-03-05 20:46:36] INFO: op ←←→→←, 2316
[2026-03-05 20:46:36] INFO: op ←→→→←, 2525
[2026-03-05 20:46:36] INFO: op →←→←←, 1543
[2026-03-05 20:46:36] INFO: op →←←→←, 1756
[2026-03-05 20:46:36] INFO: op →→←→←, 1543
[2026-03-05 20:46:36] INFO: op →←→→←, 1756
[2026-03-05 20:46:36] INFO: op ←→←→←, 1155
[2026-03-05 20:46:36] INFO: [END]
