[2026-03-05 20:45:54] INFO: Logger initialized at log/log148915.log
[2026-03-05 20:45:55] INFO: Test 277th graph in data/list_660_graphs.g6: J~?GX[^zu|?
[2026-03-05 20:45:55] INFO: meta data: 
minimum degree >= 4
independent number <= 2
connected
[2026-03-05 20:45:55] INFO: Orientation of J~?GX[^zu|? with min semidegree 2:
[0 0 0 0 0 0 0 0 0 1 1]
[1 0 0 0 0 0 0 0 0 1 0]
[1 1 0 0 0 0 0 0 0 0 0]
[1 1 1 0 0 0 0 0 0 0 0]
[0 0 0 0 0 0 0 0 1 0 1]
[0 0 0 0 1 0 0 1 0 0 0]
[0 0 0 0 1 1 0 0 0 0 0]
[0 0 1 0 1 0 1 0 0 0 0]
[0 0 0 1 0 1 1 1 0 0 0]
[0 0 1 0 1 1 1 1 0 0 0]
[0 1 0 1 0 1 1 0 1 0 0]
[2026-03-05 20:45:55] INFO: op ←←←, 203
[2026-03-05 20:45:55] INFO: op →←←, 155
[2026-03-05 20:45:55] INFO: op →→←, 155
[2026-03-05 20:45:55] INFO: op ←→←, 145
[2026-03-05 20:45:55] INFO: [END]
