[2026-03-05 20:45:34] INFO: Logger initialized at log/log146319.log
[2026-03-05 20:45:34] INFO: Test 212th graph in data/list_660_graphs.g6: J{S~~~~~~~_
[2026-03-05 20:45:34] INFO: meta data: 
minimum degree >= 4
independent number <= 2
connected
[2026-03-05 20:45:34] INFO: Orientation of J{S~~~~~~~_ with min semidegree 4:
[0 0 0 0 0 0 0 1 1 1 1]
[1 0 0 0 0 0 0 0 1 1 1]
[1 1 0 0 0 0 0 0 0 1 1]
[1 0 0 0 0 0 1 1 0 0 1]
[0 1 0 1 0 0 1 1 0 0 0]
[0 0 1 1 1 0 0 0 1 0 0]
[1 1 1 0 0 1 0 0 0 0 0]
[0 1 1 0 0 1 1 0 0 0 0]
[0 0 1 1 1 0 1 1 0 0 0]
[0 0 0 1 1 1 1 1 1 0 0]
[0 0 0 0 1 1 1 1 1 1 0]
[2026-03-05 20:45:36] INFO: op ←←←←←←←, 38880
[2026-03-05 20:45:37] INFO: op →←←←←←←, 31624
[2026-03-05 20:45:39] INFO: op →→←←←←←, 32616
[2026-03-05 20:45:41] INFO: op →→→←←←←, 33064
[2026-03-05 20:45:42] INFO: op →→→→←←←, 33064
[2026-03-05 20:45:44] INFO: op →→→→→←←, 32616
[2026-03-05 20:45:45] INFO: op →→→→→→←, 31624
[2026-03-05 20:45:47] INFO: op ←→←←←←←, 25936
[2026-03-05 20:45:48] INFO: op ←←→←←←←, 27284
[2026-03-05 20:45:49] INFO: op ←→→←←←←, 25832
[2026-03-05 20:45:51] INFO: op ←←←→←←←, 27369
[2026-03-05 20:45:52] INFO: op ←←→→←←←, 26648
[2026-03-05 20:45:53] INFO: op ←→→→←←←, 27153
[2026-03-05 20:45:55] INFO: op ←←←←→←←, 27072
[2026-03-05 20:45:56] INFO: op ←←←→→←←, 26546
[2026-03-05 20:45:58] INFO: op ←←→→→←←, 27453
[2026-03-05 20:45:59] INFO: op ←→→→→←←, 26361
[2026-03-05 20:46:00] INFO: op ←←←←←→←, 25860
[2026-03-05 20:46:02] INFO: op ←←←←→→←, 25734
[2026-03-05 20:46:03] INFO: op ←←←→→→←, 27144
[2026-03-05 20:46:04] INFO: op ←←→→→→←, 26357
[2026-03-05 20:46:06] INFO: op ←→→→→→←, 26195
[2026-03-05 20:46:07] INFO: op →←→←←←←, 20209
[2026-03-05 20:46:08] INFO: op →←←→←←←, 21834
[2026-03-05 20:46:09] INFO: op →→←→←←←, 21032
[2026-03-05 20:46:10] INFO: op →←→→←←←, 21428
[2026-03-05 20:46:11] INFO: op →←←←→←←, 22055
[2026-03-05 20:46:12] INFO: op →→←←→←←, 22064
[2026-03-05 20:46:13] INFO: op →→→←→←←, 21032
[2026-03-05 20:46:14] INFO: op →←←→→←←, 20921
[2026-03-05 20:46:15] INFO: op →→←→→←←, 22064
[2026-03-05 20:46:16] INFO: op →←→→→←←, 21556
[2026-03-05 20:46:17] INFO: op →←←←←→←, 21249
[2026-03-05 20:46:18] INFO: op →→←←←→←, 21556
[2026-03-05 20:46:19] INFO: op →→→←←→←, 21428
[2026-03-05 20:46:20] INFO: op →→→→←→←, 20209
[2026-03-05 20:46:21] INFO: op →←←←→→←, 21340
[2026-03-05 20:46:22] INFO: op →→←←→→←, 20921
[2026-03-05 20:46:23] INFO: op →→→←→→←, 21834
[2026-03-05 20:46:24] INFO: op →←←→→→←, 21340
[2026-03-05 20:46:25] INFO: op →→←→→→←, 22055
[2026-03-05 20:46:26] INFO: op →←→→→→←, 21249
[2026-03-05 20:46:27] INFO: op ←→←→←←←, 16254
[2026-03-05 20:46:28] INFO: op ←→←←→←←, 17472
[2026-03-05 20:46:29] INFO: op ←←→←→←←, 16557
[2026-03-05 20:46:30] INFO: op ←→→←→←←, 16677
[2026-03-05 20:46:31] INFO: op ←→←→→←←, 16565
[2026-03-05 20:46:31] INFO: op ←→←←←→←, 16835
[2026-03-05 20:46:32] INFO: op ←←→←←→←, 17459
[2026-03-05 20:46:33] INFO: op ←→→←←→←, 17086
[2026-03-05 20:46:34] INFO: op ←←←→←→←, 16020
[2026-03-05 20:46:35] INFO: op ←←→→←→←, 16330
[2026-03-05 20:46:35] INFO: op ←→→→←→←, 16216
[2026-03-05 20:46:36] INFO: op ←→←←→→←, 16888
[2026-03-05 20:46:37] INFO: op ←←→←→→←, 16966
[2026-03-05 20:46:38] INFO: op ←→→←→→←, 17140
[2026-03-05 20:46:39] INFO: op ←→←→→→←, 16613
[2026-03-05 20:46:39] INFO: op →←→←→←←, 12466
[2026-03-05 20:46:40] INFO: op →←→←←→←, 12935
[2026-03-05 20:46:41] INFO: op →←←→←→←, 12647
[2026-03-05 20:46:41] INFO: op →→←→←→←, 12466
[2026-03-05 20:46:42] INFO: op →←→→←→←, 12935
[2026-03-05 20:46:42] INFO: op →←→←→→←, 12647
[2026-03-05 20:46:43] INFO: op ←→←→←→←, 9218
[2026-03-05 20:46:43] INFO: [END]
