[2026-03-05 20:46:25] INFO: Logger initialized at log/log152006.log
[2026-03-05 20:46:25] INFO: Test 356th graph in data/list_660_graphs.g6: LwCWx{~ve{~Mxy
[2026-03-05 20:46:25] INFO: meta data: 
minimum degree >= 4
independent number <= 2
connected
[2026-03-05 20:46:25] INFO: Orientation of LwCWx{~ve{~Mxy with min semidegree 3:
[0 0 0 0 0 0 0 0 0 1 1 1 0]
[1 0 0 0 0 0 0 0 0 0 1 1 0]
[1 1 0 0 0 0 0 0 1 0 0 0 0]
[0 0 0 0 0 0 1 1 0 0 0 1 0]
[0 0 0 1 0 0 0 1 1 0 0 0 0]
[0 0 0 1 1 0 0 0 0 0 0 0 1]
[0 0 0 0 1 1 0 0 0 0 0 0 1]
[0 0 1 0 0 1 1 0 0 0 0 0 1]
[0 0 0 1 0 1 1 1 0 0 0 0 0]
[0 1 0 1 1 1 1 0 0 0 0 0 0]
[0 0 0 1 1 1 1 0 0 1 0 0 0]
[0 0 1 0 1 0 0 1 1 1 0 0 0]
[1 1 1 0 0 0 0 0 1 0 1 0 0]
[2026-03-05 20:46:25] INFO: op ←←←←←, 4931
[2026-03-05 20:46:25] INFO: op →←←←←, 3979
[2026-03-05 20:46:25] INFO: op →→←←←, 4110
[2026-03-05 20:46:25] INFO: op →→→←←, 4110
[2026-03-05 20:46:25] INFO: op →→→→←, 3979
[2026-03-05 20:46:26] INFO: op ←→←←←, 3210
[2026-03-05 20:46:26] INFO: op ←←→←←, 3110
[2026-03-05 20:46:26] INFO: op ←→→←←, 3300
[2026-03-05 20:46:26] INFO: op ←←←→←, 3041
[2026-03-05 20:46:26] INFO: op ←←→→←, 3080
[2026-03-05 20:46:26] INFO: op ←→→→←, 3134
[2026-03-05 20:46:26] INFO: op →←→←←, 2517
[2026-03-05 20:46:26] INFO: op →←←→←, 2486
[2026-03-05 20:46:27] INFO: op →→←→←, 2517
[2026-03-05 20:46:27] INFO: op →←→→←, 2486
[2026-03-05 20:46:27] INFO: op ←→←→←, 1980
[2026-03-05 20:46:27] INFO: [END]
