[2026-03-05 20:46:20] INFO: Logger initialized at log/log151645.log
[2026-03-05 20:46:20] INFO: Test 346th graph in data/list_660_graphs.g6: L~C^?[NB~Ffnv{
[2026-03-05 20:46:20] INFO: meta data: 
minimum degree >= 4
independent number <= 2
connected
[2026-03-05 20:46:20] INFO: Orientation of L~C^?[NB~Ffnv{ with min semidegree 3:
[0 0 1 0 0 0 0 0 0 0 1 0 1]
[1 0 0 0 0 0 0 0 0 0 1 0 1]
[0 1 0 0 0 0 0 0 0 0 1 1 0]
[1 1 1 0 0 0 0 0 0 0 0 0 0]
[0 0 0 1 0 0 0 0 0 0 0 1 1]
[0 0 0 1 1 0 0 0 0 0 0 1 0]
[1 1 1 0 0 0 0 0 0 0 0 0 0]
[0 0 0 0 1 1 1 0 0 0 0 0 0]
[0 0 0 0 1 1 1 1 0 0 0 0 0]
[0 0 0 0 1 1 1 1 1 0 0 0 0]
[0 0 0 0 0 0 1 1 1 1 0 0 0]
[0 0 0 1 0 0 0 1 1 1 1 0 0]
[0 0 0 1 0 1 1 1 1 1 0 0 0]
[2026-03-05 20:46:21] INFO: op ←←←←←, 4375
[2026-03-05 20:46:21] INFO: op →←←←←, 3448
[2026-03-05 20:46:21] INFO: op →→←←←, 3347
[2026-03-05 20:46:21] INFO: op →→→←←, 3347
[2026-03-05 20:46:21] INFO: op →→→→←, 3448
[2026-03-05 20:46:21] INFO: op ←→←←←, 2994
[2026-03-05 20:46:21] INFO: op ←←→←←, 3064
[2026-03-05 20:46:21] INFO: op ←→→←←, 2585
[2026-03-05 20:46:22] INFO: op ←←←→←, 2908
[2026-03-05 20:46:22] INFO: op ←←→→←, 2639
[2026-03-05 20:46:22] INFO: op ←→→→←, 2754
[2026-03-05 20:46:22] INFO: op →←→←←, 2088
[2026-03-05 20:46:22] INFO: op →←←→←, 2155
[2026-03-05 20:46:22] INFO: op →→←→←, 2088
[2026-03-05 20:46:22] INFO: op →←→→←, 2155
[2026-03-05 20:46:22] INFO: op ←→←→←, 1621
[2026-03-05 20:46:22] INFO: [END]
