[2026-03-05 20:47:38] INFO: Logger initialized at log/log160246.log
[2026-03-05 20:47:38] INFO: Test 564th graph in data/list_660_graphs.g6: L~zX`cNBzVi~n{
[2026-03-05 20:47:38] INFO: meta data: 
minimum degree >= 4
independent number <= 2
connected
[2026-03-05 20:47:38] INFO: Orientation of L~zX`cNBzVi~n{ with min semidegree 3:
[0 0 1 1 0 0 0 0 0 0 0 0 1]
[1 0 0 0 0 0 0 0 0 0 1 1 0]
[0 1 0 0 0 0 0 0 0 0 1 0 1]
[0 1 1 0 0 0 0 0 0 0 0 1 0]
[1 1 1 0 0 0 0 0 0 0 0 0 1]
[1 1 0 1 1 0 0 0 0 0 0 0 0]
[0 0 1 1 0 0 0 0 0 0 0 1 0]
[0 0 1 1 0 0 1 0 0 0 0 0 0]
[0 0 0 0 1 1 1 1 0 0 0 0 0]
[0 0 0 0 1 1 1 1 1 0 0 0 0]
[0 0 0 0 1 0 1 1 1 1 0 0 0]
[0 0 0 0 0 1 0 1 1 1 1 0 0]
[0 0 0 1 0 1 1 1 1 1 0 0 0]
[2026-03-05 20:47:39] INFO: op ←←←←←, 5756
[2026-03-05 20:47:39] INFO: op →←←←←, 4774
[2026-03-05 20:47:39] INFO: op →→←←←, 4819
[2026-03-05 20:47:39] INFO: op →→→←←, 4819
[2026-03-05 20:47:39] INFO: op →→→→←, 4774
[2026-03-05 20:47:40] INFO: op ←→←←←, 3953
[2026-03-05 20:47:40] INFO: op ←←→←←, 3958
[2026-03-05 20:47:40] INFO: op ←→→←←, 3971
[2026-03-05 20:47:40] INFO: op ←←←→←, 4085
[2026-03-05 20:47:40] INFO: op ←←→→←, 3890
[2026-03-05 20:47:40] INFO: op ←→→→←, 4018
[2026-03-05 20:47:40] INFO: op →←→←←, 2795
[2026-03-05 20:47:41] INFO: op →←←→←, 3366
[2026-03-05 20:47:41] INFO: op →→←→←, 2795
[2026-03-05 20:47:41] INFO: op →←→→←, 3366
[2026-03-05 20:47:41] INFO: op ←→←→←, 2363
[2026-03-05 20:47:41] INFO: [END]
