[2026-03-05 20:47:04] INFO: Logger initialized at log/log156311.log
[2026-03-05 20:47:04] INFO: Test 465th graph in data/list_660_graphs.g6: L}ncrHdEwvi~J~
[2026-03-05 20:47:04] INFO: meta data: 
minimum degree >= 4
independent number <= 2
connected
[2026-03-05 20:47:04] INFO: Orientation of L}ncrHdEwvi~J~ with min semidegree 3:
[0 0 0 1 1 1 0 0 0 0 0 0 0]
[1 0 0 0 0 0 0 0 1 0 0 1 0]
[1 1 0 0 0 0 0 0 0 0 0 0 1]
[0 1 0 0 0 0 0 0 0 0 1 1 0]
[0 0 1 1 0 0 0 0 0 0 0 0 1]
[0 1 1 0 0 0 0 0 0 0 0 0 1]
[1 0 0 1 1 0 0 0 0 0 0 0 0]
[0 1 1 0 0 1 0 0 0 0 0 0 0]
[0 0 1 0 0 1 0 1 0 0 0 0 0]
[0 0 0 1 1 0 1 1 1 0 0 0 0]
[0 0 0 0 1 0 1 1 1 1 0 0 0]
[0 0 0 0 0 1 1 1 1 1 1 0 0]
[0 0 0 0 0 0 1 1 1 1 1 1 0]
[2026-03-05 20:47:04] INFO: op ←←←←←, 4401
[2026-03-05 20:47:04] INFO: op →←←←←, 3591
[2026-03-05 20:47:05] INFO: op →→←←←, 3636
[2026-03-05 20:47:05] INFO: op →→→←←, 3636
[2026-03-05 20:47:05] INFO: op →→→→←, 3591
[2026-03-05 20:47:05] INFO: op ←→←←←, 3131
[2026-03-05 20:47:05] INFO: op ←←→←←, 3238
[2026-03-05 20:47:05] INFO: op ←→→←←, 3131
[2026-03-05 20:47:05] INFO: op ←←←→←, 3254
[2026-03-05 20:47:05] INFO: op ←←→→←, 3242
[2026-03-05 20:47:06] INFO: op ←→→→←, 3171
[2026-03-05 20:47:06] INFO: op →←→←←, 2332
[2026-03-05 20:47:06] INFO: op →←←→←, 2619
[2026-03-05 20:47:06] INFO: op →→←→←, 2332
[2026-03-05 20:47:06] INFO: op →←→→←, 2619
[2026-03-05 20:47:06] INFO: op ←→←→←, 2051
[2026-03-05 20:47:06] INFO: [END]
