[2026-03-05 20:45:48] INFO: Logger initialized at log/log148103.log
[2026-03-05 20:45:48] INFO: Test 256th graph in data/list_660_graphs.g6: H`o}Pnr
[2026-03-05 20:45:48] INFO: meta data: 
minimum degree >= 4
independent number <= 2
connected
[2026-03-05 20:45:48] INFO: Orientation of H`o}Pnr with min semidegree 2:
[0 0 0 0 0 0 1 0 1]
[1 0 0 0 0 0 0 0 1]
[0 0 0 0 0 1 0 1 0]
[0 0 1 0 0 0 0 1 0]
[1 1 0 0 0 0 0 0 0]
[0 0 0 1 1 0 0 0 0]
[0 1 0 0 1 0 0 0 0]
[0 0 0 0 0 1 1 0 0]
[0 0 1 1 0 0 1 1 0]
[2026-03-05 20:45:48] INFO: op ←←←, 81
[2026-03-05 20:45:48] INFO: op →←←, 47
[2026-03-05 20:45:48] INFO: op →→←, 47
[2026-03-05 20:45:48] INFO: op ←→←, 28
[2026-03-05 20:45:48] INFO: [END]
