[2026-03-05 20:47:15] INFO: Logger initialized at log/log157424.log
[2026-03-05 20:47:15] INFO: Test 495th graph in data/list_660_graphs.g6: L~?hW{^R|~\qu\
[2026-03-05 20:47:15] INFO: meta data: 
minimum degree >= 4
independent number <= 2
connected
[2026-03-05 20:47:15] INFO: Orientation of L~?hW{^R|~\qu\ with min semidegree 3:
[0 0 0 0 0 0 0 0 0 0 1 1 1]
[1 0 0 0 0 0 0 0 0 1 0 1 0]
[1 1 0 0 0 0 0 0 0 0 1 0 0]
[1 1 1 0 0 0 0 0 0 0 0 0 1]
[0 0 0 0 0 0 0 1 0 0 1 0 1]
[0 0 1 0 1 0 0 0 1 0 0 0 0]
[0 0 1 0 1 1 0 0 0 0 0 0 0]
[0 0 0 1 0 1 1 0 0 0 0 0 0]
[0 0 0 1 1 0 1 1 0 0 0 0 0]
[0 0 0 0 1 1 1 1 1 0 0 0 0]
[0 0 0 1 0 1 1 1 1 0 0 0 0]
[0 0 1 0 1 1 1 0 0 1 0 0 0]
[0 1 0 0 0 0 0 1 1 1 0 1 0]
[2026-03-05 20:47:15] INFO: op ←←←←←, 4791
[2026-03-05 20:47:16] INFO: op →←←←←, 3921
[2026-03-05 20:47:16] INFO: op →→←←←, 3977
[2026-03-05 20:47:16] INFO: op →→→←←, 3977
[2026-03-05 20:47:16] INFO: op →→→→←, 3921
[2026-03-05 20:47:16] INFO: op ←→←←←, 3266
[2026-03-05 20:47:16] INFO: op ←←→←←, 3175
[2026-03-05 20:47:16] INFO: op ←→→←←, 3151
[2026-03-05 20:47:17] INFO: op ←←←→←, 3078
[2026-03-05 20:47:17] INFO: op ←←→→←, 3074
[2026-03-05 20:47:17] INFO: op ←→→→←, 3133
[2026-03-05 20:47:17] INFO: op →←→←←, 2538
[2026-03-05 20:47:17] INFO: op →←←→←, 2496
[2026-03-05 20:47:17] INFO: op →→←→←, 2538
[2026-03-05 20:47:17] INFO: op →←→→←, 2496
[2026-03-05 20:47:17] INFO: op ←→←→←, 2011
[2026-03-05 20:47:17] INFO: [END]
