[2026-03-05 20:46:37] INFO: Logger initialized at log/log153282.log
[2026-03-05 20:46:37] INFO: Test 388th graph in data/list_660_graphs.g6: L~Ghw[NB}byNr^
[2026-03-05 20:46:37] INFO: meta data: 
minimum degree >= 4
independent number <= 2
connected
[2026-03-05 20:46:37] INFO: Orientation of L~Ghw[NB}byNr^ with min semidegree 3:
[0 0 0 0 0 0 0 0 0 0 1 1 1]
[1 0 0 0 0 0 0 0 0 0 0 1 1]
[1 1 0 0 0 0 1 0 0 0 0 0 0]
[1 1 1 0 0 0 0 0 0 0 0 0 0]
[0 0 1 0 0 0 0 0 1 0 0 0 1]
[0 0 1 0 1 0 0 0 0 1 0 0 0]
[0 0 0 1 1 1 0 0 0 0 0 0 0]
[0 0 0 0 1 1 1 0 0 0 0 0 0]
[0 0 0 0 0 1 1 1 0 0 0 0 0]
[0 0 0 0 1 0 1 1 1 0 0 0 0]
[0 1 0 1 0 0 0 1 1 1 0 0 0]
[0 0 0 1 0 0 0 1 1 1 1 0 0]
[0 0 0 0 0 1 0 1 1 1 1 1 0]
[2026-03-05 20:46:37] INFO: op ←←←←←, 3968
[2026-03-05 20:46:37] INFO: op →←←←←, 3157
[2026-03-05 20:46:37] INFO: op →→←←←, 3038
[2026-03-05 20:46:38] INFO: op →→→←←, 3038
[2026-03-05 20:46:38] INFO: op →→→→←, 3157
[2026-03-05 20:46:38] INFO: op ←→←←←, 2519
[2026-03-05 20:46:38] INFO: op ←←→←←, 2517
[2026-03-05 20:46:38] INFO: op ←→→←←, 2430
[2026-03-05 20:46:38] INFO: op ←←←→←, 2431
[2026-03-05 20:46:38] INFO: op ←←→→←, 2413
[2026-03-05 20:46:38] INFO: op ←→→→←, 2421
[2026-03-05 20:46:38] INFO: op →←→←←, 1896
[2026-03-05 20:46:38] INFO: op →←←→←, 1859
[2026-03-05 20:46:38] INFO: op →→←→←, 1896
[2026-03-05 20:46:39] INFO: op →←→→←, 1859
[2026-03-05 20:46:39] INFO: op ←→←→←, 1506
[2026-03-05 20:46:39] INFO: [END]
