[2026-03-05 20:46:08] INFO: Logger initialized at log/log150571.log
[2026-03-05 20:46:08] INFO: Test 319th graph in data/list_660_graphs.g6: K~yuPhJDw^~~
[2026-03-05 20:46:08] INFO: meta data: 
minimum degree >= 4
independent number <= 2
connected
[2026-03-05 20:46:08] INFO: Orientation of K~yuPhJDw^~~ with min semidegree 3:
[0 0 0 1 1 0 0 0 0 0 0 1]
[1 0 0 0 0 0 1 0 0 0 0 1]
[1 1 0 0 0 0 0 0 0 0 0 1]
[0 1 1 0 0 0 0 0 0 1 0 0]
[0 1 1 0 0 0 0 0 0 0 1 0]
[1 0 1 1 0 0 0 0 0 0 0 0]
[1 0 0 0 1 0 0 0 0 0 1 0]
[0 0 1 1 0 1 0 0 0 0 0 0]
[0 1 0 0 1 0 1 1 0 0 0 0]
[0 0 0 0 0 1 1 1 1 0 0 0]
[0 0 0 0 0 1 0 1 1 1 0 0]
[0 0 0 1 1 1 1 1 1 1 1 0]
[2026-03-05 20:46:08] INFO: op ←←←←←, 3697
[2026-03-05 20:46:08] INFO: op →←←←←, 2762
[2026-03-05 20:46:08] INFO: op →→←←←, 2741
[2026-03-05 20:46:08] INFO: op →→→←←, 2741
[2026-03-05 20:46:09] INFO: op →→→→←, 2762
[2026-03-05 20:46:09] INFO: op ←→←←←, 2185
[2026-03-05 20:46:09] INFO: op ←←→←←, 2244
[2026-03-05 20:46:09] INFO: op ←→→←←, 2396
[2026-03-05 20:46:09] INFO: op ←←←→←, 2325
[2026-03-05 20:46:09] INFO: op ←←→→←, 2375
[2026-03-05 20:46:09] INFO: op ←→→→←, 2334
[2026-03-05 20:46:09] INFO: op →←→←←, 1600
[2026-03-05 20:46:09] INFO: op →←←→←, 1839
[2026-03-05 20:46:09] INFO: op →→←→←, 1600
[2026-03-05 20:46:09] INFO: op →←→→←, 1839
[2026-03-05 20:46:09] INFO: op ←→←→←, 1411
[2026-03-05 20:46:09] INFO: [END]
