[2026-03-05 20:45:10] INFO: Logger initialized at log/log140287.log
[2026-03-05 20:45:10] INFO: Test 49th graph in data/list_660_graphs.g6: HeGh}~~
[2026-03-05 20:45:10] INFO: meta data: 
minimum degree >= 4
independent number <= 2
connected
[2026-03-05 20:45:10] INFO: Orientation of HeGh}~~ with min semidegree 2:
[0 0 0 0 0 0 0 1 1]
[1 0 0 0 0 0 0 0 1]
[0 0 0 0 0 0 1 0 1]
[1 1 0 0 0 0 0 0 0]
[0 0 1 0 0 0 1 0 0]
[0 0 1 0 1 0 0 0 0]
[0 0 0 1 0 1 0 0 0]
[0 1 0 1 1 1 1 0 0]
[0 0 0 1 1 1 1 1 0]
[2026-03-05 20:45:10] INFO: op ←←←, 132
[2026-03-05 20:45:10] INFO: op →←←, 96
[2026-03-05 20:45:10] INFO: op →→←, 96
[2026-03-05 20:45:10] INFO: op ←→←, 85
[2026-03-05 20:45:10] INFO: [END]
