[2026-03-05 20:46:01] INFO: Logger initialized at log/log149757.log
[2026-03-05 20:46:01] INFO: Test 298th graph in data/list_660_graphs.g6: I`o~f~~~w
[2026-03-05 20:46:01] INFO: meta data: 
minimum degree >= 4
independent number <= 2
connected
[2026-03-05 20:46:01] INFO: Orientation of I`o~f~~~w with min semidegree 3:
[0 0 0 0 0 0 0 1 1 1]
[1 0 0 0 0 0 0 0 1 1]
[0 0 0 0 0 0 1 1 0 1]
[0 0 1 0 0 0 0 1 1 0]
[1 1 0 0 0 0 0 1 0 0]
[0 0 1 1 1 0 0 0 0 0]
[1 1 0 1 0 0 0 0 0 0]
[0 1 0 0 0 1 1 0 0 0]
[0 0 1 0 1 1 1 1 0 0]
[0 0 0 1 1 1 1 1 1 0]
[2026-03-05 20:46:01] INFO: op ←←←←←, 1833
[2026-03-05 20:46:01] INFO: op →←←←←, 1461
[2026-03-05 20:46:01] INFO: op →→←←←, 1568
[2026-03-05 20:46:01] INFO: op →→→←←, 1568
[2026-03-05 20:46:01] INFO: op →→→→←, 1461
[2026-03-05 20:46:01] INFO: op ←→←←←, 1180
[2026-03-05 20:46:01] INFO: op ←←→←←, 1334
[2026-03-05 20:46:01] INFO: op ←→→←←, 1253
[2026-03-05 20:46:01] INFO: op ←←←→←, 1179
[2026-03-05 20:46:01] INFO: op ←←→→←, 1250
[2026-03-05 20:46:01] INFO: op ←→→→←, 1147
[2026-03-05 20:46:01] INFO: op →←→←←, 945
[2026-03-05 20:46:01] INFO: op →←←→←, 915
[2026-03-05 20:46:01] INFO: op →→←→←, 945
[2026-03-05 20:46:01] INFO: op →←→→←, 915
[2026-03-05 20:46:01] INFO: op ←→←→←, 709
[2026-03-05 20:46:01] INFO: [END]
