[2026-03-05 20:46:52] INFO: Logger initialized at log/log154949.log
[2026-03-05 20:46:52] INFO: Test 430th graph in data/list_660_graphs.g6: L~@KW|nftunlzk
[2026-03-05 20:46:52] INFO: meta data: 
minimum degree >= 4
independent number <= 2
connected
[2026-03-05 20:46:52] INFO: Orientation of L~@KW|nftunlzk with min semidegree 3:
[0 0 0 0 0 0 0 0 0 1 1 0 1]
[1 0 0 0 0 0 0 0 1 0 0 1 1]
[1 1 0 0 0 0 0 0 0 0 1 0 0]
[1 1 1 0 0 0 0 0 0 0 0 0 0]
[0 0 0 0 0 0 0 1 0 0 0 1 1]
[0 1 0 0 1 0 0 0 0 0 0 1 0]
[1 0 0 0 1 1 0 0 0 0 0 0 0]
[0 0 0 1 0 1 1 0 0 0 0 0 0]
[0 0 1 0 1 1 1 1 0 0 0 0 0]
[0 0 0 1 1 1 1 1 0 0 0 0 0]
[0 0 0 1 1 0 1 1 0 1 0 0 0]
[0 0 1 1 0 0 0 1 1 0 1 0 0]
[0 0 1 0 0 1 1 0 1 1 0 0 0]
[2026-03-05 20:46:52] INFO: op ←←←←←, 5036
[2026-03-05 20:46:52] INFO: op →←←←←, 4172
[2026-03-05 20:46:53] INFO: op →→←←←, 4153
[2026-03-05 20:46:53] INFO: op →→→←←, 4153
[2026-03-05 20:46:53] INFO: op →→→→←, 4172
[2026-03-05 20:46:53] INFO: op ←→←←←, 3555
[2026-03-05 20:46:53] INFO: op ←←→←←, 3485
[2026-03-05 20:46:53] INFO: op ←→→←←, 3510
[2026-03-05 20:46:53] INFO: op ←←←→←, 3413
[2026-03-05 20:46:54] INFO: op ←←→→←, 3513
[2026-03-05 20:46:54] INFO: op ←→→→←, 3355
[2026-03-05 20:46:54] INFO: op →←→←←, 3014
[2026-03-05 20:46:54] INFO: op →←←→←, 2848
[2026-03-05 20:46:54] INFO: op →→←→←, 3014
[2026-03-05 20:46:54] INFO: op →←→→←, 2848
[2026-03-05 20:46:54] INFO: op ←→←→←, 2584
[2026-03-05 20:46:54] INFO: [END]
