[2026-03-05 20:45:05] INFO: Logger initialized at log/log139075.log
[2026-03-05 20:45:05] INFO: Test 21th graph in data/list_660_graphs.g6: H~z\z~~
[2026-03-05 20:45:05] INFO: meta data: 
minimum degree >= 4
independent number <= 2
connected
[2026-03-05 20:45:05] INFO: Orientation of H~z\z~~ with min semidegree 3:
[0 0 1 0 0 0 1 0 1]
[1 0 0 0 0 0 0 1 1]
[0 1 0 0 0 0 0 1 1]
[1 1 1 0 0 0 0 0 0]
[1 1 1 0 0 0 0 0 0]
[1 1 0 1 1 0 0 0 0]
[0 0 1 1 1 1 0 0 0]
[0 0 0 1 1 1 1 0 0]
[0 0 0 1 1 1 1 1 0]
[2026-03-05 20:45:05] INFO: op ←←←←←, 1570
[2026-03-05 20:45:05] INFO: op →←←←←, 1258
[2026-03-05 20:45:05] INFO: op →→←←←, 1298
[2026-03-05 20:45:05] INFO: op →→→←←, 1298
[2026-03-05 20:45:05] INFO: op →→→→←, 1258
[2026-03-05 20:45:05] INFO: op ←→←←←, 1014
[2026-03-05 20:45:05] INFO: op ←←→←←, 1038
[2026-03-05 20:45:05] INFO: op ←→→←←, 970
[2026-03-05 20:45:05] INFO: op ←←←→←, 1020
[2026-03-05 20:45:05] INFO: op ←←→→←, 964
[2026-03-05 20:45:05] INFO: op ←→→→←, 1070
[2026-03-05 20:45:05] INFO: op →←→←←, 690
[2026-03-05 20:45:05] INFO: op →←←→←, 776
[2026-03-05 20:45:05] INFO: op →→←→←, 690
[2026-03-05 20:45:05] INFO: op →←→→←, 776
[2026-03-05 20:45:05] INFO: op ←→←→←, 462
[2026-03-05 20:45:05] INFO: [END]
