[2026-03-05 20:45:50] INFO: Logger initialized at log/log148336.log
[2026-03-05 20:45:50] INFO: Test 262th graph in data/list_660_graphs.g6: M~~~{@@GWb`N@^?~_
[2026-03-05 20:45:50] INFO: meta data: 
minimum degree >= 4
independent number <= 2
connected
[2026-03-05 20:45:50] INFO: Orientation of M~~~{@@GWb`N@^?~_ with min semidegree 3:
[0 0 0 0 1 1 1 0 0 0 0 0 0 0]
[1 0 0 0 0 1 1 0 0 0 0 0 0 0]
[1 1 0 0 0 0 1 0 0 0 0 0 0 0]
[1 1 1 0 0 0 0 0 0 0 0 0 0 0]
[0 1 1 1 0 0 0 0 0 0 0 0 0 0]
[0 0 1 1 1 0 0 0 0 0 0 0 0 0]
[0 0 0 1 1 1 0 0 0 0 0 0 0 1]
[1 0 0 0 0 0 0 0 0 0 0 1 1 1]
[0 1 0 0 0 0 0 1 0 0 0 0 1 1]
[0 0 1 0 0 0 0 1 1 0 0 0 0 0]
[0 0 0 1 0 0 0 1 1 1 0 0 0 0]
[0 0 0 0 1 0 0 0 1 1 1 0 0 0]
[0 0 0 0 0 1 0 0 0 1 1 1 0 0]
[0 0 0 0 0 0 0 0 0 1 1 1 1 0]
[2026-03-05 20:45:50] INFO: op ←←←←←, 2854
[2026-03-05 20:45:50] INFO: op →←←←←, 2450
[2026-03-05 20:45:50] INFO: op →→←←←, 2684
[2026-03-05 20:45:50] INFO: op →→→←←, 2684
[2026-03-05 20:45:50] INFO: op →→→→←, 2450
[2026-03-05 20:45:51] INFO: op ←→←←←, 1944
[2026-03-05 20:45:51] INFO: op ←←→←←, 2161
[2026-03-05 20:45:51] INFO: op ←→→←←, 1912
[2026-03-05 20:45:51] INFO: op ←←←→←, 1981
[2026-03-05 20:45:51] INFO: op ←←→→←, 1900
[2026-03-05 20:45:51] INFO: op ←→→→←, 2160
[2026-03-05 20:45:51] INFO: op →←→←←, 1457
[2026-03-05 20:45:51] INFO: op →←←→←, 1509
[2026-03-05 20:45:51] INFO: op →→←→←, 1457
[2026-03-05 20:45:51] INFO: op →←→→←, 1509
[2026-03-05 20:45:51] INFO: op ←→←→←, 1018
[2026-03-05 20:45:51] INFO: [END]
