[2026-03-05 20:49:02] INFO: Logger initialized at log/log163998.log
[2026-03-05 20:49:02] INFO: Test 650th graph in data/list_660_graphs.g6: J{dXy{~{^[_
[2026-03-05 20:49:02] INFO: meta data: 
minimum degree >= 4
independent number <= 2
connected
[2026-03-05 20:49:02] INFO: Orientation of J{dXy{~{^[_ with min semidegree 3:
[0 1 0 0 0 0 0 0 0 1 1]
[0 0 0 0 0 0 0 1 0 1 1]
[1 1 0 0 0 0 0 0 1 0 0]
[1 0 0 0 0 0 1 0 1 0 0]
[1 0 0 1 0 0 0 0 0 0 1]
[0 1 0 1 1 0 0 0 0 0 0]
[0 0 1 0 1 1 0 0 0 0 0]
[0 0 0 1 1 1 1 0 0 0 0]
[0 0 0 0 1 1 1 1 0 0 0]
[0 0 1 1 0 0 0 1 1 0 0]
[0 0 1 0 0 1 1 0 0 1 0]
[2026-03-05 20:49:02] INFO: op ←←←←←, 2251
[2026-03-05 20:49:02] INFO: op →←←←←, 1637
[2026-03-05 20:49:02] INFO: op →→←←←, 1651
[2026-03-05 20:49:02] INFO: op →→→←←, 1651
[2026-03-05 20:49:02] INFO: op →→→→←, 1637
[2026-03-05 20:49:02] INFO: op ←→←←←, 1151
[2026-03-05 20:49:02] INFO: op ←←→←←, 1159
[2026-03-05 20:49:02] INFO: op ←→→←←, 1243
[2026-03-05 20:49:02] INFO: op ←←←→←, 1124
[2026-03-05 20:49:02] INFO: op ←←→→←, 1215
[2026-03-05 20:49:02] INFO: op ←→→→←, 1171
[2026-03-05 20:49:02] INFO: op →←→←←, 826
[2026-03-05 20:49:02] INFO: op →←←→←, 855
[2026-03-05 20:49:03] INFO: op →→←→←, 826
[2026-03-05 20:49:03] INFO: op →←→→←, 855
[2026-03-05 20:49:03] INFO: op ←→←→←, 596
[2026-03-05 20:49:03] INFO: [END]
