[2026-03-05 20:47:06] INFO: Logger initialized at log/log156469.log
[2026-03-05 20:47:06] INFO: Test 469th graph in data/list_660_graphs.g6: L~?Gy}mzJ}R}Z}
[2026-03-05 20:47:06] INFO: meta data: 
minimum degree >= 4
independent number <= 2
connected
[2026-03-05 20:47:06] INFO: Orientation of L~?Gy}mzJ}R}Z} with min semidegree 3:
[0 0 0 0 0 0 0 0 1 1 0 1 0]
[1 0 0 0 0 0 0 0 0 0 1 0 1]
[1 1 0 0 0 0 0 0 0 0 1 0 0]
[1 1 1 0 0 0 0 0 0 0 0 0 0]
[0 0 0 0 0 0 0 1 0 0 0 1 1]
[0 0 0 0 1 0 0 0 0 0 0 1 1]
[0 0 0 1 1 1 0 0 0 0 0 0 0]
[0 1 0 1 0 1 1 0 0 0 0 0 0]
[0 0 1 0 1 1 1 0 0 0 0 0 0]
[0 1 1 0 1 1 0 0 1 0 0 0 0]
[0 0 0 1 1 1 1 1 0 0 0 0 0]
[0 0 0 1 0 0 1 1 1 1 0 0 0]
[0 0 1 0 0 0 1 1 1 1 1 0 0]
[2026-03-05 20:47:06] INFO: op ←←←←←, 5002
[2026-03-05 20:47:06] INFO: op →←←←←, 4058
[2026-03-05 20:47:07] INFO: op →→←←←, 4182
[2026-03-05 20:47:07] INFO: op →→→←←, 4182
[2026-03-05 20:47:07] INFO: op →→→→←, 4058
[2026-03-05 20:47:07] INFO: op ←→←←←, 3542
[2026-03-05 20:47:07] INFO: op ←←→←←, 3621
[2026-03-05 20:47:07] INFO: op ←→→←←, 3579
[2026-03-05 20:47:07] INFO: op ←←←→←, 3422
[2026-03-05 20:47:08] INFO: op ←←→→←, 3662
[2026-03-05 20:47:08] INFO: op ←→→→←, 3362
[2026-03-05 20:47:08] INFO: op →←→←←, 2944
[2026-03-05 20:47:08] INFO: op →←←→←, 2905
[2026-03-05 20:47:08] INFO: op →→←→←, 2944
[2026-03-05 20:47:08] INFO: op →←→→←, 2905
[2026-03-05 20:47:08] INFO: op ←→←→←, 2529
[2026-03-05 20:47:08] INFO: [END]
