[2026-03-05 20:47:03] INFO: Logger initialized at log/log156164.log
[2026-03-05 20:47:03] INFO: Test 462th graph in data/list_660_graphs.g6: L^`KY]^ZtvMz~K
[2026-03-05 20:47:03] INFO: meta data: 
minimum degree >= 4
independent number <= 2
connected
[2026-03-05 20:47:03] INFO: Orientation of L^`KY]^ZtvMz~K with min semidegree 3:
[0 0 0 0 0 0 0 0 1 0 1 0 1]
[0 0 0 0 0 0 0 0 0 1 0 1 1]
[1 1 0 0 0 0 0 0 0 0 1 1 0]
[1 1 1 0 0 0 0 0 0 0 0 0 0]
[1 0 0 0 0 0 0 1 0 0 0 0 1]
[0 1 0 0 1 0 0 0 0 0 0 1 0]
[1 0 0 0 1 1 0 0 0 0 0 0 0]
[0 1 0 0 0 1 1 0 0 0 0 0 0]
[0 0 0 1 1 1 1 1 0 0 0 0 0]
[0 0 1 0 1 1 1 1 0 0 0 0 0]
[0 0 0 1 1 0 1 1 1 0 0 0 0]
[0 0 0 1 0 0 1 1 0 1 1 0 0]
[0 0 1 1 0 1 0 0 1 1 0 0 0]
[2026-03-05 20:47:04] INFO: op ←←←←←, 4745
[2026-03-05 20:47:04] INFO: op →←←←←, 4032
[2026-03-05 20:47:04] INFO: op →→←←←, 4151
[2026-03-05 20:47:04] INFO: op →→→←←, 4151
[2026-03-05 20:47:04] INFO: op →→→→←, 4032
[2026-03-05 20:47:05] INFO: op ←→←←←, 3520
[2026-03-05 20:47:05] INFO: op ←←→←←, 3598
[2026-03-05 20:47:05] INFO: op ←→→←←, 3651
[2026-03-05 20:47:05] INFO: op ←←←→←, 3362
[2026-03-05 20:47:05] INFO: op ←←→→←, 3604
[2026-03-05 20:47:05] INFO: op ←→→→←, 3319
[2026-03-05 20:47:05] INFO: op →←→←←, 3089
[2026-03-05 20:47:05] INFO: op →←←→←, 2926
[2026-03-05 20:47:06] INFO: op →→←→←, 3089
[2026-03-05 20:47:06] INFO: op →←→→←, 2926
[2026-03-05 20:47:06] INFO: op ←→←→←, 2621
[2026-03-05 20:47:06] INFO: [END]
