[2026-03-05 20:47:16] INFO: Logger initialized at log/log157562.log
[2026-03-05 20:47:16] INFO: Test 497th graph in data/list_660_graphs.g6: L`rx`c~M}Ux^|q
[2026-03-05 20:47:16] INFO: meta data: 
minimum degree >= 4
independent number <= 2
connected
[2026-03-05 20:47:16] INFO: Orientation of L`rx`c~M}Ux^|q with min semidegree 3:
[0 0 0 0 0 1 0 0 0 0 1 1 0]
[1 0 0 0 0 0 0 0 0 0 0 1 1]
[0 0 0 0 0 0 0 0 1 1 0 0 1]
[0 0 1 0 0 1 0 0 0 0 0 0 1]
[1 1 0 0 0 0 0 0 0 0 0 1 0]
[0 1 1 0 1 0 0 0 0 0 0 0 0]
[0 0 1 1 0 0 0 0 1 0 0 0 0]
[0 0 1 1 0 0 1 0 0 0 0 0 0]
[0 0 0 1 1 1 0 1 0 0 0 0 0]
[0 0 0 1 1 0 1 1 1 0 0 0 0]
[0 1 0 0 1 0 1 1 0 1 0 0 0]
[0 0 0 0 0 0 1 1 1 1 1 0 0]
[1 0 0 0 0 1 1 1 0 0 1 0 0]
[2026-03-05 20:47:16] INFO: op ←←←←←, 4350
[2026-03-05 20:47:16] INFO: op →←←←←, 3396
[2026-03-05 20:47:16] INFO: op →→←←←, 3363
[2026-03-05 20:47:16] INFO: op →→→←←, 3363
[2026-03-05 20:47:17] INFO: op →→→→←, 3396
[2026-03-05 20:47:17] INFO: op ←→←←←, 2786
[2026-03-05 20:47:17] INFO: op ←←→←←, 2846
[2026-03-05 20:47:17] INFO: op ←→→←←, 2780
[2026-03-05 20:47:17] INFO: op ←←←→←, 2714
[2026-03-05 20:47:17] INFO: op ←←→→←, 2759
[2026-03-05 20:47:17] INFO: op ←→→→←, 2645
[2026-03-05 20:47:17] INFO: op →←→←←, 2242
[2026-03-05 20:47:17] INFO: op →←←→←, 2160
[2026-03-05 20:47:17] INFO: op →→←→←, 2242
[2026-03-05 20:47:18] INFO: op →←→→←, 2160
[2026-03-05 20:47:18] INFO: op ←→←→←, 1835
[2026-03-05 20:47:18] INFO: [END]
