[2026-03-05 20:45:03] INFO: Logger initialized at log/log138520.log
[2026-03-05 20:45:03] INFO: Test 8th graph in data/list_660_graphs.g6: I^~~~~~~w
[2026-03-05 20:45:03] INFO: meta data: 
minimum degree >= 4
independent number <= 2
connected
[2026-03-05 20:45:03] INFO: Orientation of I^~~~~~~w with min semidegree 4:
[0 0 0 0 0 0 1 1 1 1]
[0 0 0 0 0 1 0 1 1 1]
[1 1 0 0 0 0 0 0 1 1]
[1 1 1 0 0 0 0 0 0 1]
[1 1 1 1 0 0 0 0 0 0]
[1 0 1 1 1 0 0 0 0 0]
[0 1 1 1 1 1 0 0 0 0]
[0 0 1 1 1 1 1 0 0 0]
[0 0 0 1 1 1 1 1 0 0]
[0 0 0 0 1 1 1 1 1 0]
[2026-03-05 20:45:04] INFO: op ←←←←←←←, 21233
[2026-03-05 20:45:05] INFO: op →←←←←←←, 17023
[2026-03-05 20:45:06] INFO: op →→←←←←←, 17625
[2026-03-05 20:45:07] INFO: op →→→←←←←, 18850
[2026-03-05 20:45:08] INFO: op →→→→←←←, 18850
[2026-03-05 20:45:09] INFO: op →→→→→←←, 17625
[2026-03-05 20:45:10] INFO: op →→→→→→←, 17023
[2026-03-05 20:45:10] INFO: op ←→←←←←←, 13334
[2026-03-05 20:45:11] INFO: op ←←→←←←←, 15185
[2026-03-05 20:45:12] INFO: op ←→→←←←←, 13692
[2026-03-05 20:45:13] INFO: op ←←←→←←←, 16435
[2026-03-05 20:45:14] INFO: op ←←→→←←←, 14742
[2026-03-05 20:45:15] INFO: op ←→→→←←←, 15709
[2026-03-05 20:45:15] INFO: op ←←←←→←←, 15185
[2026-03-05 20:45:16] INFO: op ←←←→→←←, 14742
[2026-03-05 20:45:17] INFO: op ←←→→→←←, 15253
[2026-03-05 20:45:18] INFO: op ←→→→→←←, 15006
[2026-03-05 20:45:19] INFO: op ←←←←←→←, 13334
[2026-03-05 20:45:19] INFO: op ←←←←→→←, 13692
[2026-03-05 20:45:20] INFO: op ←←←→→→←, 15709
[2026-03-05 20:45:21] INFO: op ←←→→→→←, 15006
[2026-03-05 20:45:22] INFO: op ←→→→→→←, 13607
[2026-03-05 20:45:22] INFO: op →←→←←←←, 9946
[2026-03-05 20:45:23] INFO: op →←←→←←←, 12308
[2026-03-05 20:45:24] INFO: op →→←→←←←, 12270
[2026-03-05 20:45:25] INFO: op →←→→←←←, 11478
[2026-03-05 20:45:25] INFO: op →←←←→←←, 13647
[2026-03-05 20:45:26] INFO: op →→←←→←←, 12235
[2026-03-05 20:45:27] INFO: op →→→←→←←, 12270
[2026-03-05 20:45:27] INFO: op →←←→→←←, 10399
[2026-03-05 20:45:28] INFO: op →→←→→←←, 12235
[2026-03-05 20:45:29] INFO: op →←→→→←←, 12565
[2026-03-05 20:45:29] INFO: op →←←←←→←, 11557
[2026-03-05 20:45:30] INFO: op →→←←←→←, 12565
[2026-03-05 20:45:31] INFO: op →→→←←→←, 11478
[2026-03-05 20:45:31] INFO: op →→→→←→←, 9946
[2026-03-05 20:45:32] INFO: op →←←←→→←, 11869
[2026-03-05 20:45:32] INFO: op →→←←→→←, 10399
[2026-03-05 20:45:33] INFO: op →→→←→→←, 12308
[2026-03-05 20:45:34] INFO: op →←←→→→←, 11869
[2026-03-05 20:45:34] INFO: op →→←→→→←, 13647
[2026-03-05 20:45:35] INFO: op →←→→→→←, 11557
[2026-03-05 20:45:35] INFO: op ←→←→←←←, 8020
[2026-03-05 20:45:36] INFO: op ←→←←→←←, 10586
[2026-03-05 20:45:36] INFO: op ←←→←→←←, 9185
[2026-03-05 20:45:37] INFO: op ←→→←→←←, 8970
[2026-03-05 20:45:37] INFO: op ←→←→→←←, 7823
[2026-03-05 20:45:38] INFO: op ←→←←←→←, 10767
[2026-03-05 20:45:38] INFO: op ←←→←←→←, 10586
[2026-03-05 20:45:39] INFO: op ←→→←←→←, 8429
[2026-03-05 20:45:39] INFO: op ←←←→←→←, 8020
[2026-03-05 20:45:39] INFO: op ←←→→←→←, 7823
[2026-03-05 20:45:40] INFO: op ←→→→←→←, 9774
[2026-03-05 20:45:40] INFO: op ←→←←→→←, 8429
[2026-03-05 20:45:41] INFO: op ←←→←→→←, 8970
[2026-03-05 20:45:41] INFO: op ←→→←→→←, 9943
[2026-03-05 20:45:42] INFO: op ←→←→→→←, 9774
[2026-03-05 20:45:42] INFO: op →←→←→←←, 5774
[2026-03-05 20:45:42] INFO: op →←→←←→←, 7516
[2026-03-05 20:45:43] INFO: op →←←→←→←, 6458
[2026-03-05 20:45:43] INFO: op →→←→←→←, 5774
[2026-03-05 20:45:43] INFO: op →←→→←→←, 7516
[2026-03-05 20:45:43] INFO: op →←→←→→←, 6458
[2026-03-05 20:45:44] INFO: op ←→←→←→←, 4077
[2026-03-05 20:45:44] INFO: [END]
