[2026-03-05 20:45:16] INFO: Logger initialized at log/log141835.log
[2026-03-05 20:45:17] INFO: Test 90th graph in data/list_660_graphs.g6: H`zPz~~
[2026-03-05 20:45:17] INFO: meta data: 
minimum degree >= 4
independent number <= 2
connected
[2026-03-05 20:45:17] INFO: Orientation of H`zPz~~ with min semidegree 2:
[0 0 0 0 1 0 0 0 1]
[1 0 0 0 0 0 0 1 0]
[0 0 0 0 0 0 1 0 1]
[0 0 1 0 0 1 0 0 0]
[0 1 1 0 0 0 0 0 0]
[1 1 0 0 0 0 0 0 0]
[0 0 0 1 1 1 0 0 0]
[0 0 1 1 1 1 1 0 0]
[0 1 0 1 1 1 1 1 0]
[2026-03-05 20:45:17] INFO: op ←←←, 150
[2026-03-05 20:45:17] INFO: op →←←, 118
[2026-03-05 20:45:17] INFO: op →→←, 118
[2026-03-05 20:45:17] INFO: op ←→←, 128
[2026-03-05 20:45:17] INFO: [END]
