[2026-03-05 20:45:15] INFO: Logger initialized at log/log141494.log
[2026-03-05 20:45:15] INFO: Test 82th graph in data/list_660_graphs.g6: HQh\z~~
[2026-03-05 20:45:15] INFO: meta data: 
minimum degree >= 4
independent number <= 2
connected
[2026-03-05 20:45:15] INFO: Orientation of HQh\z~~ with min semidegree 2:
[0 0 0 0 0 0 1 0 1]
[0 0 0 0 0 0 0 1 1]
[1 0 0 0 0 0 1 0 0]
[0 1 0 0 0 1 0 0 0]
[1 0 1 0 0 0 0 0 0]
[0 1 0 0 1 0 0 0 0]
[0 0 0 1 1 1 0 0 0]
[0 0 1 1 1 1 1 0 0]
[0 0 1 1 1 1 1 1 0]
[2026-03-05 20:45:15] INFO: op ←←←, 153
[2026-03-05 20:45:15] INFO: op →←←, 124
[2026-03-05 20:45:15] INFO: op →→←, 124
[2026-03-05 20:45:15] INFO: op ←→←, 133
[2026-03-05 20:45:15] INFO: [END]
