[2026-03-05 20:45:45] INFO: Logger initialized at log/log147647.log
[2026-03-05 20:45:45] INFO: Test 245th graph in data/list_660_graphs.g6: G`o~f{
[2026-03-05 20:45:45] INFO: meta data: 
minimum degree >= 4
independent number <= 2
connected
[2026-03-05 20:45:45] INFO: Orientation of G`o~f{ with min semidegree 2:
[0 0 0 0 0 0 1 1]
[1 0 0 0 0 0 0 1]
[0 0 0 0 0 1 1 0]
[0 0 1 0 0 0 0 1]
[1 1 0 0 0 0 0 0]
[0 0 0 1 1 0 0 0]
[0 1 0 1 0 0 0 0]
[0 0 1 0 1 1 1 0]
[2026-03-05 20:45:45] INFO: op ←←←, 72
[2026-03-05 20:45:45] INFO: op →←←, 48
[2026-03-05 20:45:45] INFO: op →→←, 48
[2026-03-05 20:45:45] INFO: op ←→←, 27
[2026-03-05 20:45:45] INFO: [END]
