[2026-03-05 20:45:09] INFO: Logger initialized at log/log140284.log
[2026-03-05 20:45:09] INFO: Test 48th graph in data/list_660_graphs.g6: H`K~E~~
[2026-03-05 20:45:09] INFO: meta data: 
minimum degree >= 4
independent number <= 2
connected
[2026-03-05 20:45:09] INFO: Orientation of H`K~E~~ with min semidegree 2:
[0 0 0 0 0 0 0 1 1]
[1 0 0 0 0 0 0 0 1]
[0 0 0 0 0 1 1 0 0]
[0 0 1 0 0 0 0 1 0]
[0 0 1 1 0 0 0 0 0]
[0 0 0 1 1 0 0 0 0]
[1 1 0 0 0 0 0 0 0]
[0 1 0 0 1 1 1 0 0]
[0 0 1 1 1 1 1 1 0]
[2026-03-05 20:45:09] INFO: op ←←←, 127
[2026-03-05 20:45:09] INFO: op →←←, 91
[2026-03-05 20:45:09] INFO: op →→←, 91
[2026-03-05 20:45:09] INFO: op ←→←, 86
[2026-03-05 20:45:09] INFO: [END]
