[2026-03-05 20:45:35] INFO: Logger initialized at log/log146616.log
[2026-03-05 20:45:35] INFO: Test 219th graph in data/list_660_graphs.g6: K~~LnNwFy^e~
[2026-03-05 20:45:35] INFO: meta data: 
minimum degree >= 4
independent number <= 2
connected
[2026-03-05 20:45:35] INFO: Orientation of K~~LnNwFy^e~ with min semidegree 4:
[0 0 0 1 1 0 0 1 1 0 0 0]
[1 0 0 0 0 1 0 1 0 0 1 0]
[1 1 0 0 0 0 1 0 0 0 0 1]
[0 1 1 0 0 0 0 0 0 1 0 1]
[0 1 1 1 0 0 0 0 0 0 1 0]
[1 0 0 0 1 0 0 0 0 1 1 0]
[1 0 0 1 0 1 0 0 0 0 0 1]
[0 0 1 0 0 1 1 0 0 0 0 1]
[0 1 1 1 1 0 0 0 0 0 0 0]
[0 0 0 0 1 0 1 1 1 0 0 0]
[0 0 0 0 0 0 1 1 1 1 0 0]
[0 0 0 0 0 1 0 0 1 1 1 0]
[2026-03-05 20:45:37] INFO: op ←←←←←←←, 32083
[2026-03-05 20:45:38] INFO: op →←←←←←←, 24758
[2026-03-05 20:45:39] INFO: op →→←←←←←, 25362
[2026-03-05 20:45:41] INFO: op →→→←←←←, 25170
[2026-03-05 20:45:42] INFO: op →→→→←←←, 25170
[2026-03-05 20:45:43] INFO: op →→→→→←←, 25362
[2026-03-05 20:45:44] INFO: op →→→→→→←, 24758
[2026-03-05 20:45:45] INFO: op ←→←←←←←, 18478
[2026-03-05 20:45:46] INFO: op ←←→←←←←, 18786
[2026-03-05 20:45:47] INFO: op ←→→←←←←, 19705
[2026-03-05 20:45:48] INFO: op ←←←→←←←, 18474
[2026-03-05 20:45:49] INFO: op ←←→→←←←, 20320
[2026-03-05 20:45:50] INFO: op ←→→→←←←, 19279
[2026-03-05 20:45:51] INFO: op ←←←←→←←, 18812
[2026-03-05 20:45:52] INFO: op ←←←→→←←, 20371
[2026-03-05 20:45:53] INFO: op ←←→→→←←, 19916
[2026-03-05 20:45:54] INFO: op ←→→→→←←, 19417
[2026-03-05 20:45:55] INFO: op ←←←←←→←, 18464
[2026-03-05 20:45:56] INFO: op ←←←←→→←, 19786
[2026-03-05 20:45:57] INFO: op ←←←→→→←, 19273
[2026-03-05 20:45:58] INFO: op ←←→→→→←, 19440
[2026-03-05 20:45:59] INFO: op ←→→→→→←, 18848
[2026-03-05 20:46:00] INFO: op →←→←←←←, 13722
[2026-03-05 20:46:01] INFO: op →←←→←←←, 14602
[2026-03-05 20:46:01] INFO: op →→←→←←←, 14003
[2026-03-05 20:46:02] INFO: op →←→→←←←, 14747
[2026-03-05 20:46:03] INFO: op →←←←→←←, 14292
[2026-03-05 20:46:04] INFO: op →→←←→←←, 15177
[2026-03-05 20:46:04] INFO: op →→→←→←←, 14003
[2026-03-05 20:46:05] INFO: op →←←→→←←, 15780
[2026-03-05 20:46:06] INFO: op →→←→→←←, 15177
[2026-03-05 20:46:07] INFO: op →←→→→←←, 14534
[2026-03-05 20:46:07] INFO: op →←←←←→←, 14094
[2026-03-05 20:46:08] INFO: op →→←←←→←, 14534
[2026-03-05 20:46:09] INFO: op →→→←←→←, 14747
[2026-03-05 20:46:09] INFO: op →→→→←→←, 13722
[2026-03-05 20:46:10] INFO: op →←←←→→←, 15085
[2026-03-05 20:46:11] INFO: op →→←←→→←, 15780
[2026-03-05 20:46:12] INFO: op →→→←→→←, 14602
[2026-03-05 20:46:13] INFO: op →←←→→→←, 15085
[2026-03-05 20:46:13] INFO: op →→←→→→←, 14292
[2026-03-05 20:46:14] INFO: op →←→→→→←, 14094
[2026-03-05 20:46:14] INFO: op ←→←→←←←, 10212
[2026-03-05 20:46:15] INFO: op ←→←←→←←, 11100
[2026-03-05 20:46:16] INFO: op ←←→←→←←, 10474
[2026-03-05 20:46:16] INFO: op ←→→←→←←, 10774
[2026-03-05 20:46:17] INFO: op ←→←→→←←, 10831
[2026-03-05 20:46:17] INFO: op ←→←←←→←, 10309
[2026-03-05 20:46:18] INFO: op ←←→←←→←, 11098
[2026-03-05 20:46:18] INFO: op ←→→←←→←, 11427
[2026-03-05 20:46:19] INFO: op ←←←→←→←, 10201
[2026-03-05 20:46:19] INFO: op ←←→→←→←, 10817
[2026-03-05 20:46:20] INFO: op ←→→→←→←, 10392
[2026-03-05 20:46:20] INFO: op ←→←←→→←, 11273
[2026-03-05 20:46:21] INFO: op ←←→←→→←, 10761
[2026-03-05 20:46:21] INFO: op ←→→←→→←, 11411
[2026-03-05 20:46:22] INFO: op ←→←→→→←, 10370
[2026-03-05 20:46:22] INFO: op →←→←→←←, 7583
[2026-03-05 20:46:23] INFO: op →←→←←→←, 7765
[2026-03-05 20:46:23] INFO: op →←←→←→←, 7791
[2026-03-05 20:46:23] INFO: op →→←→←→←, 7583
[2026-03-05 20:46:24] INFO: op →←→→←→←, 7765
[2026-03-05 20:46:24] INFO: op →←→←→→←, 7791
[2026-03-05 20:46:24] INFO: op ←→←→←→←, 5412
[2026-03-05 20:46:24] INFO: [END]
