[2026-03-05 20:45:26] INFO: Logger initialized at log/log144248.log
[2026-03-05 20:45:26] INFO: Test 154th graph in data/list_660_graphs.g6: HJnL~n~
[2026-03-05 20:45:26] INFO: meta data: 
minimum degree >= 4
independent number <= 2
connected
[2026-03-05 20:45:26] INFO: Orientation of HJnL~n~ with min semidegree 2:
[0 0 0 0 0 0 0 1 1]
[0 0 0 0 0 1 0 0 1]
[0 1 0 0 1 0 0 0 0]
[0 1 1 0 0 0 0 0 0]
[1 0 0 1 0 0 0 0 0]
[1 0 0 0 1 0 0 0 0]
[1 0 1 1 1 1 0 0 0]
[0 1 1 1 0 1 1 0 0]
[0 0 1 1 1 1 1 1 0]
[2026-03-05 20:45:26] INFO: op ←←←, 176
[2026-03-05 20:45:26] INFO: op →←←, 149
[2026-03-05 20:45:26] INFO: op →→←, 149
[2026-03-05 20:45:26] INFO: op ←→←, 171
[2026-03-05 20:45:26] INFO: [END]
