[2026-03-05 20:49:04] INFO: Logger initialized at log/log164302.log
[2026-03-05 20:49:04] INFO: Test 655th graph in data/list_660_graphs.g6: K~}u^jiFxnh~
[2026-03-05 20:49:04] INFO: meta data: 
minimum degree >= 4
independent number <= 2
connected
[2026-03-05 20:49:04] INFO: Orientation of K~}u^jiFxnh~ with min semidegree 4:
[0 0 0 1 1 0 0 1 1 0 0 0]
[1 0 0 0 0 0 1 1 0 0 0 1]
[1 1 0 0 0 1 0 0 0 0 1 0]
[0 1 1 0 0 0 0 0 0 1 1 0]
[0 1 1 1 0 0 0 0 0 0 0 1]
[1 0 0 1 0 0 0 0 0 1 0 1]
[1 0 0 0 1 1 0 0 0 0 1 0]
[0 0 1 1 0 1 0 0 0 0 0 1]
[0 1 1 0 1 0 1 0 0 0 0 0]
[0 0 0 0 1 0 1 1 1 0 0 0]
[0 0 0 0 0 1 0 1 1 1 0 0]
[0 0 0 0 0 0 1 0 1 1 1 0]
[2026-03-05 20:49:06] INFO: op ←←←←←←←, 30928
[2026-03-05 20:49:07] INFO: op →←←←←←←, 23913
[2026-03-05 20:49:08] INFO: op →→←←←←←, 25055
[2026-03-05 20:49:09] INFO: op →→→←←←←, 24897
[2026-03-05 20:49:11] INFO: op →→→→←←←, 24897
[2026-03-05 20:49:12] INFO: op →→→→→←←, 25055
[2026-03-05 20:49:13] INFO: op →→→→→→←, 23913
[2026-03-05 20:49:14] INFO: op ←→←←←←←, 18111
[2026-03-05 20:49:14] INFO: op ←←→←←←←, 19040
[2026-03-05 20:49:15] INFO: op ←→→←←←←, 19639
[2026-03-05 20:49:16] INFO: op ←←←→←←←, 18760
[2026-03-05 20:49:17] INFO: op ←←→→←←←, 20453
[2026-03-05 20:49:18] INFO: op ←→→→←←←, 19048
[2026-03-05 20:49:19] INFO: op ←←←←→←←, 19003
[2026-03-05 20:49:20] INFO: op ←←←→→←←, 20382
[2026-03-05 20:49:21] INFO: op ←←→→→←←, 20209
[2026-03-05 20:49:22] INFO: op ←→→→→←←, 19314
[2026-03-05 20:49:22] INFO: op ←←←←←→←, 18070
[2026-03-05 20:49:23] INFO: op ←←←←→→←, 19567
[2026-03-05 20:49:24] INFO: op ←←←→→→←, 19041
[2026-03-05 20:49:25] INFO: op ←←→→→→←, 19296
[2026-03-05 20:49:26] INFO: op ←→→→→→←, 18444
[2026-03-05 20:49:26] INFO: op →←→←←←←, 13751
[2026-03-05 20:49:27] INFO: op →←←→←←←, 14833
[2026-03-05 20:49:28] INFO: op →→←→←←←, 14148
[2026-03-05 20:49:28] INFO: op →←→→←←←, 14644
[2026-03-05 20:49:29] INFO: op →←←←→←←, 14372
[2026-03-05 20:49:30] INFO: op →→←←→←←, 15654
[2026-03-05 20:49:30] INFO: op →→→←→←←, 14148
[2026-03-05 20:49:31] INFO: op →←←→→←←, 16117
[2026-03-05 20:49:32] INFO: op →→←→→←←, 15654
[2026-03-05 20:49:32] INFO: op →←→→→←←, 14470
[2026-03-05 20:49:33] INFO: op →←←←←→←, 13872
[2026-03-05 20:49:34] INFO: op →→←←←→←, 14470
[2026-03-05 20:49:34] INFO: op →→→←←→←, 14644
[2026-03-05 20:49:35] INFO: op →→→→←→←, 13751
[2026-03-05 20:49:35] INFO: op →←←←→→←, 15008
[2026-03-05 20:49:36] INFO: op →→←←→→←, 16117
[2026-03-05 20:49:37] INFO: op →→→←→→←, 14833
[2026-03-05 20:49:37] INFO: op →←←→→→←, 15008
[2026-03-05 20:49:38] INFO: op →→←→→→←, 14372
[2026-03-05 20:49:39] INFO: op →←→→→→←, 13872
[2026-03-05 20:49:39] INFO: op ←→←→←←←, 10235
[2026-03-05 20:49:40] INFO: op ←→←←→←←, 11069
[2026-03-05 20:49:40] INFO: op ←←→←→←←, 10715
[2026-03-05 20:49:41] INFO: op ←→→←→←←, 11155
[2026-03-05 20:49:41] INFO: op ←→←→→←←, 11337
[2026-03-05 20:49:41] INFO: op ←→←←←→←, 10171
[2026-03-05 20:49:42] INFO: op ←←→←←→←, 11065
[2026-03-05 20:49:42] INFO: op ←→→←←→←, 11520
[2026-03-05 20:49:43] INFO: op ←←←→←→←, 10292
[2026-03-05 20:49:43] INFO: op ←←→→←→←, 11251
[2026-03-05 20:49:44] INFO: op ←→→→←→←, 10327
[2026-03-05 20:49:44] INFO: op ←→←←→→←, 11509
[2026-03-05 20:49:45] INFO: op ←←→←→→←, 11255
[2026-03-05 20:49:45] INFO: op ←→→←→→←, 11608
[2026-03-05 20:49:46] INFO: op ←→←→→→←, 10353
[2026-03-05 20:49:46] INFO: op →←→←→←←, 7787
[2026-03-05 20:49:46] INFO: op →←→←←→←, 7845
[2026-03-05 20:49:47] INFO: op →←←→←→←, 7942
[2026-03-05 20:49:47] INFO: op →→←→←→←, 7787
[2026-03-05 20:49:47] INFO: op →←→→←→←, 7845
[2026-03-05 20:49:48] INFO: op →←→←→→←, 7942
[2026-03-05 20:49:48] INFO: op ←→←→←→←, 5509
[2026-03-05 20:49:48] INFO: [END]
