[2026-03-05 20:45:17] INFO: Logger initialized at log/log142129.log
[2026-03-05 20:45:17] INFO: Test 98th graph in data/list_660_graphs.g6: HKd~v^~
[2026-03-05 20:45:17] INFO: meta data: 
minimum degree >= 4
independent number <= 2
connected
[2026-03-05 20:45:17] INFO: Orientation of HKd~v^~ with min semidegree 2:
[0 0 0 0 0 0 0 1 1]
[0 0 0 0 0 1 0 0 1]
[0 1 0 0 0 1 0 0 0]
[1 0 0 0 0 0 1 0 0]
[1 0 0 1 0 0 0 0 0]
[0 0 0 1 1 0 0 0 0]
[1 1 1 0 1 0 0 0 0]
[0 1 1 0 1 1 1 0 0]
[0 0 1 1 1 1 1 1 0]
[2026-03-05 20:45:17] INFO: op ←←←, 174
[2026-03-05 20:45:17] INFO: op →←←, 132
[2026-03-05 20:45:17] INFO: op →→←, 132
[2026-03-05 20:45:17] INFO: op ←→←, 138
[2026-03-05 20:45:17] INFO: [END]
