[2026-03-05 20:46:22] INFO: Logger initialized at log/log151739.log
[2026-03-05 20:46:22] INFO: Test 350th graph in data/list_660_graphs.g6: LNXj\irb{^zjun
[2026-03-05 20:46:22] INFO: meta data: 
minimum degree >= 4
independent number <= 2
connected
[2026-03-05 20:46:22] INFO: Orientation of LNXj\irb{^zjun with min semidegree 3:
[0 0 0 0 0 0 0 0 0 0 1 1 1]
[0 0 0 0 0 0 1 0 0 0 0 1 1]
[0 1 0 0 0 0 0 1 1 0 0 0 0]
[1 1 1 0 0 0 0 0 0 0 0 0 0]
[0 1 1 0 0 0 0 0 0 0 0 0 1]
[0 1 1 0 1 0 0 0 0 0 0 0 0]
[0 0 1 0 1 1 0 0 0 0 0 0 0]
[1 0 0 1 0 1 0 0 0 0 0 0 0]
[1 0 0 1 0 0 1 1 0 0 0 0 0]
[1 0 0 0 1 1 1 1 1 0 0 0 0]
[0 0 0 0 1 1 1 1 1 1 0 0 0]
[0 0 0 1 1 1 0 1 0 1 1 0 0]
[0 0 0 1 0 0 1 0 1 1 1 1 0]
[2026-03-05 20:46:22] INFO: op ←←←←←, 5574
[2026-03-05 20:46:22] INFO: op →←←←←, 4791
[2026-03-05 20:46:23] INFO: op →→←←←, 4739
[2026-03-05 20:46:23] INFO: op →→→←←, 4739
[2026-03-05 20:46:23] INFO: op →→→→←, 4791
[2026-03-05 20:46:23] INFO: op ←→←←←, 4369
[2026-03-05 20:46:23] INFO: op ←←→←←, 4475
[2026-03-05 20:46:24] INFO: op ←→→←←, 4511
[2026-03-05 20:46:24] INFO: op ←←←→←, 4404
[2026-03-05 20:46:24] INFO: op ←←→→←, 4777
[2026-03-05 20:46:24] INFO: op ←→→→←, 4271
[2026-03-05 20:46:24] INFO: op →←→←←, 3696
[2026-03-05 20:46:24] INFO: op →←←→←, 3740
[2026-03-05 20:46:25] INFO: op →→←→←, 3696
[2026-03-05 20:46:25] INFO: op →←→→←, 3740
[2026-03-05 20:46:25] INFO: op ←→←→←, 3381
[2026-03-05 20:46:25] INFO: [END]
