[2026-03-05 20:45:13] INFO: Logger initialized at log/log141042.log
[2026-03-05 20:45:13] INFO: Test 69th graph in data/list_660_graphs.g6: H`K~Mv~
[2026-03-05 20:45:13] INFO: meta data: 
minimum degree >= 4
independent number <= 2
connected
[2026-03-05 20:45:13] INFO: Orientation of H`K~Mv~ with min semidegree 2:
[0 0 0 0 0 0 0 1 1]
[1 0 0 0 0 0 0 0 1]
[0 0 0 0 0 1 1 0 0]
[0 0 1 0 0 0 0 1 0]
[0 0 1 1 0 0 0 0 0]
[0 0 0 1 1 0 0 0 0]
[1 1 0 0 0 1 0 0 0]
[0 1 0 0 1 0 1 0 0]
[0 0 1 1 1 1 1 1 0]
[2026-03-05 20:45:13] INFO: op ←←←, 131
[2026-03-05 20:45:13] INFO: op →←←, 91
[2026-03-05 20:45:13] INFO: op →→←, 91
[2026-03-05 20:45:13] INFO: op ←→←, 81
[2026-03-05 20:45:13] INFO: [END]
