[2026-03-05 20:47:35] INFO: Logger initialized at log/log159777.log
[2026-03-05 20:47:35] INFO: Test 553th graph in data/list_660_graphs.g6: L~~DKmN\r\jnM~
[2026-03-05 20:47:35] INFO: meta data: 
minimum degree >= 4
independent number <= 2
connected
[2026-03-05 20:47:35] INFO: Orientation of L~~DKmN\r\jnM~ with min semidegree 4:
[0 0 0 1 1 1 0 0 1 0 0 0 0]
[1 0 0 0 0 0 0 0 0 1 1 1 0]
[1 1 0 0 0 0 0 0 0 0 1 0 1]
[0 1 1 0 0 0 0 0 0 0 0 1 1]
[0 1 1 1 0 0 0 0 0 0 0 0 1]
[0 1 0 0 0 0 0 0 0 1 1 1 0]
[1 0 1 0 0 1 0 0 0 0 0 0 1]
[1 0 0 1 0 1 1 0 0 0 0 0 0]
[0 0 0 0 1 1 1 1 0 0 0 0 0]
[0 0 1 1 0 0 1 1 0 0 0 0 0]
[0 0 0 0 1 0 1 0 1 1 0 0 0]
[0 0 0 0 1 0 0 1 1 1 1 0 0]
[0 0 0 0 0 0 0 1 1 1 1 1 0]
[2026-03-05 20:47:38] INFO: op ←←←←←←←, 52103
[2026-03-05 20:47:40] INFO: op →←←←←←←, 41157
[2026-03-05 20:47:42] INFO: op →→←←←←←, 42483
[2026-03-05 20:47:44] INFO: op →→→←←←←, 44102
[2026-03-05 20:47:46] INFO: op →→→→←←←, 44102
[2026-03-05 20:47:48] INFO: op →→→→→←←, 42483
[2026-03-05 20:47:49] INFO: op →→→→→→←, 41157
[2026-03-05 20:47:51] INFO: op ←→←←←←←, 31943
[2026-03-05 20:47:52] INFO: op ←←→←←←←, 34360
[2026-03-05 20:47:54] INFO: op ←→→←←←←, 33138
[2026-03-05 20:47:55] INFO: op ←←←→←←←, 35722
[2026-03-05 20:47:57] INFO: op ←←→→←←←, 34891
[2026-03-05 20:47:58] INFO: op ←→→→←←←, 35215
[2026-03-05 20:48:00] INFO: op ←←←←→←←, 34494
[2026-03-05 20:48:01] INFO: op ←←←→→←←, 34816
[2026-03-05 20:48:03] INFO: op ←←→→→←←, 35246
[2026-03-05 20:48:05] INFO: op ←→→→→←←, 34358
[2026-03-05 20:48:06] INFO: op ←←←←←→←, 32008
[2026-03-05 20:48:07] INFO: op ←←←←→→←, 33086
[2026-03-05 20:48:09] INFO: op ←←←→→→←, 35329
[2026-03-05 20:48:11] INFO: op ←←→→→→←, 34323
[2026-03-05 20:48:12] INFO: op ←→→→→→←, 32279
[2026-03-05 20:48:13] INFO: op →←→←←←←, 23806
[2026-03-05 20:48:14] INFO: op →←←→←←←, 27353
[2026-03-05 20:48:15] INFO: op →→←→←←←, 26562
[2026-03-05 20:48:17] INFO: op →←→→←←←, 26536
[2026-03-05 20:48:18] INFO: op →←←←→←←, 28338
[2026-03-05 20:48:19] INFO: op →→←←→←←, 27775
[2026-03-05 20:48:20] INFO: op →→→←→←←, 26562
[2026-03-05 20:48:21] INFO: op →←←→→←←, 25848
[2026-03-05 20:48:23] INFO: op →→←→→←←, 27775
[2026-03-05 20:48:24] INFO: op →←→→→←←, 27474
[2026-03-05 20:48:25] INFO: op →←←←←→←, 25837
[2026-03-05 20:48:26] INFO: op →→←←←→←, 27474
[2026-03-05 20:48:27] INFO: op →→→←←→←, 26536
[2026-03-05 20:48:28] INFO: op →→→→←→←, 23806
[2026-03-05 20:48:30] INFO: op →←←←→→←, 26897
[2026-03-05 20:48:31] INFO: op →→←←→→←, 25848
[2026-03-05 20:48:32] INFO: op →→→←→→←, 27353
[2026-03-05 20:48:33] INFO: op →←←→→→←, 26897
[2026-03-05 20:48:34] INFO: op →→←→→→←, 28338
[2026-03-05 20:48:36] INFO: op →←→→→→←, 25837
[2026-03-05 20:48:36] INFO: op ←→←→←←←, 18340
[2026-03-05 20:48:37] INFO: op ←→←←→←←, 22251
[2026-03-05 20:48:38] INFO: op ←←→←→←←, 19817
[2026-03-05 20:48:39] INFO: op ←→→←→←←, 19832
[2026-03-05 20:48:40] INFO: op ←→←→→←←, 18634
[2026-03-05 20:48:41] INFO: op ←→←←←→←, 21219
[2026-03-05 20:48:42] INFO: op ←←→←←→←, 22256
[2026-03-05 20:48:43] INFO: op ←→→←←→←, 19851
[2026-03-05 20:48:43] INFO: op ←←←→←→←, 18290
[2026-03-05 20:48:44] INFO: op ←←→→←→←, 18623
[2026-03-05 20:48:45] INFO: op ←→→→←→←, 20356
[2026-03-05 20:48:46] INFO: op ←→←←→→←, 19960
[2026-03-05 20:48:47] INFO: op ←←→←→→←, 19801
[2026-03-05 20:48:48] INFO: op ←→→←→→←, 21818
[2026-03-05 20:48:49] INFO: op ←→←→→→←, 20283
[2026-03-05 20:48:49] INFO: op →←→←→←←, 13245
[2026-03-05 20:48:50] INFO: op →←→←←→←, 15407
[2026-03-05 20:48:51] INFO: op →←←→←→←, 14231
[2026-03-05 20:48:51] INFO: op →→←→←→←, 13245
[2026-03-05 20:48:52] INFO: op →←→→←→←, 15407
[2026-03-05 20:48:53] INFO: op →←→←→→←, 14231
[2026-03-05 20:48:53] INFO: op ←→←→←→←, 9152
[2026-03-05 20:48:53] INFO: [END]
