[2026-03-05 20:45:24] INFO: Logger initialized at log/log143658.log
[2026-03-05 20:45:24] INFO: Test 139th graph in data/list_660_graphs.g6: HYU\~z~
[2026-03-05 20:45:24] INFO: meta data: 
minimum degree >= 4
independent number <= 2
connected
[2026-03-05 20:45:24] INFO: Orientation of HYU\~z~ with min semidegree 2:
[0 0 0 0 0 0 1 1 0]
[0 0 0 0 0 0 0 1 1]
[1 1 0 0 0 0 0 0 0]
[0 1 0 0 0 0 0 0 1]
[0 1 0 1 0 0 0 0 0]
[1 0 0 1 1 0 0 0 0]
[0 0 1 1 1 1 0 0 0]
[0 0 1 1 1 1 0 0 0]
[1 0 1 0 1 1 1 1 0]
[2026-03-05 20:45:24] INFO: op ←←←, 172
[2026-03-05 20:45:24] INFO: op →←←, 139
[2026-03-05 20:45:24] INFO: op →→←, 139
[2026-03-05 20:45:24] INFO: op ←→←, 133
[2026-03-05 20:45:24] INFO: [END]
