[2026-03-05 20:48:58] INFO: Logger initialized at log/log163608.log
[2026-03-05 20:48:58] INFO: Test 638th graph in data/list_660_graphs.g6: GN~~~{
[2026-03-05 20:48:58] INFO: meta data: 
minimum degree >= 4
independent number <= 2
connected
[2026-03-05 20:48:58] INFO: Orientation of GN~~~{ with min semidegree 2:
[0 0 0 0 0 0 1 1]
[0 0 0 1 0 0 0 1]
[0 1 0 0 1 0 0 0]
[1 0 1 0 0 0 0 0]
[1 1 0 1 0 0 0 0]
[1 1 1 1 1 0 0 0]
[0 1 1 1 1 1 0 0]
[0 0 1 1 1 1 1 0]
[2026-03-05 20:48:58] INFO: op ←←←, 170
[2026-03-05 20:48:58] INFO: op →←←, 160
[2026-03-05 20:48:58] INFO: op →→←, 160
[2026-03-05 20:48:58] INFO: op ←→←, 167
[2026-03-05 20:48:58] INFO: [END]
