[2026-03-05 20:46:43] INFO: Logger initialized at log/log153971.log
[2026-03-05 20:46:43] INFO: Test 405th graph in data/list_660_graphs.g6: L~?GX[^Z{~\yvi
[2026-03-05 20:46:43] INFO: meta data: 
minimum degree >= 4
independent number <= 2
connected
[2026-03-05 20:46:43] INFO: Orientation of L~?GX[^Z{~\yvi with min semidegree 3:
[0 0 0 0 0 0 0 0 0 0 1 1 1]
[1 0 0 0 0 0 0 0 0 1 0 1 0]
[1 1 0 0 0 0 0 0 0 1 0 0 0]
[1 1 1 0 0 0 0 0 0 0 0 0 0]
[0 0 0 0 0 0 0 0 0 0 1 1 1]
[0 0 0 0 1 0 0 1 0 0 0 0 1]
[0 0 0 0 1 1 0 0 1 0 0 0 0]
[0 0 1 0 1 0 1 0 0 0 0 0 0]
[0 0 0 1 1 1 0 1 0 0 0 0 0]
[0 0 0 0 1 1 1 1 1 0 0 0 0]
[0 0 0 1 0 1 1 1 1 0 0 0 0]
[0 0 1 0 0 1 1 1 0 1 0 0 0]
[0 1 0 1 0 0 1 0 1 0 1 0 0]
[2026-03-05 20:46:43] INFO: op ←←←←←, 4317
[2026-03-05 20:46:43] INFO: op →←←←←, 3536
[2026-03-05 20:46:43] INFO: op →→←←←, 3659
[2026-03-05 20:46:43] INFO: op →→→←←, 3659
[2026-03-05 20:46:43] INFO: op →→→→←, 3536
[2026-03-05 20:46:44] INFO: op ←→←←←, 2931
[2026-03-05 20:46:44] INFO: op ←←→←←, 2827
[2026-03-05 20:46:44] INFO: op ←→→←←, 2918
[2026-03-05 20:46:44] INFO: op ←←←→←, 2687
[2026-03-05 20:46:44] INFO: op ←←→→←, 2783
[2026-03-05 20:46:44] INFO: op ←→→→←, 2706
[2026-03-05 20:46:44] INFO: op →←→←←, 2253
[2026-03-05 20:46:44] INFO: op →←←→←, 2211
[2026-03-05 20:46:44] INFO: op →→←→←, 2253
[2026-03-05 20:46:45] INFO: op →←→→←, 2211
[2026-03-05 20:46:45] INFO: op ←→←→←, 1868
[2026-03-05 20:46:45] INFO: [END]
