[2026-03-05 20:45:19] INFO: Logger initialized at log/log142571.log
[2026-03-05 20:45:19] INFO: Test 110th graph in data/list_660_graphs.g6: HtPix~~
[2026-03-05 20:45:19] INFO: meta data: 
minimum degree >= 4
independent number <= 2
connected
[2026-03-05 20:45:19] INFO: Orientation of HtPix~~ with min semidegree 2:
[0 1 0 0 0 0 0 0 1]
[0 0 0 0 0 0 1 0 1]
[1 0 0 0 0 0 0 1 0]
[1 0 1 0 0 0 0 0 0]
[0 1 0 0 0 1 0 0 0]
[0 1 1 0 0 0 0 0 0]
[0 0 0 1 1 1 0 0 0]
[0 0 0 1 1 1 1 0 0]
[0 0 1 1 1 1 1 1 0]
[2026-03-05 20:45:19] INFO: op ←←←, 143
[2026-03-05 20:45:19] INFO: op →←←, 104
[2026-03-05 20:45:19] INFO: op →→←, 104
[2026-03-05 20:45:19] INFO: op ←→←, 101
[2026-03-05 20:45:19] INFO: [END]
