[2026-03-05 20:46:45] INFO: Logger initialized at log/log154277.log
[2026-03-05 20:46:45] INFO: Test 413th graph in data/list_660_graphs.g6: LtnmyLFXYffNM^
[2026-03-05 20:46:45] INFO: meta data: 
minimum degree >= 4
independent number <= 2
connected
[2026-03-05 20:46:45] INFO: Orientation of LtnmyLFXYffNM^ with min semidegree 3:
[0 0 0 1 1 1 0 0 0 0 0 0 0]
[1 0 0 0 0 0 1 0 0 0 1 0 0]
[1 0 0 0 0 0 0 0 0 0 0 1 1]
[0 0 1 0 0 0 0 0 0 0 0 1 1]
[0 0 1 1 0 0 0 0 0 0 0 0 1]
[0 1 1 0 1 0 0 0 0 0 0 0 0]
[1 0 0 1 1 1 0 0 0 0 0 0 0]
[0 1 0 0 0 1 1 0 0 0 0 0 0]
[0 1 0 0 0 1 1 1 0 0 0 0 0]
[0 1 1 0 0 1 0 1 1 0 0 0 0]
[0 0 0 1 0 0 1 1 1 1 0 0 0]
[0 0 0 0 1 0 0 1 1 1 1 0 0]
[0 0 0 0 0 0 0 1 1 1 1 1 0]
[2026-03-05 20:46:45] INFO: op ←←←←←, 5558
[2026-03-05 20:46:45] INFO: op →←←←←, 4212
[2026-03-05 20:46:46] INFO: op →→←←←, 3614
[2026-03-05 20:46:46] INFO: op →→→←←, 3614
[2026-03-05 20:46:46] INFO: op →→→→←, 4212
[2026-03-05 20:46:46] INFO: op ←→←←←, 3097
[2026-03-05 20:46:46] INFO: op ←←→←←, 3001
[2026-03-05 20:46:46] INFO: op ←→→←←, 2873
[2026-03-05 20:46:46] INFO: op ←←←→←, 3160
[2026-03-05 20:46:46] INFO: op ←←→→←, 2936
[2026-03-05 20:46:47] INFO: op ←→→→←, 3149
[2026-03-05 20:46:47] INFO: op →←→←←, 2231
[2026-03-05 20:46:47] INFO: op →←←→←, 2344
[2026-03-05 20:46:47] INFO: op →→←→←, 2231
[2026-03-05 20:46:47] INFO: op →←→→←, 2344
[2026-03-05 20:46:47] INFO: op ←→←→←, 1794
[2026-03-05 20:46:47] INFO: [END]
