[2026-03-05 20:46:46] INFO: Logger initialized at log/log154401.log
[2026-03-05 20:46:46] INFO: Test 416th graph in data/list_660_graphs.g6: Lv}tXKfPyjh^U^
[2026-03-05 20:46:46] INFO: meta data: 
minimum degree >= 4
independent number <= 2
connected
[2026-03-05 20:46:46] INFO: Orientation of Lv}tXKfPyjh^U^ with min semidegree 3:
[0 1 0 1 1 0 0 0 0 0 0 0 0]
[0 0 0 0 0 0 0 0 0 0 1 1 1]
[1 0 0 0 1 0 1 0 0 0 0 0 0]
[0 1 1 0 0 0 0 0 0 0 0 0 1]
[0 1 0 1 0 0 0 0 0 0 0 1 1]
[1 0 1 1 0 0 0 0 0 0 0 0 0]
[1 0 0 0 1 1 0 0 0 0 0 0 0]
[0 0 1 0 0 1 1 0 0 0 0 0 0]
[0 0 1 0 0 1 1 1 0 0 0 0 0]
[0 1 0 0 0 1 1 1 1 0 0 0 0]
[0 0 0 1 0 1 0 1 1 1 0 0 0]
[0 0 0 0 0 0 1 1 1 1 1 0 0]
[0 0 0 0 0 0 0 1 1 1 1 1 0]
[2026-03-05 20:46:46] INFO: op ←←←←←, 5790
[2026-03-05 20:46:46] INFO: op →←←←←, 4448
[2026-03-05 20:46:47] INFO: op →→←←←, 3546
[2026-03-05 20:46:47] INFO: op →→→←←, 3546
[2026-03-05 20:46:47] INFO: op →→→→←, 4448
[2026-03-05 20:46:47] INFO: op ←→←←←, 3227
[2026-03-05 20:46:47] INFO: op ←←→←←, 3037
[2026-03-05 20:46:47] INFO: op ←→→←←, 2648
[2026-03-05 20:46:47] INFO: op ←←←→←, 3284
[2026-03-05 20:46:48] INFO: op ←←→→←, 2694
[2026-03-05 20:46:48] INFO: op ←→→→←, 3205
[2026-03-05 20:46:48] INFO: op →←→←←, 2199
[2026-03-05 20:46:48] INFO: op →←←→←, 2315
[2026-03-05 20:46:48] INFO: op →→←→←, 2199
[2026-03-05 20:46:48] INFO: op →←→→←, 2315
[2026-03-05 20:46:48] INFO: op ←→←→←, 1754
[2026-03-05 20:46:48] INFO: [END]
