[2026-03-05 20:45:42] INFO: Logger initialized at log/log147247.log
[2026-03-05 20:45:42] INFO: Test 233th graph in data/list_660_graphs.g6: H}nna{~
[2026-03-05 20:45:42] INFO: meta data: 
minimum degree >= 4
independent number <= 2
connected
[2026-03-05 20:45:42] INFO: Orientation of H}nna{~ with min semidegree 3:
[0 0 0 1 0 1 1 0 0]
[1 0 0 0 0 1 0 1 0]
[1 1 0 0 0 0 0 0 1]
[0 1 0 0 0 0 0 1 1]
[1 0 1 1 0 0 0 0 0]
[0 0 1 0 1 0 0 0 1]
[0 1 1 1 0 0 0 0 0]
[0 0 0 0 1 1 1 0 0]
[0 0 0 0 1 0 1 1 0]
[2026-03-05 20:45:42] INFO: op ←←←←←, 775
[2026-03-05 20:45:42] INFO: op →←←←←, 545
[2026-03-05 20:45:42] INFO: op →→←←←, 582
[2026-03-05 20:45:42] INFO: op →→→←←, 582
[2026-03-05 20:45:42] INFO: op →→→→←, 545
[2026-03-05 20:45:42] INFO: op ←→←←←, 364
[2026-03-05 20:45:42] INFO: op ←←→←←, 401
[2026-03-05 20:45:42] INFO: op ←→→←←, 432
[2026-03-05 20:45:42] INFO: op ←←←→←, 363
[2026-03-05 20:45:42] INFO: op ←←→→←, 431
[2026-03-05 20:45:42] INFO: op ←→→→←, 374
[2026-03-05 20:45:42] INFO: op →←→←←, 260
[2026-03-05 20:45:42] INFO: op →←←→←, 255
[2026-03-05 20:45:42] INFO: op →→←→←, 260
[2026-03-05 20:45:42] INFO: op →←→→←, 255
[2026-03-05 20:45:42] INFO: op ←→←→←, 155
[2026-03-05 20:45:42] INFO: [END]
