[2026-03-05 20:46:48] INFO: Logger initialized at log/log154564.log
[2026-03-05 20:46:48] INFO: Test 421th graph in data/list_660_graphs.g6: L}T\DE^Fw~lzJ~
[2026-03-05 20:46:48] INFO: meta data: 
minimum degree >= 4
independent number <= 2
connected
[2026-03-05 20:46:48] INFO: Orientation of L}T\DE^Fw~lzJ~ with min semidegree 3:
[0 0 1 1 0 0 0 0 1 0 0 0 0]
[1 0 0 0 1 0 0 0 0 0 0 1 0]
[0 1 0 0 0 0 0 0 0 0 0 1 1]
[0 1 0 0 0 0 0 0 1 0 1 0 0]
[0 0 0 1 0 0 0 0 1 0 0 0 1]
[0 1 0 1 1 0 0 0 0 0 0 0 0]
[1 0 1 0 0 0 0 0 0 0 0 0 1]
[1 0 1 0 0 0 1 0 0 0 0 0 0]
[0 0 0 0 0 1 1 1 0 0 0 0 0]
[0 0 0 1 1 1 1 1 1 0 0 0 0]
[0 0 0 0 1 1 1 1 1 1 0 0 0]
[0 0 0 0 1 1 1 1 0 1 1 0 0]
[0 0 0 0 0 1 0 1 1 1 1 1 0]
[2026-03-05 20:46:49] INFO: op ←←←←←, 5002
[2026-03-05 20:46:49] INFO: op →←←←←, 4272
[2026-03-05 20:46:49] INFO: op →→←←←, 4268
[2026-03-05 20:46:49] INFO: op →→→←←, 4268
[2026-03-05 20:46:49] INFO: op →→→→←, 4272
[2026-03-05 20:46:49] INFO: op ←→←←←, 4111
[2026-03-05 20:46:50] INFO: op ←←→←←, 4303
[2026-03-05 20:46:50] INFO: op ←→→←←, 3935
[2026-03-05 20:46:50] INFO: op ←←←→←, 4147
[2026-03-05 20:46:50] INFO: op ←←→→←, 4212
[2026-03-05 20:46:50] INFO: op ←→→→←, 3827
[2026-03-05 20:46:50] INFO: op →←→←←, 3736
[2026-03-05 20:46:50] INFO: op →←←→←, 3520
[2026-03-05 20:46:51] INFO: op →→←→←, 3736
[2026-03-05 20:46:51] INFO: op →←→→←, 3520
[2026-03-05 20:46:51] INFO: op ←→←→←, 3483
[2026-03-05 20:46:51] INFO: [END]
