[2026-03-05 20:45:47] INFO: Logger initialized at log/log147914.log
[2026-03-05 20:45:47] INFO: Test 252th graph in data/list_660_graphs.g6: H[UY|ln
[2026-03-05 20:45:47] INFO: meta data: 
minimum degree >= 4
independent number <= 2
connected
[2026-03-05 20:45:47] INFO: Orientation of H[UY|ln with min semidegree 2:
[0 0 1 0 0 0 0 1 0]
[0 0 0 0 0 0 1 0 1]
[0 1 0 0 0 0 0 0 1]
[1 0 0 0 0 1 0 0 0]
[0 1 0 1 0 0 0 0 0]
[1 0 0 0 1 0 0 0 0]
[0 0 0 1 1 1 0 0 0]
[0 0 1 1 0 1 1 0 0]
[0 0 0 0 1 1 1 1 0]
[2026-03-05 20:45:47] INFO: op ←←←, 118
[2026-03-05 20:45:47] INFO: op →←←, 85
[2026-03-05 20:45:47] INFO: op →→←, 85
[2026-03-05 20:45:47] INFO: op ←→←, 64
[2026-03-05 20:45:47] INFO: [END]
