[2026-03-05 20:45:28] INFO: Logger initialized at log/log144881.log
[2026-03-05 20:45:28] INFO: Test 173th graph in data/list_660_graphs.g6: H`z\z~~
[2026-03-05 20:45:28] INFO: meta data: 
minimum degree >= 4
independent number <= 2
connected
[2026-03-05 20:45:28] INFO: Orientation of H`z\z~~ with min semidegree 2:
[0 0 0 0 1 0 0 0 1]
[1 0 0 0 0 0 0 1 0]
[0 0 0 0 0 0 1 0 1]
[0 0 1 0 0 1 0 0 0]
[0 1 1 0 0 0 0 0 0]
[1 1 0 0 1 0 0 0 0]
[1 0 0 1 1 1 0 0 0]
[0 0 1 1 1 1 1 0 0]
[0 1 0 1 1 1 1 1 0]
[2026-03-05 20:45:28] INFO: op ←←←, 190
[2026-03-05 20:45:28] INFO: op →←←, 158
[2026-03-05 20:45:28] INFO: op →→←, 158
[2026-03-05 20:45:28] INFO: op ←→←, 162
[2026-03-05 20:45:28] INFO: [END]
