[2026-03-05 20:46:04] INFO: Logger initialized at log/log150114.log
[2026-03-05 20:46:04] INFO: Test 310th graph in data/list_660_graphs.g6: K~cGW~mXzm~~
[2026-03-05 20:46:04] INFO: meta data: 
minimum degree >= 4
independent number <= 2
connected
[2026-03-05 20:46:04] INFO: Orientation of K~cGW~mXzm~~ with min semidegree 3:
[0 1 0 0 0 0 0 0 1 0 0 1]
[0 0 0 0 0 0 0 0 1 1 1 0]
[1 1 0 0 0 0 0 0 0 0 1 0]
[1 1 1 0 0 0 0 0 0 0 0 0]
[1 0 0 1 0 0 0 0 0 0 0 1]
[0 0 0 0 1 0 0 1 0 0 0 1]
[0 0 0 0 1 1 0 0 1 0 0 0]
[0 0 0 1 1 0 1 0 0 0 0 0]
[0 0 1 0 1 1 0 0 0 0 0 0]
[0 0 1 0 0 1 1 1 1 0 0 0]
[0 0 0 1 0 1 1 1 0 1 0 0]
[0 1 1 1 0 0 1 1 1 1 1 0]
[2026-03-05 20:46:04] INFO: op ←←←←←, 4166
[2026-03-05 20:46:04] INFO: op →←←←←, 3122
[2026-03-05 20:46:04] INFO: op →→←←←, 2924
[2026-03-05 20:46:04] INFO: op →→→←←, 2924
[2026-03-05 20:46:04] INFO: op →→→→←, 3122
[2026-03-05 20:46:05] INFO: op ←→←←←, 2603
[2026-03-05 20:46:05] INFO: op ←←→←←, 2578
[2026-03-05 20:46:05] INFO: op ←→→←←, 2584
[2026-03-05 20:46:05] INFO: op ←←←→←, 2689
[2026-03-05 20:46:05] INFO: op ←←→→←, 2595
[2026-03-05 20:46:05] INFO: op ←→→→←, 2593
[2026-03-05 20:46:05] INFO: op →←→←←, 1997
[2026-03-05 20:46:05] INFO: op →←←→←, 2076
[2026-03-05 20:46:05] INFO: op →→←→←, 1997
[2026-03-05 20:46:05] INFO: op →←→→←, 2076
[2026-03-05 20:46:05] INFO: op ←→←→←, 1853
[2026-03-05 20:46:05] INFO: [END]
