[2026-03-05 20:47:19] INFO: Logger initialized at log/log157873.log
[2026-03-05 20:47:19] INFO: Test 505th graph in data/list_660_graphs.g6: L{}WglbWw~{}]}
[2026-03-05 20:47:19] INFO: meta data: 
minimum degree >= 4
independent number <= 2
connected
[2026-03-05 20:47:19] INFO: Orientation of L{}WglbWw~{}]} with min semidegree 3:
[0 0 1 0 1 0 0 0 0 0 0 1 0]
[1 0 0 0 0 0 0 0 0 0 0 1 1]
[0 1 0 0 0 0 0 0 0 0 0 1 1]
[1 0 0 0 0 0 0 0 0 0 1 0 1]
[0 1 1 1 0 0 0 0 0 0 0 0 0]
[1 0 0 1 1 0 0 0 0 0 0 0 0]
[0 0 0 1 0 1 0 0 0 0 1 0 0]
[0 0 0 1 0 1 1 0 0 0 0 0 0]
[0 1 1 0 0 0 1 1 0 0 0 0 0]
[0 1 1 0 0 0 1 1 1 0 0 0 0]
[0 0 0 0 1 1 0 1 1 1 0 0 0]
[0 0 0 0 0 1 1 1 1 1 0 0 0]
[0 0 0 0 1 0 1 1 1 1 1 0 0]
[2026-03-05 20:47:19] INFO: op ←←←←←, 4743
[2026-03-05 20:47:19] INFO: op →←←←←, 3723
[2026-03-05 20:47:19] INFO: op →→←←←, 3678
[2026-03-05 20:47:19] INFO: op →→→←←, 3678
[2026-03-05 20:47:20] INFO: op →→→→←, 3723
[2026-03-05 20:47:20] INFO: op ←→←←←, 3127
[2026-03-05 20:47:20] INFO: op ←←→←←, 3195
[2026-03-05 20:47:20] INFO: op ←→→←←, 3126
[2026-03-05 20:47:20] INFO: op ←←←→←, 3127
[2026-03-05 20:47:20] INFO: op ←←→→←, 3185
[2026-03-05 20:47:20] INFO: op ←→→→←, 3013
[2026-03-05 20:47:20] INFO: op →←→←←, 2395
[2026-03-05 20:47:21] INFO: op →←←→←, 2560
[2026-03-05 20:47:21] INFO: op →→←→←, 2395
[2026-03-05 20:47:21] INFO: op →←→→←, 2560
[2026-03-05 20:47:21] INFO: op ←→←→←, 2123
[2026-03-05 20:47:21] INFO: [END]
