[2026-03-05 20:46:10] INFO: Logger initialized at log/log150700.log
[2026-03-05 20:46:10] INFO: Test 324th graph in data/list_660_graphs.g6: K~?GW}^Zv[~~
[2026-03-05 20:46:10] INFO: meta data: 
minimum degree >= 4
independent number <= 2
connected
[2026-03-05 20:46:10] INFO: Orientation of K~?GW}^Zv[~~ with min semidegree 3:
[0 0 0 0 0 0 0 0 1 0 1 1]
[1 0 0 0 0 0 0 0 0 1 1 0]
[1 1 0 0 0 0 0 0 0 0 0 1]
[1 1 1 0 0 0 0 0 0 0 0 0]
[0 0 0 0 0 0 0 1 1 0 0 1]
[0 0 0 0 1 0 0 0 1 1 0 0]
[0 0 0 0 1 1 0 0 0 1 0 0]
[0 0 0 1 0 1 1 0 0 0 0 0]
[0 0 0 1 0 0 1 1 0 0 0 0]
[0 0 1 0 1 0 0 1 0 0 0 0]
[0 0 1 0 1 1 1 0 0 1 0 0]
[0 1 0 1 0 1 1 1 1 1 1 0]
[2026-03-05 20:46:10] INFO: op ←←←←←, 3012
[2026-03-05 20:46:10] INFO: op →←←←←, 2333
[2026-03-05 20:46:10] INFO: op →→←←←, 2434
[2026-03-05 20:46:10] INFO: op →→→←←, 2434
[2026-03-05 20:46:10] INFO: op →→→→←, 2333
[2026-03-05 20:46:11] INFO: op ←→←←←, 2110
[2026-03-05 20:46:11] INFO: op ←←→←←, 2154
[2026-03-05 20:46:11] INFO: op ←→→←←, 2040
[2026-03-05 20:46:11] INFO: op ←←←→←, 2059
[2026-03-05 20:46:11] INFO: op ←←→→←, 2047
[2026-03-05 20:46:11] INFO: op ←→→→←, 2032
[2026-03-05 20:46:11] INFO: op →←→←←, 1631
[2026-03-05 20:46:11] INFO: op →←←→←, 1578
[2026-03-05 20:46:11] INFO: op →→←→←, 1631
[2026-03-05 20:46:11] INFO: op →←→→←, 1578
[2026-03-05 20:46:11] INFO: op ←→←→←, 1295
[2026-03-05 20:46:11] INFO: [END]
