[2026-03-05 20:45:56] INFO: Logger initialized at log/log149063.log
[2026-03-05 20:45:56] INFO: Test 280th graph in data/list_660_graphs.g6: J~iWW\rYyn_
[2026-03-05 20:45:56] INFO: meta data: 
minimum degree >= 4
independent number <= 2
connected
[2026-03-05 20:45:56] INFO: Orientation of J~iWW\rYyn_ with min semidegree 2:
[0 1 0 1 0 0 0 0 0 0 0]
[0 0 0 0 0 0 0 0 0 1 1]
[1 1 0 0 0 0 0 0 0 0 0]
[0 1 1 0 0 0 0 0 0 0 1]
[1 0 1 0 0 0 0 0 0 0 0]
[1 0 0 1 1 0 0 0 0 0 0]
[0 0 0 0 1 1 0 0 0 0 0]
[0 0 0 0 1 1 1 0 0 0 0]
[0 1 1 1 0 0 1 1 0 0 0]
[0 0 1 0 1 0 1 1 1 0 0]
[0 0 0 0 0 1 1 1 1 1 0]
[2026-03-05 20:45:56] INFO: op ←←←, 246
[2026-03-05 20:45:56] INFO: op →←←, 186
[2026-03-05 20:45:56] INFO: op →→←, 186
[2026-03-05 20:45:56] INFO: op ←→←, 171
[2026-03-05 20:45:56] INFO: [END]
