[2026-03-05 20:45:11] INFO: Logger initialized at log/log140711.log
[2026-03-05 20:45:11] INFO: Test 61th graph in data/list_660_graphs.g6: H}CXZ^~
[2026-03-05 20:45:11] INFO: meta data: 
minimum degree >= 4
independent number <= 2
connected
[2026-03-05 20:45:11] INFO: Orientation of H}CXZ^~ with min semidegree 2:
[0 1 0 0 0 0 0 0 1]
[0 0 0 0 0 0 0 1 1]
[1 1 0 0 0 0 0 0 0]
[1 1 0 0 0 0 0 0 0]
[0 0 0 1 0 0 0 0 1]
[0 0 0 1 1 0 0 0 0]
[0 0 1 0 1 1 0 0 0]
[0 0 1 0 1 1 1 0 0]
[0 0 1 1 0 1 1 1 0]
[2026-03-05 20:45:11] INFO: op ←←←, 143
[2026-03-05 20:45:11] INFO: op →←←, 92
[2026-03-05 20:45:11] INFO: op →→←, 92
[2026-03-05 20:45:11] INFO: op ←→←, 69
[2026-03-05 20:45:11] INFO: [END]
