[2026-03-05 20:46:48] INFO: Logger initialized at log/log154486.log
[2026-03-05 20:46:48] INFO: Test 419th graph in data/list_660_graphs.g6: L}nuvU{TjMb^J^
[2026-03-05 20:46:48] INFO: meta data: 
minimum degree >= 4
independent number <= 2
connected
[2026-03-05 20:46:48] INFO: Orientation of L}nuvU{TjMb^J^ with min semidegree 4:
[0 0 0 0 1 1 0 1 1 0 0 0 0]
[1 0 0 0 0 0 1 0 0 1 1 0 0]
[1 1 0 0 0 0 0 0 0 0 1 0 1]
[1 1 0 0 0 0 0 0 1 0 0 1 0]
[0 0 1 1 0 0 0 0 0 0 0 1 1]
[0 1 1 1 0 0 0 0 0 0 0 0 1]
[1 0 0 1 1 0 0 0 0 0 0 1 0]
[0 1 1 0 1 0 1 0 0 0 0 0 0]
[0 0 1 0 1 1 0 0 0 0 0 0 1]
[0 0 0 1 0 1 1 0 1 0 0 0 0]
[0 0 0 0 0 1 1 1 0 1 0 0 0]
[0 0 0 0 0 0 0 1 1 1 1 0 0]
[0 0 0 0 0 0 0 1 0 1 1 1 0]
[2026-03-05 20:46:50] INFO: op ←←←←←←←, 42782
[2026-03-05 20:46:52] INFO: op →←←←←←←, 33217
[2026-03-05 20:46:54] INFO: op →→←←←←←, 33896
[2026-03-05 20:46:55] INFO: op →→→←←←←, 33792
[2026-03-05 20:46:57] INFO: op →→→→←←←, 33792
[2026-03-05 20:46:59] INFO: op →→→→→←←, 33896
[2026-03-05 20:47:01] INFO: op →→→→→→←, 33217
[2026-03-05 20:47:02] INFO: op ←→←←←←←, 24895
[2026-03-05 20:47:03] INFO: op ←←→←←←←, 25952
[2026-03-05 20:47:04] INFO: op ←→→←←←←, 25459
[2026-03-05 20:47:06] INFO: op ←←←→←←←, 26331
[2026-03-05 20:47:07] INFO: op ←←→→←←←, 26714
[2026-03-05 20:47:08] INFO: op ←→→→←←←, 26677
[2026-03-05 20:47:10] INFO: op ←←←←→←←, 25939
[2026-03-05 20:47:11] INFO: op ←←←→→←←, 26684
[2026-03-05 20:47:12] INFO: op ←←→→→←←, 26898
[2026-03-05 20:47:14] INFO: op ←→→→→←←, 26218
[2026-03-05 20:47:15] INFO: op ←←←←←→←, 24895
[2026-03-05 20:47:16] INFO: op ←←←←→→←, 25438
[2026-03-05 20:47:18] INFO: op ←←←→→→←, 26680
[2026-03-05 20:47:19] INFO: op ←←→→→→←, 26199
[2026-03-05 20:47:20] INFO: op ←→→→→→←, 25705
[2026-03-05 20:47:21] INFO: op →←→←←←←, 18012
[2026-03-05 20:47:22] INFO: op →←←→←←←, 19988
[2026-03-05 20:47:23] INFO: op →→←→←←←, 19979
[2026-03-05 20:47:24] INFO: op →←→→←←←, 19947
[2026-03-05 20:47:25] INFO: op →←←←→←←, 20686
[2026-03-05 20:47:26] INFO: op →→←←→←←, 20503
[2026-03-05 20:47:27] INFO: op →→→←→←←, 19979
[2026-03-05 20:47:28] INFO: op →←←→→←←, 19779
[2026-03-05 20:47:29] INFO: op →→←→→←←, 20503
[2026-03-05 20:47:30] INFO: op →←→→→←←, 19836
[2026-03-05 20:47:31] INFO: op →←←←←→←, 19211
[2026-03-05 20:47:32] INFO: op →→←←←→←, 19836
[2026-03-05 20:47:33] INFO: op →→→←←→←, 19947
[2026-03-05 20:47:34] INFO: op →→→→←→←, 18012
[2026-03-05 20:47:35] INFO: op →←←←→→←, 20253
[2026-03-05 20:47:36] INFO: op →→←←→→←, 19779
[2026-03-05 20:47:37] INFO: op →→→←→→←, 19988
[2026-03-05 20:47:38] INFO: op →←←→→→←, 20253
[2026-03-05 20:47:39] INFO: op →→←→→→←, 20686
[2026-03-05 20:47:40] INFO: op →←→→→→←, 19211
[2026-03-05 20:47:41] INFO: op ←→←→←←←, 13725
[2026-03-05 20:47:41] INFO: op ←→←←→←←, 15401
[2026-03-05 20:47:42] INFO: op ←←→←→←←, 14999
[2026-03-05 20:47:43] INFO: op ←→→←→←←, 15223
[2026-03-05 20:47:44] INFO: op ←→←→→←←, 14318
[2026-03-05 20:47:44] INFO: op ←→←←←→←, 14860
[2026-03-05 20:47:45] INFO: op ←←→←←→←, 15404
[2026-03-05 20:47:46] INFO: op ←→→←←→←, 14911
[2026-03-05 20:47:46] INFO: op ←←←→←→←, 13762
[2026-03-05 20:47:47] INFO: op ←←→→←→←, 14259
[2026-03-05 20:47:48] INFO: op ←→→→←→←, 14645
[2026-03-05 20:47:48] INFO: op ←→←←→→←, 14826
[2026-03-05 20:47:49] INFO: op ←←→←→→←, 15244
[2026-03-05 20:47:50] INFO: op ←→→←→→←, 15310
[2026-03-05 20:47:50] INFO: op ←→←→→→←, 14651
[2026-03-05 20:47:51] INFO: op →←→←→←←, 10244
[2026-03-05 20:47:51] INFO: op →←→←←→←, 10913
[2026-03-05 20:47:52] INFO: op →←←→←→←, 10557
[2026-03-05 20:47:52] INFO: op →→←→←→←, 10244
[2026-03-05 20:47:53] INFO: op →←→→←→←, 10913
[2026-03-05 20:47:53] INFO: op →←→←→→←, 10557
[2026-03-05 20:47:54] INFO: op ←→←→←→←, 7030
[2026-03-05 20:47:54] INFO: [END]
