[2026-03-05 20:49:05] INFO: Logger initialized at log/log164347.log
[2026-03-05 20:49:05] INFO: Test 656th graph in data/list_660_graphs.g6: K}nnnv|~a~f~
[2026-03-05 20:49:05] INFO: meta data: 
minimum degree >= 4
independent number <= 2
connected
[2026-03-05 20:49:05] INFO: Orientation of K}nnnv|~a~f~ with min semidegree 4:
[0 0 0 0 1 0 0 1 1 1 0 0]
[1 0 0 0 0 0 0 0 1 1 1 0]
[1 1 0 0 0 1 0 0 0 0 0 1]
[1 1 0 0 0 0 0 0 0 0 1 1]
[0 0 1 1 0 0 0 0 0 0 1 1]
[1 1 0 0 1 0 0 0 0 0 0 1]
[1 1 1 1 0 1 0 0 0 0 0 0]
[0 1 1 1 1 0 1 0 0 0 0 0]
[0 0 1 1 1 1 0 1 0 0 0 0]
[0 0 1 1 1 1 1 0 0 0 0 0]
[0 0 0 0 0 1 1 1 1 1 0 0]
[0 0 0 0 0 0 1 1 1 1 1 0]
[2026-03-05 20:49:08] INFO: op ←←←←←←←, 59637
[2026-03-05 20:49:10] INFO: op →←←←←←←, 49761
[2026-03-05 20:49:13] INFO: op →→←←←←←, 51871
[2026-03-05 20:49:15] INFO: op →→→←←←←, 52393
[2026-03-05 20:49:17] INFO: op →→→→←←←, 52393
[2026-03-05 20:49:20] INFO: op →→→→→←←, 51871
[2026-03-05 20:49:22] INFO: op →→→→→→←, 49761
[2026-03-05 20:49:24] INFO: op ←→←←←←←, 40518
[2026-03-05 20:49:26] INFO: op ←←→←←←←, 44024
[2026-03-05 20:49:27] INFO: op ←→→←←←←, 41725
[2026-03-05 20:49:30] INFO: op ←←←→←←←, 45349
[2026-03-05 20:49:32] INFO: op ←←→→←←←, 45274
[2026-03-05 20:49:33] INFO: op ←→→→←←←, 45067
[2026-03-05 20:49:35] INFO: op ←←←←→←←, 43987
[2026-03-05 20:49:37] INFO: op ←←←→→←←, 45230
[2026-03-05 20:49:39] INFO: op ←←→→→←←, 46019
[2026-03-05 20:49:41] INFO: op ←→→→→←←, 43592
[2026-03-05 20:49:43] INFO: op ←←←←←→←, 40477
[2026-03-05 20:49:45] INFO: op ←←←←→→←, 41699
[2026-03-05 20:49:47] INFO: op ←←←→→→←, 45098
[2026-03-05 20:49:49] INFO: op ←←→→→→←, 43575
[2026-03-05 20:49:51] INFO: op ←→→→→→←, 40964
[2026-03-05 20:49:52] INFO: op →←→←←←←, 31794
[2026-03-05 20:49:54] INFO: op →←←→←←←, 36375
[2026-03-05 20:49:55] INFO: op →→←→←←←, 37411
[2026-03-05 20:49:57] INFO: op →←→→←←←, 35843
[2026-03-05 20:49:58] INFO: op →←←←→←←, 38656
[2026-03-05 20:50:00] INFO: op →→←←→←←, 38060
[2026-03-05 20:50:02] INFO: op →→→←→←←, 37411
[2026-03-05 20:50:03] INFO: op →←←→→←←, 35223
[2026-03-05 20:50:05] INFO: op →→←→→←←, 38060
[2026-03-05 20:50:06] INFO: op →←→→→←←, 36599
[2026-03-05 20:50:08] INFO: op →←←←←→←, 33906
[2026-03-05 20:50:09] INFO: op →→←←←→←, 36599
[2026-03-05 20:50:11] INFO: op →→→←←→←, 35843
[2026-03-05 20:50:12] INFO: op →→→→←→←, 31794
[2026-03-05 20:50:14] INFO: op →←←←→→←, 36345
[2026-03-05 20:50:15] INFO: op →→←←→→←, 35223
[2026-03-05 20:50:17] INFO: op →→→←→→←, 36375
[2026-03-05 20:50:18] INFO: op →←←→→→←, 36345
[2026-03-05 20:50:20] INFO: op →→←→→→←, 38656
[2026-03-05 20:50:22] INFO: op →←→→→→←, 33906
[2026-03-05 20:50:23] INFO: op ←→←→←←←, 26557
[2026-03-05 20:50:24] INFO: op ←→←←→←←, 31296
[2026-03-05 20:50:25] INFO: op ←←→←→←←, 30332
[2026-03-05 20:50:27] INFO: op ←→→←→←←, 29715
[2026-03-05 20:50:28] INFO: op ←→←→→←←, 27335
[2026-03-05 20:50:29] INFO: op ←→←←←→←, 29627
[2026-03-05 20:50:30] INFO: op ←←→←←→←, 31196
[2026-03-05 20:50:32] INFO: op ←→→←←→←, 28086
[2026-03-05 20:50:33] INFO: op ←←←→←→←, 26486
[2026-03-05 20:50:34] INFO: op ←←→→←→←, 27406
[2026-03-05 20:50:35] INFO: op ←→→→←→←, 28841
[2026-03-05 20:50:36] INFO: op ←→←←→→←, 28062
[2026-03-05 20:50:38] INFO: op ←←→←→→←, 29834
[2026-03-05 20:50:39] INFO: op ←→→←→→←, 29950
[2026-03-05 20:50:40] INFO: op ←→←→→→←, 28865
[2026-03-05 20:50:41] INFO: op →←→←→←←, 21339
[2026-03-05 20:50:42] INFO: op →←→←←→←, 22855
[2026-03-05 20:50:43] INFO: op →←←→←→←, 21497
[2026-03-05 20:50:44] INFO: op →→←→←→←, 21339
[2026-03-05 20:50:45] INFO: op →←→→←→←, 22855
[2026-03-05 20:50:46] INFO: op →←→←→→←, 21497
[2026-03-05 20:50:46] INFO: op ←→←→←→←, 15229
[2026-03-05 20:50:46] INFO: [END]
