[2026-03-05 20:48:54] INFO: Logger initialized at log/log163181.log
[2026-03-05 20:48:54] INFO: Test 628th graph in data/list_660_graphs.g6: N}utZhjF~i\TffU^c~w
[2026-03-05 20:48:54] INFO: meta data: 
minimum degree >= 4
independent number <= 2
connected
[2026-03-05 20:48:54] INFO: Orientation of N}utZhjF~i\TffU^c~w with min semidegree 4:
[0 0 0 1 0 0 1 0 0 0 0 1 1 0 0]
[1 0 0 0 0 0 0 1 1 0 0 0 0 1 0]
[1 1 0 0 0 0 0 0 0 0 1 0 0 0 1]
[0 1 0 0 0 0 0 0 0 1 0 0 1 1 0]
[1 1 0 1 0 0 0 0 0 0 0 0 0 1 0]
[1 0 1 1 0 0 0 0 0 0 0 0 0 0 1]
[0 0 1 0 1 1 0 0 0 0 0 0 0 0 1]
[0 0 1 1 0 1 0 0 0 0 0 0 0 0 1]
[0 0 1 0 1 0 1 1 0 0 0 0 0 0 0]
[0 0 0 0 1 1 1 1 1 0 0 0 0 0 0]
[1 1 0 1 0 1 0 1 0 0 0 0 0 0 0]
[0 1 1 0 1 0 1 0 1 0 1 0 0 0 0]
[0 0 0 0 1 1 1 0 0 1 1 1 0 0 0]
[0 0 0 0 0 0 0 1 1 1 1 1 1 0 0]
[0 0 0 0 0 0 0 0 1 1 1 1 1 1 0]
[2026-03-05 20:49:03] INFO: op ←←←←←←←, 166236
[2026-03-05 20:49:09] INFO: op →←←←←←←, 138354
[2026-03-05 20:49:16] INFO: op →→←←←←←, 141273
[2026-03-05 20:49:22] INFO: op →→→←←←←, 144605
[2026-03-05 20:49:29] INFO: op →→→→←←←, 144605
[2026-03-05 20:49:35] INFO: op →→→→→←←, 141273
[2026-03-05 20:49:41] INFO: op →→→→→→←, 138354
[2026-03-05 20:49:46] INFO: op ←→←←←←←, 116665
[2026-03-05 20:49:52] INFO: op ←←→←←←←, 122504
[2026-03-05 20:49:57] INFO: op ←→→←←←←, 121110
[2026-03-05 20:50:02] INFO: op ←←←→←←←, 124552
[2026-03-05 20:50:08] INFO: op ←←→→←←←, 125545
[2026-03-05 20:50:13] INFO: op ←→→→←←←, 123978
[2026-03-05 20:50:19] INFO: op ←←←←→←←, 121304
[2026-03-05 20:50:24] INFO: op ←←←→→←←, 125267
[2026-03-05 20:50:29] INFO: op ←←→→→←←, 124987
[2026-03-05 20:50:35] INFO: op ←→→→→←←, 121963
[2026-03-05 20:50:40] INFO: op ←←←←←→←, 116718
[2026-03-05 20:50:45] INFO: op ←←←←→→←, 121871
[2026-03-05 20:50:50] INFO: op ←←←→→→←, 124137
[2026-03-05 20:50:55] INFO: op ←←→→→→←, 122477
[2026-03-05 20:51:00] INFO: op ←→→→→→←, 118133
[2026-03-05 20:51:05] INFO: op →←→←←←←, 94172
[2026-03-05 20:51:09] INFO: op →←←→←←←, 102593
[2026-03-05 20:51:13] INFO: op →→←→←←←, 98926
[2026-03-05 20:51:17] INFO: op →←→→←←←, 100487
[2026-03-05 20:51:22] INFO: op →←←←→←←, 102532
[2026-03-05 20:51:26] INFO: op →→←←→←←, 102743
[2026-03-05 20:51:30] INFO: op →→→←→←←, 98926
[2026-03-05 20:51:35] INFO: op →←←→→←←, 102245
[2026-03-05 20:51:39] INFO: op →→←→→←←, 102743
[2026-03-05 20:51:43] INFO: op →←→→→←←, 101154
[2026-03-05 20:51:48] INFO: op →←←←←→←, 98546
[2026-03-05 20:51:52] INFO: op →→←←←→←, 101154
[2026-03-05 20:51:56] INFO: op →→→←←→←, 100487
[2026-03-05 20:52:01] INFO: op →→→→←→←, 94172
[2026-03-05 20:52:05] INFO: op →←←←→→←, 102610
[2026-03-05 20:52:09] INFO: op →→←←→→←, 102245
[2026-03-05 20:52:14] INFO: op →→→←→→←, 102593
[2026-03-05 20:52:18] INFO: op →←←→→→←, 102610
[2026-03-05 20:52:22] INFO: op →→←→→→←, 102532
[2026-03-05 20:52:27] INFO: op →←→→→→←, 98546
[2026-03-05 20:52:30] INFO: op ←→←→←←←, 78856
[2026-03-05 20:52:34] INFO: op ←→←←→←←, 85958
[2026-03-05 20:52:37] INFO: op ←←→←→←←, 81747
[2026-03-05 20:52:41] INFO: op ←→→←→←←, 81893
[2026-03-05 20:52:44] INFO: op ←→←→→←←, 81381
[2026-03-05 20:52:48] INFO: op ←→←←←→←, 84049
[2026-03-05 20:52:51] INFO: op ←←→←←→←, 86139
[2026-03-05 20:52:55] INFO: op ←→→←←→←, 83671
[2026-03-05 20:52:58] INFO: op ←←←→←→←, 78930
[2026-03-05 20:53:02] INFO: op ←←→→←→←, 81062
[2026-03-05 20:53:05] INFO: op ←→→→←→←, 81700
[2026-03-05 20:53:09] INFO: op ←→←←→→←, 84145
[2026-03-05 20:53:12] INFO: op ←←→←→→←, 84725
[2026-03-05 20:53:16] INFO: op ←→→←→→←, 86214
[2026-03-05 20:53:19] INFO: op ←→←→→→←, 83073
[2026-03-05 20:53:22] INFO: op →←→←→←←, 62207
[2026-03-05 20:53:24] INFO: op →←→←←→←, 66070
[2026-03-05 20:53:27] INFO: op →←←→←→←, 64436
[2026-03-05 20:53:30] INFO: op →→←→←→←, 62207
[2026-03-05 20:53:32] INFO: op →←→→←→←, 66070
[2026-03-05 20:53:35] INFO: op →←→←→→←, 64436
[2026-03-05 20:53:37] INFO: op ←→←→←→←, 48832
[2026-03-05 20:53:37] INFO: [END]
