[2026-03-05 20:46:08] INFO: Logger initialized at log/log150608.log
[2026-03-05 20:46:08] INFO: Test 320th graph in data/list_660_graphs.g6: K}ncrGZTx^~~
[2026-03-05 20:46:08] INFO: meta data: 
minimum degree >= 4
independent number <= 2
connected
[2026-03-05 20:46:08] INFO: Orientation of K}ncrGZTx^~~ with min semidegree 3:
[0 0 1 0 1 0 0 0 0 0 0 1]
[1 0 0 0 0 0 0 0 0 1 0 1]
[0 1 0 0 0 0 0 0 0 0 1 1]
[1 1 0 0 0 0 0 0 0 0 0 1]
[0 0 1 1 0 0 0 0 0 0 1 0]
[1 1 1 0 0 0 0 0 0 0 0 0]
[1 0 0 1 1 0 0 0 0 0 0 0]
[0 1 1 0 0 1 0 0 0 0 0 0]
[0 0 0 1 1 0 1 1 0 0 0 0]
[0 0 0 1 0 1 1 1 1 0 0 0]
[0 0 0 0 0 1 1 1 1 1 0 0]
[0 0 0 0 1 1 1 1 1 1 1 0]
[2026-03-05 20:46:09] INFO: op ←←←←←, 4233
[2026-03-05 20:46:09] INFO: op →←←←←, 3271
[2026-03-05 20:46:09] INFO: op →→←←←, 3189
[2026-03-05 20:46:09] INFO: op →→→←←, 3189
[2026-03-05 20:46:09] INFO: op →→→→←, 3271
[2026-03-05 20:46:09] INFO: op ←→←←←, 2642
[2026-03-05 20:46:09] INFO: op ←←→←←, 2576
[2026-03-05 20:46:09] INFO: op ←→→←←, 2643
[2026-03-05 20:46:10] INFO: op ←←←→←, 2617
[2026-03-05 20:46:10] INFO: op ←←→→←, 2683
[2026-03-05 20:46:10] INFO: op ←→→→←, 2748
[2026-03-05 20:46:10] INFO: op →←→←←, 1708
[2026-03-05 20:46:10] INFO: op →←←→←, 2074
[2026-03-05 20:46:10] INFO: op →→←→←, 1708
[2026-03-05 20:46:10] INFO: op →←→→←, 2074
[2026-03-05 20:46:10] INFO: op ←→←→←, 1443
[2026-03-05 20:46:10] INFO: [END]
