[2026-03-05 20:46:04] INFO: Logger initialized at log/log150111.log
[2026-03-05 20:46:04] INFO: Test 309th graph in data/list_660_graphs.g6: K~BMXoxfz^^~
[2026-03-05 20:46:04] INFO: meta data: 
minimum degree >= 4
independent number <= 2
connected
[2026-03-05 20:46:04] INFO: Orientation of K~BMXoxfz^^~ with min semidegree 3:
[0 0 0 0 0 0 1 0 0 1 0 1]
[1 0 0 0 0 0 0 0 0 0 1 1]
[1 1 0 0 0 0 0 0 0 0 1 0]
[1 1 1 0 0 0 0 0 0 0 0 0]
[0 0 0 0 0 0 0 0 1 1 0 1]
[1 1 0 0 1 0 0 0 0 0 0 0]
[0 1 0 0 1 1 0 0 0 0 0 0]
[0 0 1 1 1 0 0 0 0 0 0 0]
[0 0 1 1 0 0 0 1 0 0 0 0]
[0 0 0 1 0 1 1 1 1 0 0 0]
[0 0 0 0 1 1 1 1 1 0 0 0]
[0 0 1 1 0 1 1 1 1 1 1 0]
[2026-03-05 20:46:04] INFO: op ←←←←←, 3812
[2026-03-05 20:46:04] INFO: op →←←←←, 2990
[2026-03-05 20:46:04] INFO: op →→←←←, 2942
[2026-03-05 20:46:04] INFO: op →→→←←, 2942
[2026-03-05 20:46:04] INFO: op →→→→←, 2990
[2026-03-05 20:46:04] INFO: op ←→←←←, 2744
[2026-03-05 20:46:05] INFO: op ←←→←←, 2730
[2026-03-05 20:46:05] INFO: op ←→→←←, 2553
[2026-03-05 20:46:05] INFO: op ←←←→←, 2646
[2026-03-05 20:46:05] INFO: op ←←→→←, 2677
[2026-03-05 20:46:05] INFO: op ←→→→←, 2626
[2026-03-05 20:46:05] INFO: op →←→←←, 2009
[2026-03-05 20:46:05] INFO: op →←←→←, 2106
[2026-03-05 20:46:05] INFO: op →→←→←, 2009
[2026-03-05 20:46:05] INFO: op →←→→←, 2106
[2026-03-05 20:46:05] INFO: op ←→←→←, 1768
[2026-03-05 20:46:05] INFO: [END]
