[2026-03-05 20:45:38] INFO: Logger initialized at log/log146930.log
[2026-03-05 20:45:38] INFO: Test 226th graph in data/list_660_graphs.g6: K~?KY[nF~~~~
[2026-03-05 20:45:38] INFO: meta data: 
minimum degree >= 4
independent number <= 2
connected
[2026-03-05 20:45:38] INFO: Orientation of K~?KY[nF~~~~ with min semidegree 3:
[0 0 1 0 0 0 0 0 0 0 1 1]
[1 0 0 0 0 0 0 0 0 0 1 1]
[0 1 0 0 0 0 0 0 0 0 1 1]
[1 1 1 0 0 0 0 0 0 0 0 0]
[0 0 0 0 0 0 0 1 1 1 0 0]
[0 0 0 0 1 0 0 0 1 1 0 0]
[1 0 0 0 1 1 0 0 0 0 0 0]
[0 1 0 0 0 1 1 0 0 0 0 0]
[0 0 1 0 0 0 1 1 0 0 0 0]
[0 0 0 1 0 0 1 1 1 0 0 0]
[0 0 0 1 1 1 1 1 1 1 0 0]
[0 0 0 1 1 1 1 1 1 1 1 0]
[2026-03-05 20:45:38] INFO: op ←←←←←, 4138
[2026-03-05 20:45:38] INFO: op →←←←←, 3410
[2026-03-05 20:45:38] INFO: op →→←←←, 3560
[2026-03-05 20:45:38] INFO: op →→→←←, 3560
[2026-03-05 20:45:38] INFO: op →→→→←, 3410
[2026-03-05 20:45:39] INFO: op ←→←←←, 3434
[2026-03-05 20:45:39] INFO: op ←←→←←, 3393
[2026-03-05 20:45:39] INFO: op ←→→←←, 3011
[2026-03-05 20:45:39] INFO: op ←←←→←, 2956
[2026-03-05 20:45:39] INFO: op ←←→→←, 2908
[2026-03-05 20:45:39] INFO: op ←→→→←, 2824
[2026-03-05 20:45:39] INFO: op →←→←←, 2512
[2026-03-05 20:45:39] INFO: op →←←→←, 2289
[2026-03-05 20:45:40] INFO: op →→←→←, 2512
[2026-03-05 20:45:40] INFO: op →←→→←, 2289
[2026-03-05 20:45:40] INFO: op ←→←→←, 2279
[2026-03-05 20:45:40] INFO: [END]
