[2026-03-05 20:46:53] INFO: Logger initialized at log/log155177.log
[2026-03-05 20:46:53] INFO: Test 436th graph in data/list_660_graphs.g6: L~AIX[^zu|Vl]{
[2026-03-05 20:46:53] INFO: meta data: 
minimum degree >= 4
independent number <= 2
connected
[2026-03-05 20:46:53] INFO: Orientation of L~AIX[^zu|Vl]{ with min semidegree 3:
[0 0 0 0 0 0 0 0 0 1 1 1 0]
[1 0 0 0 0 0 0 0 0 1 1 0 1]
[1 1 0 0 0 0 0 0 0 0 0 1 1]
[1 1 1 0 0 0 0 0 0 0 0 0 0]
[0 0 0 0 0 0 0 1 0 0 0 1 1]
[1 0 0 0 1 0 0 0 1 0 0 0 0]
[0 1 0 0 1 1 0 0 0 0 0 0 0]
[0 0 1 0 0 1 1 0 0 0 0 0 0]
[0 0 0 1 1 0 1 1 0 0 0 0 0]
[0 0 1 0 1 1 1 1 0 0 0 0 0]
[0 0 0 1 1 1 1 0 1 0 0 0 0]
[0 0 0 1 0 1 0 1 1 0 1 0 0]
[0 0 0 1 0 0 1 1 1 1 0 0 0]
[2026-03-05 20:46:53] INFO: op ←←←←←, 4763
[2026-03-05 20:46:54] INFO: op →←←←←, 4094
[2026-03-05 20:46:54] INFO: op →→←←←, 4301
[2026-03-05 20:46:54] INFO: op →→→←←, 4301
[2026-03-05 20:46:54] INFO: op →→→→←, 4094
[2026-03-05 20:46:54] INFO: op ←→←←←, 3623
[2026-03-05 20:46:54] INFO: op ←←→←←, 3679
[2026-03-05 20:46:54] INFO: op ←→→←←, 3522
[2026-03-05 20:46:55] INFO: op ←←←→←, 3398
[2026-03-05 20:46:55] INFO: op ←←→→←, 3517
[2026-03-05 20:46:55] INFO: op ←→→→←, 3464
[2026-03-05 20:46:55] INFO: op →←→←←, 3055
[2026-03-05 20:46:55] INFO: op →←←→←, 2886
[2026-03-05 20:46:55] INFO: op →→←→←, 3055
[2026-03-05 20:46:55] INFO: op →←→→←, 2886
[2026-03-05 20:46:55] INFO: op ←→←→←, 2479
[2026-03-05 20:46:55] INFO: [END]
