[2026-02-12 08:49:12] INFO: Logger initialized at log/log9718.log
[2026-02-12 08:49:12] INFO: k 5, n 18, seed 173
[2026-02-12 08:49:14] INFO: Logger initialized at log/log9753.log
[2026-02-12 08:49:14] INFO: k 5, n 20, seed 504
[2026-02-12 08:49:16] INFO: Logger initialized at log/log9788.log
[2026-02-12 08:49:16] INFO: k 3, n 11, seed 97
[2026-02-12 08:49:17] INFO: Logger initialized at log/log9823.log
[2026-02-12 08:49:17] INFO: k 4, n 12, seed 142
[2026-02-12 08:49:17] INFO: Logger initialized at log/log9858.log
[2026-02-12 08:49:17] INFO: k 3, n 12, seed 94
[2026-02-12 08:49:18] INFO: [Done] k 3, n 11, seed 97, p ←←←←←
[2026-02-12 08:49:18] INFO: k 5, n 17, seed 796
[2026-02-12 08:49:20] INFO: [Done] k 3, n 12, seed 94, p ←←←←←
[2026-02-12 08:49:20] INFO: k 5, n 20, seed 157
[2026-02-12 08:49:35] INFO: [Done] k 4, n 12, seed 142, p ←←←←←←←
[2026-02-12 08:49:35] INFO: k 5, n 18, seed 53
[2026-02-12 08:50:10] INFO: Logger initialized at log/log9894.log
[2026-02-12 08:50:10] INFO: k 4, n 15, seed 170
[2026-02-12 08:50:12] INFO: Logger initialized at log/log9929.log
[2026-02-12 08:50:12] INFO: k 5, n 18, seed 273
[2026-02-12 08:50:13] INFO: Logger initialized at log/log9964.log
[2026-02-12 08:50:13] INFO: k 3, n 18, seed 796
[2026-02-12 08:50:14] INFO: Logger initialized at log/log9999.log
[2026-02-12 08:50:14] INFO: k 4, n 10, seed 503
[2026-02-12 08:50:14] INFO: Logger initialized at log/log10034.log
[2026-02-12 08:50:14] INFO: k 4, n 11, seed 796
[2026-02-12 08:50:21] INFO: [Done] k 4, n 10, seed 503, p ←←←←←←←
[2026-02-12 08:50:21] INFO: k 5, n 11, seed 309
[2026-02-12 08:50:24] INFO: [Done] k 3, n 18, seed 796, p ←←←←←
[2026-02-12 08:50:24] INFO: k 4, n 19, seed 326
[2026-02-12 08:50:27] INFO: [Done] k 4, n 11, seed 796, p ←←←←←←←
[2026-02-12 08:50:27] INFO: k 3, n 11, seed 306
[2026-02-12 08:50:29] INFO: [Done] k 3, n 11, seed 306, p ←←←←←
[2026-02-12 08:50:29] INFO: k 4, n 12, seed 207
[2026-02-12 08:50:48] INFO: [Done] k 4, n 12, seed 207, p ←←←←←←←
[2026-02-12 08:50:48] INFO: k 4, n 9, seed 77
[2026-02-12 08:50:51] INFO: [Done] k 4, n 9, seed 77, p ←←←←←←←
[2026-02-12 08:50:51] INFO: k 5, n 12, seed 173
[2026-02-12 08:50:52] INFO: [Done] k 5, n 11, seed 309, p ←←←←←←←←←
[2026-02-12 08:50:52] INFO: k 3, n 9, seed 757
[2026-02-12 08:50:53] INFO: [Done] k 3, n 9, seed 757, p ←←←←←
[2026-02-12 08:50:53] INFO: k 4, n 11, seed 122
[2026-02-12 08:51:01] INFO: [Done] k 4, n 15, seed 170, p ←←←←←←←
[2026-02-12 08:51:01] INFO: k 3, n 8, seed 474
[2026-02-12 08:51:01] INFO: [Done] k 3, n 8, seed 474, p ←←←←←
[2026-02-12 08:51:01] INFO: k 5, n 12, seed 100
[2026-02-12 08:51:05] INFO: [Done] k 4, n 11, seed 122, p ←←←←←←←
[2026-02-12 08:51:05] INFO: k 4, n 11, seed 239
[2026-02-12 08:51:17] INFO: [Done] k 4, n 11, seed 239, p ←←←←←←←
[2026-02-12 08:51:17] INFO: k 4, n 13, seed 407
[2026-02-12 08:51:44] INFO: [Done] k 4, n 13, seed 407, p ←←←←←←←
[2026-02-12 08:51:44] INFO: k 3, n 7, seed 534
[2026-02-12 08:51:44] INFO: [Done] k 3, n 7, seed 534, p ←←←←←
[2026-02-12 08:51:44] INFO: k 5, n 11, seed 571
[2026-02-12 08:52:10] INFO: [Done] k 5, n 12, seed 173, p ←←←←←←←←←
[2026-02-12 08:52:10] INFO: k 5, n 19, seed 597
[2026-02-12 08:52:15] INFO: [Done] k 5, n 11, seed 571, p ←←←←←←←←←
[2026-02-12 08:52:15] INFO: k 3, n 15, seed 113
[2026-02-12 08:52:18] INFO: [Done] k 5, n 12, seed 100, p ←←←←←←←←←
[2026-02-12 08:52:18] INFO: k 5, n 18, seed 400
[2026-02-12 08:52:21] INFO: [Done] k 3, n 15, seed 113, p ←←←←←
[2026-02-12 08:52:21] INFO: k 4, n 18, seed 823
[2026-02-12 08:53:09] INFO: [Done] k 4, n 19, seed 326, p ←←←←←←←
[2026-02-12 08:53:09] INFO: k 4, n 20, seed 440
[2026-02-12 08:54:19] INFO: [Done] k 4, n 18, seed 823, p ←←←←←←←
[2026-02-12 08:54:19] INFO: k 3, n 10, seed 709
[2026-02-12 08:54:20] INFO: [Done] k 3, n 10, seed 709, p ←←←←←
[2026-02-12 08:54:20] INFO: k 3, n 19, seed 144
[2026-02-12 08:54:33] INFO: [Done] k 3, n 19, seed 144, p ←←←←←
[2026-02-12 08:54:33] INFO: k 3, n 14, seed 439
[2026-02-12 08:54:38] INFO: [Done] k 3, n 14, seed 439, p ←←←←←
[2026-02-12 08:54:38] INFO: k 5, n 15, seed 926
[2026-02-12 08:56:40] INFO: [Done] k 4, n 20, seed 440, p ←←←←←←←
[2026-02-12 08:56:40] INFO: k 3, n 10, seed 120
[2026-02-12 08:56:41] INFO: [Done] k 3, n 10, seed 120, p ←←←←←
[2026-02-12 08:56:41] INFO: k 5, n 11, seed 677
[2026-02-12 08:57:13] INFO: [Done] k 5, n 11, seed 677, p ←←←←←←←←←
[2026-02-12 08:57:13] INFO: k 5, n 11, seed 302
[2026-02-12 08:57:36] INFO: [Done] k 5, n 17, seed 796, p ←←←←←←←←←
[2026-02-12 08:57:36] INFO: k 5, n 13, seed 457
[2026-02-12 08:57:45] INFO: [Done] k 5, n 11, seed 302, p ←←←←←←←←←
[2026-02-12 08:57:45] INFO: k 4, n 9, seed 267
[2026-02-12 08:57:49] INFO: [Done] k 4, n 9, seed 267, p ←←←←←←←
[2026-02-12 08:57:49] INFO: k 5, n 17, seed 407
[2026-02-12 08:58:38] INFO: [Done] k 5, n 15, seed 926, p ←←←←←←←←←
[2026-02-12 08:58:38] INFO: k 4, n 17, seed 562
[2026-02-12 08:59:37] INFO: [Done] k 5, n 13, seed 457, p ←←←←←←←←←
[2026-02-12 08:59:37] INFO: k 4, n 16, seed 955
[2026-02-12 09:00:08] INFO: [Done] k 4, n 17, seed 562, p ←←←←←←←
[2026-02-12 09:00:08] INFO: k 3, n 12, seed 607
[2026-02-12 09:00:11] INFO: [Done] k 3, n 12, seed 607, p ←←←←←
[2026-02-12 09:00:11] INFO: k 5, n 20, seed 428
[2026-02-12 09:00:18] INFO: [Done] k 5, n 18, seed 173, p ←←←←←←←←←
[2026-02-12 09:00:18] INFO: k 4, n 20, seed 739
[2026-02-12 09:00:37] INFO: [Done] k 5, n 18, seed 53, p ←←←←←←←←←
[2026-02-12 09:00:37] INFO: k 4, n 18, seed 639
[2026-02-12 09:00:45] INFO: [Done] k 4, n 16, seed 955, p ←←←←←←←
[2026-02-12 09:00:45] INFO: k 3, n 19, seed 586
[2026-02-12 09:00:58] INFO: [Done] k 3, n 19, seed 586, p ←←←←←
[2026-02-12 09:00:58] INFO: k 3, n 11, seed 725
[2026-02-12 09:01:00] INFO: [Done] k 5, n 18, seed 273, p ←←←←←←←←←
[2026-02-12 09:01:00] INFO: k 5, n 14, seed 690
[2026-02-12 09:01:00] INFO: [Done] k 3, n 11, seed 725, p ←←←←←
[2026-02-12 09:01:00] INFO: k 3, n 8, seed 626
[2026-02-12 09:01:01] INFO: [Done] k 3, n 8, seed 626, p ←←←←←
[2026-02-12 09:01:01] INFO: k 3, n 19, seed 215
[2026-02-12 09:01:13] INFO: [Done] k 3, n 19, seed 215, p ←←←←←
[2026-02-12 09:01:13] INFO: k 3, n 15, seed 691
[2026-02-12 09:01:19] INFO: [Done] k 3, n 15, seed 691, p ←←←←←
[2026-02-12 09:01:19] INFO: k 3, n 11, seed 639
[2026-02-12 09:01:21] INFO: [Done] k 3, n 11, seed 639, p ←←←←←
[2026-02-12 09:01:21] INFO: k 4, n 18, seed 387
[2026-02-12 09:02:42] INFO: [Done] k 4, n 18, seed 639, p ←←←←←←←
[2026-02-12 09:02:42] INFO: k 3, n 17, seed 852
[2026-02-12 09:02:51] INFO: [Done] k 3, n 17, seed 852, p ←←←←←
[2026-02-12 09:02:51] INFO: k 4, n 10, seed 162
[2026-02-12 09:02:59] INFO: [Done] k 4, n 10, seed 162, p ←←←←←←←
[2026-02-12 09:02:59] INFO: k 3, n 15, seed 440
[2026-02-12 09:03:05] INFO: [Done] k 3, n 15, seed 440, p ←←←←←
[2026-02-12 09:03:05] INFO: k 4, n 11, seed 182
[2026-02-12 09:03:12] INFO: [Done] k 5, n 18, seed 400, p ←←←←←←←←←
[2026-02-12 09:03:12] INFO: k 3, n 10, seed 422
[2026-02-12 09:03:14] INFO: [Done] k 3, n 10, seed 422, p ←←←←←
[2026-02-12 09:03:14] INFO: k 4, n 17, seed 35
[2026-02-12 09:03:18] INFO: [Done] k 4, n 11, seed 182, p ←←←←←←←
[2026-02-12 09:03:18] INFO: k 5, n 15, seed 881
[2026-02-12 09:03:22] INFO: [Done] k 4, n 18, seed 387, p ←←←←←←←
[2026-02-12 09:03:22] INFO: k 3, n 8, seed 131
[2026-02-12 09:03:22] INFO: [Done] k 3, n 8, seed 131, p ←←←←←
[2026-02-12 09:03:22] INFO: k 3, n 16, seed 138
[2026-02-12 09:03:30] INFO: [Done] k 3, n 16, seed 138, p ←←←←←
[2026-02-12 09:03:30] INFO: k 4, n 11, seed 518
[2026-02-12 09:03:42] INFO: [Done] k 4, n 11, seed 518, p ←←←←←←←
[2026-02-12 09:03:42] INFO: k 4, n 20, seed 893
[2026-02-12 09:03:43] INFO: [Done] k 4, n 20, seed 739, p ←←←←←←←
[2026-02-12 09:03:43] INFO: k 5, n 14, seed 417
[2026-02-12 09:04:01] INFO: [Done] k 5, n 14, seed 690, p ←←←←←←←←←
[2026-02-12 09:04:01] INFO: k 4, n 10, seed 305
[2026-02-12 09:04:09] INFO: [Done] k 4, n 10, seed 305, p ←←←←←←←
[2026-02-12 09:04:09] INFO: k 3, n 11, seed 883
[2026-02-12 09:04:11] INFO: [Done] k 3, n 11, seed 883, p ←←←←←
[2026-02-12 09:04:11] INFO: k 4, n 16, seed 619
[2026-02-12 09:04:44] INFO: [Done] k 4, n 17, seed 35, p ←←←←←←←
[2026-02-12 09:04:44] INFO: k 3, n 20, seed 726
[2026-02-12 09:04:59] INFO: [Done] k 3, n 20, seed 726, p ←←←←←
[2026-02-12 09:04:59] INFO: k 3, n 13, seed 818
[2026-02-12 09:05:03] INFO: [Done] k 3, n 13, seed 818, p ←←←←←
[2026-02-12 09:05:03] INFO: k 4, n 14, seed 535
[2026-02-12 09:05:20] INFO: [Done] k 4, n 16, seed 619, p ←←←←←←←
[2026-02-12 09:05:20] INFO: k 3, n 16, seed 720
[2026-02-12 09:05:27] INFO: [Done] k 3, n 16, seed 720, p ←←←←←
[2026-02-12 09:05:27] INFO: k 5, n 19, seed 959
[2026-02-12 09:05:40] INFO: [Done] k 4, n 14, seed 535, p ←←←←←←←
[2026-02-12 09:05:40] INFO: k 5, n 17, seed 954
[2026-02-12 09:06:22] INFO: [Done] k 5, n 17, seed 407, p ←←←←←←←←←
[2026-02-12 09:06:22] INFO: k 4, n 16, seed 20
[2026-02-12 09:06:41] INFO: [Done] k 5, n 14, seed 417, p ←←←←←←←←←
[2026-02-12 09:06:41] INFO: k 5, n 13, seed 949
[2026-02-12 09:07:00] INFO: [Done] k 4, n 20, seed 893, p ←←←←←←←
[2026-02-12 09:07:00] INFO: k 4, n 12, seed 793
[2026-02-12 09:07:18] INFO: [Done] k 4, n 12, seed 793, p ←←←←←←←
[2026-02-12 09:07:18] INFO: k 3, n 18, seed 835
[2026-02-12 09:07:29] INFO: [Done] k 3, n 18, seed 835, p ←←←←←
[2026-02-12 09:07:29] INFO: k 3, n 11, seed 337
[2026-02-12 09:07:31] INFO: [Done] k 3, n 11, seed 337, p ←←←←←
[2026-02-12 09:07:31] INFO: k 3, n 10, seed 925
[2026-02-12 09:07:33] INFO: [Done] k 3, n 10, seed 925, p ←←←←←
[2026-02-12 09:07:33] INFO: k 4, n 14, seed 49
[2026-02-12 09:07:34] INFO: [Done] k 4, n 16, seed 20, p ←←←←←←←
[2026-02-12 09:07:34] INFO: k 4, n 11, seed 9
[2026-02-12 09:07:37] INFO: [Done] k 5, n 19, seed 597, p ←←←←←←←←←
[2026-02-12 09:07:37] INFO: k 3, n 16, seed 343
[2026-02-12 09:07:41] INFO: [Done] k 5, n 15, seed 881, p ←←←←←←←←←
[2026-02-12 09:07:41] INFO: k 5, n 13, seed 746
[2026-02-12 09:07:44] INFO: [Done] k 3, n 16, seed 343, p ←←←←←
[2026-02-12 09:07:44] INFO: k 3, n 11, seed 783
[2026-02-12 09:07:46] INFO: [Done] k 4, n 11, seed 9, p ←←←←←←←
[2026-02-12 09:07:46] INFO: k 3, n 7, seed 92
[2026-02-12 09:07:47] INFO: [Done] k 3, n 11, seed 783, p ←←←←←
[2026-02-12 09:07:47] INFO: k 3, n 17, seed 524
[2026-02-12 09:07:47] INFO: [Done] k 3, n 7, seed 92, p ←←←←←
[2026-02-12 09:07:47] INFO: k 5, n 16, seed 583
[2026-02-12 09:07:55] INFO: [Done] k 3, n 17, seed 524, p ←←←←←
[2026-02-12 09:07:55] INFO: k 5, n 14, seed 963
[2026-02-12 09:08:09] INFO: [Done] k 4, n 14, seed 49, p ←←←←←←←
[2026-02-12 09:08:09] INFO: k 3, n 7, seed 701
[2026-02-12 09:08:09] INFO: [Done] k 3, n 7, seed 701, p ←←←←←
[2026-02-12 09:08:09] INFO: k 5, n 17, seed 147
[2026-02-12 09:08:27] INFO: [Done] k 5, n 20, seed 504, p ←←←←←←←←←
[2026-02-12 09:08:27] INFO: k 4, n 13, seed 852
[2026-02-12 09:08:45] INFO: [Done] k 5, n 13, seed 949, p ←←←←←←←←←
[2026-02-12 09:08:45] INFO: k 4, n 13, seed 933
[2026-02-12 09:08:52] INFO: [Done] k 5, n 20, seed 157, p ←←←←←←←←←
[2026-02-12 09:08:52] INFO: k 3, n 11, seed 864
[2026-02-12 09:08:53] INFO: [Done] k 4, n 13, seed 852, p ←←←←←←←
[2026-02-12 09:08:53] INFO: k 5, n 12, seed 112
[2026-02-12 09:08:54] INFO: [Done] k 3, n 11, seed 864, p ←←←←←
[2026-02-12 09:08:54] INFO: k 4, n 12, seed 411
[2026-02-12 09:09:13] INFO: [Done] k 4, n 12, seed 411, p ←←←←←←←
[2026-02-12 09:09:13] INFO: k 4, n 20, seed 17
[2026-02-12 09:09:13] INFO: [Done] k 4, n 13, seed 933, p ←←←←←←←
[2026-02-12 09:09:13] INFO: k 3, n 8, seed 8
[2026-02-12 09:09:14] INFO: [Done] k 3, n 8, seed 8, p ←←←←←
[2026-02-12 09:09:14] INFO: k 5, n 11, seed 221
[2026-02-12 09:09:45] INFO: [Done] k 5, n 13, seed 746, p ←←←←←←←←←
[2026-02-12 09:09:45] INFO: k 4, n 11, seed 8
[2026-02-12 09:09:45] INFO: [Done] k 5, n 11, seed 221, p ←←←←←←←←←
[2026-02-12 09:09:45] INFO: k 3, n 20, seed 211
[2026-02-12 09:09:58] INFO: [Done] k 4, n 11, seed 8, p ←←←←←←←
[2026-02-12 09:09:58] INFO: k 5, n 17, seed 553
[2026-02-12 09:10:01] INFO: [Done] k 3, n 20, seed 211, p ←←←←←
[2026-02-12 09:10:01] INFO: k 5, n 16, seed 369
[2026-02-12 09:10:11] INFO: [Done] k 5, n 12, seed 112, p ←←←←←←←←←
[2026-02-12 09:10:11] INFO: k 3, n 12, seed 921
[2026-02-12 09:10:14] INFO: [Done] k 3, n 12, seed 921, p ←←←←←
[2026-02-12 09:10:14] INFO: k 5, n 19, seed 142
[2026-02-12 09:10:56] INFO: [Done] k 5, n 14, seed 963, p ←←←←←←←←←
[2026-02-12 09:10:56] INFO: k 3, n 11, seed 380
[2026-02-12 09:10:58] INFO: [Done] k 3, n 11, seed 380, p ←←←←←
[2026-02-12 09:10:58] INFO: k 5, n 11, seed 436
