[2026-03-06 10:47:52] INFO: Logger initialized at log/log292630.log
[2026-03-06 10:47:52] INFO: Test 17th graph in data/list_1775_graphs.g6: RRQHPOVDrGR@o?o?W?@@n@pwRJ_Pv?
[2026-03-06 10:47:52] INFO: meta data: 
minimum degree >= 6
independent number >= 2
connected
Not regular
[2026-03-06 10:47:52] INFO: Orientation of RRQHPOVDrGR@o?o?W?@@n@pwRJ_Pv? with min semidegree 3:
[0 0 0 0 0 1 0 0 0 0 0 1 1 0 0 0 0 0 0]
[0 0 0 0 0 0 0 0 0 0 1 0 0 1 1 0 0 0 0]
[1 0 0 0 0 0 1 0 0 0 0 0 0 0 0 1 0 0 0]
[0 1 1 0 0 0 0 0 0 0 0 0 0 0 0 0 0 1 0]
[0 1 0 0 0 1 0 0 0 0 0 0 0 0 0 0 0 0 1]
[0 0 0 0 0 0 0 0 1 1 0 0 0 0 0 0 1 0 0]
[0 0 0 0 1 0 0 0 0 0 0 0 0 0 0 0 1 1 0]
[0 0 1 0 1 0 0 0 0 0 0 0 0 0 0 0 1 0 0]
[0 0 0 1 0 0 1 1 0 0 0 0 0 0 0 0 0 0 0]
[0 0 0 1 0 0 1 1 0 0 0 0 0 0 0 0 0 0 0]
[0 0 1 0 0 1 0 0 0 0 0 0 0 0 0 0 0 0 1]
[0 0 0 1 1 0 0 0 0 0 1 0 0 0 0 0 0 0 0]
[0 1 0 0 0 0 0 0 0 0 0 0 0 0 0 0 0 1 1]
[1 0 0 0 0 0 0 0 0 0 0 0 0 0 0 1 0 1 0]
[1 0 0 0 0 0 0 0 0 0 0 0 0 0 0 1 0 0 1]
[0 0 0 0 0 0 0 0 1 1 0 1 1 0 0 0 0 0 0]
[0 0 0 0 0 0 0 0 0 0 0 1 1 1 1 0 0 0 0]
[0 0 0 0 0 0 0 1 0 0 1 0 0 0 1 0 0 0 0]
[0 0 0 0 0 0 0 0 1 1 0 0 0 1 0 0 0 0 0]
[2026-03-06 10:47:52] INFO: op ←←←←←, 4365
[2026-03-06 10:47:52] INFO: op →←←←←, 3077
[2026-03-06 10:47:52] INFO: op →→←←←, 3046
[2026-03-06 10:47:53] INFO: op →→→←←, 3046
[2026-03-06 10:47:53] INFO: op →→→→←, 3077
[2026-03-06 10:47:53] INFO: op ←→←←←, 2092
[2026-03-06 10:47:53] INFO: op ←←→←←, 2024
[2026-03-06 10:47:53] INFO: op ←→→←←, 1998
[2026-03-06 10:47:53] INFO: op ←←←→←, 2093
[2026-03-06 10:47:53] INFO: op ←←→→←, 2005
[2026-03-06 10:47:53] INFO: op ←→→→←, 2172
[2026-03-06 10:47:53] INFO: op →←→←←, 1339
[2026-03-06 10:47:53] INFO: op →←←→←, 1345
[2026-03-06 10:47:53] INFO: op →→←→←, 1339
[2026-03-06 10:47:53] INFO: op →←→→←, 1345
[2026-03-06 10:47:53] INFO: op ←→←→←, 936
[2026-03-06 10:47:53] INFO: [END]
