[2026-03-06 10:47:57] INFO: Logger initialized at log/log293058.log
[2026-03-06 10:47:58] INFO: Test 28th graph in data/list_1775_graphs.g6: S?NE@bGKmAE`?xBE}?F_?Bo?N??@Jw?tw
[2026-03-06 10:47:58] INFO: meta data: 
minimum degree >= 6
independent number >= 2
connected
Not regular
[2026-03-06 10:47:58] INFO: Orientation of S?NE@bGKmAE`?xBE}?F_?Bo?N??@Jw?tw with min semidegree 3:
[0 0 0 0 0 1 0 0 0 0 0 0 0 0 1 1 0 0 0 0]
[0 0 0 0 0 0 0 0 1 0 1 0 0 0 1 0 0 0 0 0]
[0 0 0 0 0 0 0 0 0 1 0 1 0 0 0 1 0 0 0 0]
[0 0 0 0 0 0 0 0 0 1 0 1 0 0 1 0 0 0 0 0]
[0 0 1 1 0 0 0 0 0 0 0 0 0 0 0 0 1 0 0 0]
[0 1 0 0 0 0 0 0 0 0 0 0 0 1 0 0 0 1 0 0]
[1 1 0 0 0 0 0 0 0 0 0 0 1 0 0 0 0 0 0 0]
[0 0 1 1 0 0 0 0 0 0 1 0 0 0 0 0 0 0 0 0]
[1 0 0 0 1 0 0 0 0 0 0 0 0 0 0 0 0 0 1 0]
[0 0 0 0 0 0 1 0 1 0 0 0 0 0 0 0 0 0 0 1]
[1 0 0 0 0 0 0 0 0 0 0 0 0 1 0 0 0 0 0 1]
[0 0 0 0 0 1 0 0 0 0 1 0 1 0 0 0 0 0 0 0]
[0 0 0 0 0 0 0 1 1 0 0 0 0 0 0 0 0 0 0 1]
[0 0 0 0 1 0 0 0 0 1 0 0 1 0 0 0 0 0 0 0]
[0 0 1 0 0 0 0 0 0 0 0 0 0 0 0 0 0 0 1 1]
[0 1 0 1 0 0 0 0 0 0 0 0 0 0 0 0 0 0 1 0]
[0 0 0 0 0 1 1 1 0 0 0 0 0 0 0 0 0 0 0 0]
[0 0 0 0 1 0 1 1 0 0 0 0 0 0 0 0 0 0 0 0]
[0 0 0 0 0 0 0 0 0 0 0 1 0 1 0 0 1 1 0 0]
[0 0 0 0 0 0 0 0 0 0 0 0 0 0 0 1 1 1 0 0]
[2026-03-06 10:47:58] INFO: op ←←←←←, 4365
[2026-03-06 10:47:58] INFO: op →←←←←, 2950
[2026-03-06 10:47:58] INFO: op →→←←←, 2977
[2026-03-06 10:47:58] INFO: op →→→←←, 2977
[2026-03-06 10:47:58] INFO: op →→→→←, 2950
[2026-03-06 10:47:58] INFO: op ←→←←←, 1923
[2026-03-06 10:47:58] INFO: op ←←→←←, 1855
[2026-03-06 10:47:58] INFO: op ←→→←←, 1984
[2026-03-06 10:47:58] INFO: op ←←←→←, 1924
[2026-03-06 10:47:58] INFO: op ←←→→←, 1985
[2026-03-06 10:47:58] INFO: op ←→→→←, 2040
[2026-03-06 10:47:59] INFO: op →←→←←, 1339
[2026-03-06 10:47:59] INFO: op →←←→←, 1266
[2026-03-06 10:47:59] INFO: op →→←→←, 1339
[2026-03-06 10:47:59] INFO: op →←→→←, 1266
[2026-03-06 10:47:59] INFO: op ←→←→←, 967
[2026-03-06 10:47:59] INFO: [END]
