[2026-03-06 10:49:38] INFO: Logger initialized at log/log298203.log
[2026-03-06 10:49:38] INFO: Test 175th graph in data/list_1775_graphs.g6: [?AIiQPUCoCHGKX?SOF??DOcIcOPBOaBGAIR@DCo?rWDS?BLO?I_DQHG@Sa]?KEK
[2026-03-06 10:49:38] INFO: meta data: 
minimum degree >= 6
independent number >= 2
connected
Not regular
[2026-03-06 10:49:38] INFO: Orientation of [?AIiQPUCoCHGKX?SOF??DOcIcOPBOaBGAIR@DCo?rWDS?BLO?I_DQHG@Sa]?KEK with min semidegree 3:
[0 0 0 0 0 0 0 0 0 0 1 0 0 0 0 0 0 0 0 0 0 0 0 0 0 1 0 1]
[0 0 0 0 0 0 0 0 0 1 0 0 0 0 0 0 0 0 0 0 0 0 0 0 0 0 1 1]
[0 0 0 0 0 0 0 0 0 0 0 1 0 0 0 0 0 0 0 0 0 0 0 1 1 0 0 0]
[0 0 0 0 0 0 0 0 0 0 0 0 0 0 0 0 1 0 0 1 0 0 0 0 1 0 0 0]
[0 0 0 0 0 0 0 0 0 0 0 0 0 0 0 0 0 1 1 0 0 0 0 1 0 0 0 0]
[1 0 0 0 1 0 0 0 0 0 0 0 0 0 0 0 0 0 0 0 0 1 0 0 0 0 0 0]
[0 1 0 1 0 1 0 0 0 0 0 0 0 0 0 0 0 0 0 0 0 0 0 0 0 0 0 0]
[0 1 0 0 1 0 0 0 0 0 0 0 0 0 0 0 1 0 0 0 0 0 0 0 0 0 0 0]
[1 0 0 1 0 0 0 1 0 0 0 0 0 0 0 0 0 0 0 0 0 0 0 0 0 0 0 0]
[0 0 0 1 1 0 0 0 0 0 0 0 0 0 0 0 0 0 0 0 0 0 1 0 0 0 0 0]
[0 0 0 1 1 0 0 0 0 0 0 0 0 0 0 0 0 0 0 0 1 0 0 0 0 0 0 0]
[0 0 0 0 0 0 0 1 0 0 1 0 0 0 0 0 0 0 0 0 0 0 0 0 0 1 0 0]
[0 0 1 0 0 0 0 0 1 1 0 0 0 0 0 0 0 0 0 0 0 0 0 0 0 0 1 0]
[0 1 1 0 0 1 0 0 0 0 0 0 0 0 0 0 0 0 0 0 0 0 0 0 0 0 0 0]
[1 0 1 0 0 0 1 0 0 0 0 0 0 0 0 0 0 0 0 0 0 0 0 0 0 0 1 0]
[1 1 1 0 0 0 0 0 0 0 0 0 0 0 0 0 0 0 0 0 0 0 0 0 0 0 0 0]
[0 0 0 0 0 1 0 0 0 0 0 0 1 0 0 1 0 0 0 0 0 0 0 0 0 0 0 0]
[0 0 0 0 0 0 1 0 1 0 0 1 0 0 0 1 0 0 0 0 0 0 0 0 0 0 0 0]
[0 0 0 0 0 0 0 0 1 0 0 0 0 1 1 0 1 0 0 0 0 0 0 0 0 0 0 1]
[0 0 0 0 0 0 0 1 0 0 0 0 0 1 1 0 0 1 0 0 0 0 0 0 0 0 0 0]
[0 0 0 0 0 0 1 0 0 0 0 0 1 0 0 1 0 0 1 1 0 0 0 0 0 0 0 0]
[0 0 0 0 0 0 0 0 0 1 0 1 0 0 0 1 0 0 1 1 0 0 0 0 0 0 0 0]
[0 0 0 0 0 0 0 0 0 0 1 0 0 1 1 0 1 1 0 0 0 0 0 0 0 0 0 0]
[0 0 0 0 0 0 1 0 1 0 0 0 0 0 0 0 0 0 0 0 0 1 1 0 0 0 0 0]
[0 0 0 0 0 1 0 1 0 0 0 0 0 0 0 0 0 0 0 0 1 0 1 0 0 0 0 0]
[0 0 0 0 0 0 0 0 0 1 0 0 0 1 0 0 1 0 0 0 1 0 0 1 0 0 0 0]
[0 0 0 0 0 0 0 0 0 0 1 0 0 0 0 0 0 1 0 0 0 1 0 0 1 1 0 0]
[0 0 0 0 0 0 0 0 0 0 0 1 1 0 0 0 0 0 0 1 0 0 0 1 1 0 0 0]
[2026-03-06 10:49:39] INFO: op ←←←←←, 15351
[2026-03-06 10:49:39] INFO: op →←←←←, 12035
[2026-03-06 10:49:40] INFO: op →→←←←, 12152
[2026-03-06 10:49:40] INFO: op →→→←←, 12152
[2026-03-06 10:49:40] INFO: op →→→→←, 12035
[2026-03-06 10:49:41] INFO: op ←→←←←, 9730
[2026-03-06 10:49:41] INFO: op ←←→←←, 9706
[2026-03-06 10:49:41] INFO: op ←→→←←, 9748
[2026-03-06 10:49:42] INFO: op ←←←→←, 9729
[2026-03-06 10:49:42] INFO: op ←←→→←, 9774
[2026-03-06 10:49:42] INFO: op ←→→→←, 9738
[2026-03-06 10:49:43] INFO: op →←→←←, 7370
[2026-03-06 10:49:43] INFO: op →←←→←, 7530
[2026-03-06 10:49:43] INFO: op →→←→←, 7370
[2026-03-06 10:49:43] INFO: op →←→→←, 7530
[2026-03-06 10:49:43] INFO: op ←→←→←, 5901
[2026-03-06 10:49:43] INFO: [END]
