[2026-03-06 10:48:44] INFO: Logger initialized at log/log296138.log
[2026-03-06 10:48:44] INFO: Test 116th graph in data/list_1775_graphs.g6: Z_??WORJ@gEG@O?`@@G_eGGiwBAHHiEOx?z?V?QBcD?OJHP_LgSb@EISWEE?
[2026-03-06 10:48:44] INFO: meta data: 
minimum degree >= 6
independent number >= 2
connected
Not regular
[2026-03-06 10:48:44] INFO: Orientation of Z_??WORJ@gEG@O?`@@G_eGGiwBAHHiEOx?z?V?QBcD?OJHP_LgSb@EISWEE? with min semidegree 3:
[0 0 0 0 0 0 0 0 0 0 0 0 0 0 0 0 0 1 0 0 0 0 0 1 1 0 0]
[1 0 0 0 0 0 0 0 0 0 0 0 0 0 0 0 0 0 1 1 0 0 0 0 0 0 0]
[0 0 0 0 0 0 0 0 0 0 0 0 0 0 0 0 1 0 0 0 0 0 1 0 0 0 1]
[0 0 0 0 0 0 0 0 0 0 0 0 0 0 0 0 0 1 0 0 0 1 1 0 0 0 0]
[0 0 0 0 0 0 0 0 0 0 0 0 0 0 0 0 0 1 0 0 0 1 0 0 0 1 0]
[0 0 0 0 0 0 0 0 0 0 0 0 0 0 0 0 0 0 1 0 0 1 0 0 0 1 0]
[0 0 0 0 1 1 0 0 0 0 0 0 0 0 0 0 0 0 0 1 0 0 0 0 0 0 1]
[0 0 0 0 1 0 0 0 0 0 0 0 0 0 0 0 0 0 0 0 0 0 0 1 0 0 1]
[0 0 0 1 0 0 1 1 0 0 0 0 0 0 0 0 0 0 0 0 0 0 0 0 1 0 0]
[0 0 1 0 1 1 0 0 0 0 0 0 0 0 0 0 0 0 0 0 0 0 0 0 1 0 0]
[0 0 1 1 0 1 0 0 0 0 0 0 0 0 0 0 0 0 0 0 0 0 0 0 0 0 0]
[0 0 1 1 0 0 0 1 0 0 0 0 0 0 0 0 0 0 0 0 0 0 0 0 0 1 0]
[0 0 0 0 0 1 0 1 0 0 0 0 0 0 0 0 0 0 0 0 1 0 0 0 0 0 0]
[0 0 0 0 0 0 1 0 0 0 0 1 0 0 0 0 0 0 0 0 0 0 0 1 0 0 0]
[0 0 0 0 1 0 0 0 0 0 1 0 0 1 0 0 0 0 0 0 0 0 0 0 0 0 0]
[0 0 0 1 0 0 0 0 0 1 0 0 1 1 0 0 0 0 0 0 0 0 0 0 0 0 0]
[0 0 0 0 0 0 0 0 1 0 0 0 1 0 1 0 0 0 0 0 0 0 0 0 0 0 0]
[0 0 1 0 0 0 0 0 0 0 0 0 1 1 0 0 0 0 0 0 0 0 0 0 0 0 0]
[0 0 0 0 0 0 0 0 1 0 0 1 0 0 1 1 0 1 0 0 0 0 0 0 0 0 0]
[0 0 0 0 0 0 0 1 0 0 1 0 0 0 0 1 1 1 0 0 0 0 0 0 0 0 0]
[0 1 0 0 0 0 0 0 1 1 1 0 0 1 0 0 0 0 0 0 0 0 0 0 0 0 0]
[0 1 0 0 0 0 0 0 0 0 0 0 0 1 0 0 1 0 0 0 0 0 0 0 0 0 0]
[0 1 0 0 0 0 1 0 0 0 0 0 1 0 1 0 0 0 0 0 0 0 0 0 0 0 0]
[0 0 0 0 0 0 0 0 0 1 1 0 0 0 0 0 1 0 1 0 0 0 1 0 0 0 0]
[0 0 0 0 0 0 0 0 0 0 0 1 1 0 1 0 0 0 0 1 0 1 0 0 0 0 0]
[1 0 0 0 0 0 0 0 0 0 0 0 0 0 0 1 1 0 0 0 1 0 1 0 0 0 0]
[1 0 0 0 0 0 0 0 0 0 0 0 0 0 1 1 0 0 0 0 1 1 0 0 0 0 0]
[2026-03-06 10:48:45] INFO: op ←←←←←, 14747
[2026-03-06 10:48:45] INFO: op →←←←←, 11992
[2026-03-06 10:48:46] INFO: op →→←←←, 12269
[2026-03-06 10:48:46] INFO: op →→→←←, 12269
[2026-03-06 10:48:46] INFO: op →→→→←, 11992
[2026-03-06 10:48:47] INFO: op ←→←←←, 9919
[2026-03-06 10:48:47] INFO: op ←←→←←, 9961
[2026-03-06 10:48:47] INFO: op ←→→←←, 9777
[2026-03-06 10:48:48] INFO: op ←←←→←, 9757
[2026-03-06 10:48:48] INFO: op ←←→→←, 9646
[2026-03-06 10:48:48] INFO: op ←→→→←, 9837
[2026-03-06 10:48:48] INFO: op →←→←←, 8059
[2026-03-06 10:48:49] INFO: op →←←→←, 7876
[2026-03-06 10:48:49] INFO: op →→←→←, 8059
[2026-03-06 10:48:49] INFO: op →←→→←, 7876
[2026-03-06 10:48:49] INFO: op ←→←→←, 6416
[2026-03-06 10:48:49] INFO: [END]
