[2026-03-06 10:49:56] INFO: Logger initialized at log/log298868.log
[2026-03-06 10:49:56] INFO: Test 194th graph in data/list_1775_graphs.g6: [?SicCoPKgKGg_w?@GC@?CDkaWoKB_P[D?i_P?k?BQOaIGIcD?cI_CJ_gHkSOGLW
[2026-03-06 10:49:56] INFO: meta data: 
minimum degree >= 6
independent number >= 2
connected
Not regular
[2026-03-06 10:49:56] INFO: Orientation of [?SicCoPKgKGg_w?@GC@?CDkaWoKB_P[D?i_P?k?BQOaIGIcD?cI_CJ_gHkSOGLW with min semidegree 3:
[0 0 0 0 0 0 0 1 0 0 0 0 0 0 0 0 0 0 0 0 0 0 0 0 1 0 0 1]
[0 0 0 0 1 0 0 0 0 0 0 0 0 0 0 0 0 0 0 0 1 1 0 0 0 0 0 0]
[0 0 0 0 0 0 0 0 0 0 0 1 0 0 0 0 0 1 0 0 0 0 0 0 0 1 0 0]
[0 0 0 0 0 0 0 0 0 0 0 0 0 0 0 0 1 0 0 0 0 0 0 1 1 0 0 0]
[0 0 0 1 0 0 0 0 0 0 0 0 0 0 0 0 0 0 0 1 0 0 0 0 0 0 0 1]
[0 0 1 0 1 0 0 0 0 0 0 0 0 0 0 0 0 0 0 0 0 0 0 0 0 0 1 0]
[0 1 0 1 0 0 0 0 0 0 0 0 0 0 0 0 0 0 0 0 0 0 0 0 0 1 0 0]
[0 0 0 0 0 0 1 0 0 0 0 0 0 0 0 0 0 0 0 0 0 0 1 0 0 0 1 0]
[0 0 1 1 0 0 0 0 0 0 0 0 0 0 0 0 0 0 0 1 0 0 0 0 0 0 0 0]
[0 1 0 0 0 1 0 0 1 0 0 0 0 0 0 0 0 0 0 0 0 0 0 0 0 0 0 0]
[1 0 0 1 0 1 0 0 0 0 0 0 0 0 0 0 0 0 0 0 0 0 0 0 0 0 0 0]
[0 1 0 0 0 0 0 1 0 0 0 0 0 0 0 0 0 0 0 0 0 0 0 0 0 0 0 1]
[1 0 1 0 0 0 1 0 0 0 0 0 0 0 0 0 0 0 0 0 0 0 0 0 0 0 0 0]
[1 1 1 0 0 0 0 0 0 0 0 0 0 0 0 0 0 0 0 0 0 0 0 0 0 0 1 0]
[0 0 0 0 1 0 0 1 0 0 0 0 0 0 0 0 1 0 0 0 0 0 0 0 0 0 0 0]
[1 0 0 0 0 0 0 0 1 0 0 0 0 0 0 0 0 0 0 0 0 0 0 0 0 1 0 0]
[0 0 0 0 0 0 0 0 0 1 0 1 1 0 0 1 0 0 0 0 0 0 0 0 0 0 0 0]
[0 0 0 0 0 0 1 0 0 1 1 0 0 0 1 1 0 0 0 0 0 0 0 0 0 0 0 0]
[0 0 0 0 0 1 1 0 0 0 0 0 0 1 1 1 0 0 0 0 0 0 0 0 0 0 0 0]
[0 0 0 0 0 0 0 0 0 0 1 1 1 0 0 0 0 0 1 0 0 0 0 0 0 0 0 0]
[0 0 0 0 0 0 0 0 1 0 1 0 1 0 1 0 0 0 0 0 0 0 0 0 0 0 0 0]
[0 0 0 0 0 1 0 0 0 0 0 0 1 0 1 1 0 0 0 0 0 0 0 0 0 0 0 0]
[0 0 0 0 0 0 0 0 1 0 1 0 0 1 0 0 1 0 0 0 0 1 0 0 0 0 0 0]
[0 0 0 0 0 0 0 1 0 1 0 0 0 1 0 0 0 0 0 1 0 1 0 0 0 0 0 0]
[0 0 0 0 0 0 0 0 0 1 0 1 0 0 0 0 0 0 1 0 0 1 0 0 0 0 0 0]
[0 0 0 0 1 0 0 0 0 0 0 0 0 0 0 0 0 0 0 0 1 0 1 1 1 0 0 0]
[0 0 0 0 0 0 0 0 0 0 0 0 0 0 0 0 1 1 0 1 1 0 0 0 1 0 0 0]
[0 0 0 0 0 0 0 0 0 0 0 0 0 0 0 0 0 1 1 0 1 0 1 1 0 0 0 0]
[2026-03-06 10:49:56] INFO: op ←←←←←, 15459
[2026-03-06 10:49:57] INFO: op →←←←←, 12004
[2026-03-06 10:49:57] INFO: op →→←←←, 12163
[2026-03-06 10:49:57] INFO: op →→→←←, 12163
[2026-03-06 10:49:58] INFO: op →→→→←, 12004
[2026-03-06 10:49:58] INFO: op ←→←←←, 9837
[2026-03-06 10:49:59] INFO: op ←←→←←, 9848
[2026-03-06 10:49:59] INFO: op ←→→←←, 9490
[2026-03-06 10:49:59] INFO: op ←←←→←, 9645
[2026-03-06 10:49:59] INFO: op ←←→→←, 9661
[2026-03-06 10:50:00] INFO: op ←→→→←, 9893
[2026-03-06 10:50:00] INFO: op →←→←←, 7424
[2026-03-06 10:50:00] INFO: op →←←→←, 7359
[2026-03-06 10:50:00] INFO: op →→←→←, 7424
[2026-03-06 10:50:01] INFO: op →←→→←, 7359
[2026-03-06 10:50:01] INFO: op ←→←→←, 5865
[2026-03-06 10:50:01] INFO: [END]
