[2026-03-06 10:47:51] INFO: Logger initialized at log/log292429.log
[2026-03-06 10:47:52] INFO: Test 11th graph in data/list_1775_graphs.g6: I?~~~~~~w
[2026-03-06 10:47:52] INFO: meta data: 
minimum degree >= 6
independent number >= 2
connected
Not regular
[2026-03-06 10:47:52] INFO: Orientation of I?~~~~~~w with min semidegree 3:
[0 0 0 0 0 0 0 1 1 1]
[0 0 0 0 1 0 0 0 1 1]
[0 0 0 0 0 1 1 0 0 1]
[0 0 0 0 0 1 1 1 0 0]
[1 0 1 1 0 0 0 0 0 0]
[1 1 0 0 1 0 0 0 0 0]
[1 1 0 0 1 1 0 0 0 0]
[0 1 1 0 1 1 1 0 0 0]
[0 0 1 1 1 1 1 1 0 0]
[0 0 0 1 1 1 1 1 1 0]
[2026-03-06 10:47:52] INFO: op ←←←←←, 2984
[2026-03-06 10:47:52] INFO: op →←←←←, 2564
[2026-03-06 10:47:52] INFO: op →→←←←, 2663
[2026-03-06 10:47:52] INFO: op →→→←←, 2663
[2026-03-06 10:47:52] INFO: op →→→→←, 2564
[2026-03-06 10:47:52] INFO: op ←→←←←, 2273
[2026-03-06 10:47:52] INFO: op ←←→←←, 2366
[2026-03-06 10:47:52] INFO: op ←→→←←, 2259
[2026-03-06 10:47:52] INFO: op ←←←→←, 2273
[2026-03-06 10:47:52] INFO: op ←←→→←, 2259
[2026-03-06 10:47:53] INFO: op ←→→→←, 2094
[2026-03-06 10:47:53] INFO: op →←→←←, 2024
[2026-03-06 10:47:53] INFO: op →←←→←, 1839
[2026-03-06 10:47:53] INFO: op →→←→←, 2024
[2026-03-06 10:47:53] INFO: op →←→→←, 1839
[2026-03-06 10:47:53] INFO: op ←→←→←, 1672
[2026-03-06 10:47:53] INFO: [END]
