[2026-03-06 10:48:39] INFO: Logger initialized at log/log295961.log
[2026-03-06 10:48:40] INFO: Test 111th graph in data/list_1775_graphs.g6: Y?????FB_iDCD`H?HGYpAYaAPTLAce@o?@BHNO?QCYCoPeEkKGI~_?G?
[2026-03-06 10:48:40] INFO: meta data: 
minimum degree >= 6
independent number >= 2
connected
Not regular
[2026-03-06 10:48:40] INFO: Orientation of Y?????FB_iDCD`H?HGYpAYaAPTLAce@o?@BHNO?QCYCoPeEkKGI~_?G? with min semidegree 3:
[0 0 0 0 0 0 0 0 0 0 0 0 0 0 0 0 0 1 1 1 0 0 0 0 0 0]
[0 0 0 0 0 0 0 0 0 0 0 0 0 0 0 0 1 0 0 0 0 0 1 0 0 1]
[0 0 0 0 0 0 0 0 0 0 0 0 0 0 0 0 0 0 1 0 0 1 0 0 1 0]
[0 0 0 0 0 0 0 0 0 0 0 0 0 0 0 0 0 1 0 0 0 0 0 0 1 1]
[0 0 0 0 0 0 0 0 0 0 0 0 0 0 1 1 0 0 0 0 0 0 0 0 0 1]
[0 0 0 0 0 0 0 0 1 0 0 0 0 0 0 0 0 0 0 0 0 1 0 0 0 1]
[0 0 0 0 0 0 0 0 0 0 0 0 0 0 0 0 1 0 0 0 0 0 1 1 0 0]
[0 0 0 0 0 0 0 0 0 0 0 0 0 0 0 0 0 1 1 0 1 0 0 0 0 0]
[0 0 0 0 0 0 1 1 0 0 0 0 0 0 0 0 0 0 0 0 0 0 0 0 1 0]
[0 0 0 0 1 1 1 0 0 0 0 0 0 0 0 0 0 0 0 0 0 0 0 0 0 0]
[0 0 0 1 0 1 0 1 0 0 0 0 0 0 0 0 0 0 0 0 0 0 0 1 0 0]
[0 0 1 0 1 0 0 0 1 0 0 0 0 0 0 0 0 0 0 0 0 0 0 1 0 0]
[0 0 0 1 0 1 1 0 0 0 0 1 0 0 0 0 0 0 0 0 0 0 0 0 0 0]
[0 0 1 0 0 1 0 0 0 0 0 0 0 0 0 0 0 1 0 0 0 0 0 0 0 0]
[0 1 0 0 0 0 0 1 0 0 0 0 1 1 0 0 0 0 0 0 0 0 0 0 0 0]
[0 1 0 1 0 0 0 0 1 0 0 0 0 1 0 0 0 0 0 0 0 0 0 0 0 0]
[0 0 1 0 1 0 0 0 0 0 1 0 0 0 0 0 0 0 0 0 0 0 0 0 0 0]
[0 0 0 0 0 0 0 0 0 1 0 1 0 0 0 0 1 0 0 0 0 0 0 0 0 0]
[0 0 0 0 0 0 0 0 0 1 0 0 1 0 0 1 0 0 0 0 0 0 0 0 0 0]
[0 1 0 0 0 0 0 0 1 1 1 0 0 0 0 0 0 0 0 0 0 0 0 0 0 0]
[0 0 0 0 0 0 0 0 0 0 0 0 1 1 0 0 1 0 0 1 0 0 0 0 0 0]
[0 0 0 1 1 0 0 1 0 0 0 0 0 0 0 0 0 0 0 1 0 0 0 0 0 0]
[0 0 0 0 0 0 0 0 0 0 1 1 0 1 0 0 0 0 1 0 0 1 0 0 0 0]
[1 0 0 0 0 0 0 0 0 0 0 0 0 0 1 1 0 0 0 0 1 1 0 0 0 0]
[1 0 0 0 0 0 0 0 0 1 0 0 0 0 1 0 0 0 0 0 1 0 1 0 0 0]
[1 0 1 0 0 0 1 0 0 0 0 0 0 0 0 0 0 0 0 0 1 0 0 0 0 0]
[2026-03-06 10:48:40] INFO: op ←←←←←, 12230
[2026-03-06 10:48:40] INFO: op →←←←←, 9407
[2026-03-06 10:48:41] INFO: op →→←←←, 9394
[2026-03-06 10:48:41] INFO: op →→→←←, 9394
[2026-03-06 10:48:41] INFO: op →→→→←, 9407
[2026-03-06 10:48:42] INFO: op ←→←←←, 7184
[2026-03-06 10:48:42] INFO: op ←←→←←, 7098
[2026-03-06 10:48:42] INFO: op ←→→←←, 7053
[2026-03-06 10:48:42] INFO: op ←←←→←, 7190
[2026-03-06 10:48:42] INFO: op ←←→→←, 7033
[2026-03-06 10:48:43] INFO: op ←→→→←, 7315
[2026-03-06 10:48:43] INFO: op →←→←←, 5347
[2026-03-06 10:48:43] INFO: op →←←→←, 5241
[2026-03-06 10:48:43] INFO: op →→←→←, 5347
[2026-03-06 10:48:43] INFO: op →←→→←, 5241
[2026-03-06 10:48:44] INFO: op ←→←→←, 4139
[2026-03-06 10:48:44] INFO: [END]
