[2026-03-06 10:48:27] INFO: Logger initialized at log/log295160.log
[2026-03-06 10:48:28] INFO: Test 89th graph in data/list_1775_graphs.g6: W????WQW`_H?P?Aa_p`PDHHQ@}CodSgi_rE?oqEFaB?Xd?C
[2026-03-06 10:48:28] INFO: meta data: 
minimum degree >= 6
independent number >= 2
connected
Not regular
[2026-03-06 10:48:28] INFO: Orientation of W????WQW`_H?P?Aa_p`PDHHQ@}CodSgi_rE?oqEFaB?Xd?C with min semidegree 3:
[0 0 0 0 0 0 0 0 0 0 0 0 0 0 0 0 0 0 1 1 0 0 1 0]
[0 0 0 0 0 0 0 0 0 0 0 0 0 0 0 0 0 0 0 0 0 1 1 1]
[0 0 0 0 0 0 0 0 0 0 0 0 0 0 0 0 1 0 0 0 1 0 1 0]
[0 0 0 0 0 0 0 0 0 0 0 0 0 0 0 0 0 0 1 1 1 0 0 0]
[0 0 0 0 0 0 0 0 0 0 0 0 0 0 0 1 0 0 1 0 0 0 0 1]
[0 0 0 0 0 0 0 0 0 0 0 0 0 0 0 0 1 0 0 1 0 0 0 1]
[0 0 0 0 0 0 0 0 0 0 0 0 0 1 0 0 0 0 0 0 1 1 0 0]
[0 0 0 0 1 1 0 0 0 0 0 0 0 0 0 0 0 1 0 0 0 0 0 0]
[0 0 0 1 0 0 1 0 0 0 0 0 0 0 0 0 0 1 0 0 0 0 0 0]
[0 1 1 0 0 0 1 0 0 0 0 0 0 0 0 0 0 0 0 0 0 0 0 0]
[0 0 1 1 0 0 0 0 0 0 0 0 0 0 0 0 0 0 0 0 0 1 0 0]
[0 1 0 0 1 0 0 0 0 0 0 0 0 0 0 0 0 1 0 0 0 0 0 0]
[0 1 0 0 0 1 0 0 0 0 0 0 0 0 0 0 0 1 0 0 0 0 0 0]
[0 0 0 0 1 0 0 0 0 0 1 0 1 0 0 0 0 0 0 0 0 0 0 0]
[0 0 0 0 0 1 1 0 0 0 1 1 0 0 0 0 0 0 0 0 0 0 0 0]
[0 0 1 0 0 0 0 0 1 0 0 0 1 0 1 0 0 0 0 0 0 0 0 0]
[0 0 0 0 0 0 0 0 1 0 0 1 0 1 0 0 0 0 0 0 0 0 0 0]
[1 0 0 0 0 0 0 0 0 1 1 0 0 0 0 0 0 0 0 0 0 0 0 0]
[0 0 0 0 0 0 0 0 0 1 0 0 1 0 1 0 1 0 0 0 0 0 0 0]
[0 0 0 0 0 0 0 0 0 1 0 1 0 1 0 1 0 0 0 0 0 0 0 0]
[0 0 0 0 0 0 0 1 0 0 0 1 1 0 0 0 0 0 0 0 0 0 0 0]
[1 0 0 0 0 0 0 1 0 0 0 0 0 0 0 1 1 0 0 0 0 0 0 0]
[0 0 0 1 0 0 0 1 0 0 0 0 0 1 1 0 0 0 0 0 0 0 0 0]
[1 0 0 0 0 0 0 0 1 0 1 0 0 0 0 0 0 0 0 0 1 0 0 0]
[2026-03-06 10:48:28] INFO: op ←←←←←, 7694
[2026-03-06 10:48:28] INFO: op →←←←←, 5547
[2026-03-06 10:48:28] INFO: op →→←←←, 5641
[2026-03-06 10:48:28] INFO: op →→→←←, 5641
[2026-03-06 10:48:28] INFO: op →→→→←, 5547
[2026-03-06 10:48:29] INFO: op ←→←←←, 4009
[2026-03-06 10:48:29] INFO: op ←←→←←, 3985
[2026-03-06 10:48:29] INFO: op ←→→←←, 3937
[2026-03-06 10:48:29] INFO: op ←←←→←, 3985
[2026-03-06 10:48:29] INFO: op ←←→→←, 3931
[2026-03-06 10:48:29] INFO: op ←→→→←, 4107
[2026-03-06 10:48:29] INFO: op →←→←←, 2996
[2026-03-06 10:48:29] INFO: op →←←→←, 2804
[2026-03-06 10:48:30] INFO: op →→←→←, 2996
[2026-03-06 10:48:30] INFO: op →←→→←, 2804
[2026-03-06 10:48:30] INFO: op ←→←→←, 2188
[2026-03-06 10:48:30] INFO: [END]
