[2026-03-06 10:49:34] INFO: Logger initialized at log/log298096.log
[2026-03-06 10:49:35] INFO: Test 172th graph in data/list_1775_graphs.g6: [??OW_HBOd@hCke?CBHHAGoP?XCH?[E?i?WWPGIQE@cF??fU?GwW@owS?obU?LoG
[2026-03-06 10:49:35] INFO: meta data: 
minimum degree >= 6
independent number >= 2
connected
Not regular
[2026-03-06 10:49:35] INFO: Orientation of [??OW_HBOd@hCke?CBHHAGoP?XCH?[E?i?WWPGIQE@cF??fU?GwW@owS?obU?LoG with min semidegree 3:
[0 0 0 0 0 0 0 0 0 0 0 0 0 0 0 0 0 0 1 0 0 0 0 0 0 0 1 1]
[0 0 0 0 0 0 0 0 0 0 0 0 0 0 0 0 0 0 0 0 0 1 1 0 1 0 0 0]
[0 0 0 0 0 0 0 0 0 0 0 0 0 0 0 0 0 0 0 0 0 0 0 1 0 1 1 0]
[0 0 0 0 0 0 0 0 0 0 0 0 1 0 0 0 0 0 0 0 0 0 0 1 1 0 0 0]
[0 0 0 0 0 0 0 0 0 0 0 1 0 0 0 0 0 0 0 0 0 0 0 1 1 0 0 0]
[0 0 0 1 0 0 0 0 0 0 0 0 0 0 0 0 0 0 1 0 0 1 0 0 0 0 0 0]
[0 0 0 0 1 1 0 0 0 0 0 0 0 0 0 0 1 0 0 0 0 0 0 0 0 0 0 0]
[0 0 0 1 0 0 0 0 0 0 0 0 0 0 0 0 1 0 0 1 0 0 0 0 0 0 0 0]
[0 0 0 0 1 0 0 1 0 0 0 0 0 0 0 0 0 0 1 0 0 0 0 0 0 0 0 0]
[0 0 0 0 1 1 0 1 0 0 0 0 0 0 0 0 0 0 0 0 0 0 0 0 0 0 0 0]
[0 0 0 1 0 0 1 0 1 0 0 0 0 0 0 0 0 0 0 0 0 0 0 0 0 0 0 0]
[0 0 0 0 0 1 0 1 0 0 1 0 0 0 0 0 0 0 0 0 0 0 0 0 0 1 0 0]
[0 0 0 0 0 0 1 0 1 1 0 0 0 0 0 0 0 0 0 0 0 0 0 0 0 0 1 0]
[1 0 0 1 1 0 0 0 0 0 0 0 0 0 0 0 0 0 0 0 0 0 0 0 0 0 0 0]
[0 0 1 0 0 0 0 0 0 1 1 0 0 1 0 0 0 0 0 0 0 0 0 0 0 0 0 1]
[0 0 1 0 0 1 0 0 1 0 0 0 0 1 0 0 0 0 0 0 0 0 0 0 0 0 0 0]
[0 0 1 0 0 0 0 0 0 0 0 0 0 1 0 0 0 0 0 0 0 0 0 0 0 0 0 1]
[0 1 0 0 0 0 0 0 0 1 1 0 0 1 0 0 0 0 0 0 0 0 0 0 0 0 0 0]
[0 0 0 0 0 0 0 0 0 0 0 0 0 0 0 0 1 1 0 0 0 0 0 0 0 1 0 0]
[1 0 0 0 0 0 1 0 0 0 0 0 0 0 0 1 0 1 0 0 0 0 0 0 0 0 0 0]
[1 0 0 0 0 0 0 0 0 1 1 0 0 0 0 1 1 0 0 0 0 0 0 0 0 0 0 0]
[0 0 0 0 0 0 0 0 1 0 0 0 0 0 1 0 1 0 0 1 0 0 0 0 0 0 0 0]
[0 0 0 0 0 0 1 1 0 0 0 0 0 0 1 1 0 0 1 0 0 0 0 0 0 0 0 0]
[0 0 0 0 0 0 0 0 0 0 0 0 0 0 0 0 0 1 0 0 1 1 1 0 0 0 0 0]
[0 0 0 0 0 0 0 0 0 0 0 0 0 0 1 0 0 0 1 1 1 0 0 0 0 0 0 0]
[0 1 0 0 0 0 0 0 0 0 0 0 1 1 0 0 0 0 0 1 1 0 0 0 0 0 0 0]
[0 0 0 0 0 0 0 0 0 0 0 1 0 0 0 0 0 1 0 0 0 1 1 0 1 0 0 0]
[0 1 0 0 0 0 0 0 0 0 0 1 1 0 0 1 0 0 0 0 0 0 0 1 0 0 0 0]
[2026-03-06 10:49:35] INFO: op ←←←←←, 15247
[2026-03-06 10:49:35] INFO: op →←←←←, 12362
[2026-03-06 10:49:36] INFO: op →→←←←, 12574
[2026-03-06 10:49:36] INFO: op →→→←←, 12574
[2026-03-06 10:49:37] INFO: op →→→→←, 12362
[2026-03-06 10:49:37] INFO: op ←→←←←, 10079
[2026-03-06 10:49:37] INFO: op ←←→←←, 10047
[2026-03-06 10:49:38] INFO: op ←→→←←, 9831
[2026-03-06 10:49:38] INFO: op ←←←→←, 9875
[2026-03-06 10:49:38] INFO: op ←←→→←, 9877
[2026-03-06 10:49:39] INFO: op ←→→→←, 9985
[2026-03-06 10:49:39] INFO: op →←→←←, 7460
[2026-03-06 10:49:39] INFO: op →←←→←, 7617
[2026-03-06 10:49:39] INFO: op →→←→←, 7460
[2026-03-06 10:49:40] INFO: op →←→→←, 7617
[2026-03-06 10:49:40] INFO: op ←→←→←, 5741
[2026-03-06 10:49:40] INFO: [END]
