[2026-03-06 10:48:27] INFO: Logger initialized at log/log295162.log
[2026-03-06 10:48:28] INFO: Test 90th graph in data/list_1775_graphs.g6: Wo?WrAGcCGOOAVCZ?m_FoSG_gPHGGpCPOoa?QCOyGGjGPCs
[2026-03-06 10:48:28] INFO: meta data: 
minimum degree >= 6
independent number >= 2
connected
Not regular
[2026-03-06 10:48:28] INFO: Orientation of Wo?WrAGcCGOOAVCZ?m_FoSG_gPHGGpCPOoa?QCOyGGjGPCs with min semidegree 3:
[0 1 1 0 0 0 0 0 1 0 0 0 0 0 0 0 0 0 0 0 0 0 0 0]
[0 0 0 0 0 0 0 0 0 0 0 0 0 0 0 0 0 0 0 0 0 1 1 1]
[0 0 0 0 0 0 0 0 0 0 0 0 0 0 0 0 0 1 1 1 0 0 0 0]
[0 0 0 0 0 0 0 0 0 0 0 0 0 1 0 0 1 0 0 0 1 0 0 0]
[0 0 0 0 0 0 0 0 0 0 0 0 1 0 0 0 0 1 0 0 0 1 0 0]
[0 0 0 1 1 0 0 0 0 0 0 0 0 0 0 0 0 0 0 0 0 0 1 0]
[0 0 0 1 1 0 0 0 0 0 0 0 0 0 0 0 0 0 0 1 0 0 0 0]
[0 1 1 0 0 0 0 0 0 0 0 0 0 0 1 0 0 0 0 0 0 0 0 0]
[0 0 0 0 1 0 0 0 0 0 0 0 0 0 1 1 0 0 0 0 0 0 0 0]
[1 0 0 1 0 0 0 0 0 0 0 0 0 0 0 0 0 0 0 0 0 1 0 0]
[1 0 0 0 0 1 0 0 0 0 0 0 0 0 0 0 0 0 0 0 0 0 0 1]
[1 0 0 0 0 0 1 0 0 0 0 0 0 0 0 0 0 0 0 0 0 0 1 0]
[0 0 0 0 0 0 0 1 0 1 1 1 0 0 0 0 0 0 0 0 0 0 0 0]
[0 0 0 0 0 0 0 1 1 0 1 1 0 0 0 0 0 0 0 0 0 0 0 0]
[0 0 0 0 0 1 0 0 0 1 0 1 0 0 0 0 0 0 0 0 0 0 0 1]
[0 0 0 0 0 0 1 1 0 1 1 0 0 0 0 0 0 0 0 0 0 0 0 0]
[0 1 0 0 0 0 0 0 1 0 0 0 1 0 0 0 0 0 0 0 0 0 0 0]
[0 0 0 0 0 0 0 0 0 1 0 0 0 1 0 0 1 0 0 0 0 0 0 0]
[0 0 0 0 0 1 0 0 0 0 0 1 0 0 0 1 1 0 0 0 0 0 0 0]
[0 0 0 0 0 0 0 0 0 0 1 0 0 0 1 0 1 0 0 0 0 0 0 0]
[0 0 1 0 0 0 0 0 1 0 0 0 1 0 0 0 0 0 0 0 0 0 0 0]
[0 0 0 0 0 0 0 0 0 0 0 0 0 1 0 0 0 0 1 1 1 0 0 0]
[0 0 0 0 0 0 0 0 0 0 0 0 0 0 0 1 0 1 0 1 1 0 0 0]
[0 0 0 0 0 0 1 0 0 0 0 0 0 0 0 0 0 1 1 0 1 0 0 0]
[2026-03-06 10:48:28] INFO: op ←←←←←, 8049
[2026-03-06 10:48:28] INFO: op →←←←←, 5953
[2026-03-06 10:48:28] INFO: op →→←←←, 6043
[2026-03-06 10:48:28] INFO: op →→→←←, 6043
[2026-03-06 10:48:29] INFO: op →→→→←, 5953
[2026-03-06 10:48:29] INFO: op ←→←←←, 4456
[2026-03-06 10:48:29] INFO: op ←←→←←, 4386
[2026-03-06 10:48:29] INFO: op ←→→←←, 4126
[2026-03-06 10:48:29] INFO: op ←←←→←, 4468
[2026-03-06 10:48:29] INFO: op ←←→→←, 4110
[2026-03-06 10:48:29] INFO: op ←→→→←, 4430
[2026-03-06 10:48:30] INFO: op →←→←←, 3131
[2026-03-06 10:48:30] INFO: op →←←→←, 3118
[2026-03-06 10:48:30] INFO: op →→←→←, 3131
[2026-03-06 10:48:30] INFO: op →←→→←, 3118
[2026-03-06 10:48:30] INFO: op ←→←→←, 2269
[2026-03-06 10:48:30] INFO: [END]
