[2026-03-06 10:50:14] INFO: Logger initialized at log/log299533.log
[2026-03-06 10:50:14] INFO: Test 213th graph in data/list_1775_graphs.g6: [@PC[WSE@DcMc?W?{?E_?AGgCPWCIoAQoG`O@CgwCLJ?HSshCAGS`?PiH?PTP?Gb
[2026-03-06 10:50:14] INFO: meta data: 
minimum degree >= 6
independent number >= 2
connected
Not regular
[2026-03-06 10:50:14] INFO: Orientation of [@PC[WSE@DcMc?W?{?E_?AGgCPWCIoAQoG`O@CgwCLJ?HSshCAGS`?PiH?PTP?Gb with min semidegree 3:
[0 0 0 0 0 0 1 0 0 0 0 0 0 0 0 0 0 0 0 0 0 0 0 0 1 0 0 1]
[0 0 0 0 0 0 0 0 0 0 0 0 0 0 1 0 0 0 0 0 0 0 0 0 0 1 1 0]
[0 0 0 0 0 0 0 0 0 0 1 0 0 0 0 0 0 0 0 0 0 0 0 0 1 0 0 1]
[0 0 1 0 0 0 0 0 0 0 0 0 0 0 0 0 0 0 0 0 0 0 0 0 0 1 1 0]
[0 1 0 0 0 0 0 0 0 0 0 0 0 0 0 0 1 0 0 0 0 0 0 0 0 0 0 1]
[0 1 0 0 0 0 0 0 0 0 0 0 0 0 0 0 0 1 0 0 0 1 0 0 0 0 0 0]
[0 0 0 0 1 1 0 0 0 0 0 0 0 0 0 0 0 0 0 0 0 0 1 0 0 0 0 0]
[1 0 0 0 1 1 0 0 0 0 0 0 0 0 0 0 0 0 0 0 0 0 0 1 0 0 0 0]
[0 0 0 1 0 1 0 0 0 0 0 0 0 0 0 0 0 0 0 0 1 0 0 0 0 0 0 0]
[0 0 0 1 1 0 0 0 0 0 0 0 0 0 0 0 0 0 0 0 0 1 0 0 0 0 0 0]
[0 0 0 0 0 0 1 0 1 1 0 0 0 0 0 0 0 0 0 0 0 0 0 0 0 0 0 0]
[0 0 1 0 0 0 0 1 1 1 0 0 0 0 0 0 0 0 0 0 0 0 0 0 0 0 0 0]
[1 0 0 1 0 0 0 0 0 0 0 0 0 0 0 0 0 0 0 0 0 0 1 0 0 0 0 0]
[0 1 1 0 0 0 0 0 0 0 0 0 1 0 0 0 0 0 0 0 0 0 0 0 0 0 0 0]
[1 0 1 0 0 0 0 0 0 0 0 0 0 0 0 0 0 0 0 0 0 0 0 1 0 0 0 0]
[1 1 0 1 0 0 0 0 0 0 0 0 0 0 0 0 0 0 0 0 0 0 0 0 0 0 0 0]
[0 0 0 0 0 0 0 0 1 0 0 0 1 0 1 0 0 0 0 0 0 0 0 0 0 0 0 0]
[0 0 0 0 0 0 0 0 0 1 0 0 0 1 0 1 1 0 0 0 0 0 0 0 0 0 0 0]
[0 0 0 0 0 0 1 0 0 0 0 1 0 1 0 1 1 0 0 0 0 0 0 0 0 0 0 0]
[0 0 0 0 0 0 0 1 0 0 1 0 0 1 0 1 1 0 0 0 0 0 0 0 0 0 0 0]
[0 0 0 0 1 0 0 0 0 0 0 0 0 1 0 1 0 0 0 0 0 0 0 0 0 0 0 0]
[0 0 0 0 0 0 0 0 0 0 0 0 1 0 1 0 0 0 1 1 1 0 0 0 0 0 0 0]
[0 0 0 0 0 0 0 0 0 0 0 1 0 0 1 0 0 1 0 1 1 0 0 0 0 0 0 0]
[0 0 0 0 0 0 0 0 0 0 1 0 1 0 0 0 0 1 1 0 1 0 0 0 0 0 0 0]
[0 0 0 0 0 1 0 0 0 1 0 0 0 0 0 0 1 0 0 0 1 0 0 0 0 0 0 0]
[0 0 0 0 0 0 1 0 0 0 0 1 0 0 0 0 0 0 0 1 0 0 0 1 1 0 0 0]
[0 0 0 0 0 0 0 1 0 0 1 0 0 0 0 0 0 0 1 0 0 0 1 0 1 0 0 0]
[0 0 0 0 0 0 0 0 1 0 0 0 0 0 0 0 0 1 0 0 0 1 0 0 0 1 1 0]
[2026-03-06 10:50:15] INFO: op ←←←←←, 15057
[2026-03-06 10:50:15] INFO: op →←←←←, 11990
[2026-03-06 10:50:15] INFO: op →→←←←, 11981
[2026-03-06 10:50:16] INFO: op →→→←←, 11981
[2026-03-06 10:50:16] INFO: op →→→→←, 11990
[2026-03-06 10:50:17] INFO: op ←→←←←, 9777
[2026-03-06 10:50:17] INFO: op ←←→←←, 9930
[2026-03-06 10:50:17] INFO: op ←→→←←, 9738
[2026-03-06 10:50:17] INFO: op ←←←→←, 9668
[2026-03-06 10:50:18] INFO: op ←←→→←, 9881
[2026-03-06 10:50:18] INFO: op ←→→→←, 9761
[2026-03-06 10:50:18] INFO: op →←→←←, 7476
[2026-03-06 10:50:19] INFO: op →←←→←, 7660
[2026-03-06 10:50:19] INFO: op →→←→←, 7476
[2026-03-06 10:50:19] INFO: op →←→→←, 7660
[2026-03-06 10:50:19] INFO: op ←→←→←, 5974
[2026-03-06 10:50:19] INFO: [END]
