[2026-03-06 10:48:45] INFO: Logger initialized at log/log296241.log
[2026-03-06 10:48:45] INFO: Test 119th graph in data/list_1775_graphs.g6: Z?C?G?AAX?CWB?AqAaaHODYAGCRCc]BT@k??wGWDe?_?C[d_DuGCq`KYb_?_
[2026-03-06 10:48:45] INFO: meta data: 
minimum degree >= 6
independent number >= 2
connected
Not regular
[2026-03-06 10:48:45] INFO: Orientation of Z?C?G?AAX?CWB?AqAaaHODYAGCRCc]BT@k??wGWDe?_?C[d_DuGCq`KYb_?_ with min semidegree 3:
[0 0 0 0 0 0 0 0 0 0 0 0 0 0 0 0 0 0 0 1 0 1 1 0 0 0 0]
[0 0 0 0 0 0 0 0 0 0 0 0 0 0 0 0 0 0 1 1 0 1 0 0 0 0 0]
[0 0 0 0 0 0 0 0 0 0 0 0 0 0 0 0 0 0 1 0 1 0 1 0 0 0 0]
[0 0 0 0 0 0 0 0 0 0 0 0 0 0 0 0 1 0 0 0 0 0 0 0 0 1 1]
[0 0 0 1 0 0 0 0 0 0 0 0 0 0 0 0 0 1 0 0 1 0 0 0 0 0 0]
[0 0 0 0 0 0 0 0 0 0 0 0 1 0 0 0 1 0 0 0 0 0 0 0 0 0 1]
[0 0 0 0 0 1 0 0 0 0 0 0 0 0 0 0 0 0 1 0 0 0 0 0 0 1 0]
[0 0 0 0 0 0 0 0 0 0 0 0 0 0 0 0 1 0 0 1 0 0 0 0 0 1 0]
[0 0 0 0 0 0 1 0 0 0 0 0 0 0 0 0 0 0 0 1 0 0 0 1 0 0 0]
[0 0 0 0 1 0 0 1 1 0 0 0 0 0 0 0 0 0 0 0 0 0 0 0 0 0 0]
[0 0 1 0 0 0 0 0 0 0 0 0 0 0 0 0 0 0 0 0 0 0 0 0 0 1 1]
[0 0 1 0 0 0 1 1 0 0 0 0 0 0 0 0 0 0 0 0 0 0 0 0 0 0 0]
[0 0 0 0 1 0 0 0 0 0 0 0 0 0 0 0 0 0 0 0 0 0 0 1 1 0 0]
[0 0 0 0 1 0 1 1 0 0 1 0 0 0 0 0 0 0 0 0 0 0 0 0 0 0 0]
[0 0 0 1 0 1 0 0 0 1 0 1 0 0 0 0 0 0 0 0 0 0 0 0 0 0 0]
[0 1 0 0 0 1 0 0 1 0 1 0 0 0 0 0 0 0 0 0 0 0 0 0 0 0 0]
[0 0 0 0 0 0 0 0 1 0 1 0 0 0 0 0 0 0 0 0 0 0 0 0 1 0 0]
[1 0 0 0 0 0 0 0 0 0 0 1 0 0 0 1 0 0 0 0 0 0 0 0 0 0 0]
[0 0 0 0 0 0 0 0 0 1 0 0 1 0 0 0 1 1 0 0 0 0 0 0 0 0 0]
[0 0 0 0 0 0 0 0 0 0 1 0 1 0 1 0 0 0 0 0 0 0 0 0 0 0 0]
[0 1 0 0 0 1 0 0 0 0 0 0 0 0 0 0 0 0 0 0 0 0 0 0 1 0 0]
[0 0 1 0 0 0 0 0 1 0 0 0 0 1 1 0 0 0 0 0 0 0 0 0 0 0 0]
[0 0 0 1 0 0 1 1 0 0 0 0 0 0 0 1 0 0 0 0 0 0 0 0 0 0 0]
[0 0 0 0 0 0 0 0 0 0 0 0 0 1 1 0 0 1 0 0 1 0 1 0 0 0 0]
[1 0 0 0 0 0 0 0 0 1 0 1 0 1 0 1 0 0 0 0 0 0 0 0 0 0 0]
[0 0 0 0 0 0 0 0 0 0 0 0 1 0 0 0 0 1 0 0 1 1 0 0 0 0 0]
[1 1 0 0 0 0 0 0 0 1 0 1 0 0 0 0 0 0 0 0 0 0 0 1 0 0 0]
[2026-03-06 10:48:46] INFO: op ←←←←←, 11359
[2026-03-06 10:48:46] INFO: op →←←←←, 8584
[2026-03-06 10:48:46] INFO: op →→←←←, 8597
[2026-03-06 10:48:46] INFO: op →→→←←, 8597
[2026-03-06 10:48:47] INFO: op →→→→←, 8584
[2026-03-06 10:48:47] INFO: op ←→←←←, 6543
[2026-03-06 10:48:47] INFO: op ←←→←←, 6384
[2026-03-06 10:48:47] INFO: op ←→→←←, 6350
[2026-03-06 10:48:47] INFO: op ←←←→←, 6482
[2026-03-06 10:48:48] INFO: op ←←→→←, 6311
[2026-03-06 10:48:48] INFO: op ←→→→←, 6562
[2026-03-06 10:48:48] INFO: op →←→←←, 4698
[2026-03-06 10:48:48] INFO: op →←←→←, 4762
[2026-03-06 10:48:48] INFO: op →→←→←, 4698
[2026-03-06 10:48:48] INFO: op →←→→←, 4762
[2026-03-06 10:48:49] INFO: op ←→←→←, 3537
[2026-03-06 10:48:49] INFO: [END]
