[2026-03-06 10:48:43] INFO: Logger initialized at log/log296068.log
[2026-03-06 10:48:43] INFO: Test 114th graph in data/list_1775_graphs.g6: Yra?pHCQ?bCQ_B_BAaOgaIGcg`aECiEBQBo?EX?@Ko?H`_???d^??Yn?
[2026-03-06 10:48:43] INFO: meta data: 
minimum degree >= 6
independent number >= 2
connected
Not regular
[2026-03-06 10:48:43] INFO: Orientation of Yra?pHCQ?bCQ_B_BAaOgaIGcg`aECiEBQBo?EX?@Ko?H`_???d^??Yn? with min semidegree 3:
[0 0 0 0 0 0 0 0 0 0 0 0 1 1 0 0 0 0 0 0 1 0 0 0 0 0]
[1 0 0 0 0 0 0 0 0 0 0 0 0 0 0 0 0 0 1 1 0 0 0 0 0 0]
[1 0 0 0 0 0 0 0 0 0 0 0 0 0 0 0 1 1 0 0 0 0 0 0 0 0]
[0 1 1 0 0 0 0 0 0 0 0 0 0 0 1 0 0 0 0 0 0 1 0 0 0 0]
[1 0 0 0 0 0 0 0 0 0 0 0 0 0 0 0 1 0 0 0 0 0 0 1 0 0]
[1 0 0 0 0 0 0 0 0 0 0 0 0 0 0 0 0 0 0 0 0 0 1 1 0 0]
[0 0 0 1 1 0 0 0 0 0 0 0 0 0 0 0 0 0 1 0 0 0 0 0 0 0]
[0 0 1 0 0 1 0 0 0 0 0 0 0 0 0 0 0 0 0 1 0 0 0 0 0 0]
[0 1 0 0 0 1 0 0 0 0 0 0 0 0 0 0 1 0 0 0 0 0 0 0 0 0]
[0 1 0 0 1 0 0 0 0 0 0 0 0 0 0 0 0 0 0 0 1 0 0 0 0 0]
[0 0 0 1 0 0 0 1 1 0 0 0 0 0 0 0 0 0 0 0 0 0 0 0 0 0]
[0 0 1 0 0 0 1 0 0 1 0 0 0 0 0 0 0 0 0 0 0 0 0 0 0 0]
[0 0 0 0 0 0 0 0 0 0 1 1 0 0 0 0 0 0 0 0 0 0 0 0 1 0]
[0 0 0 0 0 0 0 0 0 0 1 1 0 0 0 0 0 0 0 0 0 0 0 0 0 1]
[0 0 0 0 0 1 0 0 0 1 0 0 1 0 0 0 0 0 0 0 0 0 0 0 0 1]
[0 0 0 1 0 1 0 0 0 1 0 0 0 1 0 0 0 0 0 0 0 0 0 0 0 0]
[0 0 0 0 0 0 0 0 0 0 0 0 1 0 0 1 0 0 0 0 0 0 0 0 0 1]
[0 0 0 0 1 0 0 0 1 0 0 0 0 1 1 0 0 0 0 0 0 0 0 0 0 0]
[0 0 0 0 0 0 0 1 0 0 0 0 1 0 0 1 0 1 0 0 0 0 0 0 0 0]
[0 0 0 0 0 0 1 0 0 0 0 0 0 1 1 0 1 0 0 0 0 0 0 0 0 0]
[0 0 0 0 0 0 1 1 1 0 0 0 0 0 0 0 0 0 0 0 0 0 0 0 1 0]
[0 0 0 0 1 0 0 1 1 0 0 1 0 0 0 0 0 0 0 0 0 0 0 0 0 0]
[0 0 1 0 0 0 1 0 0 1 1 0 0 0 0 0 0 0 0 0 0 0 0 0 0 0]
[0 1 0 0 0 0 0 0 0 0 1 1 0 0 0 0 0 0 0 0 0 0 0 0 1 0]
[0 0 0 0 0 0 0 0 0 0 0 0 0 0 0 1 0 1 0 1 0 1 1 0 0 0]
[0 0 0 0 0 0 0 0 0 0 0 0 0 0 0 0 0 0 1 0 1 1 1 1 0 0]
[2026-03-06 10:48:43] INFO: op ←←←←←, 11420
[2026-03-06 10:48:43] INFO: op →←←←←, 8738
[2026-03-06 10:48:44] INFO: op →→←←←, 8725
[2026-03-06 10:48:44] INFO: op →→→←←, 8725
[2026-03-06 10:48:44] INFO: op →→→→←, 8738
[2026-03-06 10:48:44] INFO: op ←→←←←, 6641
[2026-03-06 10:48:45] INFO: op ←←→←←, 6590
[2026-03-06 10:48:45] INFO: op ←→→←←, 6661
[2026-03-06 10:48:45] INFO: op ←←←→←, 6622
[2026-03-06 10:48:45] INFO: op ←←→→←, 6766
[2026-03-06 10:48:46] INFO: op ←→→→←, 6712
[2026-03-06 10:48:46] INFO: op →←→←←, 4929
[2026-03-06 10:48:46] INFO: op →←←→←, 4985
[2026-03-06 10:48:46] INFO: op →→←→←, 4929
[2026-03-06 10:48:46] INFO: op →←→→←, 4985
[2026-03-06 10:48:46] INFO: op ←→←→←, 3701
[2026-03-06 10:48:46] INFO: [END]
