[2026-03-06 10:48:19] INFO: Logger initialized at log/log294633.log
[2026-03-06 10:48:20] INFO: Test 73th graph in data/list_1775_graphs.g6: Vg_c?[wRC_?sGeORIOCg?M???byAKoCaogK`cS@GHPE_
[2026-03-06 10:48:20] INFO: meta data: 
minimum degree >= 6
independent number >= 2
connected
Not regular
[2026-03-06 10:48:20] INFO: Orientation of Vg_c?[wRC_?sGeORIOCg?M???byAKoCaogK`cS@GHPE_ with min semidegree 3:
[0 0 0 0 0 0 0 0 0 0 1 0 0 0 0 1 0 0 0 0 0 1 0]
[1 0 0 0 0 0 0 0 0 0 0 0 0 1 0 0 0 0 1 0 0 0 0]
[0 1 0 0 0 0 0 0 0 0 0 0 1 0 0 0 0 0 0 0 1 0 0]
[0 0 0 0 0 0 0 0 0 0 0 0 0 0 0 1 1 0 0 0 0 1 0]
[1 0 0 0 0 0 0 0 1 0 0 0 0 0 0 0 0 0 0 0 1 0 0]
[0 0 1 0 0 0 0 0 0 1 0 0 0 0 0 0 0 0 0 0 0 0 1]
[1 0 0 0 0 0 0 0 0 0 0 1 0 0 0 0 0 0 0 1 0 0 0]
[0 0 0 0 1 1 1 0 0 0 0 0 0 0 0 0 0 0 0 0 0 0 0]
[0 0 1 1 0 0 0 0 0 0 0 0 0 0 0 0 0 0 0 0 0 0 1]
[0 1 0 0 1 0 0 0 0 0 0 0 0 0 0 0 0 0 0 1 0 0 0]
[0 0 0 1 0 0 0 0 0 0 0 0 0 0 0 0 0 0 0 0 1 0 1]
[0 0 0 0 0 1 0 0 1 0 0 0 0 0 0 0 0 0 1 0 0 0 0]
[0 0 0 0 0 0 1 0 0 1 1 0 0 0 0 0 0 0 0 0 0 0 0]
[0 0 0 0 0 0 0 1 0 0 1 1 0 0 0 0 0 0 0 0 0 0 0]
[0 1 0 1 0 0 1 0 0 0 0 0 0 0 0 0 0 0 0 0 0 0 0]
[0 0 0 0 0 1 0 0 0 0 0 0 0 0 0 0 0 1 1 0 0 0 0]
[0 0 1 0 1 0 0 0 0 0 0 0 0 0 0 0 0 1 0 0 0 0 0]
[0 0 0 0 0 0 0 0 1 0 0 0 1 1 1 0 0 0 0 0 0 0 0]
[0 0 0 0 0 0 0 1 0 0 0 0 1 0 0 0 1 0 0 0 0 0 0]
[0 0 0 0 0 0 0 0 0 0 0 0 0 1 0 1 1 0 0 0 0 0 0]
[0 0 0 0 0 0 0 0 0 0 0 1 0 0 1 0 0 0 0 1 0 0 0]
[0 0 0 0 0 0 0 1 0 1 0 0 0 0 0 0 0 1 0 0 1 0 0]
[0 0 0 0 0 0 0 0 0 0 0 0 0 0 1 0 0 0 1 1 0 1 0]
[2026-03-06 10:48:20] INFO: op ←←←←←, 5785
[2026-03-06 10:48:20] INFO: op →←←←←, 4081
[2026-03-06 10:48:20] INFO: op →→←←←, 4113
[2026-03-06 10:48:20] INFO: op →→→←←, 4113
[2026-03-06 10:48:20] INFO: op →→→→←, 4081
[2026-03-06 10:48:20] INFO: op ←→←←←, 2820
[2026-03-06 10:48:21] INFO: op ←←→←←, 2785
[2026-03-06 10:48:21] INFO: op ←→→←←, 2773
[2026-03-06 10:48:21] INFO: op ←←←→←, 2819
[2026-03-06 10:48:21] INFO: op ←←→→←, 2778
[2026-03-06 10:48:21] INFO: op ←→→→←, 2867
[2026-03-06 10:48:21] INFO: op →←→←←, 1976
[2026-03-06 10:48:21] INFO: op →←←→←, 1900
[2026-03-06 10:48:21] INFO: op →→←→←, 1976
[2026-03-06 10:48:21] INFO: op →←→→←, 1900
[2026-03-06 10:48:21] INFO: op ←→←→←, 1404
[2026-03-06 10:48:21] INFO: [END]
