[2026-03-06 10:49:10] INFO: Logger initialized at log/log297155.log
[2026-03-06 10:49:10] INFO: Test 146th graph in data/list_1775_graphs.g6: [????OD?oGaTaAH_hA_[?D_g_aq_aICOIP@pIIAkWGEREGGWQEBgPEoMEQ@Em?G_
[2026-03-06 10:49:10] INFO: meta data: 
minimum degree >= 6
independent number >= 2
connected
Not regular
[2026-03-06 10:49:10] INFO: Orientation of [????OD?oGaTaAH_hA_[?D_g_aq_aICOIP@pIIAkWGEREGGWQEBgPEoMEQ@Em?G_ with min semidegree 3:
[0 0 0 0 0 0 0 0 0 0 0 0 0 0 0 0 0 0 0 0 1 0 1 1 0 0 0 0]
[0 0 0 0 0 0 0 0 0 0 0 0 0 0 0 0 0 0 0 0 0 0 0 0 1 0 1 1]
[0 0 0 0 0 0 0 0 0 0 0 0 0 0 0 0 0 0 0 0 0 1 0 0 1 1 0 0]
[0 0 0 0 0 0 0 0 0 0 0 0 0 0 0 0 0 0 0 0 1 0 0 1 0 0 1 0]
[0 0 0 0 0 0 0 0 0 0 0 0 0 0 0 0 0 0 0 0 0 1 1 1 0 0 0 0]
[0 0 0 0 0 0 0 0 0 0 0 0 0 0 0 0 1 0 0 0 0 0 1 0 0 0 0 1]
[0 0 0 0 0 0 0 0 0 0 0 0 0 0 0 0 1 0 0 1 0 0 0 0 0 0 0 1]
[0 0 0 0 1 0 0 0 0 0 0 0 0 0 0 0 0 0 0 0 0 0 0 0 1 1 0 0]
[0 0 0 0 0 1 0 1 0 0 0 0 0 0 0 0 0 0 0 0 0 0 0 0 0 0 1 0]
[0 0 0 0 0 0 1 1 0 0 0 0 0 0 0 0 0 0 1 0 0 0 0 0 0 0 0 0]
[0 0 0 0 0 1 0 0 0 1 0 0 0 0 0 0 0 0 0 1 0 0 0 0 0 0 0 0]
[0 0 0 1 0 0 1 0 1 0 1 0 0 0 0 0 0 0 0 0 0 0 0 0 0 0 0 0]
[1 0 0 0 1 0 0 0 0 0 1 0 0 0 0 0 0 0 0 0 0 0 0 0 0 0 0 0]
[0 0 1 0 0 1 1 0 0 0 0 0 1 0 0 0 0 0 0 0 0 0 0 0 0 0 0 0]
[0 1 0 0 1 0 0 0 0 1 0 1 0 0 0 0 0 0 0 0 0 0 0 0 0 0 0 0]
[0 0 0 0 1 1 1 0 0 0 0 0 0 0 0 0 0 0 0 0 0 0 0 0 0 0 0 0]
[0 0 0 1 0 0 0 0 0 0 0 0 1 0 1 0 0 0 0 0 0 0 0 0 0 0 0 0]
[0 0 1 0 0 0 0 0 1 0 0 0 1 0 1 1 0 0 0 0 0 0 0 0 0 0 0 0]
[0 1 0 1 0 0 0 0 0 0 0 0 0 1 0 0 0 1 0 0 0 0 0 0 0 0 0 0]
[0 1 0 0 0 0 0 0 0 0 0 0 0 0 0 0 0 1 0 0 0 0 0 0 0 1 0 0]
[0 0 0 0 0 0 0 1 0 0 0 0 0 1 1 1 0 0 0 1 0 0 0 0 0 0 0 0]
[0 0 0 0 0 0 0 0 1 0 1 0 0 0 0 0 1 0 1 0 1 0 0 0 0 0 0 0]
[0 0 0 0 0 0 0 0 0 0 0 1 0 0 0 0 0 0 1 1 0 0 0 0 0 0 0 0]
[0 0 0 0 0 0 0 0 1 1 0 0 0 1 0 0 0 0 0 1 0 0 0 0 0 0 0 0]
[0 0 0 0 0 0 0 0 0 0 1 0 0 0 0 1 1 0 0 0 0 0 1 1 0 0 0 0]
[1 0 0 0 0 0 0 0 0 0 0 1 0 0 0 1 1 0 1 0 0 0 0 0 0 0 0 0]
[0 0 1 0 0 0 0 0 0 1 0 0 1 0 0 1 0 0 0 0 0 0 1 0 0 0 0 0]
[1 0 0 1 0 0 0 1 0 0 0 0 0 0 0 0 0 1 0 0 0 1 0 0 0 0 0 0]
[2026-03-06 10:49:10] INFO: op ←←←←←, 14727
[2026-03-06 10:49:11] INFO: op →←←←←, 11693
[2026-03-06 10:49:11] INFO: op →→←←←, 11678
[2026-03-06 10:49:12] INFO: op →→→←←, 11678
[2026-03-06 10:49:12] INFO: op →→→→←, 11693
[2026-03-06 10:49:12] INFO: op ←→←←←, 9563
[2026-03-06 10:49:12] INFO: op ←←→←←, 9283
[2026-03-06 10:49:13] INFO: op ←→→←←, 8895
[2026-03-06 10:49:13] INFO: op ←←←→←, 9321
[2026-03-06 10:49:13] INFO: op ←←→→←, 8829
[2026-03-06 10:49:14] INFO: op ←→→→←, 9397
[2026-03-06 10:49:14] INFO: op →←→←←, 7596
[2026-03-06 10:49:14] INFO: op →←←→←, 7100
[2026-03-06 10:49:14] INFO: op →→←→←, 7596
[2026-03-06 10:49:15] INFO: op →←→→←, 7100
[2026-03-06 10:49:15] INFO: op ←→←→←, 6277
[2026-03-06 10:49:15] INFO: [END]
