[2026-03-06 10:48:28] INFO: Logger initialized at log/log295333.log
[2026-03-06 10:48:28] INFO: Test 94th graph in data/list_1775_graphs.g6: W???iG`EPSICbGSAf_?H??k?BA?WI[AXq_TSoANFC_c^?B_
[2026-03-06 10:48:28] INFO: meta data: 
minimum degree >= 6
independent number >= 2
connected
Not regular
[2026-03-06 10:48:28] INFO: Orientation of W???iG`EPSICbGSAf_?H??k?BA?WI[AXq_TSoANFC_c^?B_ with min semidegree 3:
[0 0 0 0 0 0 0 0 0 0 0 0 0 0 0 0 0 0 0 1 1 1 0 0]
[0 0 0 0 0 0 0 0 0 0 0 0 0 0 0 0 0 0 0 0 0 1 1 1]
[0 0 0 0 0 0 0 0 0 0 0 0 0 0 0 0 0 0 0 0 1 0 1 1]
[0 0 0 0 0 0 0 0 0 0 0 0 0 1 1 0 0 0 0 0 0 0 0 1]
[0 0 0 0 0 0 0 0 0 0 0 0 1 0 0 0 0 0 1 0 0 0 0 1]
[0 0 0 0 0 0 0 0 0 0 0 0 0 0 1 1 0 0 1 0 0 0 0 0]
[0 0 0 1 0 1 0 0 0 0 0 0 0 0 0 0 0 0 0 0 0 0 1 0]
[0 1 0 0 0 1 0 0 0 0 0 0 0 0 0 0 0 0 0 1 0 0 0 0]
[0 0 1 0 0 0 0 1 0 0 0 1 0 0 0 0 0 0 0 0 0 0 0 0]
[0 0 0 1 1 0 0 1 0 0 0 0 0 0 0 0 0 0 0 0 0 0 0 0]
[0 0 1 0 1 0 1 0 0 0 0 0 0 0 0 0 0 0 0 0 0 0 0 0]
[0 1 0 1 0 0 0 0 0 0 0 0 0 0 0 0 0 0 1 0 0 0 0 0]
[1 0 0 0 0 1 0 0 1 0 0 0 0 0 0 0 0 0 0 0 0 0 0 0]
[0 1 0 0 0 0 0 0 0 0 1 0 1 0 0 0 0 0 0 0 0 0 0 0]
[0 0 1 0 1 0 0 0 0 0 0 0 0 0 0 0 0 0 0 0 0 1 0 0]
[0 0 0 0 0 0 0 0 1 0 0 0 0 0 0 0 0 0 0 1 1 0 0 0]
[0 0 0 0 0 0 1 0 1 1 0 0 0 0 0 0 0 0 0 0 0 0 0 0]
[0 0 0 0 0 0 1 1 0 0 0 0 1 0 0 0 0 0 0 0 0 0 0 0]
[0 0 0 0 0 0 0 0 0 0 0 0 0 1 0 0 1 1 0 0 0 0 0 0]
[0 0 0 0 0 0 0 0 0 0 1 1 0 0 1 0 1 0 0 0 0 0 0 0]
[0 0 0 0 0 0 0 0 0 1 0 1 0 1 0 0 0 1 0 0 0 0 0 0]
[0 0 0 0 0 0 0 0 0 0 1 0 0 0 0 1 1 1 0 0 0 0 0 0]
[1 0 0 0 0 0 0 0 0 1 0 0 0 0 0 1 0 0 1 0 0 0 0 0]
[1 0 0 0 0 0 0 0 0 0 0 0 0 0 0 1 1 1 0 0 0 0 0 0]
[2026-03-06 10:48:28] INFO: op ←←←←←, 6914
[2026-03-06 10:48:29] INFO: op →←←←←, 4961
[2026-03-06 10:48:29] INFO: op →→←←←, 4959
[2026-03-06 10:48:29] INFO: op →→→←←, 4959
[2026-03-06 10:48:29] INFO: op →→→→←, 4961
[2026-03-06 10:48:29] INFO: op ←→←←←, 3547
[2026-03-06 10:48:29] INFO: op ←←→←←, 3490
[2026-03-06 10:48:29] INFO: op ←→→←←, 3286
[2026-03-06 10:48:29] INFO: op ←←←→←, 3520
[2026-03-06 10:48:30] INFO: op ←←→→←, 3302
[2026-03-06 10:48:30] INFO: op ←→→→←, 3554
[2026-03-06 10:48:30] INFO: op →←→←←, 2549
[2026-03-06 10:48:30] INFO: op →←←→←, 2320
[2026-03-06 10:48:30] INFO: op →→←→←, 2549
[2026-03-06 10:48:30] INFO: op →←→→←, 2320
[2026-03-06 10:48:30] INFO: op ←→←→←, 1837
[2026-03-06 10:48:30] INFO: [END]
