[2026-03-06 10:49:19] INFO: Logger initialized at log/log297503.log
[2026-03-06 10:49:19] INFO: Test 155th graph in data/list_1775_graphs.g6: [???`?WH?qcsOK_KWWEW??{CCg_Oh?]E?BBUK?Dpw@@G@hB_BaEi_`@IgGO^_?]?
[2026-03-06 10:49:19] INFO: meta data: 
minimum degree >= 6
independent number >= 2
connected
Not regular
[2026-03-06 10:49:19] INFO: Orientation of [???`?WH?qcsOK_KWWEW??{CCg_Oh?]E?BBUK?Dpw@@G@hB_BaEi_`@IgGO^_?]? with min semidegree 3:
[0 0 0 0 0 0 0 0 0 0 0 0 0 0 0 0 0 0 0 0 0 0 0 0 1 1 0 1]
[0 0 0 0 0 0 0 0 0 0 0 0 0 0 0 0 0 0 0 0 0 0 0 1 0 0 1 1]
[0 0 0 0 0 0 0 0 0 0 0 0 0 0 0 0 0 0 0 0 0 1 1 0 0 1 0 0]
[0 0 0 0 0 0 0 0 0 0 0 0 0 0 0 0 0 0 0 0 0 1 0 0 0 0 1 1]
[0 0 0 0 0 0 0 0 0 0 0 0 0 0 0 0 0 0 1 1 0 0 1 0 0 0 0 0]
[0 0 0 0 0 0 0 0 0 0 0 0 0 0 0 0 0 1 0 1 0 0 0 0 0 0 1 0]
[0 0 0 1 0 0 0 0 0 0 0 0 0 0 0 0 1 0 0 0 1 0 0 0 0 0 0 0]
[0 0 1 0 0 0 0 0 0 0 0 0 0 0 0 0 1 0 0 0 1 0 0 0 0 0 0 0]
[0 0 0 1 1 0 0 0 0 0 0 0 0 0 0 0 1 0 0 0 0 0 0 0 0 0 0 0]
[0 0 1 0 0 1 0 0 0 0 1 0 0 0 0 0 0 0 0 0 0 0 0 0 0 0 0 0]
[0 0 0 1 1 0 0 1 0 0 0 0 0 0 0 0 0 0 0 0 0 0 0 0 1 0 0 0]
[0 0 1 0 0 1 1 0 1 0 0 0 0 0 0 0 0 0 0 0 0 0 0 0 0 0 0 0]
[0 1 0 0 0 0 0 0 1 1 0 0 0 0 0 0 0 0 0 0 0 0 0 0 0 0 0 0]
[1 0 0 0 0 0 0 0 1 1 0 0 0 0 0 0 0 0 0 0 0 0 0 0 0 0 0 0]
[1 1 0 0 0 0 1 1 0 0 0 0 0 0 0 0 0 0 0 0 0 0 0 0 0 0 0 0]
[1 1 0 0 1 1 0 0 0 0 0 0 0 0 0 0 0 0 0 0 0 0 0 0 0 0 0 0]
[0 0 0 0 0 0 0 0 0 1 0 0 0 0 0 1 0 0 0 0 0 0 0 1 0 0 0 0]
[0 0 0 0 0 0 0 0 1 0 1 0 0 0 1 0 0 0 0 0 0 0 0 0 0 0 0 0]
[0 0 0 0 0 0 0 0 0 1 0 1 0 0 1 0 0 0 0 0 0 0 0 0 0 0 0 0]
[0 0 0 0 0 0 1 1 0 0 0 0 1 1 0 0 0 0 0 0 0 0 0 0 0 0 0 0]
[0 0 0 0 0 0 0 0 0 0 0 0 1 1 0 1 0 1 1 0 0 0 0 0 0 0 0 0]
[0 0 0 0 0 0 0 0 0 0 0 0 0 0 0 1 0 1 1 1 0 0 0 0 0 0 0 0]
[0 0 0 1 0 1 0 0 0 0 0 0 0 0 1 0 0 0 0 0 1 0 0 0 0 0 0 0]
[0 0 0 0 0 0 0 0 0 0 1 1 0 1 0 0 0 0 0 0 0 1 1 0 0 0 0 0]
[0 0 0 0 0 0 0 0 0 0 0 1 1 0 0 0 1 0 0 0 0 1 1 0 0 0 0 0]
[0 0 0 0 1 0 1 0 0 0 0 0 1 0 0 0 0 1 0 0 0 0 0 1 0 0 0 0]
[0 0 0 0 0 0 0 1 0 0 0 0 0 1 0 0 0 0 1 0 0 0 0 0 1 1 0 0]
[0 0 1 0 0 0 0 0 0 0 0 0 0 0 0 0 1 1 1 1 0 0 0 0 0 0 0 0]
[2026-03-06 10:49:19] INFO: op ←←←←←, 14793
[2026-03-06 10:49:20] INFO: op →←←←←, 11605
[2026-03-06 10:49:20] INFO: op →→←←←, 11751
[2026-03-06 10:49:21] INFO: op →→→←←, 11751
[2026-03-06 10:49:21] INFO: op →→→→←, 11605
[2026-03-06 10:49:21] INFO: op ←→←←←, 9511
[2026-03-06 10:49:22] INFO: op ←←→←←, 9253
[2026-03-06 10:49:22] INFO: op ←→→←←, 9043
[2026-03-06 10:49:22] INFO: op ←←←→←, 9376
[2026-03-06 10:49:23] INFO: op ←←→→←, 9036
[2026-03-06 10:49:23] INFO: op ←→→→←, 9223
[2026-03-06 10:49:23] INFO: op →←→←←, 7454
[2026-03-06 10:49:23] INFO: op →←←→←, 7172
[2026-03-06 10:49:24] INFO: op →→←→←, 7454
[2026-03-06 10:49:24] INFO: op →←→→←, 7172
[2026-03-06 10:49:24] INFO: op ←→←→←, 6019
[2026-03-06 10:49:24] INFO: [END]
