[2026-03-06 10:48:31] INFO: Logger initialized at log/log295471.log
[2026-03-06 10:48:31] INFO: Test 97th graph in data/list_1775_graphs.g6: X?UO@Ca?`?aGCGWDqPG[Qob`DIAHW@W_QHQAaL@F__??GUZ?HLY
[2026-03-06 10:48:31] INFO: meta data: 
minimum degree >= 6
independent number >= 2
connected
Not regular
[2026-03-06 10:48:31] INFO: Orientation of X?UO@Ca?`?aGCGWDqPG[Qob`DIAHW@W_QHQAaL@F__??GUZ?HLY with min semidegree 3:
[0 0 0 0 0 0 0 0 0 0 0 0 0 0 0 0 1 0 0 0 1 1 0 0 0]
[0 0 0 0 0 0 0 0 0 0 0 0 0 0 0 0 1 1 1 0 0 0 0 0 0]
[0 0 0 0 0 0 0 0 0 0 0 0 0 1 0 0 0 0 0 1 0 0 1 0 0]
[0 0 0 0 1 0 0 0 0 0 0 0 0 0 1 0 0 0 0 0 0 0 1 0 0]
[0 1 0 0 0 0 0 0 0 0 0 0 0 0 0 1 0 0 0 0 1 0 0 0 0]
[1 0 0 1 0 0 0 0 0 0 0 0 0 0 0 1 0 0 0 0 0 0 0 0 0]
[0 0 0 0 0 0 0 0 1 0 0 0 0 0 1 0 1 0 0 0 0 0 0 0 0]
[0 0 1 0 0 0 1 0 0 0 0 0 0 0 0 0 0 0 0 0 0 0 0 1 0]
[0 0 1 0 0 0 0 0 0 0 0 0 0 0 0 0 0 0 0 0 0 1 0 0 1]
[0 0 0 0 0 0 1 0 0 0 0 0 0 0 0 0 0 0 0 1 1 0 0 0 0]
[0 0 1 0 0 0 0 0 0 1 0 0 0 0 0 0 0 1 0 0 0 0 0 0 0]
[0 0 0 1 0 0 0 1 0 0 0 0 0 0 0 0 0 0 0 0 0 0 0 0 1]
[0 0 0 1 0 0 0 0 1 0 0 0 0 0 0 0 0 0 0 0 0 0 0 1 0]
[0 1 0 0 0 0 0 0 0 1 0 1 1 0 0 0 0 0 0 0 0 0 0 0 0]
[1 0 0 0 0 0 0 0 0 0 1 0 0 1 0 0 0 0 0 0 0 0 0 1 0]
[0 0 0 0 0 0 1 0 0 0 1 0 0 1 0 0 0 0 0 0 0 0 0 0 1]
[0 0 0 0 0 0 0 0 0 0 1 1 1 0 0 0 0 0 0 0 0 0 0 0 0]
[0 0 0 0 0 1 0 1 0 0 0 0 1 0 0 0 0 0 0 0 0 0 0 0 0]
[0 0 0 0 0 1 0 0 1 0 1 1 0 0 0 0 0 0 0 0 0 0 0 0 0]
[0 0 0 0 1 1 0 0 0 0 0 0 0 0 0 0 1 0 0 0 0 0 0 0 0]
[0 0 0 0 0 0 0 1 0 0 0 0 1 0 0 0 0 0 1 0 0 0 0 0 0]
[0 0 0 0 1 0 0 0 0 1 0 1 0 0 0 0 0 1 0 0 0 0 0 0 0]
[1 1 0 0 0 0 0 0 0 1 0 0 0 0 0 0 0 0 0 0 0 0 0 0 0]
[0 0 0 0 0 0 0 0 0 0 0 0 0 0 0 1 0 0 1 1 0 1 1 0 0]
[0 0 0 0 0 0 0 0 0 0 0 0 0 0 1 0 0 1 0 1 1 0 1 0 0]
[2026-03-06 10:48:32] INFO: op ←←←←←, 8769
[2026-03-06 10:48:32] INFO: op →←←←←, 6463
[2026-03-06 10:48:32] INFO: op →→←←←, 6498
[2026-03-06 10:48:32] INFO: op →→→←←, 6498
[2026-03-06 10:48:32] INFO: op →→→→←, 6463
[2026-03-06 10:48:33] INFO: op ←→←←←, 4829
[2026-03-06 10:48:33] INFO: op ←←→←←, 4793
[2026-03-06 10:48:33] INFO: op ←→→←←, 4764
[2026-03-06 10:48:33] INFO: op ←←←→←, 4830
[2026-03-06 10:48:33] INFO: op ←←→→←, 4787
[2026-03-06 10:48:33] INFO: op ←→→→←, 4866
[2026-03-06 10:48:33] INFO: op →←→←←, 3626
[2026-03-06 10:48:34] INFO: op →←←→←, 3468
[2026-03-06 10:48:34] INFO: op →→←→←, 3626
[2026-03-06 10:48:34] INFO: op →←→→←, 3468
[2026-03-06 10:48:34] INFO: op ←→←→←, 2696
[2026-03-06 10:48:34] INFO: [END]
