[2026-03-06 10:48:21] INFO: Logger initialized at log/log294845.log
[2026-03-06 10:48:21] INFO: Test 80th graph in data/list_1775_graphs.g6: VIR????_C?Fb@}O}W[eFG@ECCWPoFXoFW~w?mwBDv?W?
[2026-03-06 10:48:21] INFO: meta data: 
minimum degree >= 6
independent number >= 2
connected
Not regular
[2026-03-06 10:48:21] INFO: Orientation of VIR????_C?Fb@}O}W[eFG@ECCWPoFXoFW~w?mwBDv?W? with min semidegree 3:
[0 0 0 0 0 0 0 0 0 0 0 0 0 0 1 0 0 0 0 0 0 1 1]
[0 0 0 0 0 0 0 0 0 0 0 0 0 1 1 1 0 0 0 0 0 0 0]
[0 1 0 0 0 0 0 0 0 0 0 0 0 0 0 0 0 0 1 1 0 0 0]
[0 1 0 0 0 0 0 0 0 0 0 0 0 0 0 0 0 0 1 1 0 0 0]
[0 1 0 0 0 0 0 0 0 0 0 0 0 0 0 0 0 0 1 1 0 0 0]
[1 1 0 0 0 0 0 0 0 0 0 0 0 0 0 0 0 0 0 0 1 0 0]
[0 0 0 0 0 0 0 0 0 0 0 0 0 0 0 0 0 0 0 0 1 1 1]
[0 0 0 0 0 0 0 0 0 0 0 0 0 0 0 0 0 0 0 0 1 1 1]
[0 0 0 0 0 0 0 0 0 0 0 0 1 0 0 0 0 0 0 0 1 1 0]
[1 0 0 0 0 0 0 0 0 0 0 1 0 0 0 0 1 0 0 0 0 0 0]
[1 0 0 0 0 0 0 0 0 0 0 0 0 0 0 0 0 1 0 0 1 0 0]
[0 0 1 1 1 1 0 0 0 0 1 0 0 0 0 0 0 0 0 0 0 0 0]
[0 0 0 0 0 1 1 1 0 1 1 0 0 0 0 0 0 0 0 0 0 0 0]
[0 0 0 0 0 0 1 1 1 1 1 0 0 0 0 0 0 0 0 0 0 0 0]
[0 0 0 0 0 0 1 1 1 0 0 1 0 0 0 0 0 0 0 0 0 0 0]
[1 0 0 0 0 0 1 1 1 0 0 1 0 0 0 0 0 0 0 0 0 0 0]
[0 0 0 0 0 1 0 0 0 0 1 0 0 0 0 1 0 0 0 0 0 0 0]
[0 0 0 0 0 1 0 0 0 1 0 0 0 0 0 1 0 0 0 0 0 0 0]
[0 0 0 0 0 0 0 0 0 0 0 0 1 1 1 0 1 1 0 0 0 0 0]
[0 0 0 0 0 0 0 0 0 0 0 0 1 1 1 0 1 1 0 0 0 0 0]
[0 0 1 1 1 0 0 0 0 1 0 0 0 0 0 0 0 0 0 0 0 0 0]
[0 0 1 1 1 0 0 0 0 0 0 0 0 0 0 0 1 1 0 0 0 0 0]
[0 0 1 1 1 0 0 0 1 0 0 0 0 0 0 0 1 1 0 0 0 0 0]
[2026-03-06 10:48:22] INFO: op ←←←←←, 14151
[2026-03-06 10:48:22] INFO: op →←←←←, 11653
[2026-03-06 10:48:22] INFO: op →→←←←, 10799
[2026-03-06 10:48:23] INFO: op →→→←←, 10799
[2026-03-06 10:48:23] INFO: op →→→→←, 11653
[2026-03-06 10:48:24] INFO: op ←→←←←, 9773
[2026-03-06 10:48:24] INFO: op ←←→←←, 9169
[2026-03-06 10:48:24] INFO: op ←→→←←, 7680
[2026-03-06 10:48:24] INFO: op ←←←→←, 9543
[2026-03-06 10:48:25] INFO: op ←←→→←, 7546
[2026-03-06 10:48:25] INFO: op ←→→→←, 9702
[2026-03-06 10:48:25] INFO: op →←→←←, 7039
[2026-03-06 10:48:25] INFO: op →←←→←, 6564
[2026-03-06 10:48:26] INFO: op →→←→←, 7039
[2026-03-06 10:48:26] INFO: op →←→→←, 6564
[2026-03-06 10:48:26] INFO: op ←→←→←, 5971
[2026-03-06 10:48:26] INFO: [END]
