[2026-03-06 10:49:02] INFO: Logger initialized at log/log296838.log
[2026-03-06 10:49:02] INFO: Test 136th graph in data/list_1775_graphs.g6: [?????DAOT?qaGCcgGpGRKR`gdCgpMD_obAA_oD?w@Bh_HE\E_CkkG@[Hg@EpG`?
[2026-03-06 10:49:02] INFO: meta data: 
minimum degree >= 6
independent number >= 2
connected
Not regular
[2026-03-06 10:49:02] INFO: Orientation of [?????DAOT?qaGCcgGpGRKR`gdCgpMD_obAA_oD?w@Bh_HE\E_CkkG@[Hg@EpG`? with min semidegree 3:
[0 0 0 0 0 0 0 0 0 0 0 0 0 0 0 0 0 0 1 1 0 0 0 0 0 1 1 0]
[0 0 0 0 0 0 0 0 0 0 0 0 0 0 0 0 0 1 0 1 0 0 0 1 0 0 1 0]
[0 0 0 0 0 0 0 0 0 0 0 0 0 0 0 0 1 0 0 0 0 0 0 0 1 1 0 0]
[0 0 0 0 0 0 0 0 0 0 0 0 0 0 0 0 0 0 1 0 0 0 1 0 1 0 0 1]
[0 0 0 0 0 0 0 0 0 0 0 0 0 0 0 0 0 0 0 0 0 0 1 1 0 0 0 1]
[0 0 0 0 0 0 0 0 0 0 0 0 0 0 0 0 0 0 1 0 0 0 1 0 1 0 0 0]
[0 0 0 0 0 0 0 0 0 0 0 0 0 0 0 0 0 0 0 1 1 0 0 0 0 1 0 0]
[0 0 0 0 0 0 0 0 0 0 0 0 0 0 0 0 1 0 0 0 1 0 0 0 0 0 1 0]
[0 0 0 0 0 1 0 1 0 0 0 0 0 0 0 0 0 0 0 0 0 0 0 0 0 0 0 1]
[0 0 0 0 1 0 0 1 0 0 0 0 0 0 0 0 0 0 1 0 0 0 0 0 0 0 0 0]
[0 0 0 0 1 0 1 0 1 0 0 0 0 0 0 0 0 0 0 0 0 0 0 0 0 0 0 0]
[0 0 0 0 0 1 1 0 0 1 0 0 0 0 0 0 0 0 0 0 0 0 0 0 0 0 0 0]
[1 0 0 0 1 0 0 0 1 0 0 0 0 0 0 0 0 0 0 0 0 0 0 0 0 0 0 0]
[0 0 0 1 0 0 1 0 0 1 0 0 1 0 0 0 0 0 0 0 0 0 0 0 0 0 0 0]
[0 1 0 0 0 0 0 1 0 0 0 1 1 0 0 0 0 0 0 0 0 0 0 0 0 0 0 0]
[0 0 1 0 0 1 0 0 0 0 1 0 0 1 1 0 0 0 0 0 0 0 0 0 0 0 0 0]
[0 0 0 1 0 0 0 0 0 0 1 1 1 0 0 0 0 0 0 0 0 0 0 0 0 0 0 0]
[0 0 1 0 1 0 0 0 1 0 0 1 0 1 0 0 0 0 0 0 0 0 0 0 0 0 0 0]
[0 0 0 0 0 0 0 0 0 0 1 0 0 0 1 0 0 1 0 0 0 0 0 0 0 0 0 0]
[0 0 0 0 0 0 0 0 1 1 0 0 0 0 0 1 1 0 0 0 0 0 0 0 0 0 0 0]
[0 0 1 0 0 0 0 0 0 0 0 0 1 0 0 0 0 0 1 0 0 0 0 0 0 0 0 0]
[1 0 0 0 0 0 1 1 0 0 0 0 0 0 0 1 0 1 0 0 0 0 0 0 0 0 0 0]
[0 0 0 0 0 0 0 0 0 0 0 0 0 0 1 0 0 0 0 1 1 1 0 0 0 0 0 0]
[0 0 0 0 0 1 0 0 0 0 0 0 0 1 0 0 1 0 0 0 1 1 0 0 0 0 0 0]
[0 1 0 0 0 0 0 0 0 1 1 0 1 0 0 0 0 0 0 0 0 1 0 0 0 0 0 0]
[0 0 0 1 0 0 0 0 1 1 0 0 0 0 1 0 0 0 0 0 0 0 0 1 0 0 0 0]
[0 0 1 0 0 0 0 0 0 0 1 1 0 1 0 0 0 0 0 0 0 0 1 0 0 0 0 0]
[1 1 0 0 0 0 0 0 0 0 0 1 0 0 0 1 0 0 0 0 1 0 0 0 0 0 0 0]
[2026-03-06 10:49:03] INFO: op ←←←←←, 17480
[2026-03-06 10:49:03] INFO: op →←←←←, 14502
[2026-03-06 10:49:04] INFO: op →→←←←, 14811
[2026-03-06 10:49:04] INFO: op →→→←←, 14811
[2026-03-06 10:49:05] INFO: op →→→→←, 14502
[2026-03-06 10:49:05] INFO: op ←→←←←, 12144
[2026-03-06 10:49:06] INFO: op ←←→←←, 12154
[2026-03-06 10:49:06] INFO: op ←→→←←, 12017
[2026-03-06 10:49:06] INFO: op ←←←→←, 11957
[2026-03-06 10:49:07] INFO: op ←←→→←, 12032
[2026-03-06 10:49:07] INFO: op ←→→→←, 12051
[2026-03-06 10:49:08] INFO: op →←→←←, 9902
[2026-03-06 10:49:08] INFO: op →←←→←, 9652
[2026-03-06 10:49:08] INFO: op →→←→←, 9902
[2026-03-06 10:49:09] INFO: op →←→→←, 9652
[2026-03-06 10:49:09] INFO: op ←→←→←, 8043
[2026-03-06 10:49:09] INFO: [END]
