[2026-03-06 10:48:45] INFO: Logger initialized at log/log296276.log
[2026-03-06 10:48:45] INFO: Test 120th graph in data/list_1775_graphs.g6: ZsaC?D?@?_?PADGIa_P`_CcP_W_Tp@JGOLDSPQe@RHOIIg?Bg@@QaKOMGOOO
[2026-03-06 10:48:45] INFO: meta data: 
minimum degree >= 6
independent number >= 2
connected
Not regular
[2026-03-06 10:48:45] INFO: Orientation of ZsaC?D?@?_?PADGIa_P`_CcP_W_Tp@JGOLDSPQe@RHOIIg?Bg@@QaKOMGOOO with min semidegree 3:
[0 1 1 0 1 0 0 0 0 0 0 0 0 0 0 0 0 0 0 0 0 0 0 0 0 0 0]
[0 0 0 0 0 0 0 0 0 0 0 0 0 0 0 0 0 1 0 0 0 1 0 0 0 1 1]
[0 0 0 0 0 0 0 0 0 0 0 0 0 0 0 0 0 0 0 1 0 0 1 0 0 0 1]
[1 0 0 0 0 0 0 0 0 0 0 0 0 0 0 0 0 0 0 0 0 0 0 1 0 0 1]
[0 0 0 0 0 0 0 0 0 0 0 0 0 0 0 0 0 0 1 0 1 0 0 0 0 1 0]
[1 0 0 0 0 0 0 0 0 0 0 0 0 0 0 0 0 0 0 1 1 0 0 0 0 0 0]
[1 0 0 0 0 0 0 0 0 0 0 0 0 0 0 0 0 0 1 0 0 0 0 0 1 0 0]
[0 0 0 0 0 0 1 0 0 0 0 0 0 0 0 0 0 0 0 0 1 1 0 0 0 0 0]
[0 1 0 0 0 0 0 0 0 0 0 0 0 0 0 0 0 0 0 0 0 0 1 0 1 0 0]
[0 0 0 0 0 1 0 0 0 0 0 0 0 0 0 0 1 0 0 0 0 0 0 1 0 0 0]
[0 0 0 1 0 0 0 0 0 0 0 0 0 0 0 0 0 0 0 0 0 1 0 0 0 1 0]
[0 0 0 0 0 0 1 0 0 0 1 0 0 0 0 0 0 0 0 0 0 0 1 0 0 0 0]
[0 0 0 0 1 0 0 0 0 1 0 1 0 0 0 0 0 0 0 0 0 0 0 0 0 0 0]
[0 0 1 0 0 0 0 0 1 0 1 0 1 0 0 0 0 0 0 0 0 0 0 0 0 0 0]
[0 0 0 1 0 1 0 0 0 0 0 0 1 0 0 0 0 0 0 0 0 0 0 0 0 0 0]
[0 0 1 1 0 0 0 0 1 1 0 0 0 0 0 0 0 0 0 0 0 0 0 0 0 0 0]
[0 0 0 1 0 0 1 0 0 0 0 0 0 1 0 0 0 0 0 0 0 0 0 0 0 0 0]
[0 0 1 0 0 0 0 0 0 1 1 0 0 0 1 0 0 0 0 0 0 0 0 0 0 0 0]
[0 0 0 0 0 0 0 0 1 1 1 0 0 0 1 0 0 0 0 0 0 0 0 0 0 0 0]
[0 0 0 0 0 0 0 1 1 0 0 1 0 0 0 0 1 0 0 0 0 0 0 0 0 0 0]
[0 0 0 0 0 0 0 0 0 0 0 1 0 1 0 1 0 1 0 0 0 0 0 0 0 0 0]
[0 0 0 0 0 1 0 0 0 0 0 0 1 0 0 1 1 0 0 0 0 0 0 0 0 0 0]
[0 0 0 0 1 0 0 1 0 0 0 0 0 0 1 0 1 0 0 0 0 0 0 0 0 0 0]
[0 1 0 0 0 0 0 1 0 0 0 1 0 1 0 0 0 0 0 0 0 0 0 0 0 0 0]
[0 0 0 0 1 1 0 0 0 0 0 0 0 0 0 0 0 1 0 0 0 0 0 1 0 0 0]
[0 0 0 0 0 0 1 0 0 0 0 0 0 0 1 1 0 0 0 1 0 0 0 0 0 0 0]
[0 0 0 0 0 0 0 1 0 0 0 0 1 0 0 0 0 0 1 0 0 0 0 0 1 0 0]
[2026-03-06 10:48:46] INFO: op ←←←←←, 11363
[2026-03-06 10:48:46] INFO: op →←←←←, 8469
[2026-03-06 10:48:46] INFO: op →→←←←, 8415
[2026-03-06 10:48:47] INFO: op →→→←←, 8415
[2026-03-06 10:48:47] INFO: op →→→→←, 8469
[2026-03-06 10:48:47] INFO: op ←→←←←, 6291
[2026-03-06 10:48:47] INFO: op ←←→←←, 6073
[2026-03-06 10:48:47] INFO: op ←→→←←, 6127
[2026-03-06 10:48:48] INFO: op ←←←→←, 6273
[2026-03-06 10:48:48] INFO: op ←←→→←, 6166
[2026-03-06 10:48:48] INFO: op ←→→→←, 6266
[2026-03-06 10:48:48] INFO: op →←→←←, 4795
[2026-03-06 10:48:48] INFO: op →←←→←, 4551
[2026-03-06 10:48:49] INFO: op →→←→←, 4795
[2026-03-06 10:48:49] INFO: op →←→→←, 4551
[2026-03-06 10:48:49] INFO: op ←→←→←, 3775
[2026-03-06 10:48:49] INFO: [END]
