[2026-03-06 10:49:55] INFO: Logger initialized at log/log298833.log
[2026-03-06 10:49:55] INFO: Test 193th graph in data/list_1775_graphs.g6: [?KsQLQgQcsK`?Q?H?SGAs?B_??PcOGYKGMG@KPGa@lCOFICOp@G_qA?@eQW@`bE
[2026-03-06 10:49:55] INFO: meta data: 
minimum degree >= 6
independent number >= 2
connected
Not regular
[2026-03-06 10:49:55] INFO: Orientation of [?KsQLQgQcsK`?Q?H?SGAs?B_??PcOGYKGMG@KPGa@lCOFICOp@G_qA?@eQW@`bE with min semidegree 3:
[0 0 0 0 0 0 0 0 0 1 0 1 0 0 0 0 0 1 0 0 0 0 0 0 0 0 0 0]
[0 0 0 0 0 0 0 0 1 0 1 0 0 0 1 0 0 0 0 0 0 0 0 0 0 0 0 0]
[0 0 0 0 0 0 0 0 0 0 0 1 0 0 0 0 0 0 0 0 0 0 0 1 0 1 0 0]
[0 0 0 0 0 0 0 0 0 0 1 0 0 0 0 0 0 0 0 0 0 0 1 0 1 0 0 0]
[0 0 1 1 0 0 0 0 0 0 0 0 0 0 0 0 0 0 1 0 0 0 0 0 0 0 0 0]
[0 0 1 1 0 0 0 0 0 0 0 0 0 0 0 0 0 0 0 1 0 0 0 0 0 0 0 0]
[1 0 0 0 1 0 0 0 0 0 0 0 0 0 0 0 0 0 0 0 0 0 0 1 0 0 0 0]
[0 1 0 0 0 1 1 0 0 0 0 0 0 0 0 0 0 0 0 0 0 0 0 0 0 0 0 0]
[0 0 0 1 0 0 1 0 0 0 0 0 0 0 0 0 0 0 0 0 0 0 0 0 0 0 0 1]
[0 0 1 0 0 0 0 1 0 0 0 0 0 0 0 0 0 0 0 0 0 0 0 0 0 0 0 1]
[0 0 0 0 0 0 1 0 0 1 0 0 0 0 0 0 0 0 0 0 0 0 0 0 0 0 1 0]
[0 0 0 0 0 0 0 1 1 0 0 0 0 0 0 0 0 0 0 0 0 0 0 0 0 0 1 0]
[1 0 0 0 0 1 0 0 0 0 0 0 0 0 0 0 0 0 1 0 0 0 0 0 0 0 0 0]
[0 1 0 0 1 0 0 0 0 0 0 0 0 0 0 0 0 0 0 0 0 1 0 0 0 0 0 0]
[0 0 0 0 1 0 0 0 0 0 0 0 1 0 0 0 0 0 0 0 0 0 0 0 0 0 1 0]
[1 0 0 0 0 1 0 0 0 0 0 0 0 1 0 0 0 0 0 0 0 0 0 0 0 0 0 1]
[1 1 0 1 0 0 0 0 0 0 0 0 0 0 0 0 0 0 0 0 0 0 0 0 0 0 0 0]
[0 1 1 0 0 0 0 0 0 0 0 0 0 0 0 0 0 0 0 0 0 0 1 0 0 0 0 0]
[0 0 0 0 0 0 0 0 1 1 0 0 0 0 0 0 1 0 0 0 0 0 0 0 0 0 0 0]
[0 0 0 0 0 0 0 0 0 0 1 1 0 1 0 0 0 1 1 0 0 0 0 0 0 0 0 0]
[0 0 0 0 1 0 0 0 0 0 1 1 1 0 0 0 1 0 0 0 0 0 0 0 0 0 0 0]
[0 0 0 0 0 1 0 0 1 1 0 0 0 0 0 0 0 1 0 0 1 0 0 0 0 0 0 0]
[0 0 0 0 0 0 0 1 0 0 0 0 0 0 1 1 0 0 1 0 1 0 0 0 0 0 0 0]
[0 0 0 0 0 0 0 0 0 0 0 0 0 0 1 1 1 0 0 1 0 1 0 0 0 0 0 0]
[0 0 0 0 0 0 0 1 0 0 0 0 1 1 0 0 0 1 0 0 0 0 0 1 0 0 0 0]
[0 0 0 0 0 0 1 0 0 0 0 0 1 1 0 0 1 0 0 0 0 0 1 0 0 0 0 0]
[0 0 0 0 0 0 0 0 0 0 0 0 0 0 0 1 0 0 1 0 0 1 0 0 1 1 0 0]
[0 0 0 0 0 0 0 0 0 0 0 0 0 0 1 0 0 0 0 1 1 0 0 0 1 1 0 0]
[2026-03-06 10:49:56] INFO: op ←←←←←, 14421
[2026-03-06 10:49:56] INFO: op →←←←←, 11213
[2026-03-06 10:49:56] INFO: op →→←←←, 11308
[2026-03-06 10:49:57] INFO: op →→→←←, 11308
[2026-03-06 10:49:57] INFO: op →→→→←, 11213
[2026-03-06 10:49:58] INFO: op ←→←←←, 9010
[2026-03-06 10:49:58] INFO: op ←←→←←, 8984
[2026-03-06 10:49:58] INFO: op ←→→←←, 9368
[2026-03-06 10:49:58] INFO: op ←←←→←, 8981
[2026-03-06 10:49:59] INFO: op ←←→→←, 9491
[2026-03-06 10:49:59] INFO: op ←→→→←, 9206
[2026-03-06 10:49:59] INFO: op →←→←←, 7155
[2026-03-06 10:50:00] INFO: op →←←→←, 7100
[2026-03-06 10:50:00] INFO: op →→←→←, 7155
[2026-03-06 10:50:00] INFO: op →←→→←, 7100
[2026-03-06 10:50:00] INFO: op ←→←→←, 5984
[2026-03-06 10:50:00] INFO: [END]
