[2026-03-06 10:47:58] INFO: Logger initialized at log/log293165.log
[2026-03-06 10:47:59] INFO: Test 32th graph in data/list_1775_graphs.g6: S??W?IB_s?BFEMXMKfFEKeoZeEBuOBuO?
[2026-03-06 10:47:59] INFO: meta data: 
minimum degree >= 6
independent number >= 2
connected
Not regular
[2026-03-06 10:47:59] INFO: Orientation of S??W?IB_s?BFEMXMKfFEKeoZeEBuOBuO? with min semidegree 3:
[0 0 0 0 0 0 0 0 0 0 0 0 0 0 0 1 1 1 0 0]
[0 0 0 0 0 0 0 0 0 0 0 0 0 0 0 0 0 1 1 1]
[0 0 0 0 0 0 0 0 0 0 0 0 0 0 0 0 0 1 1 1]
[0 0 0 0 0 0 0 0 0 0 0 0 0 0 0 0 1 0 1 1]
[0 0 0 0 0 0 0 0 0 0 0 1 1 0 0 0 1 0 0 0]
[0 0 0 1 1 0 0 0 0 0 0 0 0 1 0 0 0 0 0 0]
[0 0 0 0 0 0 0 0 0 0 0 0 0 0 0 1 1 1 0 0]
[0 0 0 0 0 1 0 0 0 0 0 0 0 0 0 1 0 0 1 0]
[1 0 0 0 0 0 1 1 0 0 0 0 0 0 1 0 0 0 0 0]
[1 0 0 0 0 0 1 1 0 0 0 0 0 0 0 0 0 0 0 0]
[1 0 0 0 0 0 0 0 0 0 0 0 0 1 1 0 0 0 0 0]
[0 0 0 1 0 0 0 0 1 1 1 0 0 0 0 0 0 0 0 0]
[0 0 0 1 0 0 0 0 1 1 1 0 0 0 0 0 0 0 0 0]
[0 1 1 0 0 0 0 0 1 1 0 0 0 0 0 0 0 0 0 0]
[0 1 1 0 0 1 0 0 0 1 0 0 0 0 0 0 0 0 0 0]
[0 1 1 0 0 0 0 0 0 0 0 1 1 0 0 0 0 0 0 0]
[0 0 0 0 0 0 0 1 0 0 0 0 0 1 1 0 0 0 0 0]
[0 0 0 0 0 1 0 0 0 0 0 1 1 0 0 0 0 0 0 0]
[0 0 0 0 1 0 1 0 0 0 1 0 0 0 0 0 0 0 0 0]
[0 0 0 0 1 0 1 1 0 0 1 0 0 0 0 0 0 0 0 0]
[2026-03-06 10:47:59] INFO: op ←←←←←, 6402
[2026-03-06 10:47:59] INFO: op →←←←←, 4802
[2026-03-06 10:47:59] INFO: op →→←←←, 4813
[2026-03-06 10:47:59] INFO: op →→→←←, 4813
[2026-03-06 10:47:59] INFO: op →→→→←, 4802
[2026-03-06 10:48:00] INFO: op ←→←←←, 3647
[2026-03-06 10:48:00] INFO: op ←←→←←, 3523
[2026-03-06 10:48:00] INFO: op ←→→←←, 3333
[2026-03-06 10:48:00] INFO: op ←←←→←, 3634
[2026-03-06 10:48:00] INFO: op ←←→→←, 3284
[2026-03-06 10:48:00] INFO: op ←→→→←, 3656
[2026-03-06 10:48:00] INFO: op →←→←←, 2395
[2026-03-06 10:48:00] INFO: op →←←→←, 2486
[2026-03-06 10:48:00] INFO: op →→←→←, 2395
[2026-03-06 10:48:00] INFO: op →←→→←, 2486
[2026-03-06 10:48:00] INFO: op ←→←→←, 1666
[2026-03-06 10:48:00] INFO: [END]
