[2026-03-06 10:48:35] INFO: Logger initialized at log/log295718.log
[2026-03-06 10:48:36] INFO: Test 104th graph in data/list_1775_graphs.g6: X???iOc?@?G?AHE@AEAGVabIBZ@EeADqAdC`mDCCbw?X`CO\Ca?
[2026-03-06 10:48:36] INFO: meta data: 
minimum degree >= 6
independent number >= 2
connected
Not regular
[2026-03-06 10:48:36] INFO: Orientation of X???iOc?@?G?AHE@AEAGVabIBZ@EeADqAdC`mDCCbw?X`CO\Ca? with min semidegree 3:
[0 0 0 0 0 0 0 0 0 0 0 0 0 0 0 0 1 1 0 0 1 0 0 0 0]
[0 0 0 0 0 0 0 0 0 0 0 0 0 0 0 0 0 0 0 1 0 0 0 1 1]
[0 0 0 0 0 0 0 0 0 0 0 0 0 0 0 0 0 0 1 0 1 1 0 0 0]
[0 0 0 0 0 0 0 0 0 0 0 0 0 0 0 0 0 0 0 0 0 1 1 0 1]
[0 0 0 0 0 0 0 0 0 0 0 0 0 0 0 0 1 0 0 0 0 1 0 1 0]
[0 0 0 0 0 0 0 0 0 0 0 0 0 0 0 0 0 0 0 0 1 0 0 1 1]
[0 0 0 1 0 1 0 0 0 0 0 0 0 0 0 0 0 1 0 0 0 0 0 0 0]
[0 1 0 0 1 0 0 0 0 0 0 0 0 0 0 0 0 1 0 0 0 0 0 0 0]
[0 0 1 0 0 1 0 0 0 0 0 0 0 0 0 0 0 0 0 1 0 0 0 0 0]
[0 0 0 0 0 0 0 0 0 0 0 0 0 0 0 0 0 1 1 0 0 0 1 0 0]
[0 0 1 0 0 0 0 0 0 0 0 0 0 0 0 1 0 0 0 0 0 0 1 0 0]
[0 1 0 0 0 0 0 0 0 0 0 0 0 0 0 0 1 0 0 0 1 0 0 0 0]
[0 0 0 0 1 0 0 0 1 0 0 1 0 0 0 1 0 0 0 0 0 0 0 0 0]
[0 0 0 1 1 0 0 0 0 0 0 1 0 0 0 0 0 0 0 0 0 0 0 0 0]
[0 0 0 1 0 0 0 0 1 1 0 0 0 0 0 0 0 0 0 0 0 0 0 0 0]
[0 1 0 0 0 1 0 0 0 0 0 0 0 1 1 0 0 0 0 0 0 0 0 0 0]
[0 0 0 0 0 0 1 0 0 0 1 0 0 0 1 0 0 0 0 0 0 0 0 0 0]
[0 0 0 0 0 0 0 0 0 0 1 0 1 1 0 0 0 0 0 0 0 0 0 0 0]
[0 0 0 0 0 0 1 1 0 0 0 0 1 1 0 0 0 0 0 0 0 0 0 0 0]
[0 0 0 0 0 0 1 0 0 1 1 0 0 1 0 0 0 0 0 0 0 0 0 0 0]
[0 0 0 0 0 0 0 1 0 0 0 0 0 0 1 0 0 0 0 1 0 0 0 0 0]
[1 0 0 0 0 0 0 0 0 1 0 1 0 0 0 1 0 0 0 0 0 0 0 0 0]
[1 0 0 0 0 0 0 1 1 0 0 1 0 0 0 0 0 0 0 0 0 0 0 0 0]
[1 0 0 0 0 0 0 0 0 0 1 0 0 0 1 0 0 0 1 0 0 0 0 0 0]
[0 0 1 0 0 0 0 0 0 1 0 0 1 0 0 0 1 0 0 0 0 0 0 0 0]
[2026-03-06 10:48:36] INFO: op ←←←←←, 8438
[2026-03-06 10:48:36] INFO: op →←←←←, 6128
[2026-03-06 10:48:36] INFO: op →→←←←, 6147
[2026-03-06 10:48:36] INFO: op →→→←←, 6147
[2026-03-06 10:48:37] INFO: op →→→→←, 6128
[2026-03-06 10:48:37] INFO: op ←→←←←, 4407
[2026-03-06 10:48:37] INFO: op ←←→←←, 4297
[2026-03-06 10:48:37] INFO: op ←→→←←, 4332
[2026-03-06 10:48:37] INFO: op ←←←→←, 4334
[2026-03-06 10:48:37] INFO: op ←←→→←, 4355
[2026-03-06 10:48:38] INFO: op ←→→→←, 4455
[2026-03-06 10:48:38] INFO: op →←→←←, 3272
[2026-03-06 10:48:38] INFO: op →←←→←, 3101
[2026-03-06 10:48:38] INFO: op →→←→←, 3272
[2026-03-06 10:48:38] INFO: op →←→→←, 3101
[2026-03-06 10:48:38] INFO: op ←→←→←, 2423
[2026-03-06 10:48:38] INFO: [END]
