[2026-03-06 10:49:10] INFO: Logger initialized at log/log297153.log
[2026-03-06 10:49:10] INFO: Test 145th graph in data/list_1775_graphs.g6: [????OC?__Bo?]SOCaHDAQAMMHCm?Sw_aY__IMO`b_WGjACOyGOW@`wS?x?u?L_o
[2026-03-06 10:49:10] INFO: meta data: 
minimum degree >= 6
independent number >= 2
connected
Not regular
[2026-03-06 10:49:10] INFO: Orientation of [????OC?__Bo?]SOCaHDAQAMMHCm?Sw_aY__IMO`b_WGjACOyGOW@`wS?x?u?L_o with min semidegree 3:
[0 0 0 0 0 0 0 0 0 0 0 0 0 0 0 0 0 0 0 1 0 0 0 0 0 0 1 1]
[0 0 0 0 0 0 0 0 0 0 0 0 0 0 0 0 0 0 0 0 0 0 0 1 1 1 0 0]
[0 0 0 0 0 0 0 0 0 0 0 0 0 0 0 0 0 0 0 0 0 1 1 0 0 1 0 0]
[0 0 0 0 0 0 0 0 0 0 0 0 0 0 0 0 0 0 1 0 1 0 1 0 0 0 0 0]
[0 0 0 0 0 0 0 0 0 0 0 0 0 0 0 0 1 1 0 0 0 1 0 0 0 0 0 0]
[0 0 0 0 0 0 0 0 0 0 0 0 0 0 0 0 0 1 1 0 0 0 0 1 0 0 0 0]
[0 0 0 0 0 0 0 0 0 0 0 0 0 0 0 0 0 1 1 0 0 0 0 0 1 0 0 0]
[0 0 0 0 1 0 0 0 0 0 0 0 0 0 0 0 0 0 0 0 0 0 1 1 0 0 0 0]
[0 0 0 0 0 1 0 0 0 0 0 0 0 0 0 0 0 0 0 0 1 1 0 0 0 0 0 0]
[0 0 0 0 0 0 1 0 0 0 0 0 0 0 0 0 0 0 0 1 0 1 0 0 0 0 0 0]
[0 0 0 1 0 0 0 0 0 0 0 0 0 0 0 0 1 1 0 0 0 0 0 0 0 0 0 0]
[0 0 0 1 1 1 1 0 0 0 0 0 0 0 0 0 0 0 0 0 0 0 0 0 0 0 0 0]
[0 0 0 0 0 0 0 1 1 1 1 0 0 0 0 0 0 0 0 0 0 0 0 0 0 0 0 0]
[0 1 0 1 0 0 0 1 0 0 0 0 0 0 0 0 0 0 0 0 0 0 0 0 0 0 1 0]
[0 0 1 0 0 1 0 0 0 1 0 0 0 1 0 0 0 0 0 0 0 0 0 0 0 0 0 1]
[0 0 1 0 0 0 1 0 1 0 0 0 0 1 0 0 0 0 0 0 0 0 0 0 0 0 0 1]
[0 1 0 0 0 0 0 0 0 0 0 0 0 0 1 1 0 0 0 0 0 0 0 0 0 0 1 0]
[1 0 0 0 0 0 0 0 0 0 0 0 0 1 0 0 0 0 0 0 0 0 0 0 0 1 0 0]
[1 0 0 0 0 0 0 1 0 0 0 0 0 0 0 0 1 0 0 0 0 0 0 0 0 0 0 0]
[0 0 0 1 1 1 0 0 0 0 0 0 0 0 0 1 0 0 0 0 0 0 0 0 0 0 0 0]
[1 0 0 0 1 0 1 0 0 0 0 0 0 0 1 0 0 0 0 0 0 0 0 0 0 0 0 0]
[0 0 0 0 0 0 0 0 0 0 1 0 0 1 0 0 0 0 1 0 0 0 0 0 0 0 0 0]
[0 0 0 0 0 0 0 0 1 1 0 0 0 0 0 0 1 1 0 0 0 0 0 0 0 0 0 0]
[0 0 0 0 0 0 0 0 0 1 1 0 0 0 0 1 0 0 0 0 1 0 0 0 0 0 0 0]
[0 0 0 0 0 0 0 1 1 0 1 0 0 0 1 0 0 0 0 1 0 0 0 0 0 0 0 0]
[0 0 0 0 0 0 0 0 0 0 0 1 1 0 0 0 0 0 1 1 1 0 0 0 0 0 0 0]
[0 0 1 0 0 0 0 0 0 0 0 1 1 0 0 0 0 0 0 0 0 0 0 1 1 0 0 0]
[0 1 0 0 0 0 0 0 0 0 0 1 1 0 0 0 0 0 0 0 0 1 1 0 0 0 0 0]
[2026-03-06 10:49:10] INFO: op ←←←←←, 16024
[2026-03-06 10:49:11] INFO: op →←←←←, 12422
[2026-03-06 10:49:11] INFO: op →→←←←, 12608
[2026-03-06 10:49:12] INFO: op →→→←←, 12608
[2026-03-06 10:49:12] INFO: op →→→→←, 12422
[2026-03-06 10:49:12] INFO: op ←→←←←, 9585
[2026-03-06 10:49:13] INFO: op ←←→←←, 9511
[2026-03-06 10:49:13] INFO: op ←→→←←, 10006
[2026-03-06 10:49:13] INFO: op ←←←→←, 9517
[2026-03-06 10:49:14] INFO: op ←←→→←, 9884
[2026-03-06 10:49:14] INFO: op ←→→→←, 9979
[2026-03-06 10:49:14] INFO: op →←→←←, 7481
[2026-03-06 10:49:14] INFO: op →←←→←, 7470
[2026-03-06 10:49:15] INFO: op →→←→←, 7481
[2026-03-06 10:49:15] INFO: op →←→→←, 7470
[2026-03-06 10:49:15] INFO: op ←→←→←, 5852
[2026-03-06 10:49:15] INFO: [END]
