[2026-03-06 10:48:08] INFO: Logger initialized at log/log293933.log
[2026-03-06 10:48:08] INFO: Test 54th graph in data/list_1775_graphs.g6: ToCO?CA?WWK?cfcZPqcZG[e@pgB[_BZ???B~
[2026-03-06 10:48:08] INFO: meta data: 
minimum degree >= 6
independent number >= 2
connected
Not regular
[2026-03-06 10:48:08] INFO: Orientation of ToCO?CA?WWK?cfcZPqcZG[e@pgB[_BZ???B~ with min semidegree 3:
[0 0 0 0 0 0 0 0 0 0 0 0 1 1 1 0 0 0 0 0 0]
[1 0 0 0 0 0 0 0 0 0 0 0 0 0 0 0 1 1 0 0 0]
[1 0 0 0 0 0 0 0 0 0 0 0 0 0 0 0 1 1 0 0 0]
[0 0 0 0 0 0 0 0 0 0 0 0 1 1 0 0 1 0 0 0 0]
[0 0 0 1 0 0 0 0 0 0 0 0 0 0 0 0 0 0 1 1 0]
[0 0 0 1 0 0 0 0 0 0 0 0 0 0 0 0 0 0 1 1 0]
[0 0 0 0 0 0 0 0 0 0 0 0 0 0 1 0 1 0 1 0 0]
[0 0 0 0 0 0 1 0 0 0 0 0 0 0 0 1 0 1 0 0 0]
[0 0 0 0 0 0 1 0 0 0 0 0 0 0 0 1 0 1 0 0 0]
[0 0 0 0 0 0 0 1 1 0 0 0 0 0 0 0 0 0 1 0 0]
[0 0 0 0 1 1 0 0 0 0 0 0 1 0 0 0 0 0 0 0 0]
[0 1 1 0 0 0 0 0 0 0 0 0 0 1 0 0 0 0 0 0 0]
[0 0 0 0 0 0 1 0 0 1 0 1 0 0 0 0 0 0 0 0 0]
[0 0 0 0 0 0 0 1 1 0 1 0 0 0 0 0 0 0 0 0 0]
[0 0 0 0 1 1 0 0 0 1 0 1 0 0 0 0 0 0 0 0 0]
[1 0 0 0 1 1 0 0 0 0 0 1 0 0 0 0 0 0 0 0 0]
[0 0 0 0 0 0 0 0 0 1 1 0 0 0 0 0 0 0 0 0 1]
[0 0 0 1 0 0 0 0 0 0 1 0 0 0 0 0 0 0 0 0 1]
[0 1 1 0 0 0 0 0 0 0 0 0 0 0 0 0 0 0 0 0 1]
[0 1 1 0 0 0 0 1 1 0 0 0 0 0 0 0 0 0 0 0 0]
[0 0 0 0 0 0 0 0 0 0 0 0 1 1 1 1 0 0 0 1 0]
[2026-03-06 10:48:08] INFO: op ←←←←←, 5994
[2026-03-06 10:48:09] INFO: op →←←←←, 4380
[2026-03-06 10:48:09] INFO: op →→←←←, 4309
[2026-03-06 10:48:09] INFO: op →→→←←, 4309
[2026-03-06 10:48:09] INFO: op →→→→←, 4380
[2026-03-06 10:48:09] INFO: op ←→←←←, 3169
[2026-03-06 10:48:09] INFO: op ←←→←←, 3097
[2026-03-06 10:48:09] INFO: op ←→→←←, 2895
[2026-03-06 10:48:09] INFO: op ←←←→←, 3189
[2026-03-06 10:48:09] INFO: op ←←→→←, 2931
[2026-03-06 10:48:10] INFO: op ←→→→←, 3243
[2026-03-06 10:48:10] INFO: op →←→←←, 2033
[2026-03-06 10:48:10] INFO: op →←←→←, 2118
[2026-03-06 10:48:10] INFO: op →→←→←, 2033
[2026-03-06 10:48:10] INFO: op →←→→←, 2118
[2026-03-06 10:48:10] INFO: op ←→←→←, 1426
[2026-03-06 10:48:10] INFO: [END]
