[2026-03-06 10:48:38] INFO: Logger initialized at log/log295858.log
[2026-03-06 10:48:38] INFO: Test 108th graph in data/list_1775_graphs.g6: Y????GoAwKD@CEC_COT?E_POK_ZGCOeGfAECV?MEHJ?^H??oEXOAYWg?
[2026-03-06 10:48:38] INFO: meta data: 
minimum degree >= 6
independent number >= 2
connected
Not regular
[2026-03-06 10:48:38] INFO: Orientation of Y????GoAwKD@CEC_COT?E_POK_ZGCOeGfAECV?MEHJ?^H??oEXOAYWg? with min semidegree 3:
[0 0 0 0 0 0 0 0 0 0 0 0 0 0 0 0 0 0 0 0 1 0 1 1 0 0]
[0 0 0 0 0 0 0 0 0 0 0 0 0 0 0 0 0 0 1 0 1 1 0 0 0 0]
[0 0 0 0 0 0 0 0 1 0 0 0 0 0 0 0 0 0 1 0 0 0 0 1 0 0]
[0 0 0 0 0 0 0 0 0 0 0 0 0 0 0 0 0 0 0 1 0 1 0 1 0 0]
[0 0 0 0 0 0 0 0 0 1 0 0 0 0 0 0 0 1 0 0 0 1 0 0 0 0]
[0 0 0 0 0 0 0 0 0 0 0 0 0 0 0 0 0 1 1 0 0 0 1 0 0 0]
[0 0 0 0 0 0 0 0 0 1 0 0 0 0 0 0 0 0 0 1 1 0 0 0 0 0]
[0 0 0 0 0 1 0 0 0 0 0 0 0 0 0 0 1 0 0 0 0 0 0 0 0 1]
[0 0 0 1 0 0 0 0 0 0 0 0 0 0 0 0 0 0 0 0 0 0 1 0 0 1]
[0 0 0 0 0 0 0 1 1 0 0 0 0 0 0 0 0 0 0 0 0 0 0 0 1 0]
[0 0 0 0 0 1 1 0 0 0 0 0 0 0 0 0 0 0 0 0 0 0 0 0 1 0]
[0 0 1 0 1 0 0 0 0 0 1 0 0 0 0 0 0 0 0 0 0 0 0 0 0 0]
[0 0 0 1 0 0 0 0 0 1 1 0 0 0 0 0 0 0 0 0 0 0 0 0 0 0]
[0 0 0 1 0 0 1 0 0 0 0 0 0 0 0 0 0 0 0 0 0 0 0 0 1 0]
[0 0 1 0 0 0 1 0 0 0 0 0 1 0 0 0 0 0 0 0 0 0 0 0 0 0]
[1 0 1 0 0 0 0 0 0 0 0 0 1 1 0 0 0 0 0 0 0 0 0 0 0 0]
[1 0 0 0 0 0 0 0 0 0 0 1 0 1 0 0 0 0 0 0 0 0 0 0 0 0]
[0 0 0 0 0 0 0 0 1 0 0 0 0 0 0 1 1 0 0 0 0 0 0 0 0 0]
[0 0 0 0 0 0 0 0 0 0 0 0 1 0 0 0 1 0 0 0 0 0 0 0 0 1]
[0 0 0 0 0 0 0 1 0 0 0 1 0 0 0 1 0 0 1 0 0 0 0 0 0 0]
[0 0 0 0 0 0 0 0 0 0 0 1 1 0 0 0 0 1 0 0 0 0 0 0 0 0]
[0 0 0 0 0 1 0 0 0 0 0 0 0 0 1 1 1 0 0 0 0 0 0 0 0 0]
[0 1 0 0 0 0 0 0 0 0 0 1 0 1 1 0 0 0 0 0 0 0 0 0 0 0]
[0 1 0 0 1 0 0 1 0 0 1 0 0 0 0 0 0 0 0 0 0 0 0 0 0 0]
[1 1 0 0 0 0 0 0 0 0 0 0 0 0 1 0 0 1 0 1 0 0 0 0 0 0]
[0 0 0 0 1 0 0 0 0 0 1 0 0 1 1 0 0 0 0 0 1 0 0 0 0 0]
[2026-03-06 10:48:39] INFO: op ←←←←←, 9012
[2026-03-06 10:48:39] INFO: op →←←←←, 6643
[2026-03-06 10:48:39] INFO: op →→←←←, 6687
[2026-03-06 10:48:39] INFO: op →→→←←, 6687
[2026-03-06 10:48:40] INFO: op →→→→←, 6643
[2026-03-06 10:48:40] INFO: op ←→←←←, 4994
[2026-03-06 10:48:40] INFO: op ←←→←←, 4885
[2026-03-06 10:48:40] INFO: op ←→→←←, 4799
[2026-03-06 10:48:40] INFO: op ←←←→←, 4928
[2026-03-06 10:48:40] INFO: op ←←→→←, 4733
[2026-03-06 10:48:41] INFO: op ←→→→←, 4930
[2026-03-06 10:48:41] INFO: op →←→←←, 3687
[2026-03-06 10:48:41] INFO: op →←←→←, 3491
[2026-03-06 10:48:41] INFO: op →→←→←, 3687
[2026-03-06 10:48:41] INFO: op →←→→←, 3491
[2026-03-06 10:48:41] INFO: op ←→←→←, 2845
[2026-03-06 10:48:41] INFO: [END]
