[2026-03-06 10:49:24] INFO: Logger initialized at log/log297713.log
[2026-03-06 10:49:24] INFO: Test 161th graph in data/list_1775_graphs.g6: [??@_?LC?Q_i?KGOqCHOHHAHBA[wAIoIPSHOObgbA`CSE?ma`aI`acQWUJ?FyC??
[2026-03-06 10:49:24] INFO: meta data: 
minimum degree >= 6
independent number >= 2
connected
Not regular
[2026-03-06 10:49:24] INFO: Orientation of [??@_?LC?Q_i?KGOqCHOHHAHBA[wAIoIPSHOObgbA`CSE?ma`aI`acQWUJ?FyC?? with min semidegree 3:
[0 0 0 0 0 0 0 0 0 0 0 0 0 0 0 0 0 0 0 0 0 0 0 1 1 1 1 0]
[0 0 0 0 0 0 0 0 0 0 0 0 0 0 0 0 0 1 0 1 1 0 0 0 0 0 1 0]
[0 0 0 0 0 0 0 0 0 0 0 0 0 0 0 0 0 0 0 0 0 0 1 1 0 0 0 1]
[0 0 0 0 0 0 0 0 0 0 0 0 0 0 0 0 0 0 1 1 0 0 0 0 0 0 0 1]
[0 0 0 0 0 0 0 0 0 0 0 0 0 0 0 0 0 0 1 0 0 0 0 0 1 0 0 1]
[0 0 0 0 0 0 0 0 0 0 0 0 0 0 0 0 1 0 1 0 0 0 0 0 0 1 0 0]
[0 0 1 1 0 0 0 0 0 0 0 0 0 0 0 0 0 0 0 0 0 1 0 0 1 0 0 0]
[0 0 0 0 0 0 0 0 0 0 1 0 0 0 0 0 0 1 0 0 0 0 1 0 0 0 0 0]
[0 0 0 0 1 1 0 1 0 0 0 0 0 0 0 0 0 0 0 0 0 0 0 0 0 0 0 0]
[0 0 0 1 0 0 0 0 0 0 0 0 0 0 0 0 0 0 0 0 0 0 0 1 0 0 1 0]
[0 0 0 0 1 0 0 0 0 1 0 0 0 0 0 0 0 0 0 0 0 0 0 0 0 1 0 0]
[0 0 0 0 0 1 0 1 0 1 0 0 0 0 0 0 0 0 0 0 0 0 0 0 0 0 0 0]
[0 0 0 0 0 0 0 0 1 1 0 0 0 0 0 0 0 0 0 0 0 1 0 0 0 0 0 0]
[0 0 1 0 0 0 0 1 0 0 0 0 1 0 0 0 0 0 0 0 0 0 0 0 0 0 0 0]
[1 0 0 1 0 0 0 0 1 0 0 0 0 1 0 0 0 0 0 0 0 0 0 0 0 0 0 0]
[0 0 1 0 1 0 0 0 0 0 0 1 0 0 1 0 0 0 0 0 0 0 0 0 0 0 0 0]
[0 0 1 0 0 0 0 0 0 0 1 0 0 0 1 0 0 0 0 0 0 0 0 0 0 0 0 0]
[0 0 0 0 0 0 1 0 0 0 0 0 1 0 0 1 1 0 0 0 0 0 0 0 0 0 0 0]
[1 0 0 0 0 0 0 0 0 0 0 0 0 1 0 0 0 1 0 0 0 0 0 0 0 0 0 0]
[0 0 0 0 1 0 0 0 0 0 0 1 0 1 0 0 1 0 0 0 0 0 0 0 0 0 0 0]
[0 0 0 1 0 1 0 0 0 0 1 0 0 1 0 1 0 0 0 0 0 0 0 0 0 0 0 0]
[0 1 0 0 0 0 0 0 0 0 1 1 0 0 1 0 0 0 1 0 0 0 0 0 0 0 0 0]
[0 1 0 0 0 0 0 0 0 1 0 0 0 0 1 0 0 0 1 0 0 0 0 0 0 0 0 0]
[0 0 0 0 0 0 0 0 1 0 0 0 0 0 0 0 0 1 0 1 1 1 0 0 0 0 0 0]
[0 0 0 0 0 0 0 0 0 0 0 1 1 0 0 0 1 0 0 0 1 0 1 0 0 0 0 0]
[0 0 0 0 0 0 1 0 0 0 0 0 1 0 0 1 0 0 0 1 0 0 1 0 0 0 0 0]
[0 0 0 0 0 0 1 0 1 0 0 0 0 1 0 1 1 0 0 0 0 0 0 0 0 0 0 0]
[1 1 0 0 0 1 0 1 0 0 0 0 1 0 0 0 0 0 0 0 0 0 0 0 0 0 0 0]
[2026-03-06 10:49:25] INFO: op ←←←←←, 16610
[2026-03-06 10:49:25] INFO: op →←←←←, 13334
[2026-03-06 10:49:26] INFO: op →→←←←, 13487
[2026-03-06 10:49:26] INFO: op →→→←←, 13487
[2026-03-06 10:49:26] INFO: op →→→→←, 13334
[2026-03-06 10:49:27] INFO: op ←→←←←, 10944
[2026-03-06 10:49:27] INFO: op ←←→←←, 10889
[2026-03-06 10:49:28] INFO: op ←→→←←, 10750
[2026-03-06 10:49:28] INFO: op ←←←→←, 10728
[2026-03-06 10:49:28] INFO: op ←←→→←, 10860
[2026-03-06 10:49:29] INFO: op ←→→→←, 10796
[2026-03-06 10:49:29] INFO: op →←→←←, 8680
[2026-03-06 10:49:29] INFO: op →←←→←, 8495
[2026-03-06 10:49:29] INFO: op →→←→←, 8680
[2026-03-06 10:49:30] INFO: op →←→→←, 8495
[2026-03-06 10:49:30] INFO: op ←→←→←, 6975
[2026-03-06 10:49:30] INFO: [END]
