[2026-03-06 10:48:01] INFO: Logger initialized at log/log293410.log
[2026-03-06 10:48:01] INFO: Test 39th graph in data/list_1775_graphs.g6: T?FGS@HLPkE?o`o`\?D`?[O?FCo@uWQU_Ash
[2026-03-06 10:48:01] INFO: meta data: 
minimum degree >= 6
independent number >= 2
connected
Not regular
[2026-03-06 10:48:01] INFO: Orientation of T?FGS@HLPkE?o`o`\?D`?[O?FCo@uWQU_Ash with min semidegree 3:
[0 0 0 0 0 0 0 0 0 0 0 0 1 1 1 0 0 0 0 0 0]
[0 0 0 0 0 0 0 0 1 0 0 0 1 0 0 0 1 0 0 0 0]
[0 0 0 0 0 0 0 0 0 1 1 0 0 0 0 1 0 0 0 0 0]
[0 0 0 0 0 0 0 0 0 1 1 0 0 0 0 0 1 0 0 0 0]
[0 0 0 1 0 0 0 0 1 0 0 0 0 0 0 0 0 0 0 1 0]
[1 1 0 0 1 0 0 0 0 0 0 0 0 0 0 0 0 0 0 0 0]
[0 0 0 0 1 0 0 0 0 0 0 0 0 0 0 0 0 1 0 0 1]
[1 0 0 0 0 0 0 0 0 0 0 0 0 0 0 0 0 1 0 1 0]
[0 0 0 0 0 0 0 1 0 0 0 0 0 0 0 0 0 0 1 0 1]
[0 0 0 0 0 1 0 1 0 0 0 0 0 0 0 0 0 0 1 0 0]
[0 0 0 0 0 1 1 0 0 0 0 0 0 0 0 0 0 0 0 1 0]
[0 0 1 1 0 0 0 0 0 0 0 0 0 0 0 0 0 0 0 0 1]
[0 0 0 0 0 0 1 0 0 0 0 1 0 0 0 0 0 0 1 0 0]
[0 1 0 0 0 0 1 0 0 0 0 1 0 0 0 0 0 0 0 0 0]
[0 1 1 0 1 0 0 0 0 0 0 0 0 0 0 0 0 0 0 0 0]
[1 0 0 1 0 0 0 0 1 0 0 0 0 0 0 0 0 0 0 0 0]
[0 0 1 0 0 0 0 1 0 0 0 0 0 0 0 0 0 0 1 0 0]
[0 0 0 0 0 1 0 0 0 0 0 1 0 0 1 1 0 0 0 0 0]
[0 0 0 0 0 0 0 0 0 0 1 0 0 1 0 0 0 1 0 0 0]
[0 0 0 0 0 0 0 0 0 0 0 0 1 1 0 1 0 0 0 0 0]
[0 0 0 0 0 0 0 0 0 1 0 0 0 0 1 0 1 0 0 1 0]
[2026-03-06 10:48:02] INFO: op ←←←←←, 5045
[2026-03-06 10:48:02] INFO: op →←←←←, 3459
[2026-03-06 10:48:02] INFO: op →→←←←, 3411
[2026-03-06 10:48:02] INFO: op →→→←←, 3411
[2026-03-06 10:48:02] INFO: op →→→→←, 3459
[2026-03-06 10:48:02] INFO: op ←→←←←, 2289
[2026-03-06 10:48:02] INFO: op ←←→←←, 2211
[2026-03-06 10:48:02] INFO: op ←→→←←, 2247
[2026-03-06 10:48:02] INFO: op ←←←→←, 2293
[2026-03-06 10:48:02] INFO: op ←←→→←, 2250
[2026-03-06 10:48:02] INFO: op ←→→→←, 2414
[2026-03-06 10:48:02] INFO: op →←→←←, 1582
[2026-03-06 10:48:03] INFO: op →←←→←, 1502
[2026-03-06 10:48:03] INFO: op →→←→←, 1582
[2026-03-06 10:48:03] INFO: op →←→→←, 1502
[2026-03-06 10:48:03] INFO: op ←→←→←, 1142
[2026-03-06 10:48:03] INFO: [END]
