[2026-03-06 10:48:11] INFO: Logger initialized at log/log294213.log
[2026-03-06 10:48:12] INFO: Test 61th graph in data/list_1775_graphs.g6: Ur_QHO??????`[PRBPpTa_RDCohO[GdaUR{?ZN??
[2026-03-06 10:48:12] INFO: meta data: 
minimum degree >= 6
independent number >= 2
connected
Not regular
[2026-03-06 10:48:12] INFO: Orientation of Ur_QHO??????`[PRBPpTa_RDCohO[GdaUR{?ZN?? with min semidegree 3:
[0 0 0 0 0 0 0 0 0 0 0 0 1 0 0 0 1 0 0 0 1 0]
[1 0 0 0 0 0 0 0 0 0 0 0 0 0 0 0 0 1 0 0 0 1]
[1 0 0 0 0 0 0 0 0 0 0 0 0 0 0 0 0 0 1 0 0 1]
[0 1 1 0 0 0 0 0 0 0 0 0 0 0 0 0 0 0 0 1 0 0]
[1 0 0 0 0 0 0 0 0 0 0 0 0 0 0 0 0 0 1 0 0 1]
[0 0 0 1 0 0 0 0 0 0 0 0 0 1 0 0 0 1 0 0 0 0]
[0 1 0 0 0 1 0 0 0 0 0 0 0 0 0 0 0 0 0 1 0 0]
[0 0 1 0 1 0 0 0 0 0 0 0 0 0 0 0 0 0 0 0 1 0]
[0 0 0 0 0 0 0 0 0 0 0 0 0 0 0 1 0 0 0 1 1 0]
[0 0 0 0 0 0 0 0 0 0 0 0 0 0 0 1 0 1 0 1 0 0]
[0 0 0 0 0 0 0 0 0 0 0 0 0 0 1 0 1 0 1 0 0 0]
[0 0 0 0 0 0 0 0 0 0 0 0 0 0 1 0 0 0 0 0 1 1]
[0 0 0 0 0 1 0 1 1 1 0 0 0 0 0 0 0 0 0 0 0 0]
[0 1 0 0 0 0 0 1 0 0 1 1 0 0 0 0 0 0 0 0 0 0]
[0 0 0 1 1 0 1 0 0 0 0 0 1 0 0 0 0 0 0 0 0 0]
[0 0 1 0 1 0 1 0 0 0 0 0 0 1 0 0 0 0 0 0 0 0]
[0 0 0 0 0 0 0 1 0 0 0 1 0 0 0 1 0 0 0 0 0 0]
[0 0 0 0 0 0 0 0 1 0 0 0 0 0 1 0 1 0 0 0 0 0]
[0 0 0 0 0 0 0 0 0 0 0 1 1 0 0 0 0 1 0 0 0 0]
[0 0 0 0 0 0 0 0 0 0 0 0 0 1 0 0 1 0 1 0 0 0]
[0 0 0 1 0 0 1 0 0 1 1 0 0 0 0 0 0 0 0 0 0 0]
[0 0 0 0 0 1 0 0 1 1 1 0 0 0 0 0 0 0 0 0 0 0]
[2026-03-06 10:48:12] INFO: op ←←←←←, 6893
[2026-03-06 10:48:12] INFO: op →←←←←, 5004
[2026-03-06 10:48:12] INFO: op →→←←←, 4955
[2026-03-06 10:48:12] INFO: op →→→←←, 4955
[2026-03-06 10:48:12] INFO: op →→→→←, 5004
[2026-03-06 10:48:12] INFO: op ←→←←←, 3472
[2026-03-06 10:48:13] INFO: op ←←→←←, 3396
[2026-03-06 10:48:13] INFO: op ←→→←←, 3411
[2026-03-06 10:48:13] INFO: op ←←←→←, 3476
[2026-03-06 10:48:13] INFO: op ←←→→←, 3400
[2026-03-06 10:48:13] INFO: op ←→→→←, 3590
[2026-03-06 10:48:13] INFO: op →←→←←, 2365
[2026-03-06 10:48:13] INFO: op →←←→←, 2378
[2026-03-06 10:48:13] INFO: op →→←→←, 2365
[2026-03-06 10:48:13] INFO: op →←→→←, 2378
[2026-03-06 10:48:13] INFO: op ←→←→←, 1688
[2026-03-06 10:48:13] INFO: [END]
