[2026-03-06 10:47:49] INFO: Logger initialized at log/log292084.log
[2026-03-06 10:47:49] INFO: Test 7th graph in data/list_1775_graphs.g6: H~z\z|~
[2026-03-06 10:47:49] INFO: meta data: 
minimum degree >= 6
independent number >= 2
connected
Not regular
[2026-03-06 10:47:49] INFO: Orientation of H~z\z|~ with min semidegree 3:
[0 0 1 1 0 0 1 0 0]
[1 0 0 0 0 0 0 1 1]
[0 1 0 0 0 0 0 1 1]
[0 1 1 0 0 0 0 0 1]
[1 1 1 0 0 0 0 0 0]
[1 1 0 1 1 0 0 0 0]
[0 0 1 1 1 1 0 0 0]
[0 0 0 1 1 1 1 0 0]
[0 0 0 0 1 1 1 1 0]
[2026-03-06 10:47:50] INFO: op ←←←←←, 1444
[2026-03-06 10:47:50] INFO: op →←←←←, 1105
[2026-03-06 10:47:50] INFO: op →→←←←, 1129
[2026-03-06 10:47:50] INFO: op →→→←←, 1129
[2026-03-06 10:47:50] INFO: op →→→→←, 1105
[2026-03-06 10:47:50] INFO: op ←→←←←, 819
[2026-03-06 10:47:50] INFO: op ←←→←←, 834
[2026-03-06 10:47:50] INFO: op ←→→←←, 847
[2026-03-06 10:47:50] INFO: op ←←←→←, 825
[2026-03-06 10:47:50] INFO: op ←←→→←, 843
[2026-03-06 10:47:50] INFO: op ←→→→←, 854
[2026-03-06 10:47:50] INFO: op →←→←←, 563
[2026-03-06 10:47:50] INFO: op →←←→←, 641
[2026-03-06 10:47:50] INFO: op →→←→←, 563
[2026-03-06 10:47:50] INFO: op →←→→←, 641
[2026-03-06 10:47:50] INFO: op ←→←→←, 386
[2026-03-06 10:47:50] INFO: [END]
