[2026-03-06 10:48:33] INFO: Logger initialized at log/log295613.log
[2026-03-06 10:48:33] INFO: Test 101th graph in data/list_1775_graphs.g6: X????CA?_B_MFbFbBp_z_F[?\oFCW~CWz`r_w[wF?Fw^p_?~[??
[2026-03-06 10:48:33] INFO: meta data: 
minimum degree >= 6
independent number >= 2
connected
Not regular
[2026-03-06 10:48:33] INFO: Orientation of X????CA?_B_MFbFbBp_z_F[?\oFCW~CWz`r_w[wF?Fw^p_?~[?? with min semidegree 3:
[0 0 0 0 0 0 0 0 0 0 0 0 0 0 0 0 0 0 1 1 1 0 1 0 0]
[0 0 0 0 0 0 0 0 0 0 0 0 0 0 0 0 0 0 1 1 1 0 1 0 0]
[0 0 0 0 0 0 0 0 0 0 0 0 0 0 0 0 0 0 1 1 1 0 1 0 0]
[0 0 0 0 0 0 0 0 0 0 0 0 0 0 0 0 1 0 0 0 0 0 0 1 1]
[0 0 0 0 0 0 0 0 0 0 0 0 0 0 0 0 1 0 0 0 0 0 0 1 1]
[0 0 0 0 0 0 0 0 0 0 0 0 0 0 0 0 1 0 0 0 0 0 0 1 1]
[0 0 0 0 0 0 0 0 0 0 0 0 0 0 0 0 0 0 1 1 0 0 0 1 0]
[0 0 0 0 0 0 1 0 0 0 0 0 0 0 0 0 0 1 0 0 0 1 0 0 0]
[0 0 0 0 0 0 1 0 0 0 0 0 0 0 0 0 0 1 0 0 0 1 0 0 0]
[0 0 0 0 0 0 1 0 0 0 0 0 0 0 0 0 0 1 0 0 0 1 0 0 0]
[0 0 0 0 0 0 0 1 1 1 0 0 0 0 0 0 0 0 0 0 0 0 0 0 0]
[0 0 0 0 0 0 0 1 1 1 0 0 0 0 0 0 0 0 0 0 0 0 0 0 0]
[0 0 0 1 1 1 1 0 0 0 1 1 0 0 0 0 0 0 0 0 0 0 0 0 0]
[0 0 0 1 1 1 1 0 0 0 1 1 0 0 0 0 0 0 0 0 0 0 0 0 0]
[0 0 0 1 1 1 1 0 0 0 1 1 0 0 0 0 0 0 0 0 0 0 0 0 0]
[0 0 0 1 1 1 0 1 1 1 0 0 0 0 0 0 0 0 0 0 0 0 0 0 0]
[0 0 0 0 0 0 0 1 1 1 0 0 0 0 0 0 0 0 0 0 0 0 0 0 0]
[0 0 0 1 1 1 0 0 0 0 0 0 0 0 0 0 0 0 0 0 0 0 0 0 0]
[0 0 0 0 0 0 0 0 0 0 1 1 0 0 0 1 1 1 0 0 0 0 0 0 0]
[0 0 0 0 0 0 0 0 0 0 1 1 0 0 0 1 1 1 0 0 0 0 0 0 0]
[0 0 0 0 0 0 0 1 1 1 0 0 1 1 1 0 0 0 0 0 0 0 0 0 0]
[1 1 1 0 0 0 0 0 0 0 0 0 1 1 1 0 0 0 0 0 0 0 0 0 0]
[0 0 0 0 0 0 0 0 0 0 0 0 1 1 1 1 1 1 0 0 0 0 0 0 0]
[1 1 1 0 0 0 0 0 0 0 1 1 0 0 0 0 0 0 0 0 0 0 0 0 0]
[1 1 1 0 0 0 0 1 1 1 0 0 0 0 0 0 0 0 0 0 0 0 0 0 0]
[2026-03-06 10:48:34] INFO: op ←←←←←, 22068
[2026-03-06 10:48:35] INFO: op →←←←←, 21831
[2026-03-06 10:48:35] INFO: op →→←←←, 21795
[2026-03-06 10:48:36] INFO: op →→→←←, 21795
[2026-03-06 10:48:37] INFO: op →→→→←, 21831
[2026-03-06 10:48:37] INFO: op ←→←←←, 20877
[2026-03-06 10:48:38] INFO: op ←←→←←, 20328
[2026-03-06 10:48:39] INFO: op ←→→←←, 19101
[2026-03-06 10:48:39] INFO: op ←←←→←, 19689
[2026-03-06 10:48:40] INFO: op ←←→→←, 19116
[2026-03-06 10:48:41] INFO: op ←→→→←, 20589
[2026-03-06 10:48:41] INFO: op →←→←←, 18984
[2026-03-06 10:48:42] INFO: op →←←→←, 18153
[2026-03-06 10:48:43] INFO: op →→←→←, 18984
[2026-03-06 10:48:43] INFO: op →←→→←, 18153
[2026-03-06 10:48:44] INFO: op ←→←→←, 16212
[2026-03-06 10:48:44] INFO: [END]
