[2026-03-06 10:49:10] INFO: Logger initialized at log/log297221.log
[2026-03-06 10:49:10] INFO: Test 147th graph in data/list_1775_graphs.g6: [????OO@WF?{EEcOHCIGQOcPP?CP?{GPYAOsJgP@m@CF`@CMcCOW@owS?v_E?K?{
[2026-03-06 10:49:10] INFO: meta data: 
minimum degree >= 6
independent number >= 2
connected
Not regular
[2026-03-06 10:49:10] INFO: Orientation of [????OO@WF?{EEcOHCIGQOcPP?CP?{GPYAOsJgP@m@CF`@CMcCOW@owS?v_E?K?{ with min semidegree 3:
[0 0 0 0 0 0 0 0 0 0 0 0 0 0 0 0 0 0 1 1 1 0 0 0 0 0 0 0]
[0 0 0 0 0 0 0 0 0 0 0 0 0 0 0 0 1 0 0 0 0 0 0 0 0 1 0 1]
[0 0 0 0 0 0 0 0 0 0 0 0 0 0 0 0 0 0 0 0 0 1 1 1 0 0 0 0]
[0 0 0 0 0 0 0 0 0 0 0 0 0 0 0 0 0 0 0 0 0 0 1 1 1 0 0 0]
[0 0 0 0 0 0 0 0 0 0 0 0 0 0 0 0 0 0 1 0 0 1 0 0 1 0 0 0]
[0 0 0 0 0 0 0 0 0 0 0 0 0 0 0 0 0 0 0 1 0 1 1 0 0 0 0 0]
[0 0 0 0 0 0 0 0 0 0 0 0 0 0 0 0 1 0 0 0 1 1 0 0 0 0 0 0]
[0 0 0 0 1 0 0 0 0 0 0 0 0 0 0 0 0 1 0 0 0 0 1 0 0 0 0 0]
[0 0 0 1 0 0 0 0 0 0 0 0 0 0 0 0 0 0 1 0 0 1 0 0 0 0 0 0]
[0 0 0 0 0 1 0 1 1 0 0 0 0 0 0 0 0 0 0 0 0 0 0 0 0 0 0 0]
[0 0 0 0 0 0 1 1 1 0 0 0 0 0 0 0 0 0 0 0 0 0 0 0 0 0 0 0]
[0 0 0 0 0 1 1 1 1 0 0 0 0 0 0 0 0 0 0 0 0 0 0 0 0 0 0 0]
[0 0 0 1 1 0 0 0 0 1 1 0 0 0 0 0 0 0 0 0 0 0 0 0 0 0 0 0]
[1 0 0 1 0 0 0 1 0 0 0 0 0 0 0 0 0 0 0 0 0 0 0 0 0 1 0 0]
[0 1 0 0 1 0 0 0 1 0 0 0 0 1 0 0 0 0 0 0 0 0 0 0 0 0 1 0]
[0 1 0 0 0 1 0 0 0 0 1 0 0 1 0 0 0 0 0 0 0 0 0 0 0 0 0 0]
[0 0 0 0 0 0 0 0 0 1 0 0 0 1 0 0 0 0 0 0 0 0 0 0 0 0 1 0]
[0 1 0 1 0 0 0 0 0 0 0 0 0 0 0 0 0 0 0 0 0 0 0 0 0 0 1 0]
[0 0 0 0 0 0 0 0 0 0 0 0 0 0 0 1 1 1 0 0 0 0 0 0 0 1 0 0]
[0 0 0 0 0 0 0 0 0 0 1 0 0 0 1 0 1 1 0 0 0 0 0 0 0 0 0 0]
[0 0 0 0 0 0 0 0 0 1 0 0 0 0 1 1 0 1 0 0 0 0 0 0 0 0 0 0]
[0 0 0 0 0 0 0 0 0 0 0 0 0 1 0 0 0 1 0 0 0 0 0 0 0 0 0 1]
[0 0 0 0 0 0 1 0 0 0 0 0 0 0 1 0 0 0 1 0 0 0 0 0 0 0 0 1]
[0 0 0 0 1 1 0 0 0 0 1 0 0 0 0 0 1 0 0 0 1 0 0 0 0 0 0 0]
[0 0 1 0 0 0 1 0 0 1 0 0 0 0 0 1 0 0 0 1 0 0 0 0 0 0 0 0]
[0 0 1 0 0 0 0 0 0 0 0 1 1 0 0 0 0 0 0 1 1 0 0 0 0 0 0 0]
[1 0 1 0 0 0 0 0 0 0 0 1 1 0 0 1 0 0 0 0 0 0 0 0 0 0 0 0]
[1 0 0 0 0 0 0 0 0 0 0 1 1 0 0 0 0 0 0 0 0 0 0 1 1 0 0 0]
[2026-03-06 10:49:11] INFO: op ←←←←←, 16022
[2026-03-06 10:49:11] INFO: op →←←←←, 12493
[2026-03-06 10:49:12] INFO: op →→←←←, 12629
[2026-03-06 10:49:12] INFO: op →→→←←, 12629
[2026-03-06 10:49:13] INFO: op →→→→←, 12493
[2026-03-06 10:49:13] INFO: op ←→←←←, 9782
[2026-03-06 10:49:13] INFO: op ←←→←←, 9659
[2026-03-06 10:49:14] INFO: op ←→→←←, 9907
[2026-03-06 10:49:14] INFO: op ←←←→←, 9722
[2026-03-06 10:49:14] INFO: op ←←→→←, 9808
[2026-03-06 10:49:15] INFO: op ←→→→←, 9978
[2026-03-06 10:49:15] INFO: op →←→←←, 7418
[2026-03-06 10:49:15] INFO: op →←←→←, 7488
[2026-03-06 10:49:15] INFO: op →→←→←, 7418
[2026-03-06 10:49:16] INFO: op →←→→←, 7488
[2026-03-06 10:49:16] INFO: op ←→←→←, 5724
[2026-03-06 10:49:16] INFO: [END]
