[2026-03-06 10:48:36] INFO: Logger initialized at log/log295788.log
[2026-03-06 10:48:37] INFO: Test 107th graph in data/list_1775_graphs.g6: YqPc??Ac?GO????F_BppGBo?oIG@gOKCd@`deY_?ZgGGXQOMoW_G?YV?
[2026-03-06 10:48:37] INFO: meta data: 
minimum degree >= 6
independent number >= 2
connected
Not regular
[2026-03-06 10:48:37] INFO: Orientation of YqPc??Ac?GO????F_BppGBo?oIG@gOKCd@`deY_?ZgGGXQOMoW_G?YV? with min semidegree 3:
[0 0 1 0 0 0 1 0 0 0 0 0 0 0 0 0 0 0 0 0 0 1 0 0 0 0]
[1 0 0 0 0 0 0 0 0 0 0 0 0 0 0 0 0 0 0 0 1 0 0 1 0 0]
[0 0 0 0 0 0 0 0 0 0 0 0 0 0 0 0 0 1 0 0 0 0 0 0 1 1]
[0 1 0 0 0 0 0 0 0 0 0 0 0 0 0 0 0 0 0 0 0 1 0 0 1 0]
[0 1 0 0 0 0 0 0 0 0 0 0 0 0 0 0 0 0 0 0 0 0 1 0 1 0]
[0 1 1 0 0 0 0 0 0 0 0 0 0 0 0 0 0 0 0 1 0 0 0 0 0 0]
[0 0 0 0 0 0 0 0 0 0 0 0 0 0 0 0 1 0 0 0 0 0 0 1 1 0]
[0 0 0 0 0 0 0 0 0 0 0 0 0 0 0 0 1 0 0 0 1 0 1 0 0 0]
[0 0 0 0 0 0 1 0 0 0 0 0 0 0 0 1 0 0 0 0 1 0 0 0 0 0]
[1 0 0 1 0 0 0 0 0 0 0 0 0 0 0 0 0 0 1 0 0 0 0 0 0 0]
[0 0 0 0 0 1 0 0 0 0 0 0 0 0 0 0 0 1 0 0 0 1 0 0 0 0]
[1 0 0 0 0 0 0 0 0 0 0 0 0 1 0 0 0 0 0 0 0 0 1 0 0 0]
[0 0 0 0 0 0 0 0 0 0 0 0 0 0 0 0 0 0 0 1 0 1 0 1 0 0]
[0 0 0 0 0 0 0 0 0 1 1 0 1 0 0 0 0 0 0 0 0 0 0 0 0 1]
[0 0 0 0 0 0 0 0 0 1 1 1 1 0 0 0 0 0 0 0 0 0 0 0 0 0]
[0 0 1 1 1 0 0 0 0 0 0 1 0 0 0 0 0 0 0 0 0 0 0 0 0 0]
[0 0 0 0 1 1 0 0 0 0 0 0 0 0 0 0 0 0 0 0 0 0 0 0 0 1]
[0 0 0 1 0 0 0 0 0 0 0 0 1 0 0 0 1 0 0 0 0 0 0 0 0 0]
[0 0 0 0 0 0 0 0 1 0 0 1 0 0 0 0 1 0 0 0 0 0 0 0 0 0]
[0 0 0 0 0 0 1 0 0 0 0 0 0 0 0 1 0 0 1 0 0 0 0 0 0 0]
[0 0 0 0 0 0 0 0 0 0 0 0 0 1 1 0 0 1 0 1 0 0 0 0 0 0]
[0 0 0 0 1 0 0 1 1 0 0 0 0 0 0 0 0 0 0 0 0 0 0 0 0 0]
[0 0 0 0 0 1 0 0 1 1 0 0 0 0 0 0 0 1 0 0 0 0 0 0 0 0]
[0 0 0 0 0 0 0 1 0 0 1 0 0 0 0 1 0 0 1 0 0 0 0 0 0 0]
[0 0 0 0 0 0 0 1 0 0 0 0 0 1 1 0 0 0 1 0 0 0 0 0 0 0]
[0 0 0 0 0 0 0 0 0 0 0 0 0 0 1 0 0 0 0 1 0 1 1 1 0 0]
[2026-03-06 10:48:37] INFO: op ←←←←←, 9473
[2026-03-06 10:48:37] INFO: op →←←←←, 6843
[2026-03-06 10:48:37] INFO: op →→←←←, 6814
[2026-03-06 10:48:38] INFO: op →→→←←, 6814
[2026-03-06 10:48:38] INFO: op →→→→←, 6843
[2026-03-06 10:48:38] INFO: op ←→←←←, 4858
[2026-03-06 10:48:38] INFO: op ←←→←←, 4832
[2026-03-06 10:48:38] INFO: op ←→→←←, 4915
[2026-03-06 10:48:38] INFO: op ←←←→←, 4918
[2026-03-06 10:48:39] INFO: op ←←→→←, 4919
[2026-03-06 10:48:39] INFO: op ←→→→←, 4975
[2026-03-06 10:48:39] INFO: op →←→←←, 3601
[2026-03-06 10:48:39] INFO: op →←←→←, 3516
[2026-03-06 10:48:39] INFO: op →→←→←, 3601
[2026-03-06 10:48:39] INFO: op →←→→←, 3516
[2026-03-06 10:48:39] INFO: op ←→←→←, 2701
[2026-03-06 10:48:39] INFO: [END]
