[2026-03-06 10:48:27] INFO: Logger initialized at log/log295158.log
[2026-03-06 10:48:27] INFO: Test 88th graph in data/list_1775_graphs.g6: WUpAC?PH@C@?CVWP@h?U_DBCQS`P?X@H_ChS?kYCKEEW?O]
[2026-03-06 10:48:27] INFO: meta data: 
minimum degree >= 6
independent number >= 2
connected
Not regular
[2026-03-06 10:48:27] INFO: Orientation of WUpAC?PH@C@?CVWP@h?U_DBCQS`P?X@H_ChS?kYCKEEW?O] with min semidegree 3:
[0 0 0 1 0 0 0 0 0 0 0 0 0 0 0 0 0 0 0 0 0 0 1 1]
[0 0 0 0 0 0 1 0 0 0 0 0 0 1 0 0 0 0 0 0 0 0 0 1]
[1 0 0 0 0 0 0 0 0 0 0 0 0 0 0 0 0 0 1 1 0 0 0 0]
[0 1 0 0 0 0 0 0 0 0 0 0 1 0 0 0 1 0 0 0 0 0 0 0]
[1 1 0 0 0 0 0 0 0 0 0 0 0 0 0 0 0 0 1 0 0 0 0 0]
[0 1 0 0 0 0 0 0 0 0 0 0 0 0 0 0 0 0 0 0 1 0 1 0]
[0 0 0 0 0 0 0 0 0 0 0 0 0 0 0 0 0 1 0 0 0 1 1 0]
[1 0 0 0 0 0 0 0 0 0 0 0 1 0 1 0 0 0 0 0 0 0 0 0]
[0 0 0 1 0 0 0 1 0 0 0 0 0 0 0 0 0 0 0 0 1 0 0 0]
[0 0 1 0 0 1 0 0 0 0 0 0 0 0 0 0 0 0 0 0 0 1 0 0]
[0 0 1 0 0 0 1 0 0 0 0 0 0 0 0 0 1 0 0 0 0 0 0 0]
[0 0 0 0 1 0 0 0 0 0 0 0 0 0 0 0 0 1 0 1 0 0 0 0]
[0 0 0 0 0 0 0 0 0 1 1 1 0 0 0 0 0 0 0 0 0 0 0 1]
[0 0 1 0 0 0 0 1 0 0 0 1 0 0 0 0 0 0 0 0 0 0 0 0]
[0 0 0 0 1 1 0 0 0 0 1 0 0 0 0 0 0 0 0 0 0 0 0 0]
[0 0 0 0 1 0 1 1 0 1 0 0 0 0 0 0 0 0 0 0 0 0 0 0]
[0 0 0 0 0 1 0 0 0 0 0 1 0 0 0 1 0 0 0 0 0 0 0 0]
[0 0 0 1 0 0 0 0 0 1 0 0 0 0 1 0 0 0 0 0 0 0 0 0]
[0 0 0 0 0 0 0 0 1 0 0 0 0 0 0 0 1 1 0 0 0 0 0 0]
[0 0 0 0 0 0 0 0 1 0 0 0 0 0 1 1 0 0 0 0 0 0 0 0]
[0 0 0 0 0 0 0 0 0 0 1 0 0 1 0 1 0 1 0 0 0 0 0 0]
[0 0 0 0 0 0 0 0 1 0 0 0 0 1 1 0 1 0 0 0 0 0 0 0]
[0 0 0 0 0 0 0 0 0 0 0 0 1 1 0 0 0 0 1 1 0 0 0 0]
[0 0 0 0 0 0 0 0 0 0 0 0 0 0 0 0 0 0 1 1 1 1 0 0]
[2026-03-06 10:48:28] INFO: op ←←←←←, 7347
[2026-03-06 10:48:28] INFO: op →←←←←, 5222
[2026-03-06 10:48:28] INFO: op →→←←←, 5247
[2026-03-06 10:48:28] INFO: op →→→←←, 5247
[2026-03-06 10:48:28] INFO: op →→→→←, 5222
[2026-03-06 10:48:28] INFO: op ←→←←←, 3681
[2026-03-06 10:48:29] INFO: op ←←→←←, 3637
[2026-03-06 10:48:29] INFO: op ←→→←←, 3658
[2026-03-06 10:48:29] INFO: op ←←←→←, 3666
[2026-03-06 10:48:29] INFO: op ←←→→←, 3671
[2026-03-06 10:48:29] INFO: op ←→→→←, 3776
[2026-03-06 10:48:29] INFO: op →←→←←, 2760
[2026-03-06 10:48:29] INFO: op →←←→←, 2572
[2026-03-06 10:48:29] INFO: op →→←→←, 2760
[2026-03-06 10:48:29] INFO: op →←→→←, 2572
[2026-03-06 10:48:29] INFO: op ←→←→←, 2021
[2026-03-06 10:48:29] INFO: [END]
