[2026-03-06 10:48:27] INFO: Logger initialized at log/log295163.log
[2026-03-06 10:48:28] INFO: Test 91th graph in data/list_1775_graphs.g6: W????CA@WJCoH_E@bKoo{N_?}?EBA}BAz?XkuF_FCr?^k??
[2026-03-06 10:48:28] INFO: meta data: 
minimum degree >= 6
independent number >= 2
connected
Not regular
[2026-03-06 10:48:28] INFO: Orientation of W????CA@WJCoH_E@bKoo{N_?}?EBA}BAz?XkuF_FCr?^k?? with min semidegree 3:
[0 0 0 0 0 0 0 0 0 0 0 0 0 0 0 0 0 0 1 1 1 0 0 0]
[0 0 0 0 0 0 0 0 0 0 0 0 0 0 0 0 0 0 1 1 1 0 0 0]
[0 0 0 0 0 0 0 0 0 0 0 0 0 0 0 0 1 0 0 0 0 0 1 1]
[0 0 0 0 0 0 0 0 0 0 0 0 0 0 1 0 0 0 0 0 0 1 0 1]
[0 0 0 0 0 0 0 0 0 0 0 0 0 0 0 1 0 0 0 0 0 1 0 1]
[0 0 0 0 0 0 0 0 0 0 0 0 0 0 0 0 1 1 0 0 0 0 0 1]
[0 0 0 0 0 0 0 0 0 0 0 0 0 0 0 0 1 1 0 0 0 0 1 0]
[0 0 0 0 0 0 1 0 0 0 0 0 0 0 0 0 0 0 1 1 0 0 0 0]
[0 0 0 0 0 0 1 0 0 0 0 0 0 0 0 0 0 0 1 1 0 0 0 0]
[0 0 0 0 0 1 0 1 1 0 0 0 0 0 0 0 0 0 0 0 0 1 0 0]
[0 0 0 0 0 1 0 1 1 0 0 0 0 0 0 0 0 0 0 0 0 0 1 0]
[0 0 1 0 0 1 1 0 0 0 0 0 0 0 0 0 0 0 0 0 0 0 0 0]
[0 0 1 0 0 1 1 0 0 0 0 0 0 0 0 0 0 0 0 0 0 0 0 0]
[0 0 0 1 1 0 0 0 0 0 0 1 1 0 0 0 0 0 0 0 0 0 0 0]
[0 0 0 0 1 0 0 1 1 0 0 1 1 0 0 0 0 0 0 0 0 0 0 0]
[0 0 0 1 0 0 0 0 0 1 1 1 1 0 0 0 0 0 0 0 0 0 0 0]
[0 0 0 1 1 0 0 0 0 0 0 0 0 0 0 0 0 0 0 0 1 0 0 0]
[0 0 1 1 1 0 0 0 0 0 0 0 0 0 0 0 0 0 0 0 0 0 0 0]
[0 0 0 0 0 0 0 0 0 0 0 0 0 1 0 1 1 1 0 0 0 0 0 0]
[0 0 0 0 0 0 0 0 0 0 0 0 0 1 0 1 1 1 0 0 0 0 0 0]
[0 0 0 0 0 0 0 0 0 1 1 0 0 1 1 0 0 1 0 0 0 0 0 0]
[1 1 0 0 0 0 0 0 0 0 1 1 1 0 0 0 0 0 0 0 0 0 0 0]
[1 1 0 0 0 0 0 0 0 1 0 0 0 1 1 0 0 0 0 0 0 0 0 0]
[1 1 0 0 0 0 0 1 1 0 0 0 0 0 0 0 0 0 0 0 0 0 0 0]
[2026-03-06 10:48:28] INFO: op ←←←←←, 12615
[2026-03-06 10:48:28] INFO: op →←←←←, 10072
[2026-03-06 10:48:29] INFO: op →→←←←, 9570
[2026-03-06 10:48:29] INFO: op →→→←←, 9570
[2026-03-06 10:48:29] INFO: op →→→→←, 10072
[2026-03-06 10:48:30] INFO: op ←→←←←, 7661
[2026-03-06 10:48:30] INFO: op ←←→←←, 7628
[2026-03-06 10:48:30] INFO: op ←→→←←, 6871
[2026-03-06 10:48:30] INFO: op ←←←→←, 7579
[2026-03-06 10:48:30] INFO: op ←←→→←, 6754
[2026-03-06 10:48:31] INFO: op ←→→→←, 8117
[2026-03-06 10:48:31] INFO: op →←→←←, 5467
[2026-03-06 10:48:31] INFO: op →←←→←, 5450
[2026-03-06 10:48:31] INFO: op →→←→←, 5467
[2026-03-06 10:48:31] INFO: op →←→→←, 5450
[2026-03-06 10:48:32] INFO: op ←→←→←, 4197
[2026-03-06 10:48:32] INFO: [END]
