[2026-03-06 10:48:24] INFO: Logger initialized at log/log294987.log
[2026-03-06 10:48:24] INFO: Test 86th graph in data/list_1775_graphs.g6: WdiCAOCC@?gC?_??CykBUWKoTMAdQ?O]?IpCAD__m?Qk_AM
[2026-03-06 10:48:24] INFO: meta data: 
minimum degree >= 6
independent number >= 2
connected
Not regular
[2026-03-06 10:48:24] INFO: Orientation of WdiCAOCC@?gC?_??CykBUWKoTMAdQ?O]?IpCAD__m?Qk_AM with min semidegree 3:
[0 1 0 1 0 0 0 0 0 0 0 0 0 0 0 1 0 0 0 0 0 0 0 0]
[0 0 0 0 0 0 0 0 0 0 0 0 0 0 0 0 1 0 1 0 0 0 0 1]
[0 0 0 0 0 0 0 0 0 0 0 0 0 0 1 0 1 0 0 0 0 0 0 1]
[0 0 1 0 0 0 0 0 0 0 0 0 0 0 0 0 0 1 0 0 0 0 1 0]
[1 0 1 0 0 0 0 0 0 0 0 0 0 0 0 0 0 0 0 1 0 0 0 0]
[1 0 0 0 0 0 0 0 0 0 0 0 0 0 0 0 0 0 0 0 0 0 1 1]
[1 0 0 0 0 0 0 0 0 0 0 0 0 0 0 0 0 0 1 0 1 0 0 0]
[0 1 0 0 1 0 0 0 0 0 0 0 0 0 0 0 0 0 0 0 0 0 1 0]
[0 0 0 0 0 1 0 0 0 0 0 0 0 0 0 1 0 0 0 0 1 0 0 0]
[0 0 0 1 0 0 0 0 0 0 0 0 0 0 1 0 0 0 0 0 0 1 0 0]
[0 0 1 0 0 0 0 0 0 1 0 0 0 0 0 0 0 1 0 0 0 0 0 0]
[0 1 0 0 0 0 0 0 1 0 0 0 0 0 1 0 0 0 0 0 0 0 0 0]
[0 0 0 0 0 0 1 0 0 0 0 0 0 0 0 0 1 1 0 0 0 0 0 0]
[0 0 0 0 0 0 0 0 0 0 0 0 0 0 0 0 0 0 1 1 1 0 0 0]
[0 0 0 0 0 1 1 1 0 0 0 0 0 1 0 0 0 0 0 0 0 0 0 0]
[0 0 0 0 0 0 0 1 0 0 1 0 1 1 0 0 0 0 0 0 0 0 0 0]
[0 0 0 0 0 0 0 0 1 1 0 0 0 1 0 0 0 0 0 0 0 0 0 0]
[0 0 0 0 0 1 0 1 0 0 0 1 0 0 0 0 0 0 0 0 0 0 0 0]
[0 0 0 1 0 0 0 0 1 0 1 0 0 0 0 0 0 0 0 0 0 0 0 0]
[0 0 0 0 0 0 0 0 0 0 1 1 1 0 0 0 0 0 0 0 0 0 0 0]
[0 0 0 0 1 0 0 0 0 1 0 0 0 0 0 0 0 1 0 0 0 0 0 0]
[0 0 0 0 1 0 0 0 0 0 0 1 1 0 0 0 0 0 1 0 0 0 0 0]
[0 0 0 0 0 0 1 0 0 0 0 0 0 0 0 0 1 0 0 1 0 1 0 0]
[0 0 0 0 0 0 0 0 0 0 0 0 0 0 0 1 0 0 0 1 1 1 0 0]
[2026-03-06 10:48:24] INFO: op ←←←←←, 6913
[2026-03-06 10:48:24] INFO: op →←←←←, 4885
[2026-03-06 10:48:25] INFO: op →→←←←, 4909
[2026-03-06 10:48:25] INFO: op →→→←←, 4909
[2026-03-06 10:48:25] INFO: op →→→→←, 4885
[2026-03-06 10:48:25] INFO: op ←→←←←, 3399
[2026-03-06 10:48:25] INFO: op ←←→←←, 3343
[2026-03-06 10:48:25] INFO: op ←→→←←, 3445
[2026-03-06 10:48:25] INFO: op ←←←→←, 3403
[2026-03-06 10:48:25] INFO: op ←←→→←, 3453
[2026-03-06 10:48:26] INFO: op ←→→→←, 3447
[2026-03-06 10:48:26] INFO: op →←→←←, 2416
[2026-03-06 10:48:26] INFO: op →←←→←, 2412
[2026-03-06 10:48:26] INFO: op →→←→←, 2416
[2026-03-06 10:48:26] INFO: op →←→→←, 2412
[2026-03-06 10:48:26] INFO: op ←→←→←, 1741
[2026-03-06 10:48:26] INFO: [END]
