[2026-03-06 10:48:23] INFO: Logger initialized at log/log294948.log
[2026-03-06 10:48:24] INFO: Test 82th graph in data/list_1775_graphs.g6: V????SE_cPOgoWgWQKBCXSbOqMAWbHWdO[RO]L?Bio??
[2026-03-06 10:48:24] INFO: meta data: 
minimum degree >= 6
independent number >= 2
connected
Not regular
[2026-03-06 10:48:24] INFO: Orientation of V????SE_cPOgoWgWQKBCXSbOqMAWbHWdO[RO]L?Bio?? with min semidegree 3:
[0 0 0 0 0 0 0 0 0 0 1 0 1 1 0 0 0 0 0 0 0 0 0]
[0 0 0 0 0 0 0 0 0 0 0 0 0 0 0 0 1 0 1 0 0 1 0]
[0 0 0 0 0 0 0 0 0 0 0 0 0 0 0 0 0 1 0 1 0 1 0]
[0 0 0 0 0 0 0 0 0 0 0 0 0 0 0 0 1 1 0 0 1 0 0]
[0 0 0 0 0 0 0 0 0 0 0 0 0 0 0 0 0 0 1 1 1 0 0]
[0 0 0 0 0 0 0 0 0 0 0 0 0 0 0 0 0 0 1 1 1 0 0]
[0 0 0 0 0 0 0 0 0 0 0 0 0 0 0 1 1 1 0 0 0 0 0]
[0 0 0 0 1 0 1 0 0 0 0 0 0 0 0 0 0 0 0 0 0 0 1]
[0 0 0 0 0 1 1 0 0 0 0 0 0 0 0 0 0 0 0 0 0 1 0]
[1 0 0 0 0 0 1 0 0 0 0 0 0 0 0 0 0 0 0 0 0 0 1]
[0 0 0 0 1 0 0 0 1 0 0 0 0 0 0 1 0 0 0 0 0 0 1]
[1 0 0 0 0 1 0 1 0 0 0 0 0 0 0 0 0 0 0 0 0 0 0]
[0 1 0 0 0 0 0 1 1 0 0 0 0 0 0 0 0 0 0 0 0 0 0]
[0 0 1 0 0 0 0 1 1 0 0 0 0 0 0 0 0 0 0 0 0 0 0]
[1 0 0 1 0 0 0 1 1 0 0 0 0 0 0 0 0 0 0 0 0 0 0]
[0 1 1 0 0 0 0 0 0 0 0 1 0 0 1 0 0 0 0 0 0 0 0]
[0 0 0 0 0 0 0 0 0 0 1 1 0 1 0 0 0 0 0 0 0 0 0]
[0 0 0 0 0 0 0 0 0 0 1 1 1 0 0 0 0 0 0 0 0 0 0]
[0 0 0 0 0 0 0 0 0 1 0 0 0 1 1 0 0 1 0 0 0 0 0]
[0 0 0 0 0 0 0 0 0 1 0 0 1 0 1 0 1 0 0 0 0 0 0]
[0 0 0 0 0 0 0 0 0 1 0 0 1 1 0 1 0 0 0 0 0 0 0]
[0 0 0 1 1 0 0 0 0 1 0 1 0 0 0 0 0 0 0 0 0 0 0]
[0 1 1 1 0 1 0 0 0 0 0 0 0 0 0 0 0 0 0 0 0 0 0]
[2026-03-06 10:48:24] INFO: op ←←←←←, 7690
[2026-03-06 10:48:24] INFO: op →←←←←, 5701
[2026-03-06 10:48:24] INFO: op →→←←←, 5860
[2026-03-06 10:48:25] INFO: op →→→←←, 5860
[2026-03-06 10:48:25] INFO: op →→→→←, 5701
[2026-03-06 10:48:25] INFO: op ←→←←←, 4263
[2026-03-06 10:48:25] INFO: op ←←→←←, 4247
[2026-03-06 10:48:25] INFO: op ←→→←←, 4023
[2026-03-06 10:48:25] INFO: op ←←←→←, 4267
[2026-03-06 10:48:25] INFO: op ←←→→←, 3969
[2026-03-06 10:48:25] INFO: op ←→→→←, 4349
[2026-03-06 10:48:26] INFO: op →←→←←, 3086
[2026-03-06 10:48:26] INFO: op →←←→←, 2981
[2026-03-06 10:48:26] INFO: op →→←→←, 3086
[2026-03-06 10:48:26] INFO: op →←→→←, 2981
[2026-03-06 10:48:26] INFO: op ←→←→←, 2262
[2026-03-06 10:48:26] INFO: [END]
