[2026-03-06 10:48:12] INFO: Logger initialized at log/log294250.log
[2026-03-06 10:48:12] INFO: Test 63th graph in data/list_1775_graphs.g6: U`?GOLOgKPAROUHHkPCaBd?hgCYKo`RGUEaCESWG
[2026-03-06 10:48:12] INFO: meta data: 
minimum degree >= 6
independent number >= 2
connected
Not regular
[2026-03-06 10:48:12] INFO: Orientation of U`?GOLOgKPAROUHHkPCaBd?hgCYKo`RGUEaCESWG with min semidegree 3:
[0 0 0 0 0 0 0 0 0 0 0 0 0 0 0 1 1 0 0 0 1 0]
[1 0 0 0 0 0 0 0 0 0 0 0 0 0 0 0 0 1 1 0 0 0]
[0 0 0 0 0 0 0 0 0 0 0 0 0 1 0 0 0 1 0 1 0 0]
[0 0 1 0 0 0 0 0 0 0 0 0 0 0 0 0 1 0 0 0 0 1]
[0 0 0 0 0 0 0 0 0 0 0 0 0 0 0 0 0 1 0 1 0 1]
[0 0 0 0 1 0 0 0 0 0 0 0 0 0 0 0 0 0 1 0 1 0]
[0 0 0 0 1 0 0 0 0 0 0 0 0 0 0 0 0 0 1 0 1 0]
[0 0 0 0 0 1 1 0 0 0 0 0 0 0 0 0 0 0 0 1 0 0]
[0 1 0 1 0 0 0 0 0 0 0 0 0 0 0 0 0 0 0 1 0 0]
[1 0 1 0 0 0 0 0 1 0 0 0 0 0 0 0 0 0 0 0 0 1]
[1 0 0 0 1 0 0 0 1 0 0 0 0 0 0 0 0 0 0 0 0 0]
[0 0 0 1 0 0 1 0 0 1 1 0 0 0 0 0 0 0 0 0 0 0]
[0 1 0 0 0 0 0 1 0 1 1 0 0 0 0 0 0 0 0 0 0 0]
[0 0 0 0 0 1 0 0 1 0 0 1 1 0 0 0 0 0 0 0 0 0]
[0 1 1 0 0 0 1 0 0 0 1 0 0 0 0 0 0 0 0 0 0 0]
[0 0 0 1 0 0 0 1 0 0 0 0 0 1 1 0 0 0 0 0 0 0]
[0 0 0 0 0 1 0 0 0 0 0 0 1 0 1 0 0 0 0 0 0 0]
[0 0 0 0 0 0 0 0 0 0 0 1 0 0 0 1 1 0 0 0 0 0]
[0 0 0 0 0 0 0 0 0 1 1 0 0 0 0 1 0 0 0 0 0 0]
[0 0 0 0 0 0 0 0 0 0 0 1 0 0 0 0 1 0 1 0 0 0]
[0 0 0 0 0 0 0 0 1 0 0 0 1 0 0 0 0 1 0 0 0 0]
[0 0 0 0 0 0 0 1 0 0 0 0 0 1 1 0 0 0 0 0 1 0]
[2026-03-06 10:48:12] INFO: op ←←←←←, 6851
[2026-03-06 10:48:12] INFO: op →←←←←, 5128
[2026-03-06 10:48:13] INFO: op →→←←←, 5269
[2026-03-06 10:48:13] INFO: op →→→←←, 5269
[2026-03-06 10:48:13] INFO: op →→→→←, 5128
[2026-03-06 10:48:13] INFO: op ←→←←←, 3827
[2026-03-06 10:48:13] INFO: op ←←→←←, 3744
[2026-03-06 10:48:13] INFO: op ←→→←←, 3685
[2026-03-06 10:48:14] INFO: op ←←←→←, 3824
[2026-03-06 10:48:14] INFO: op ←←→→←, 3701
[2026-03-06 10:48:14] INFO: op ←→→→←, 3908
[2026-03-06 10:48:14] INFO: op →←→←←, 2620
[2026-03-06 10:48:14] INFO: op →←←→←, 2622
[2026-03-06 10:48:14] INFO: op →→←→←, 2620
[2026-03-06 10:48:14] INFO: op →←→→←, 2622
[2026-03-06 10:48:14] INFO: op ←→←→←, 1879
[2026-03-06 10:48:14] INFO: [END]
