[2026-03-06 10:47:54] INFO: Logger initialized at log/log292846.log
[2026-03-06 10:47:55] INFO: Test 23th graph in data/list_1775_graphs.g6: R?CO__OBw^@{Bw{F}Bv_{zwBn_F^??
[2026-03-06 10:47:55] INFO: meta data: 
minimum degree >= 6
independent number >= 2
connected
Not regular
[2026-03-06 10:47:55] INFO: Orientation of R?CO__OBw^@{Bw{F}Bv_{zwBn_F^?? with min semidegree 3:
[0 0 0 0 0 0 0 0 0 0 0 0 0 1 0 0 0 1 1]
[0 0 0 0 0 0 0 0 0 0 0 0 0 1 0 0 0 1 1]
[0 0 0 0 0 0 0 0 0 0 0 0 0 0 0 0 1 1 1]
[0 0 0 0 0 0 0 0 0 0 0 0 0 1 1 1 0 0 0]
[0 0 0 1 0 0 0 0 0 1 1 0 0 0 0 0 1 1 0]
[0 0 0 1 0 0 0 0 0 0 0 0 0 0 0 0 1 1 0]
[0 0 0 1 0 0 0 0 0 0 0 0 0 0 0 0 1 0 1]
[0 0 0 1 0 0 0 0 0 0 0 0 0 0 0 0 1 0 1]
[0 0 0 1 0 0 0 0 0 1 1 0 0 0 0 0 0 0 0]
[0 0 0 0 0 1 1 1 0 0 0 0 0 0 1 1 0 0 0]
[0 0 0 0 0 1 1 1 0 0 0 0 0 0 1 1 0 0 0]
[0 0 0 0 1 1 1 1 1 0 0 0 0 0 0 0 0 0 0]
[0 0 0 0 1 1 1 1 1 0 0 0 0 0 0 0 0 0 0]
[0 0 1 0 0 0 0 0 0 1 1 1 1 0 0 0 0 0 0]
[1 1 1 0 0 0 0 0 0 0 0 1 1 0 0 0 0 0 0]
[1 1 1 0 0 0 0 0 0 0 0 1 1 0 0 0 0 0 0]
[1 1 0 0 0 0 0 0 1 0 0 0 0 0 0 0 0 0 0]
[0 0 0 0 0 0 1 1 1 0 0 0 0 0 0 0 0 0 0]
[0 0 0 0 1 1 0 0 1 0 0 0 0 0 0 0 0 0 0]
[2026-03-06 10:47:55] INFO: op ←←←←←, 10064
[2026-03-06 10:47:55] INFO: op →←←←←, 8774
[2026-03-06 10:47:56] INFO: op →→←←←, 8646
[2026-03-06 10:47:56] INFO: op →→→←←, 8646
[2026-03-06 10:47:56] INFO: op →→→→←, 8774
[2026-03-06 10:47:56] INFO: op ←→←←←, 7272
[2026-03-06 10:47:57] INFO: op ←←→←←, 7336
[2026-03-06 10:47:57] INFO: op ←→→←←, 7590
[2026-03-06 10:47:57] INFO: op ←←←→←, 7224
[2026-03-06 10:47:57] INFO: op ←←→→←, 7526
[2026-03-06 10:47:58] INFO: op ←→→→←, 7506
[2026-03-06 10:47:58] INFO: op →←→←←, 5936
[2026-03-06 10:47:58] INFO: op →←←→←, 6188
[2026-03-06 10:47:58] INFO: op →→←→←, 5936
[2026-03-06 10:47:58] INFO: op →←→→←, 6188
[2026-03-06 10:47:59] INFO: op ←→←→←, 4384
[2026-03-06 10:47:59] INFO: [END]
