[2026-03-06 10:48:44] INFO: Logger initialized at log/log296204.log
[2026-03-06 10:48:45] INFO: Test 118th graph in data/list_1775_graphs.g6: ZG????@@od@c_BcDQsAOPIChYAAIQP`__lH?No_DAGgWW_GuK???__y_cJ_g
[2026-03-06 10:48:45] INFO: meta data: 
minimum degree >= 6
independent number >= 2
connected
Not regular
[2026-03-06 10:48:45] INFO: Orientation of ZG????@@od@c_BcDQsAOPIChYAAIQP`__lH?No_DAGgWW_GuK???__y_cJ_g with min semidegree 3:
[0 0 0 0 0 0 0 0 0 0 0 0 0 0 0 0 0 0 0 0 0 0 1 1 1 0 0]
[0 0 0 0 0 0 0 0 0 0 0 0 0 0 0 0 0 1 1 0 0 0 0 1 0 0 0]
[0 1 0 0 0 0 0 0 0 0 0 0 0 0 0 0 1 0 0 1 0 0 0 0 0 0 0]
[0 0 0 0 0 0 0 0 0 0 0 0 0 0 1 0 0 0 0 0 0 1 0 0 1 0 0]
[0 0 0 0 0 0 0 0 0 0 0 0 0 0 0 0 1 0 0 0 1 1 0 0 0 0 0]
[0 0 0 0 0 0 0 0 0 0 0 0 0 0 0 0 0 0 1 0 1 1 0 0 0 0 1]
[0 0 0 0 0 0 0 0 0 0 0 0 0 0 0 0 0 1 0 0 0 1 0 0 0 1 0]
[0 0 0 0 0 0 0 0 0 0 0 0 0 0 0 0 0 0 1 0 1 0 1 0 0 0 0]
[0 0 0 0 0 0 0 1 0 0 0 0 0 0 0 0 0 0 0 1 0 0 0 0 0 0 1]
[0 0 0 0 0 1 1 1 0 0 0 0 0 0 0 0 0 0 0 0 0 0 0 0 0 0 0]
[0 0 0 1 0 0 1 0 1 0 0 0 0 0 0 0 0 0 0 0 0 0 0 0 0 0 0]
[0 0 0 0 1 1 0 0 1 0 0 0 0 0 0 0 0 0 0 0 0 0 0 0 0 0 0]
[1 0 0 0 0 0 0 0 0 0 1 1 0 0 0 0 0 0 0 0 0 0 0 0 0 1 0]
[1 0 0 1 0 0 0 0 0 1 0 1 0 0 0 0 0 0 0 0 0 0 0 0 0 0 0]
[1 0 0 0 0 1 1 0 1 0 0 0 0 0 0 0 0 0 0 0 0 0 0 0 0 0 0]
[0 1 0 0 1 0 0 0 0 0 1 0 0 0 1 0 0 0 0 0 0 0 0 0 0 0 0]
[0 0 0 0 0 0 0 0 0 1 0 0 1 0 1 0 0 0 0 0 0 0 0 0 0 0 1]
[0 0 0 1 1 0 0 0 0 0 0 0 1 0 0 0 0 0 0 0 0 0 0 0 0 0 0]
[0 0 0 0 0 0 0 0 0 0 1 0 0 1 0 0 1 0 0 0 0 0 0 0 0 0 0]
[0 0 0 1 0 0 0 0 0 1 0 0 0 0 0 1 0 0 0 0 0 0 0 0 0 0 0]
[0 0 1 0 0 0 0 0 0 0 1 0 0 1 0 0 0 0 0 0 0 0 0 0 0 0 0]
[0 0 1 0 0 0 0 1 0 0 0 0 1 0 0 0 0 0 0 0 0 0 0 0 0 0 0]
[0 0 1 0 0 0 0 0 0 0 0 1 0 0 0 1 0 1 0 0 0 0 0 0 0 0 0]
[0 0 0 0 0 0 1 1 0 0 0 1 0 0 0 0 0 0 0 1 0 0 0 0 0 0 0]
[0 1 0 0 1 0 0 0 1 1 0 0 0 0 0 0 0 0 0 0 0 0 0 0 0 0 0]
[0 0 0 0 0 0 0 0 0 0 0 0 0 0 0 0 0 0 1 1 1 0 1 0 1 0 0]
[0 0 0 0 0 0 0 0 0 0 0 0 0 1 0 1 0 1 0 0 0 0 0 1 0 1 0]
[2026-03-06 10:48:45] INFO: op ←←←←←, 11122
[2026-03-06 10:48:45] INFO: op →←←←←, 8379
[2026-03-06 10:48:46] INFO: op →→←←←, 8494
[2026-03-06 10:48:46] INFO: op →→→←←, 8494
[2026-03-06 10:48:46] INFO: op →→→→←, 8379
[2026-03-06 10:48:46] INFO: op ←→←←←, 6400
[2026-03-06 10:48:47] INFO: op ←←→←←, 6342
[2026-03-06 10:48:47] INFO: op ←→→←←, 6368
[2026-03-06 10:48:47] INFO: op ←←←→←, 6412
[2026-03-06 10:48:47] INFO: op ←←→→←, 6409
[2026-03-06 10:48:47] INFO: op ←→→→←, 6477
[2026-03-06 10:48:48] INFO: op →←→←←, 4725
[2026-03-06 10:48:48] INFO: op →←←→←, 4739
[2026-03-06 10:48:48] INFO: op →→←→←, 4725
[2026-03-06 10:48:48] INFO: op →←→→←, 4739
[2026-03-06 10:48:48] INFO: op ←→←→←, 3512
[2026-03-06 10:48:48] INFO: [END]
