[2026-03-06 10:49:54] INFO: Logger initialized at log/log298796.log
[2026-03-06 10:49:54] INFO: Test 192th graph in data/list_1775_graphs.g6: [?KqKUaS\CIHQ?Q?O_SGAs?B_??XGWWoW`AWGOY?cCgaOKc?HcT?HWY?BQQg?rDS
[2026-03-06 10:49:54] INFO: meta data: 
minimum degree >= 6
independent number >= 2
connected
Not regular
[2026-03-06 10:49:54] INFO: Orientation of [?KqKUaS\CIHQ?Q?O_SGAs?B_??XGWWoW`AWGOY?cCgaOKc?HcT?HWY?BQQg?rDS with min semidegree 3:
[0 0 0 0 0 0 0 0 1 0 1 0 0 0 1 0 0 0 0 0 0 0 0 0 0 0 0 0]
[0 0 0 0 0 0 0 0 0 1 0 1 1 0 0 0 0 0 0 0 0 0 0 0 0 0 0 0]
[0 0 0 0 0 0 0 0 1 0 1 0 0 0 0 0 0 0 0 0 1 0 0 0 0 0 0 0]
[0 0 0 0 0 0 0 0 0 1 0 0 0 0 0 0 0 0 0 0 0 0 1 1 0 0 0 0]
[0 0 1 1 0 0 0 0 0 0 0 0 0 0 0 0 0 0 1 0 0 0 0 0 0 0 0 0]
[0 0 1 1 0 0 0 0 0 0 0 0 0 0 0 0 0 0 0 1 0 0 0 0 0 0 0 0]
[0 1 0 0 0 1 0 0 0 0 0 0 0 0 0 0 0 0 0 0 0 0 1 0 0 0 0 0]
[1 0 0 0 1 0 1 0 0 0 0 0 0 0 0 0 0 0 0 0 0 0 0 0 0 0 0 0]
[0 0 0 0 0 0 1 0 0 0 0 0 0 0 0 0 0 0 0 0 0 0 0 0 1 1 0 0]
[0 0 0 0 0 0 0 1 1 0 0 0 0 0 0 0 0 0 0 0 0 0 0 0 0 0 1 0]
[0 0 0 0 0 0 1 0 0 0 0 0 0 0 0 0 0 0 0 0 0 0 0 0 0 0 1 1]
[0 0 0 1 0 0 0 1 0 0 1 0 0 0 0 0 0 0 0 0 0 0 0 0 0 0 0 0]
[0 0 0 0 1 0 0 0 0 0 0 0 0 0 0 0 0 0 0 0 0 0 0 0 1 0 1 0]
[0 1 0 0 1 0 0 0 0 0 0 0 0 0 0 0 0 0 0 0 0 0 0 0 0 1 0 1]
[0 0 0 0 0 1 0 0 0 0 0 0 1 0 0 0 0 0 0 0 0 0 0 0 0 0 0 1]
[1 0 0 0 0 1 0 0 0 0 0 0 0 1 0 0 0 0 0 0 0 0 0 0 0 0 0 0]
[1 1 0 1 0 0 0 0 0 0 0 0 0 0 0 0 0 0 0 0 0 0 0 0 0 0 0 0]
[1 1 1 0 0 0 0 0 0 0 0 0 0 0 0 0 0 0 0 0 0 0 0 0 0 0 0 0]
[0 0 0 0 0 1 0 0 1 0 0 1 0 0 0 0 1 1 0 0 0 0 0 0 0 0 0 0]
[0 0 0 0 1 0 0 0 0 1 1 0 0 0 0 0 1 1 0 0 0 0 0 0 0 0 0 0]
[0 0 0 0 0 0 0 1 0 0 0 0 1 0 0 1 1 0 0 0 0 0 0 0 0 0 0 0]
[0 0 1 0 0 0 0 1 0 0 0 0 0 1 1 0 1 0 0 0 0 0 0 0 0 0 0 0]
[0 0 0 0 0 0 0 0 0 0 0 0 1 0 0 1 0 1 0 0 0 1 0 0 0 0 0 0]
[0 0 0 0 0 0 1 0 0 0 0 0 0 1 1 0 0 1 0 0 1 0 0 0 0 0 0 0]
[0 0 0 0 0 0 0 0 0 0 0 1 0 0 0 1 0 0 0 1 0 1 0 1 0 0 0 0]
[0 0 0 0 0 0 0 0 0 0 0 1 0 0 1 0 0 0 0 1 1 0 1 0 0 0 0 0]
[0 0 0 0 0 0 0 0 0 0 0 0 0 0 0 1 0 0 1 0 0 1 0 1 0 1 0 0]
[0 0 0 0 0 0 0 0 0 1 0 0 0 0 0 0 0 0 1 0 1 0 1 0 1 0 0 0]
[2026-03-06 10:49:55] INFO: op ←←←←←, 14648
[2026-03-06 10:49:55] INFO: op →←←←←, 11315
[2026-03-06 10:49:55] INFO: op →→←←←, 11386
[2026-03-06 10:49:56] INFO: op →→→←←, 11386
[2026-03-06 10:49:56] INFO: op →→→→←, 11315
[2026-03-06 10:49:57] INFO: op ←→←←←, 9146
[2026-03-06 10:49:57] INFO: op ←←→←←, 9162
[2026-03-06 10:49:57] INFO: op ←→→←←, 9112
[2026-03-06 10:49:57] INFO: op ←←←→←, 9052
[2026-03-06 10:49:58] INFO: op ←←→→←, 9276
[2026-03-06 10:49:58] INFO: op ←→→→←, 9332
[2026-03-06 10:49:58] INFO: op →←→←←, 7102
[2026-03-06 10:49:58] INFO: op →←←→←, 6914
[2026-03-06 10:49:59] INFO: op →→←→←, 7102
[2026-03-06 10:49:59] INFO: op →←→→←, 6914
[2026-03-06 10:49:59] INFO: op ←→←→←, 5830
[2026-03-06 10:49:59] INFO: [END]
