[2026-03-06 10:48:31] INFO: Logger initialized at log/log295508.log
[2026-03-06 10:48:32] INFO: Test 99th graph in data/list_1775_graphs.g6: X?CO_?FAoYIGcOKOPCaGbHCiCSAPAXPChAJc_bQPC[c]F??zo??
[2026-03-06 10:48:32] INFO: meta data: 
minimum degree >= 6
independent number >= 2
connected
Not regular
[2026-03-06 10:48:32] INFO: Orientation of X?CO_?FAoYIGcOKOPCaGbHCiCSAPAXPChAJc_bQPC[c]F??zo?? with min semidegree 3:
[0 0 0 0 0 0 0 0 0 0 0 0 0 0 0 0 0 0 0 0 0 1 0 1 1]
[0 0 0 0 0 0 0 0 0 0 0 0 0 0 0 0 0 0 1 0 1 0 0 1 0]
[0 0 0 0 0 0 0 0 0 0 0 0 0 0 0 0 1 0 0 1 0 0 1 0 0]
[0 0 0 0 0 0 1 0 0 0 0 1 0 0 0 0 0 0 0 0 0 0 0 1 0]
[0 0 0 1 0 0 0 0 0 0 0 0 0 0 0 0 0 0 1 1 0 0 0 0 0]
[0 0 0 1 0 0 0 0 0 0 0 0 0 0 0 1 0 0 0 0 0 0 0 0 1]
[0 0 0 0 0 0 0 0 0 0 0 0 0 0 0 0 0 0 0 0 1 1 1 0 0]
[0 0 0 0 0 0 0 0 1 0 1 0 0 0 0 0 0 0 0 0 0 0 0 0 1]
[0 0 0 0 0 1 1 0 0 0 0 0 0 0 0 0 0 0 1 0 0 0 0 0 0]
[0 0 0 0 1 0 1 1 0 0 0 0 0 0 0 0 0 0 0 0 0 0 0 0 0]
[0 0 0 0 1 1 0 0 0 0 0 0 0 0 0 0 0 0 0 0 1 0 1 0 0]
[0 1 0 0 0 0 0 1 0 0 0 0 0 0 0 0 0 0 0 0 0 1 0 0 0]
[1 0 0 1 0 0 0 1 0 0 0 0 0 0 0 0 0 0 0 0 0 0 0 0 0]
[0 0 1 1 0 0 0 1 0 0 0 0 0 0 0 0 0 0 0 0 0 0 0 0 0]
[1 0 0 0 1 0 0 0 1 0 0 1 0 0 0 0 0 0 0 0 0 0 0 0 0]
[0 1 0 0 0 0 0 0 0 1 0 0 0 1 1 0 0 0 0 0 0 0 0 0 0]
[0 0 0 0 0 1 0 0 0 1 0 0 1 0 1 0 0 0 0 0 0 0 0 0 0]
[1 0 0 0 0 1 0 0 0 1 0 1 0 0 0 0 0 0 0 0 0 0 0 0 0]
[0 0 0 0 0 0 0 0 0 0 0 0 0 1 0 0 1 1 0 0 0 0 0 0 0]
[0 0 0 0 0 0 0 0 1 0 0 0 1 0 0 1 0 1 0 0 0 0 0 0 0]
[0 0 0 0 0 0 0 0 0 0 0 0 1 1 1 0 0 1 0 0 0 0 0 0 0]
[0 0 0 0 0 0 0 0 0 0 1 0 0 1 0 0 1 0 0 1 0 0 0 0 0]
[0 0 0 0 0 0 0 0 0 0 0 1 1 0 0 1 0 0 1 0 0 0 0 0 0]
[0 0 1 0 0 0 0 0 1 1 1 0 0 0 0 0 0 0 0 0 0 0 0 0 0]
[0 1 1 0 1 0 1 0 0 0 0 0 0 0 0 0 0 0 0 0 0 0 0 0 0]
[2026-03-06 10:48:32] INFO: op ←←←←←, 9671
[2026-03-06 10:48:32] INFO: op →←←←←, 7356
[2026-03-06 10:48:32] INFO: op →→←←←, 7368
[2026-03-06 10:48:33] INFO: op →→→←←, 7368
[2026-03-06 10:48:33] INFO: op →→→→←, 7356
[2026-03-06 10:48:33] INFO: op ←→←←←, 5462
[2026-03-06 10:48:33] INFO: op ←←→←←, 5378
[2026-03-06 10:48:33] INFO: op ←→→←←, 5322
[2026-03-06 10:48:34] INFO: op ←←←→←, 5435
[2026-03-06 10:48:34] INFO: op ←←→→←, 5282
[2026-03-06 10:48:34] INFO: op ←→→→←, 5454
[2026-03-06 10:48:34] INFO: op →←→←←, 4032
[2026-03-06 10:48:34] INFO: op →←←→←, 3921
[2026-03-06 10:48:34] INFO: op →→←→←, 4032
[2026-03-06 10:48:35] INFO: op →←→→←, 3921
[2026-03-06 10:48:35] INFO: op ←→←→←, 3051
[2026-03-06 10:48:35] INFO: [END]
