[2026-03-06 10:47:51] INFO: Logger initialized at log/log292427.log
[2026-03-06 10:47:51] INFO: Test 10th graph in data/list_1775_graphs.g6: I?~~vrv|o
[2026-03-06 10:47:51] INFO: meta data: 
minimum degree >= 6
independent number >= 2
connected
Not regular
[2026-03-06 10:47:51] INFO: Orientation of I?~~vrv|o with min semidegree 3:
[0 0 0 0 0 1 1 1 0 0]
[0 0 0 0 1 0 0 0 1 1]
[0 0 0 0 0 1 0 0 1 1]
[0 0 0 0 0 0 1 0 1 1]
[1 0 1 1 0 0 0 0 0 0]
[0 1 0 1 1 0 0 0 0 0]
[0 1 1 0 1 0 0 0 0 0]
[0 1 1 1 1 0 0 0 0 0]
[1 0 0 0 0 1 1 1 0 0]
[1 0 0 0 0 1 1 1 0 0]
[2026-03-06 10:47:51] INFO: op ←←←←←, 1444
[2026-03-06 10:47:51] INFO: op →←←←←, 1096
[2026-03-06 10:47:52] INFO: op →→←←←, 1268
[2026-03-06 10:47:52] INFO: op →→→←←, 1268
[2026-03-06 10:47:52] INFO: op →→→→←, 1096
[2026-03-06 10:47:52] INFO: op ←→←←←, 898
[2026-03-06 10:47:52] INFO: op ←←→←←, 1038
[2026-03-06 10:47:52] INFO: op ←→→←←, 900
[2026-03-06 10:47:52] INFO: op ←←←→←, 902
[2026-03-06 10:47:52] INFO: op ←←→→←, 898
[2026-03-06 10:47:52] INFO: op ←→→→←, 926
[2026-03-06 10:47:52] INFO: op →←→←←, 614
[2026-03-06 10:47:52] INFO: op →←←→←, 704
[2026-03-06 10:47:52] INFO: op →→←→←, 614
[2026-03-06 10:47:52] INFO: op →←→→←, 704
[2026-03-06 10:47:52] INFO: op ←→←→←, 354
[2026-03-06 10:47:52] INFO: [END]
