[2026-03-06 11:01:33] INFO: Logger initialized at log/log310523.log
[2026-03-06 11:01:34] INFO: Test 527th graph in data/list_1775_graphs.g6: YQ??`?PGk@OCOEODC`HGKEASWEcI_YT@eNB?Rr?Cw_?Lc???qTB?piB?
[2026-03-06 11:01:34] INFO: meta data: 
minimum degree >= 6
independent number >= 2
connected
Not regular
[2026-03-06 11:01:34] INFO: Orientation of YQ??`?PGk@OCOEODC`HGKEASWEcI_YT@eNB?Rr?Cw_?Lc???qTB?piB? with min semidegree 3:
[0 0 0 0 0 0 0 0 0 0 0 0 0 0 0 0 0 0 1 0 1 0 1 0 0 0]
[0 0 0 0 0 0 0 0 0 0 0 0 0 0 0 0 0 0 0 1 0 1 0 1 0 0]
[1 0 0 0 0 0 0 0 0 0 0 0 0 0 1 0 0 0 0 0 0 0 0 1 0 0]
[0 1 0 0 0 0 0 0 0 0 0 0 0 0 0 0 1 1 0 0 0 0 0 0 0 0]
[0 0 0 0 0 0 0 0 0 0 0 0 0 0 0 0 0 0 0 1 1 1 0 0 0 0]
[0 0 0 0 0 0 0 0 0 0 0 0 0 0 0 0 0 0 1 0 1 1 0 0 0 0]
[0 0 0 1 0 0 0 0 0 0 0 0 0 0 0 0 0 0 0 1 0 0 0 0 1 1]
[0 0 1 0 0 0 0 0 0 0 0 0 0 0 0 0 0 0 0 0 0 0 0 0 1 1]
[0 0 0 1 0 0 0 1 0 0 0 0 0 0 0 0 0 0 0 1 0 0 0 0 0 0]
[0 0 1 0 0 0 1 0 1 0 0 0 0 0 0 0 0 0 0 0 0 0 0 0 0 0]
[1 0 0 0 0 0 0 0 1 0 0 0 0 0 0 0 0 0 0 0 0 0 0 0 1 0]
[1 0 0 0 0 0 0 0 1 0 0 0 0 0 0 0 0 0 0 0 0 0 0 0 0 1]
[0 1 0 0 0 0 0 0 0 1 1 0 0 0 0 0 0 0 0 0 0 0 0 0 0 0]
[0 1 0 0 0 0 0 0 0 1 0 1 0 0 0 0 0 0 0 0 0 0 0 0 0 0]
[0 0 0 0 0 1 0 0 0 0 1 0 0 1 0 0 0 0 0 0 0 0 0 0 0 0]
[0 0 1 0 0 1 0 0 0 0 0 1 1 0 0 0 0 0 0 0 0 0 0 0 0 0]
[0 0 0 0 1 0 0 0 0 0 1 0 0 1 0 1 0 0 0 0 0 0 0 0 0 0]
[0 0 0 0 1 0 0 0 0 0 0 1 1 0 1 0 0 0 0 0 0 0 0 0 0 0]
[0 0 0 0 0 0 0 1 0 1 0 0 0 0 0 0 1 1 0 0 0 0 0 0 0 0]
[0 0 0 0 0 0 0 0 0 0 0 0 0 0 1 1 0 0 1 0 0 0 0 0 0 0]
[0 0 0 0 0 0 1 1 0 0 0 0 1 1 0 0 0 0 0 0 0 0 0 0 0 0]
[0 0 0 0 0 0 1 1 0 0 1 1 0 0 0 0 0 0 0 0 0 0 0 0 0 0]
[0 0 0 1 1 1 0 0 0 1 0 0 0 0 0 0 0 0 0 0 0 0 0 0 0 0]
[0 0 0 0 1 1 0 0 1 0 0 0 0 0 0 0 0 0 0 0 0 0 0 0 0 0]
[0 0 0 0 0 0 0 0 0 0 0 0 0 1 0 1 0 1 0 0 0 0 1 1 0 0]
[0 0 0 0 0 0 0 0 0 0 0 0 1 0 1 0 1 0 0 0 0 0 1 1 0 0]
[2026-03-06 11:01:34] INFO: op ←←←←←, 10532
[2026-03-06 11:01:34] INFO: op →←←←←, 7949
[2026-03-06 11:01:34] INFO: op →→←←←, 7854
[2026-03-06 11:01:35] INFO: op →→→←←, 7854
[2026-03-06 11:01:35] INFO: op →→→→←, 7949
[2026-03-06 11:01:35] INFO: op ←→←←←, 5982
[2026-03-06 11:01:35] INFO: op ←←→←←, 5893
[2026-03-06 11:01:35] INFO: op ←→→←←, 5696
[2026-03-06 11:01:36] INFO: op ←←←→←, 5974
[2026-03-06 11:01:36] INFO: op ←←→→←, 5741
[2026-03-06 11:01:36] INFO: op ←→→→←, 6054
[2026-03-06 11:01:36] INFO: op →←→←←, 4483
[2026-03-06 11:01:36] INFO: op →←←→←, 4309
[2026-03-06 11:01:36] INFO: op →→←→←, 4483
[2026-03-06 11:01:37] INFO: op →←→→←, 4309
[2026-03-06 11:01:37] INFO: op ←→←→←, 3493
[2026-03-06 11:01:37] INFO: [END]
