[2026-03-06 10:54:03] INFO: Logger initialized at log/log307268.log
[2026-03-06 10:54:04] INFO: Test 434th graph in data/list_1775_graphs.g6: X]?GOK????@G@_KHeCu@KoH_HXwKrpqorEX_q]_ERs?Ev_?Ln??
[2026-03-06 10:54:04] INFO: meta data: 
minimum degree >= 6
independent number >= 2
connected
Not regular
[2026-03-06 10:54:04] INFO: Orientation of X]?GOK????@G@_KHeCu@KoH_HXwKrpqorEX_q]_ERs?Ev_?Ln?? with min semidegree 3:
[0 0 0 0 0 0 0 0 0 0 0 0 0 0 0 0 0 0 0 0 1 1 1 0 0]
[0 0 0 0 0 0 0 0 0 0 0 0 0 0 0 0 0 0 0 0 1 1 1 0 0]
[1 1 0 0 0 0 0 0 0 0 0 0 0 0 0 0 0 0 0 1 0 0 0 0 0]
[1 1 0 0 0 0 0 0 0 0 0 0 0 0 0 0 0 0 0 1 0 0 0 0 0]
[0 0 0 0 0 0 0 0 0 0 0 0 0 0 0 0 0 1 0 1 0 1 0 0 0]
[0 0 0 0 1 0 0 0 0 0 0 0 0 0 0 0 0 0 1 0 1 0 0 0 0]
[0 0 0 0 1 0 0 0 0 0 0 0 0 0 0 0 0 0 1 0 0 0 0 1 0]
[0 0 0 0 0 1 1 0 0 0 0 0 0 0 0 0 0 1 0 0 0 0 0 0 0]
[0 0 0 0 0 0 0 0 0 0 0 0 0 0 0 0 0 0 0 0 0 0 1 1 1]
[0 0 0 0 0 0 0 0 0 0 0 0 0 0 0 0 0 1 1 0 0 0 0 1 0]
[0 0 0 0 0 0 0 0 0 0 0 0 0 0 0 0 0 1 1 0 0 0 0 0 1]
[0 0 0 0 1 0 0 1 0 0 0 0 0 0 0 0 0 0 0 0 0 0 0 0 1]
[0 0 0 0 0 1 1 0 0 0 0 0 0 0 0 0 1 0 0 0 0 0 0 0 0]
[0 0 1 1 0 0 0 0 1 0 0 1 1 0 0 0 0 0 0 0 0 0 0 0 0]
[0 0 1 1 0 0 0 0 1 0 0 1 1 0 0 0 0 0 0 0 0 0 0 0 0]
[1 1 0 0 0 0 0 0 1 0 0 1 1 0 0 0 0 0 0 0 0 0 0 0 0]
[1 1 0 0 0 0 0 0 1 0 0 1 0 0 0 0 0 0 0 0 0 0 0 0 0]
[0 0 0 0 0 0 0 0 0 0 0 0 0 1 1 1 1 0 0 0 0 0 0 0 0]
[0 0 0 0 0 0 0 0 0 0 0 0 0 1 1 1 1 0 0 0 0 0 0 0 0]
[0 0 0 0 0 0 0 1 0 1 1 0 0 0 0 1 1 0 0 0 0 0 0 0 0]
[0 0 0 0 0 0 1 0 0 1 1 0 0 1 1 0 0 0 0 0 0 0 0 0 0]
[0 0 0 0 0 0 0 1 1 1 1 0 1 0 0 0 0 0 0 0 0 0 0 0 0]
[0 0 0 0 1 0 0 1 0 1 1 0 1 0 0 0 0 0 0 0 0 0 0 0 0]
[0 0 1 1 0 1 0 0 0 0 1 1 0 0 0 0 0 0 0 0 0 0 0 0 0]
[0 0 1 1 0 1 1 0 0 1 0 0 0 0 0 0 0 0 0 0 0 0 0 0 0]
[2026-03-06 10:54:04] INFO: op ←←←←←, 16183
[2026-03-06 10:54:05] INFO: op →←←←←, 13075
[2026-03-06 10:54:05] INFO: op →→←←←, 12021
[2026-03-06 10:54:05] INFO: op →→→←←, 12021
[2026-03-06 10:54:06] INFO: op →→→→←, 13075
[2026-03-06 10:54:06] INFO: op ←→←←←, 10709
[2026-03-06 10:54:06] INFO: op ←←→←←, 9592
[2026-03-06 10:54:07] INFO: op ←→→←←, 8898
[2026-03-06 10:54:07] INFO: op ←←←→←, 10489
[2026-03-06 10:54:07] INFO: op ←←→→←, 8873
[2026-03-06 10:54:08] INFO: op ←→→→←, 10049
[2026-03-06 10:54:08] INFO: op →←→←←, 8196
[2026-03-06 10:54:08] INFO: op →←←→←, 7414
[2026-03-06 10:54:08] INFO: op →→←→←, 8196
[2026-03-06 10:54:09] INFO: op →←→→←, 7414
[2026-03-06 10:54:09] INFO: op ←→←→←, 7815
[2026-03-06 10:54:09] INFO: [END]
