[2026-03-06 10:54:21] INFO: Logger initialized at log/log307898.log
[2026-03-06 10:54:22] INFO: Test 452th graph in data/list_1775_graphs.g6: Z????[GB?C_cE?GBcs@sGODiASCGScoP@CiSSOXbCkAUL@?s[O?GWBoZoG?G
[2026-03-06 10:54:22] INFO: meta data: 
minimum degree >= 6
independent number >= 2
connected
Not regular
[2026-03-06 10:54:22] INFO: Orientation of Z????[GB?C_cE?GBcs@sGODiASCGScoP@CiSSOXbCkAUL@?s[O?GWBoZoG?G with min semidegree 3:
[0 0 0 0 0 0 0 0 0 0 0 0 0 0 0 0 0 0 1 1 0 0 0 1 0 0 0]
[0 0 0 0 0 0 0 0 0 0 0 0 0 0 0 0 1 0 0 0 1 1 0 0 0 0 0]
[0 0 0 0 0 0 0 0 0 0 0 0 0 0 0 0 0 0 0 0 0 0 1 1 0 1 0]
[0 0 0 0 0 0 0 0 0 0 0 0 0 0 0 0 0 0 0 0 0 1 0 1 1 0 0]
[0 0 0 0 0 0 0 0 0 0 0 0 0 0 0 1 0 0 0 1 0 0 0 0 0 0 1]
[0 0 0 0 0 0 0 0 0 0 0 0 0 0 0 0 0 0 1 0 1 0 0 0 0 0 1]
[0 0 0 0 0 0 0 0 0 0 0 0 0 0 0 0 0 1 0 0 0 0 1 0 0 0 1]
[0 0 0 0 1 1 1 0 0 0 0 0 0 0 0 0 0 0 0 0 0 1 0 0 0 0 0]
[0 0 0 0 1 0 0 0 0 0 0 0 0 0 0 0 0 0 0 0 1 0 0 0 1 1 0]
[0 0 0 0 1 1 0 0 0 0 0 0 0 0 0 0 0 0 0 0 0 0 1 0 1 0 0]
[0 0 0 0 0 0 1 0 0 1 0 0 0 0 0 0 0 0 0 0 1 0 0 0 0 0 0]
[0 0 0 0 0 1 0 0 1 0 0 0 0 0 0 0 1 0 0 0 0 0 0 0 0 0 0]
[0 0 0 1 1 0 0 0 0 0 0 0 0 0 0 0 0 0 0 0 0 0 1 0 0 0 0]
[0 0 1 0 0 0 0 0 0 0 1 1 1 0 0 0 0 0 0 0 0 0 0 0 0 0 0]
[0 0 1 0 0 1 1 0 1 0 0 0 0 0 0 0 0 0 0 0 0 0 0 0 0 0 0]
[0 0 1 1 0 0 1 0 0 0 0 1 0 0 0 0 0 0 0 0 0 0 0 0 0 0 0]
[0 0 0 0 0 0 0 0 0 1 0 0 1 0 1 0 0 0 0 0 0 0 0 0 0 0 0]
[1 0 0 0 0 0 0 0 0 1 0 1 0 0 0 0 0 0 0 0 0 0 0 0 0 0 0]
[0 0 0 0 0 0 0 0 0 0 1 0 1 0 0 1 0 0 0 0 0 0 0 0 0 0 0]
[0 0 0 1 0 0 0 0 0 0 1 0 0 0 1 0 0 0 0 0 0 0 0 0 0 0 0]
[0 0 0 0 0 0 0 0 0 0 0 0 1 0 0 1 0 1 0 0 0 0 0 0 0 0 0]
[0 0 0 0 0 0 0 0 0 0 0 0 0 1 1 0 0 1 1 0 0 0 0 0 0 0 0]
[0 1 0 0 0 0 0 0 0 0 0 1 0 0 0 0 0 0 0 1 0 0 0 0 0 0 0]
[0 0 0 0 0 0 0 1 1 0 1 0 0 0 0 0 1 0 0 0 0 0 0 0 0 0 0]
[1 1 0 0 0 0 0 1 0 0 0 0 0 1 0 0 0 0 0 0 0 0 0 0 0 0 0]
[0 0 0 0 0 0 0 1 0 0 0 0 0 0 0 0 1 1 1 1 0 0 0 0 0 0 0]
[1 1 0 1 0 0 0 0 0 0 0 0 0 1 0 0 0 0 0 0 0 0 0 0 0 1 0]
[2026-03-06 10:54:22] INFO: op ←←←←←, 11198
[2026-03-06 10:54:22] INFO: op →←←←←, 8433
[2026-03-06 10:54:23] INFO: op →→←←←, 8496
[2026-03-06 10:54:23] INFO: op →→→←←, 8496
[2026-03-06 10:54:23] INFO: op →→→→←, 8433
[2026-03-06 10:54:23] INFO: op ←→←←←, 6416
[2026-03-06 10:54:23] INFO: op ←←→←←, 6318
[2026-03-06 10:54:24] INFO: op ←→→←←, 6225
[2026-03-06 10:54:24] INFO: op ←←←→←, 6419
[2026-03-06 10:54:24] INFO: op ←←→→←, 6172
[2026-03-06 10:54:24] INFO: op ←→→→←, 6586
[2026-03-06 10:54:24] INFO: op →←→←←, 4803
[2026-03-06 10:54:25] INFO: op →←←→←, 4660
[2026-03-06 10:54:25] INFO: op →→←→←, 4803
[2026-03-06 10:54:25] INFO: op →←→→←, 4660
[2026-03-06 10:54:25] INFO: op ←→←→←, 3599
[2026-03-06 10:54:25] INFO: [END]
