[2026-03-06 10:51:49] INFO: Logger initialized at log/log302856.log
[2026-03-06 10:51:49] INFO: Test 308th graph in data/list_1775_graphs.g6: [aQK`S_OH_OC@???@RxoM_UoT`AA[ABE?ePA@eCOLACK?obEGAHE@AYOBAhT?@Ke
[2026-03-06 10:51:49] INFO: meta data: 
minimum degree >= 6
independent number >= 2
connected
Not regular
[2026-03-06 10:51:49] INFO: Orientation of [aQK`S_OH_OC@???@RxoM_UoT`AA[ABE?ePA@eCOLACK?obEGAHE@AYOBAhT?@Ke with min semidegree 3:
[0 0 0 0 0 0 0 0 0 0 0 0 0 0 0 0 1 0 0 0 0 0 0 0 0 0 1 1]
[1 0 0 0 0 0 0 0 0 0 0 0 0 0 0 0 0 0 1 0 0 0 0 1 0 0 0 0]
[0 0 0 0 0 0 0 0 0 0 0 0 0 0 0 0 0 0 0 0 1 0 0 1 0 0 0 1]
[0 1 0 0 0 0 0 0 0 0 0 0 0 0 0 0 0 0 0 0 0 0 0 0 1 1 0 0]
[0 1 0 0 0 0 0 0 0 0 0 0 0 0 1 0 0 0 0 0 0 0 0 0 0 1 0 0]
[1 0 0 0 1 0 0 0 0 0 0 0 0 0 0 0 0 0 0 0 0 1 0 0 0 0 0 0]
[1 0 0 1 0 0 0 0 0 0 0 0 0 0 1 0 0 0 0 0 0 0 0 0 0 0 0 0]
[0 0 1 0 1 0 1 0 0 0 0 0 0 0 0 0 0 0 0 0 0 0 0 0 0 0 0 0]
[0 0 1 0 0 0 0 0 0 0 0 0 0 0 0 0 0 1 0 1 0 0 0 0 0 0 0 0]
[0 1 0 0 0 0 0 0 1 0 0 0 0 0 0 0 0 0 0 0 0 0 0 0 0 0 1 0]
[0 0 1 1 0 0 0 0 0 0 0 0 0 0 0 0 0 0 0 0 0 0 0 0 0 0 1 0]
[1 0 0 0 0 0 0 0 1 0 0 0 0 0 0 1 0 0 0 0 0 0 0 0 0 0 0 0]
[0 0 0 0 0 1 0 0 0 0 0 0 0 0 0 0 1 0 1 0 0 0 0 0 0 0 0 0]
[0 0 0 0 0 0 0 0 0 0 0 0 0 0 0 0 1 1 0 1 0 0 0 0 0 0 0 0]
[0 0 0 0 0 0 0 0 0 1 1 1 1 1 0 0 0 0 0 0 0 0 0 0 0 0 0 0]
[0 0 1 1 1 0 0 0 0 0 0 0 1 1 0 0 0 0 0 0 0 0 0 0 0 0 0 0]
[0 0 0 0 0 0 0 1 0 1 1 0 0 0 0 0 0 0 0 0 0 0 0 0 0 0 0 0]
[0 0 0 1 0 1 0 1 0 0 0 0 0 0 0 0 0 0 0 0 0 0 0 0 0 0 0 1]
[0 0 0 0 0 0 0 1 0 0 1 1 0 0 0 0 0 0 0 0 0 0 0 0 0 0 0 0]
[0 1 0 0 0 0 0 1 0 0 0 0 1 0 0 0 0 0 0 0 0 0 0 0 0 0 0 0]
[0 0 0 0 0 1 1 0 0 1 0 0 0 1 0 0 0 0 1 0 0 0 0 0 0 0 0 0]
[0 0 0 0 0 0 1 0 0 1 1 0 0 0 0 1 0 0 0 1 0 0 0 0 0 0 0 0]
[0 0 0 0 0 1 1 0 1 0 0 0 0 1 0 0 0 0 1 0 0 0 0 0 0 0 0 0]
[0 0 0 0 0 0 0 0 0 0 0 1 1 0 0 0 0 1 0 0 0 1 1 0 0 0 0 0]
[0 0 0 0 1 0 0 0 1 0 0 0 0 0 0 0 1 0 0 0 1 0 0 1 0 0 0 0]
[0 0 0 0 0 0 0 0 0 0 0 1 0 0 0 0 1 0 0 1 1 0 1 0 0 0 0 0]
[0 0 0 0 0 0 0 0 0 0 0 0 0 0 0 1 0 1 0 1 0 0 1 0 1 0 0 0]
[0 0 0 0 0 0 0 0 0 0 0 0 0 0 1 0 0 0 1 0 0 1 0 0 1 1 0 0]
[2026-03-06 10:51:50] INFO: op ←←←←←, 15675
[2026-03-06 10:51:50] INFO: op →←←←←, 12388
[2026-03-06 10:51:51] INFO: op →→←←←, 12462
[2026-03-06 10:51:51] INFO: op →→→←←, 12462
[2026-03-06 10:51:51] INFO: op →→→→←, 12388
[2026-03-06 10:51:52] INFO: op ←→←←←, 10214
[2026-03-06 10:51:52] INFO: op ←←→←←, 10159
[2026-03-06 10:51:52] INFO: op ←→→←←, 10345
[2026-03-06 10:51:53] INFO: op ←←←→←, 10087
[2026-03-06 10:51:53] INFO: op ←←→→←, 10474
[2026-03-06 10:51:53] INFO: op ←→→→←, 10119
[2026-03-06 10:51:54] INFO: op →←→←←, 8112
[2026-03-06 10:51:54] INFO: op →←←→←, 8156
[2026-03-06 10:51:54] INFO: op →→←→←, 8112
[2026-03-06 10:51:54] INFO: op →←→→←, 8156
[2026-03-06 10:51:55] INFO: op ←→←→←, 6780
[2026-03-06 10:51:55] INFO: [END]
