[2026-03-06 10:50:29] INFO: Logger initialized at log/log300126.log
[2026-03-06 10:50:29] INFO: Test 230th graph in data/list_1775_graphs.g6: [CHC@@?[dHXGE??W?o?`@?o_K@@`HYESiKPWUAYCBdGCoy?Fw???FF?[?[?W??F}
[2026-03-06 10:50:29] INFO: meta data: 
minimum degree >= 6
independent number >= 2
connected
Not regular
[2026-03-06 10:50:29] INFO: Orientation of [CHC@@?[dHXGE??W?o?`@?o_K@@`HYESiKPWUAYCBdGCoy?Fw???FF?[?[?W??F} with min semidegree 3:
[0 0 0 0 0 0 0 0 0 0 0 0 0 0 0 0 0 0 0 0 1 0 1 0 0 0 1 0]
[0 0 0 0 0 0 0 0 0 0 0 0 0 0 0 0 0 0 0 1 0 1 0 0 0 0 1 0]
[0 0 0 0 0 0 0 0 0 0 0 0 0 0 0 0 0 0 1 0 0 0 0 1 0 0 1 0]
[1 0 0 0 0 0 0 0 0 0 0 0 0 0 0 0 0 0 1 0 0 1 0 0 0 0 0 0]
[0 0 1 0 0 0 0 0 0 0 0 0 0 0 0 0 0 0 0 0 1 0 0 0 1 0 0 0]
[0 1 0 0 0 0 0 0 0 0 0 0 0 0 0 0 0 1 0 0 0 0 0 1 0 0 0 0]
[1 0 0 0 0 0 0 0 0 0 0 0 0 0 0 0 0 0 0 1 0 0 0 1 0 0 0 0]
[0 0 1 0 0 0 0 0 0 0 0 0 0 0 0 0 0 0 0 1 0 0 1 0 0 0 0 0]
[0 1 0 0 0 0 0 0 0 0 0 0 0 0 0 0 0 0 1 0 0 0 1 0 0 0 0 0]
[0 1 1 1 0 0 1 0 0 0 0 0 0 0 0 0 0 0 0 0 0 0 0 0 0 0 0 0]
[1 0 1 0 0 1 0 0 1 0 0 0 0 0 0 0 0 0 0 0 0 0 0 0 0 0 0 0]
[1 1 0 0 1 0 0 1 0 0 0 0 0 0 0 0 0 0 0 0 0 0 0 0 0 0 0 0]
[0 0 0 1 1 0 0 0 0 0 0 0 0 0 0 0 0 0 0 1 0 0 0 0 0 0 0 0]
[0 0 0 0 0 0 0 1 1 0 0 0 0 0 0 0 0 0 0 0 1 0 0 0 0 0 0 0]
[0 0 0 0 0 1 1 0 0 0 0 0 0 0 0 0 0 0 1 0 0 0 0 0 0 0 0 0]
[0 0 0 1 0 0 0 0 1 0 0 0 0 0 1 0 0 0 0 0 0 0 0 0 0 0 0 0]
[0 0 0 0 0 0 1 1 0 0 0 0 1 0 0 0 0 0 0 0 0 0 0 0 0 0 0 0]
[0 0 0 0 1 0 0 0 0 0 0 0 0 1 0 0 0 0 0 0 0 0 0 0 0 1 0 0]
[0 0 0 0 0 0 0 0 0 0 0 1 0 0 0 0 1 1 0 0 0 0 0 0 0 0 0 1]
[0 0 0 0 0 0 0 0 0 0 1 0 0 0 0 1 0 1 0 0 0 0 0 0 0 0 0 1]
[0 0 0 0 0 1 0 0 0 1 0 0 0 0 0 1 1 0 0 0 0 0 0 0 0 0 0 1]
[0 0 0 0 1 0 0 0 0 0 1 0 0 1 1 0 1 0 0 0 0 0 0 0 0 0 0 0]
[0 0 0 0 0 0 0 0 0 1 0 0 1 0 1 0 0 1 0 0 0 0 0 0 0 0 0 0]
[0 0 0 0 0 0 0 0 0 0 0 1 1 1 0 1 0 0 0 0 0 0 0 0 0 0 0 0]
[0 0 0 1 0 1 1 1 1 0 0 0 0 0 0 0 0 0 0 0 0 0 0 0 0 0 0 0]
[0 0 0 0 0 0 0 0 0 1 1 1 0 0 0 1 1 0 0 0 0 0 0 0 0 0 0 0]
[0 0 0 0 0 0 0 0 0 0 0 0 1 1 1 0 0 0 0 0 0 0 0 0 1 1 0 0]
[0 0 0 0 0 0 0 0 0 0 0 0 0 0 0 0 0 0 0 0 0 1 1 1 1 1 0 0]
[2026-03-06 10:50:30] INFO: op ←←←←←, 15036
[2026-03-06 10:50:30] INFO: op →←←←←, 11528
[2026-03-06 10:50:30] INFO: op →→←←←, 11712
[2026-03-06 10:50:31] INFO: op →→→←←, 11712
[2026-03-06 10:50:31] INFO: op →→→→←, 11528
[2026-03-06 10:50:31] INFO: op ←→←←←, 9338
[2026-03-06 10:50:32] INFO: op ←←→←←, 9087
[2026-03-06 10:50:32] INFO: op ←→→←←, 8924
[2026-03-06 10:50:32] INFO: op ←←←→←, 9093
[2026-03-06 10:50:32] INFO: op ←←→→←, 9053
[2026-03-06 10:50:33] INFO: op ←→→→←, 9415
[2026-03-06 10:50:33] INFO: op →←→←←, 7040
[2026-03-06 10:50:33] INFO: op →←←→←, 6879
[2026-03-06 10:50:33] INFO: op →→←→←, 7040
[2026-03-06 10:50:34] INFO: op →←→→←, 6879
[2026-03-06 10:50:34] INFO: op ←→←→←, 5491
[2026-03-06 10:50:34] INFO: [END]
