[2026-03-06 10:50:48] INFO: Logger initialized at log/log300760.log
[2026-03-06 10:50:48] INFO: Test 249th graph in data/list_1775_graphs.g6: [KU_?????C?G?G?CIw\PxBl?r`@ec?ZoBAF@oQqE@YCWBo_K`?SBGO``aO`PaOPB
[2026-03-06 10:50:48] INFO: meta data: 
minimum degree >= 6
independent number >= 2
connected
Not regular
[2026-03-06 10:50:48] INFO: Orientation of [KU_?????C?G?G?CIw\PxBl?r`@ec?ZoBAF@oQqE@YCWBo_K`?SBGO``aO`PaOPB with min semidegree 3:
[0 0 0 0 0 0 0 0 0 0 0 0 0 0 0 0 0 0 0 0 1 1 1 0 0 0 0 0]
[0 0 0 0 0 0 0 0 0 0 0 0 0 0 0 0 0 0 0 0 1 1 1 0 0 0 0 0]
[0 1 0 0 0 0 0 0 0 0 0 0 0 0 0 0 0 1 1 0 0 0 0 0 0 0 0 0]
[1 0 0 0 0 0 0 0 0 0 0 0 0 0 0 0 0 0 0 0 0 0 0 0 1 0 0 1]
[0 1 0 1 0 0 0 0 0 0 0 0 0 0 0 0 1 0 0 0 0 0 0 0 0 0 0 0]
[1 0 1 0 0 0 0 0 0 0 0 0 0 0 0 0 0 0 0 1 0 0 0 0 0 0 0 0]
[0 0 0 0 0 0 0 0 0 0 0 0 0 0 1 0 1 1 0 0 0 0 0 0 0 0 0 0]
[0 0 0 0 0 0 0 0 0 0 0 0 0 0 1 0 0 1 0 0 0 0 0 0 0 0 0 1]
[0 0 0 0 0 0 0 0 0 0 0 0 0 0 0 1 1 0 0 0 0 0 0 0 0 1 0 0]
[0 0 0 0 0 0 0 0 0 0 0 0 0 0 0 1 0 0 0 0 0 0 0 1 0 0 1 0]
[0 0 0 0 0 0 1 0 0 0 0 0 0 0 0 0 0 0 0 0 0 0 0 1 0 0 0 1]
[0 0 0 0 0 0 0 1 0 0 0 0 0 0 0 1 0 0 0 0 1 0 0 0 0 0 0 0]
[0 0 0 0 0 0 0 0 1 0 0 0 0 0 0 0 0 0 1 0 0 0 0 0 0 0 1 0]
[0 0 0 0 0 0 0 0 0 1 0 0 0 0 0 0 0 0 0 0 1 0 0 0 0 1 0 0]
[0 1 0 1 0 1 0 0 0 0 0 0 1 1 0 0 0 0 0 0 0 0 0 0 0 0 0 0]
[1 0 1 0 1 0 0 0 0 0 1 0 0 0 1 0 0 0 0 0 0 0 0 0 0 0 0 0]
[0 0 0 0 0 1 0 0 0 1 0 1 0 0 0 0 0 0 0 0 0 0 0 0 0 0 0 0]
[0 0 0 1 0 0 0 0 1 0 0 0 0 1 0 0 0 0 0 0 0 0 0 0 0 0 0 0]
[0 0 0 1 0 0 1 1 0 1 0 0 0 0 0 0 0 0 0 0 0 0 0 0 0 0 0 0]
[0 0 0 0 1 0 0 1 1 1 1 0 0 0 0 0 0 0 0 0 0 0 0 0 0 0 0 0]
[0 0 0 0 0 0 1 0 0 0 0 0 1 0 0 0 0 0 0 1 0 0 0 0 0 0 0 0]
[0 0 0 0 0 0 0 1 0 0 1 0 1 1 0 0 1 0 0 0 0 0 0 0 0 0 0 0]
[0 0 0 0 0 0 0 0 1 0 1 1 0 1 0 0 0 0 1 0 0 0 0 0 0 0 0 0]
[1 1 0 0 0 0 0 0 0 0 0 1 1 0 0 0 0 1 0 0 0 0 0 0 0 0 0 0]
[0 0 1 0 0 0 1 0 0 0 0 1 0 0 0 0 0 0 0 1 0 1 0 0 0 0 0 0]
[0 0 0 0 1 1 0 0 0 0 0 0 0 0 0 0 0 0 1 0 0 0 0 1 1 0 0 0]
[0 0 0 0 1 1 0 0 0 0 0 0 0 0 0 0 0 1 0 0 0 0 1 0 1 0 0 0]
[0 0 1 0 0 0 0 0 0 0 0 0 0 0 0 0 1 0 0 0 1 0 0 0 0 1 1 0]
[2026-03-06 10:50:49] INFO: op ←←←←←, 15842
[2026-03-06 10:50:49] INFO: op →←←←←, 12558
[2026-03-06 10:50:50] INFO: op →→←←←, 12481
[2026-03-06 10:50:50] INFO: op →→→←←, 12481
[2026-03-06 10:50:51] INFO: op →→→→←, 12558
[2026-03-06 10:50:51] INFO: op ←→←←←, 10437
[2026-03-06 10:50:51] INFO: op ←←→←←, 10109
[2026-03-06 10:50:52] INFO: op ←→→←←, 9885
[2026-03-06 10:50:52] INFO: op ←←←→←, 10311
[2026-03-06 10:50:52] INFO: op ←←→→←, 9857
[2026-03-06 10:50:53] INFO: op ←→→→←, 10220
[2026-03-06 10:50:53] INFO: op →←→←←, 8290
[2026-03-06 10:50:53] INFO: op →←←→←, 7899
[2026-03-06 10:50:53] INFO: op →→←→←, 8290
[2026-03-06 10:50:54] INFO: op →←→→←, 7899
[2026-03-06 10:50:54] INFO: op ←→←→←, 6956
[2026-03-06 10:50:54] INFO: [END]
