[2026-03-06 10:51:35] INFO: Logger initialized at log/log302403.log
[2026-03-06 10:51:36] INFO: Test 295th graph in data/list_1775_graphs.g6: [`CPXX_cB?qCP?Q?OOCA?@B[GMoC]_A^?AoP?[G_HaG@EP?i?aMS_CVIGCTdGAHg
[2026-03-06 10:51:36] INFO: meta data: 
minimum degree >= 6
independent number >= 2
connected
Not regular
[2026-03-06 10:51:36] INFO: Orientation of [`CPXX_cB?qCP?Q?OOCA?@B[GMoC]_A^?AoP?[G_HaG@EP?i?aMS_CVIGCTdGAHg with min semidegree 3:
[0 0 0 0 0 0 0 0 0 1 0 0 0 0 0 0 0 0 0 0 0 0 0 0 1 0 0 1]
[1 0 0 0 0 0 0 0 0 0 0 0 0 0 0 0 0 0 0 0 0 0 0 0 0 1 1 0]
[0 0 0 0 0 0 1 0 0 0 0 0 0 0 0 0 0 0 0 0 0 0 0 0 1 0 0 1]
[0 0 1 0 0 0 0 0 0 0 0 0 0 0 0 0 0 0 0 0 0 0 0 0 0 1 1 0]
[0 0 0 1 0 0 0 0 0 0 0 0 0 0 0 0 0 1 0 0 0 0 0 0 1 0 0 0]
[0 0 0 1 0 0 0 0 0 0 0 0 0 0 0 0 1 0 0 0 0 0 0 0 0 0 0 1]
[0 0 0 0 1 1 0 0 0 0 0 0 0 0 0 0 0 0 1 0 0 0 0 0 0 0 0 0]
[0 0 1 0 1 1 0 0 0 0 0 0 0 0 0 0 0 0 0 0 0 0 0 0 0 0 0 0]
[0 1 1 0 0 0 0 0 0 0 0 0 0 0 0 0 0 0 0 0 1 0 0 0 0 0 0 0]
[0 0 0 1 0 0 0 0 0 0 0 0 0 0 0 0 0 0 0 0 1 1 0 0 0 0 0 0]
[0 1 1 0 0 0 0 0 0 1 0 0 0 0 0 0 0 0 0 0 0 0 0 0 0 0 0 0]
[1 0 0 1 0 0 0 0 1 0 0 0 0 0 0 0 0 0 0 0 0 0 0 0 0 0 0 0]
[0 1 0 0 0 1 0 0 0 0 0 0 0 0 0 0 0 0 1 0 0 0 0 0 0 0 0 0]
[0 1 0 0 1 0 0 0 0 0 0 0 0 0 0 0 0 0 0 1 0 0 0 0 0 0 0 0]
[1 0 0 0 0 0 1 0 0 0 0 0 0 0 0 0 0 0 0 0 0 0 0 0 0 0 1 0]
[1 0 0 0 0 0 0 1 0 0 0 0 0 0 0 0 0 0 0 0 0 0 0 0 0 1 0 0]
[0 0 0 0 0 0 0 0 0 0 1 1 0 1 1 1 0 0 0 0 0 0 0 0 0 0 0 0]
[0 0 0 0 0 0 0 0 0 0 1 1 1 0 1 1 0 0 0 0 0 0 0 0 0 0 0 0]
[0 0 0 0 0 0 0 0 0 0 1 1 0 1 0 1 0 0 0 0 0 0 0 0 0 0 0 0]
[0 0 0 0 0 0 0 1 0 0 1 1 1 0 1 0 0 0 0 0 0 0 0 0 0 0 0 0]
[0 0 0 0 0 0 1 0 0 0 0 0 0 0 0 1 0 0 0 1 0 0 0 0 0 0 0 0]
[0 0 0 0 0 0 0 1 1 0 0 0 0 0 1 0 0 0 1 0 0 0 0 0 0 0 0 0]
[0 0 0 0 0 1 0 0 1 1 0 0 0 1 0 0 0 1 0 0 0 0 0 0 0 0 0 0]
[0 0 0 0 1 0 0 0 1 1 0 0 1 0 0 0 1 0 0 0 0 0 0 0 0 0 0 0]
[0 0 0 0 0 0 0 0 0 0 0 0 1 0 0 0 1 0 0 0 1 1 1 0 0 0 0 0]
[0 0 0 0 0 0 1 0 0 0 0 0 0 0 0 0 0 0 0 1 0 1 1 1 0 0 0 0]
[0 0 0 0 0 0 0 1 0 0 0 0 0 0 0 0 0 0 1 0 1 0 1 1 0 0 0 0]
[0 0 0 0 0 0 0 0 0 0 0 0 0 1 0 0 0 1 0 0 1 1 0 1 0 0 0 0]
[2026-03-06 10:51:36] INFO: op ←←←←←, 15100
[2026-03-06 10:51:36] INFO: op →←←←←, 11921
[2026-03-06 10:51:37] INFO: op →→←←←, 12035
[2026-03-06 10:51:37] INFO: op →→→←←, 12035
[2026-03-06 10:51:38] INFO: op →→→→←, 11921
[2026-03-06 10:51:38] INFO: op ←→←←←, 9852
[2026-03-06 10:51:38] INFO: op ←←→←←, 9755
[2026-03-06 10:51:39] INFO: op ←→→←←, 9737
[2026-03-06 10:51:39] INFO: op ←←←→←, 9681
[2026-03-06 10:51:39] INFO: op ←←→→←, 9725
[2026-03-06 10:51:40] INFO: op ←→→→←, 9557
[2026-03-06 10:51:40] INFO: op →←→←←, 7290
[2026-03-06 10:51:40] INFO: op →←←→←, 7657
[2026-03-06 10:51:40] INFO: op →→←→←, 7290
[2026-03-06 10:51:41] INFO: op →←→→←, 7657
[2026-03-06 10:51:41] INFO: op ←→←→←, 6132
[2026-03-06 10:51:41] INFO: [END]
