[2026-03-06 10:53:20] INFO: Logger initialized at log/log305623.log
[2026-03-06 10:53:21] INFO: Test 387th graph in data/list_1775_graphs.g6: Ss`PXXR]C@OG@F?f@CWaEHBLAKooEZ?Xc
[2026-03-06 10:53:21] INFO: meta data: 
minimum degree >= 6
independent number >= 2
connected
Not regular
[2026-03-06 10:53:21] INFO: Orientation of Ss`PXXR]C@OG@F?f@CWaEHBLAKooEZ?Xc with min semidegree 3:
[0 0 0 1 1 0 0 0 0 0 1 0 0 0 0 0 0 0 0 0]
[1 0 0 0 0 0 0 0 0 0 0 0 0 0 0 0 0 1 0 1]
[1 0 0 0 0 0 0 0 0 0 0 0 0 0 0 0 1 0 0 1]
[0 0 0 0 0 0 0 0 1 0 0 0 0 0 0 1 0 0 1 0]
[0 0 0 0 0 0 0 0 0 1 0 0 0 0 1 0 0 0 1 0]
[0 1 0 1 0 0 0 0 0 0 0 0 0 0 0 0 1 0 0 0]
[0 0 1 0 1 1 0 0 0 0 0 0 0 0 0 0 0 0 0 0]
[0 0 1 0 1 1 0 0 0 0 0 0 0 0 0 0 0 0 0 0]
[0 1 0 0 0 0 1 1 0 0 0 0 0 0 0 0 0 0 0 0]
[0 1 1 1 0 0 0 0 0 0 0 0 0 0 0 0 0 0 0 0]
[0 0 0 0 0 0 0 0 1 0 0 0 0 0 0 0 1 1 0 0]
[1 0 0 0 0 0 0 1 0 0 0 0 0 0 0 0 0 0 0 1]
[0 0 0 0 0 1 0 0 0 1 1 1 0 0 0 0 0 0 0 0]
[0 0 0 0 0 0 1 0 0 1 1 1 0 0 0 0 0 0 0 0]
[0 0 0 0 0 0 0 0 1 0 0 0 1 1 0 0 0 0 0 0]
[0 0 0 0 0 0 0 1 0 0 0 0 1 1 0 0 0 0 0 0]
[0 0 0 0 0 0 0 0 0 0 0 1 0 0 1 1 0 0 0 0]
[0 0 0 0 0 0 1 0 0 0 0 1 0 0 1 1 0 0 0 0]
[0 0 0 0 0 0 0 0 0 0 0 0 1 1 0 0 1 1 0 0]
[0 0 0 0 0 0 0 0 0 0 1 0 0 0 1 1 0 0 1 0]
[2026-03-06 10:53:21] INFO: op ←←←←←, 5623
[2026-03-06 10:53:21] INFO: op →←←←←, 4155
[2026-03-06 10:53:21] INFO: op →→←←←, 4163
[2026-03-06 10:53:21] INFO: op →→→←←, 4163
[2026-03-06 10:53:21] INFO: op →→→→←, 4155
[2026-03-06 10:53:21] INFO: op ←→←←←, 3068
[2026-03-06 10:53:21] INFO: op ←←→←←, 2971
[2026-03-06 10:53:22] INFO: op ←→→←←, 2801
[2026-03-06 10:53:22] INFO: op ←←←→←, 3068
[2026-03-06 10:53:22] INFO: op ←←→→←, 2813
[2026-03-06 10:53:22] INFO: op ←→→→←, 3075
[2026-03-06 10:53:22] INFO: op →←→←←, 2074
[2026-03-06 10:53:22] INFO: op →←←→←, 1979
[2026-03-06 10:53:22] INFO: op →→←→←, 2074
[2026-03-06 10:53:22] INFO: op →←→→←, 1979
[2026-03-06 10:53:22] INFO: op ←→←→←, 1549
[2026-03-06 10:53:22] INFO: [END]
