[2026-03-06 10:51:17] INFO: Logger initialized at log/log301810.log
[2026-03-06 10:51:17] INFO: Test 279th graph in data/list_1775_graphs.g6: [_?JloOGL?I@Q?`?pAAH?HHgWXODT?AicOIoG@[?gs?dCgCPS?kag?[GG@pkC?Y[
[2026-03-06 10:51:17] INFO: meta data: 
minimum degree >= 6
independent number >= 2
connected
Not regular
[2026-03-06 10:51:17] INFO: Orientation of [_?JloOGL?I@Q?`?pAAH?HHgWXODT?AicOIoG@[?gs?dCgCPS?kag?[GG@pkC?Y[ with min semidegree 3:
[0 0 0 0 0 0 0 1 0 0 0 0 0 0 0 0 0 0 0 0 0 0 0 0 0 1 0 1]
[1 0 0 0 0 0 0 0 0 0 0 0 0 0 0 0 0 0 0 0 0 0 0 0 1 0 1 0]
[0 0 0 0 0 0 1 0 0 0 0 0 0 0 0 0 1 0 0 0 0 1 0 1 0 0 0 0]
[0 0 0 0 0 0 0 0 0 0 0 0 0 0 0 0 0 1 0 0 1 0 1 0 0 0 0 0]
[0 0 0 0 0 0 0 1 0 0 0 0 0 0 0 0 0 1 0 0 0 0 0 0 0 1 0 0]
[0 0 0 0 1 0 0 0 0 0 0 0 0 0 0 0 1 0 0 0 0 0 0 0 1 0 0 0]
[0 1 0 1 0 1 0 0 0 0 0 0 0 0 0 0 0 0 0 0 0 0 0 0 0 0 0 1]
[0 0 1 1 0 0 0 0 0 0 0 0 0 0 0 0 0 0 0 0 0 0 0 0 0 0 1 0]
[0 0 0 1 0 0 0 0 0 0 0 0 0 0 0 0 1 0 1 0 0 0 0 0 0 0 0 0]
[0 0 1 0 0 0 0 0 1 0 0 0 0 0 0 0 0 0 0 1 0 0 0 0 0 0 0 0]
[1 0 1 0 0 0 0 0 0 0 0 0 0 0 0 0 0 1 0 0 0 0 0 0 0 0 0 0]
[0 1 0 1 0 0 0 0 0 0 1 0 0 0 0 0 0 0 0 0 0 0 0 0 0 0 0 0]
[0 1 0 0 1 0 0 0 0 0 0 0 0 0 0 0 1 0 0 0 0 0 0 0 0 0 0 0]
[1 0 0 0 0 1 0 0 0 0 0 0 1 0 0 0 0 0 0 0 0 0 0 0 0 0 0 0]
[1 0 0 0 1 0 0 0 0 1 0 0 0 0 0 0 0 0 0 0 0 0 0 0 0 0 0 0]
[0 1 0 0 0 1 0 0 1 0 0 0 0 0 0 0 0 0 0 0 0 0 0 0 0 0 0 0]
[0 0 0 0 0 0 0 0 0 0 0 1 0 0 1 0 0 0 0 0 0 0 0 0 0 0 1 0]
[0 0 0 0 0 0 0 0 0 1 0 0 0 1 0 1 0 0 0 0 0 0 0 0 0 0 0 1]
[0 0 0 0 0 0 1 0 0 0 1 0 1 0 1 0 0 0 0 0 0 0 0 0 0 0 0 0]
[0 0 0 0 0 0 0 1 0 0 0 1 0 1 0 1 0 0 1 0 0 0 0 0 0 0 0 0]
[0 0 0 0 0 0 0 0 0 0 1 0 1 0 1 1 0 0 0 0 0 0 0 0 0 0 0 0]
[0 0 0 0 0 0 0 0 0 0 0 1 0 1 1 1 0 0 0 0 0 0 0 0 0 0 0 0]
[0 0 0 0 0 1 0 0 0 1 1 0 1 0 0 0 0 0 0 0 0 1 0 0 0 0 0 0]
[0 0 0 0 1 0 0 0 1 0 0 1 0 1 0 0 0 0 0 0 1 0 0 0 0 0 0 0]
[0 0 0 0 0 0 0 1 0 1 0 0 0 0 0 0 0 0 1 0 1 1 0 0 0 0 0 0]
[0 0 0 0 0 0 1 0 1 0 0 0 0 0 0 0 0 0 0 1 1 1 0 0 0 0 0 0]
[0 0 0 0 0 0 0 0 0 0 0 0 0 0 0 0 0 1 1 0 0 0 1 1 0 1 0 0]
[0 0 0 0 0 0 0 0 0 0 0 0 0 0 0 0 1 0 0 1 0 0 1 1 1 0 0 0]
[2026-03-06 10:51:18] INFO: op ←←←←←, 15455
[2026-03-06 10:51:18] INFO: op →←←←←, 12042
[2026-03-06 10:51:19] INFO: op →→←←←, 12095
[2026-03-06 10:51:19] INFO: op →→→←←, 12095
[2026-03-06 10:51:19] INFO: op →→→→←, 12042
[2026-03-06 10:51:20] INFO: op ←→←←←, 9719
[2026-03-06 10:51:20] INFO: op ←←→←←, 9725
[2026-03-06 10:51:20] INFO: op ←→→←←, 9677
[2026-03-06 10:51:21] INFO: op ←←←→←, 9568
[2026-03-06 10:51:21] INFO: op ←←→→←, 9852
[2026-03-06 10:51:21] INFO: op ←→→→←, 9729
[2026-03-06 10:51:22] INFO: op →←→←←, 7449
[2026-03-06 10:51:22] INFO: op →←←→←, 7461
[2026-03-06 10:51:22] INFO: op →→←→←, 7449
[2026-03-06 10:51:22] INFO: op →←→→←, 7461
[2026-03-06 10:51:23] INFO: op ←→←→←, 5970
[2026-03-06 10:51:23] INFO: [END]
