[2026-03-06 10:53:06] INFO: Logger initialized at log/log305238.log
[2026-03-06 10:53:06] INFO: Test 376th graph in data/list_1775_graphs.g6: [s_??OMD?cACDoGOG`iCiOG?dGXE`OoAOgYGSGOB?KAO?x?`p?[BACf@QCbbBoAG
[2026-03-06 10:53:06] INFO: meta data: 
minimum degree >= 6
independent number >= 2
connected
Not regular
[2026-03-06 10:53:06] INFO: Orientation of [s_??OMD?cACDoGOG`iCiOG?dGXE`OoAOgYGSGOB?KAO?x?`p?[BACf@QCbbBoAG with min semidegree 3:
[0 0 1 0 1 0 0 0 0 0 0 0 0 0 0 0 0 0 0 0 0 0 0 0 1 0 0 0]
[1 0 0 0 0 0 0 0 0 0 0 0 0 0 0 0 0 0 0 0 0 0 1 0 0 0 0 1]
[0 0 0 0 0 0 0 0 0 0 0 0 0 0 0 0 0 1 1 0 0 0 0 0 0 0 0 1]
[1 0 0 0 0 0 0 0 0 0 0 0 0 0 0 0 0 0 0 1 0 1 0 0 0 0 0 0]
[0 0 0 0 0 0 0 0 0 0 0 0 0 0 0 0 0 0 0 0 1 0 0 0 0 1 1 0]
[0 0 0 0 0 0 0 0 0 0 0 0 0 0 0 0 0 1 0 0 0 0 0 0 1 1 0 0]
[0 0 0 0 0 0 0 0 0 0 0 0 0 0 0 0 0 0 1 0 0 0 0 0 1 0 1 0]
[0 0 0 0 1 0 0 0 0 0 0 0 0 0 0 0 0 1 0 0 0 0 0 0 0 0 0 1]
[0 0 0 0 1 1 1 0 0 0 0 0 0 0 0 0 0 0 0 0 0 0 0 0 0 0 0 0]
[0 0 0 1 0 1 0 0 0 0 0 0 0 0 0 0 0 0 0 0 1 0 0 0 0 0 1 0]
[0 0 0 1 0 0 1 0 0 0 0 0 0 0 0 0 0 0 0 0 0 0 0 0 0 1 0 0]
[0 0 0 1 0 0 0 0 1 0 0 0 0 0 1 0 0 0 0 0 0 0 0 0 0 0 0 0]
[0 0 0 1 0 1 1 1 0 0 0 0 0 0 0 0 0 0 0 0 0 0 0 0 0 0 0 0]
[0 0 1 0 0 0 0 1 0 0 0 0 0 0 0 1 0 0 0 0 0 0 0 0 0 0 0 0]
[0 1 0 0 0 1 0 0 0 0 1 0 0 1 0 0 0 0 0 0 0 0 0 0 0 0 0 0]
[0 1 0 0 0 0 1 0 0 1 0 1 0 0 0 0 0 0 0 0 0 0 0 0 0 0 0 0]
[0 1 0 0 0 0 0 0 1 0 0 0 0 0 0 0 0 0 1 0 0 0 0 0 0 0 0 0]
[0 0 0 0 0 0 0 0 0 0 1 0 0 0 0 1 1 0 0 0 0 0 0 0 0 0 0 0]
[0 0 0 0 0 0 0 1 0 1 0 0 0 0 1 0 0 0 0 0 0 0 0 0 0 0 0 0]
[0 0 0 0 1 0 0 0 0 0 0 0 0 1 0 0 1 0 0 0 0 0 0 0 0 0 0 0]
[0 0 1 0 0 0 0 0 0 0 1 0 1 0 0 0 1 0 0 0 0 0 0 0 0 0 0 0]
[0 1 0 0 0 0 0 0 1 0 0 0 0 1 0 0 0 0 0 0 0 0 0 0 0 0 0 0]
[0 0 1 0 0 0 0 0 0 0 0 1 1 0 0 0 0 0 0 1 0 0 0 0 0 0 0 0]
[1 0 0 0 0 0 0 0 0 0 0 1 1 1 0 0 1 0 0 0 0 0 0 0 0 0 0 0]
[0 0 0 0 0 0 0 1 0 0 0 1 0 0 0 0 0 0 0 1 1 1 0 0 0 0 0 0]
[0 0 0 0 0 0 0 0 0 0 0 0 0 0 0 1 0 0 1 0 0 1 1 1 0 0 0 0]
[0 0 0 0 0 0 0 0 0 0 0 0 0 0 1 0 0 1 0 0 0 1 1 1 0 0 0 0]
[0 0 0 0 0 0 0 0 1 1 1 0 0 0 0 0 0 0 0 1 0 0 0 1 0 0 0 0]
[2026-03-06 10:53:06] INFO: op ←←←←←, 12984
[2026-03-06 10:53:07] INFO: op →←←←←, 9862
[2026-03-06 10:53:07] INFO: op →→←←←, 9929
[2026-03-06 10:53:07] INFO: op →→→←←, 9929
[2026-03-06 10:53:08] INFO: op →→→→←, 9862
[2026-03-06 10:53:08] INFO: op ←→←←←, 7765
[2026-03-06 10:53:08] INFO: op ←←→←←, 7659
[2026-03-06 10:53:08] INFO: op ←→→←←, 7633
[2026-03-06 10:53:08] INFO: op ←←←→←, 7693
[2026-03-06 10:53:09] INFO: op ←←→→←, 7642
[2026-03-06 10:53:09] INFO: op ←→→→←, 7810
[2026-03-06 10:53:09] INFO: op →←→←←, 5885
[2026-03-06 10:53:09] INFO: op →←←→←, 5793
[2026-03-06 10:53:10] INFO: op →→←→←, 5885
[2026-03-06 10:53:10] INFO: op →←→→←, 5793
[2026-03-06 10:53:10] INFO: op ←→←→←, 4663
[2026-03-06 10:53:10] INFO: [END]
