[2026-03-06 10:56:06] INFO: Logger initialized at log/log310348.log
[2026-03-06 10:56:06] INFO: Test 522th graph in data/list_1775_graphs.g6: cs_?@lMR`kN?____OOCC?@@[CEoGM_GN@@AGCCCX@?b@@AKAAGgAAPGAAP@`@COgAAaE@@?PByA@CIQAAGKO_`CQaCCGaSW_aGScCCCQKH
[2026-03-06 10:56:06] INFO: meta data: 
minimum degree >= 6
independent number >= 2
connected
Not regular
[2026-03-06 10:56:06] INFO: Orientation of cs_?@lMR`kN?____OOCC?@@[CEoGM_GN@@AGCCCX@?b@@AKAAGgAAPGAAP@`@COgAAaE@@?PByA@CIQAAGKO_`CQaCCGaSW_aGScCCCQKH with min semidegree 4:
[0 1 1 0 0 0 0 0 0 0 0 0 0 1 1 0 0 0 0 0 0 0 0 0 0 0 0 0 0 0 0 0 0 0 0 0]
[0 0 0 0 0 0 0 0 0 1 0 0 0 0 0 0 0 0 0 0 0 0 0 0 0 0 0 0 0 1 1 1 0 0 0 0]
[0 0 0 0 0 0 0 0 0 0 0 0 0 0 0 0 0 0 0 0 0 0 1 0 0 0 0 1 0 0 0 0 1 0 0 1]
[1 0 0 0 0 0 0 0 0 0 0 0 0 0 0 0 0 0 0 0 0 0 0 0 0 0 1 0 0 0 0 0 0 1 1 0]
[1 0 0 0 0 0 0 0 1 0 0 0 0 0 0 0 0 0 0 0 0 0 0 1 0 0 0 0 1 0 0 0 0 0 0 0]
[0 0 0 0 0 0 0 0 1 0 0 0 0 0 0 0 1 1 1 0 0 0 0 0 0 0 0 0 0 0 0 0 0 0 0 0]
[0 0 0 0 0 0 0 1 1 1 1 0 0 0 0 0 0 0 0 0 0 0 0 0 0 0 0 0 0 0 0 0 0 0 0 0]
[0 0 1 1 0 1 0 0 0 0 0 0 0 0 0 0 0 0 0 0 0 0 0 0 0 0 0 0 0 1 0 0 0 0 0 0]
[0 1 0 0 0 0 0 0 0 0 0 0 0 0 0 0 0 0 0 0 0 0 0 0 0 0 0 1 0 0 0 0 1 0 0 1]
[0 0 0 0 1 1 0 0 0 0 0 0 0 0 0 0 0 0 0 0 0 0 0 0 0 0 0 0 0 0 0 0 0 1 1 0]
[0 0 1 1 0 1 0 0 0 0 0 0 0 0 0 0 0 0 0 0 0 0 0 0 1 0 0 0 0 0 0 0 0 0 0 0]
[0 1 1 1 1 0 0 0 0 0 0 0 0 0 0 0 0 0 0 0 0 0 0 0 0 0 0 0 0 0 0 0 0 0 0 0]
[1 0 0 0 0 0 1 0 0 0 0 0 0 0 0 0 0 0 1 1 0 0 0 0 0 0 0 0 0 0 0 0 0 0 0 0]
[0 0 0 0 0 0 1 0 0 0 0 0 0 0 0 0 0 0 0 0 0 0 0 0 0 0 0 0 0 0 0 1 1 0 1 0]
[0 0 0 0 0 0 1 0 0 0 0 0 0 0 0 0 0 0 0 0 0 0 0 0 0 0 0 0 0 0 1 0 0 1 0 1]
[1 0 0 0 0 0 1 0 0 0 0 0 0 0 0 0 0 0 1 0 0 0 0 0 0 0 0 0 0 1 0 0 0 0 0 0]
[0 0 0 0 0 0 0 0 0 0 0 1 0 1 1 1 0 0 0 0 0 0 0 0 0 0 0 0 0 0 0 0 0 0 0 0]
[0 0 0 0 0 0 0 0 0 0 0 1 1 0 1 1 0 0 0 0 0 0 0 0 0 0 0 0 0 0 0 0 0 0 0 0]
[0 0 0 0 0 0 0 0 0 0 0 1 0 1 0 0 0 0 0 0 0 0 0 0 0 0 0 0 0 0 0 0 0 1 0 1]
[0 0 0 0 0 1 0 0 0 0 0 1 0 1 1 0 0 0 0 0 0 0 0 0 0 0 0 0 0 1 0 0 0 0 0 0]
[0 1 0 0 0 0 0 1 0 0 0 0 1 0 0 0 1 0 0 0 0 0 0 0 0 0 0 0 0 0 0 0 0 0 0 0]
[0 0 0 1 0 0 0 0 0 1 0 0 0 0 0 1 0 0 0 1 1 0 0 0 0 0 0 0 0 0 0 0 0 0 0 0]
[0 0 0 0 0 0 0 0 1 0 0 0 0 0 0 1 0 0 0 1 1 0 0 0 0 0 0 0 0 0 0 0 0 0 0 0]
[0 0 0 0 0 0 0 0 0 0 1 0 0 0 0 1 0 0 0 1 1 0 0 0 0 0 0 0 0 0 0 0 0 0 0 0]
[0 0 0 0 1 0 0 0 0 0 0 0 0 0 1 0 0 0 1 0 1 0 0 0 0 0 0 0 0 0 0 0 0 0 0 0]
[0 0 0 0 1 0 0 0 0 0 1 0 0 1 0 0 0 1 0 0 1 0 0 0 0 0 0 0 0 0 0 0 0 0 0 0]
[0 0 0 0 0 0 0 0 0 1 0 0 1 0 0 0 1 0 0 0 0 0 1 1 0 0 0 0 0 0 0 0 0 0 0 0]
[0 0 0 0 0 0 0 0 0 0 0 0 1 0 0 0 1 0 0 0 0 1 0 1 0 0 0 0 0 0 0 0 0 0 0 0]
[0 0 0 0 0 0 0 0 0 0 1 0 1 0 0 0 1 0 0 0 0 1 1 0 0 0 0 0 0 0 0 0 0 0 0 0]
[0 0 0 0 0 0 0 0 0 0 0 0 0 0 0 0 0 0 0 0 0 0 0 0 1 1 1 1 1 0 0 0 0 0 0 0]
[0 0 0 0 0 0 0 1 0 0 0 0 0 0 0 0 0 0 1 0 0 0 0 1 0 1 0 0 1 0 0 0 0 0 0 0]
[0 0 0 0 0 0 0 1 0 0 0 0 0 0 0 0 0 1 0 0 0 0 0 1 1 0 0 0 1 0 0 0 0 0 0 0]
[0 0 0 0 0 0 0 0 0 0 0 0 0 0 0 0 0 1 0 0 0 1 0 0 1 0 1 0 0 0 1 0 0 0 0 0]
[0 0 0 0 0 0 0 0 0 0 0 0 0 0 0 0 0 0 0 0 0 0 1 0 0 1 0 1 0 0 0 1 1 0 0 0]
[0 0 0 0 0 0 0 0 0 0 0 0 0 0 0 0 0 1 0 0 0 0 1 0 1 0 0 1 0 0 1 0 0 0 0 0]
[0 0 0 0 0 0 0 0 0 0 0 0 0 0 0 0 0 0 0 0 0 1 0 0 0 1 1 0 0 0 0 1 0 0 1 0]
[2026-03-06 10:56:33] INFO: op ←←←←←←←, 720913
[2026-03-06 10:56:54] INFO: op →←←←←←←, 572649
[2026-03-06 10:57:16] INFO: op →→←←←←←, 576553
[2026-03-06 10:57:38] INFO: op →→→←←←←, 584198
[2026-03-06 10:58:00] INFO: op →→→→←←←, 584198
[2026-03-06 10:58:22] INFO: op →→→→→←←, 576553
[2026-03-06 10:58:44] INFO: op →→→→→→←, 572649
[2026-03-06 10:59:01] INFO: op ←→←←←←←, 455110
[2026-03-06 10:59:19] INFO: op ←←→←←←←, 461109
[2026-03-06 10:59:36] INFO: op ←→→←←←←, 453418
[2026-03-06 10:59:54] INFO: op ←←←→←←←, 467043
[2026-03-06 11:00:11] INFO: op ←←→→←←←, 455052
[2026-03-06 11:00:28] INFO: op ←→→→←←←, 460970
[2026-03-06 11:00:46] INFO: op ←←←←→←←, 461346
[2026-03-06 11:01:03] INFO: op ←←←→→←←, 454532
[2026-03-06 11:01:21] INFO: op ←←→→→←←, 457948
[2026-03-06 11:01:38] INFO: op ←→→→→←←, 462005
[2026-03-06 11:01:56] INFO: op ←←←←←→←, 455675
[2026-03-06 11:02:13] INFO: op ←←←←→→←, 452355
[2026-03-06 11:02:31] INFO: op ←←←→→→←, 460255
[2026-03-06 11:02:49] INFO: op ←←→→→→←, 461793
[2026-03-06 11:03:07] INFO: op ←→→→→→←, 456697
[2026-03-06 11:03:20] INFO: op →←→←←←←, 356144
[2026-03-06 11:03:34] INFO: op →←←→←←←, 361079
[2026-03-06 11:03:48] INFO: op →→←→←←←, 357990
[2026-03-06 11:04:01] INFO: op →←→→←←←, 357362
[2026-03-06 11:04:15] INFO: op →←←←→←←, 367692
[2026-03-06 11:04:29] INFO: op →→←←→←←, 357114
[2026-03-06 11:04:43] INFO: op →→→←→←←, 357990
[2026-03-06 11:04:56] INFO: op →←←→→←←, 349917
[2026-03-06 11:05:10] INFO: op →→←→→←←, 357114
[2026-03-06 11:05:24] INFO: op →←→→→←←, 365100
[2026-03-06 11:05:38] INFO: op →←←←←→←, 366142
[2026-03-06 11:05:52] INFO: op →→←←←→←, 365100
[2026-03-06 11:06:06] INFO: op →→→←←→←, 357362
[2026-03-06 11:06:19] INFO: op →→→→←→←, 356144
[2026-03-06 11:06:33] INFO: op →←←←→→←, 357348
[2026-03-06 11:06:47] INFO: op →→←←→→←, 349917
[2026-03-06 11:07:00] INFO: op →→→←→→←, 361079
[2026-03-06 11:07:14] INFO: op →←←→→→←, 357348
[2026-03-06 11:07:28] INFO: op →→←→→→←, 367692
[2026-03-06 11:07:42] INFO: op →←→→→→←, 366142
[2026-03-06 11:07:53] INFO: op ←→←→←←←, 277873
[2026-03-06 11:08:04] INFO: op ←→←←→←←, 283985
[2026-03-06 11:08:15] INFO: op ←←→←→←←, 277830
[2026-03-06 11:08:25] INFO: op ←→→←→←←, 274251
[2026-03-06 11:08:36] INFO: op ←→←→→←←, 273344
[2026-03-06 11:08:47] INFO: op ←→←←←→←, 290529
[2026-03-06 11:08:58] INFO: op ←←→←←→←, 283372
[2026-03-06 11:09:08] INFO: op ←→→←←→←, 274908
[2026-03-06 11:09:19] INFO: op ←←←→←→←, 278976
[2026-03-06 11:09:30] INFO: op ←←→→←→←, 273291
[2026-03-06 11:09:41] INFO: op ←→→→←→←, 282899
[2026-03-06 11:09:51] INFO: op ←→←←→→←, 275601
[2026-03-06 11:10:02] INFO: op ←←→←→→←, 275298
[2026-03-06 11:10:13] INFO: op ←→→←→→←, 278261
[2026-03-06 11:10:24] INFO: op ←→←→→→←, 284094
[2026-03-06 11:10:32] INFO: op →←→←→←←, 212104
[2026-03-06 11:10:40] INFO: op →←→←←→←, 217724
[2026-03-06 11:10:48] INFO: op →←←→←→←, 213846
[2026-03-06 11:10:56] INFO: op →→←→←→←, 212104
[2026-03-06 11:11:05] INFO: op →←→→←→←, 217724
[2026-03-06 11:11:13] INFO: op →←→←→→←, 213846
[2026-03-06 11:11:19] INFO: op ←→←→←→←, 162487
[2026-03-06 11:11:19] INFO: [END]
