[2026-03-06 10:54:41] INFO: Logger initialized at log/log308388.log
[2026-03-06 10:54:41] INFO: Test 466th graph in data/list_1775_graphs.g6: [@Q?hSA?WW`cWDcIR?BG@sOBa??@Ow?hW_ggCDDGSEb?g[QWI?PcD?aggGKKSCCd
[2026-03-06 10:54:41] INFO: meta data: 
minimum degree >= 6
independent number >= 2
connected
Not regular
[2026-03-06 10:54:41] INFO: Orientation of [@Q?hSA?WW`cWDcIR?BG@sOBa??@Ow?hW_ggCDDGSEb?g[QWI?PcD?aggGKKSCCd with min semidegree 3:
[0 0 0 0 0 0 0 0 0 0 0 0 0 0 0 0 1 0 0 0 0 0 0 0 0 1 0 1]
[0 0 0 0 0 0 0 0 0 0 0 0 0 0 0 0 0 1 0 0 0 0 0 0 1 0 1 0]
[0 0 0 0 0 0 0 1 0 0 0 0 0 0 0 0 0 0 0 0 1 0 0 0 1 0 0 0]
[0 0 1 0 0 0 0 0 0 0 0 0 0 0 0 0 0 0 0 0 0 1 0 0 0 1 0 0]
[0 1 0 0 0 0 0 0 0 0 0 0 0 0 0 0 0 0 0 0 0 0 1 0 0 0 0 1]
[1 0 0 0 0 0 0 0 0 0 0 0 0 0 0 0 0 0 0 0 0 0 0 1 0 0 1 0]
[0 0 0 1 0 1 0 0 0 0 0 0 0 0 0 0 0 0 0 0 0 0 1 0 0 0 0 1]
[0 0 0 0 1 0 1 0 0 0 0 0 0 0 0 0 0 0 0 0 0 0 0 1 0 0 0 0]
[0 0 0 0 0 0 1 0 0 0 0 0 0 0 0 0 0 0 1 0 1 0 0 0 0 0 0 0]
[0 0 0 0 0 0 0 1 1 0 0 0 0 0 0 0 0 0 0 1 0 0 0 0 0 0 0 0]
[0 0 0 0 1 1 0 0 0 1 0 0 0 0 0 0 0 0 0 0 0 0 0 0 0 0 0 0]
[0 0 0 0 1 1 0 0 1 0 0 0 0 0 0 0 0 0 0 0 0 0 0 0 0 0 0 0]
[0 1 1 0 0 0 0 0 0 1 0 1 0 0 0 0 0 0 0 0 0 0 0 0 0 0 0 0]
[1 0 0 1 0 0 0 0 1 0 1 0 0 0 0 0 0 0 0 0 0 0 0 0 0 0 0 0]
[1 0 0 1 1 0 0 0 0 0 0 0 0 0 0 0 0 0 0 0 0 0 0 0 0 0 0 0]
[0 1 1 0 0 1 0 0 0 0 0 0 0 0 1 0 0 0 0 0 0 0 0 0 0 0 0 0]
[0 1 0 1 0 0 0 1 0 0 0 0 0 0 0 0 0 0 0 0 0 0 0 0 0 0 0 0]
[1 0 1 0 0 0 1 0 0 0 0 0 0 0 0 0 0 0 0 0 0 0 0 0 0 0 0 0]
[0 0 0 0 0 0 0 0 0 0 1 0 0 0 0 1 1 1 0 0 0 0 0 0 0 0 0 0]
[0 0 0 0 0 0 0 0 0 0 0 1 0 0 1 0 1 1 0 0 0 0 0 0 0 0 0 0]
[0 0 0 0 0 0 0 0 0 0 1 0 0 0 1 0 1 0 0 0 0 0 0 0 0 0 0 0]
[0 0 0 0 0 0 0 0 0 1 0 1 0 0 0 1 0 1 0 0 1 0 0 0 0 0 0 0]
[0 0 0 0 0 0 0 0 0 0 0 0 1 1 0 1 0 0 0 1 1 0 0 0 0 0 0 0]
[0 0 0 0 0 0 0 0 0 0 0 0 1 1 1 0 0 0 1 0 0 1 0 0 0 0 0 0]
[0 0 0 0 0 0 0 0 1 0 1 0 0 0 0 0 0 0 0 1 0 0 0 1 0 0 0 0]
[0 0 0 0 0 0 0 0 0 1 0 1 0 0 0 0 0 0 1 0 0 0 1 0 1 0 0 0]
[0 0 0 0 0 0 0 1 0 0 0 0 0 1 0 0 0 0 0 1 1 0 0 0 0 1 0 0]
[0 0 0 0 0 0 0 0 0 0 0 0 1 0 0 0 0 0 1 0 0 1 0 0 1 0 1 0]
[2026-03-06 10:54:42] INFO: op ←←←←←, 14728
[2026-03-06 10:54:42] INFO: op →←←←←, 11487
[2026-03-06 10:54:43] INFO: op →→←←←, 11567
[2026-03-06 10:54:43] INFO: op →→→←←, 11567
[2026-03-06 10:54:43] INFO: op →→→→←, 11487
[2026-03-06 10:54:44] INFO: op ←→←←←, 9164
[2026-03-06 10:54:44] INFO: op ←←→←←, 9129
[2026-03-06 10:54:44] INFO: op ←→→←←, 9257
[2026-03-06 10:54:45] INFO: op ←←←→←, 9050
[2026-03-06 10:54:45] INFO: op ←←→→←, 9402
[2026-03-06 10:54:45] INFO: op ←→→→←, 9176
[2026-03-06 10:54:45] INFO: op →←→←←, 6991
[2026-03-06 10:54:46] INFO: op →←←→←, 7037
[2026-03-06 10:54:46] INFO: op →→←→←, 6991
[2026-03-06 10:54:46] INFO: op →←→→←, 7037
[2026-03-06 10:54:46] INFO: op ←→←→←, 5547
[2026-03-06 10:54:46] INFO: [END]
