[2026-03-06 10:53:17] INFO: Logger initialized at log/log305487.log
[2026-03-06 10:53:17] INFO: Test 385th graph in data/list_1775_graphs.g6: S?Ko?????^`}B{B{]]Ff_{{BNoF_]F_]?
[2026-03-06 10:53:17] INFO: meta data: 
minimum degree >= 6
independent number >= 2
connected
Not regular
[2026-03-06 10:53:17] INFO: Orientation of S?Ko?????^`}B{B{]]Ff_{{BNoF_]F_]? with min semidegree 3:
[0 0 0 0 0 0 0 0 0 0 0 0 0 0 0 0 0 1 1 1]
[0 0 0 0 0 0 0 0 0 0 0 0 0 0 0 0 1 1 1 0]
[0 0 0 0 0 0 0 0 0 0 0 0 0 0 0 0 1 0 1 1]
[0 0 0 0 0 0 0 0 0 0 0 0 0 0 1 1 0 0 0 1]
[0 0 1 1 0 0 0 0 0 0 0 0 0 0 0 0 0 1 0 0]
[0 0 1 1 0 0 0 0 0 0 1 0 0 0 0 0 0 0 0 0]
[0 0 0 0 0 0 0 0 0 0 0 1 1 1 0 0 0 0 0 0]
[0 0 0 0 0 0 0 0 0 0 0 0 0 0 1 1 1 0 0 0]
[0 0 0 0 0 0 0 0 0 0 0 0 0 0 1 1 1 0 0 0]
[0 0 0 0 0 0 0 0 0 0 1 0 0 0 0 0 1 1 0 0]
[0 0 0 0 1 0 1 1 1 0 0 0 0 0 0 0 0 0 0 0]
[0 0 0 0 1 1 0 1 1 1 0 0 0 0 0 0 0 0 0 0]
[0 0 0 0 1 1 0 1 1 1 0 0 0 0 0 0 0 0 0 0]
[0 0 0 0 1 1 0 1 1 1 0 0 0 0 0 0 0 0 0 0]
[1 1 1 0 0 0 1 0 0 1 0 0 0 0 0 0 0 0 0 0]
[1 1 1 0 0 0 1 0 0 1 0 0 0 0 0 0 0 0 0 0]
[1 0 0 1 0 0 1 0 0 0 0 0 0 0 0 0 0 0 0 0]
[0 0 0 0 0 1 1 1 1 0 0 0 0 0 0 0 0 0 0 0]
[0 0 0 1 0 0 0 0 0 0 1 1 1 1 0 0 0 0 0 0]
[0 1 0 0 0 0 0 0 0 0 1 1 1 1 0 0 0 0 0 0]
[2026-03-06 10:53:18] INFO: op ←←←←←, 10905
[2026-03-06 10:53:18] INFO: op →←←←←, 9068
[2026-03-06 10:53:18] INFO: op →→←←←, 8838
[2026-03-06 10:53:19] INFO: op →→→←←, 8838
[2026-03-06 10:53:19] INFO: op →→→→←, 9068
[2026-03-06 10:53:19] INFO: op ←→←←←, 7791
[2026-03-06 10:53:19] INFO: op ←←→←←, 7241
[2026-03-06 10:53:20] INFO: op ←→→←←, 6757
[2026-03-06 10:53:20] INFO: op ←←←→←, 7550
[2026-03-06 10:53:20] INFO: op ←←→→←, 6721
[2026-03-06 10:53:20] INFO: op ←→→→←, 7583
[2026-03-06 10:53:20] INFO: op →←→←←, 5722
[2026-03-06 10:53:21] INFO: op →←←→←, 5594
[2026-03-06 10:53:21] INFO: op →→←→←, 5722
[2026-03-06 10:53:21] INFO: op →←→→←, 5594
[2026-03-06 10:53:21] INFO: op ←→←→←, 4998
[2026-03-06 10:53:21] INFO: [END]
