[2026-03-06 10:51:10] INFO: Logger initialized at log/log301494.log
[2026-03-06 10:51:10] INFO: Test 270th graph in data/list_1775_graphs.g6: [[SI@@PHcGPG?q`_?E?_?AqK?vPOFeGD_EcOOBK?aaAaw?AK?qK?N?pd@Cde??\W
[2026-03-06 10:51:10] INFO: meta data: 
minimum degree >= 6
independent number >= 2
connected
Not regular
[2026-03-06 10:51:10] INFO: Orientation of [[SI@@PHcGPG?q`_?E?_?AqK?vPOFeGD_EcOOBK?aaAaw?AK?qK?N?pd@Cde??\W with min semidegree 3:
[0 0 1 0 0 0 0 0 0 0 0 0 0 0 0 0 0 0 0 1 0 0 0 0 0 0 0 1]
[0 0 0 0 1 0 0 0 0 0 0 0 0 0 0 0 0 0 0 1 0 0 0 0 0 0 0 1]
[0 1 0 0 0 0 0 0 0 0 0 0 0 0 0 0 0 0 1 0 0 0 0 0 1 0 0 0]
[1 0 0 0 0 0 0 0 0 0 0 0 0 0 0 0 0 0 0 0 0 0 1 0 1 0 0 0]
[0 0 0 1 0 0 0 0 0 0 0 0 0 0 0 0 1 0 0 0 0 0 0 0 0 0 1 0]
[0 0 0 0 1 0 0 0 0 0 0 0 0 0 0 0 0 0 0 1 1 0 0 0 0 0 0 0]
[0 1 0 0 0 0 0 0 0 0 0 0 0 0 0 0 1 0 0 0 1 0 0 0 0 0 0 0]
[0 0 1 0 0 0 0 0 0 0 0 0 0 0 0 0 1 0 0 0 0 0 1 0 0 0 0 0]
[0 1 0 1 0 0 0 1 0 0 0 0 0 0 0 0 0 0 0 0 0 0 0 0 0 1 0 0]
[0 0 1 0 0 1 1 0 0 0 0 0 0 0 0 0 0 0 0 0 0 0 0 0 0 1 0 0]
[1 0 0 0 0 1 0 0 0 0 0 0 0 0 0 0 0 0 0 0 0 0 0 0 0 1 1 0]
[1 0 0 0 1 0 0 1 0 0 0 0 0 0 0 0 0 0 0 0 0 0 0 0 0 0 0 0]
[0 0 0 0 0 0 1 1 0 0 1 0 0 0 0 0 0 0 0 0 0 0 0 0 0 0 0 0]
[1 0 0 0 0 1 1 0 0 0 0 0 0 0 0 0 0 0 0 0 0 0 0 0 0 0 0 0]
[0 0 0 0 0 0 0 0 1 1 0 0 0 0 0 0 0 0 0 0 0 0 0 0 0 0 1 0]
[0 0 0 1 0 0 0 0 0 0 0 0 0 0 0 0 1 1 0 0 0 0 0 0 0 0 0 0]
[0 0 0 0 0 0 0 0 0 0 1 0 0 0 1 0 0 0 0 0 0 0 0 0 0 0 0 1]
[0 0 0 0 0 0 0 0 1 1 0 1 1 1 0 0 0 0 0 0 0 0 0 0 0 0 0 0]
[0 0 0 0 1 0 0 0 0 0 0 0 1 1 1 1 0 0 0 0 0 0 0 0 0 0 0 0]
[0 0 0 0 0 0 0 0 0 0 0 0 1 0 1 1 0 0 0 0 0 0 0 0 0 0 0 0]
[0 0 0 0 0 0 0 0 1 0 0 1 0 0 0 1 0 0 0 0 0 0 0 0 0 0 0 0]
[0 1 0 0 0 0 0 0 0 0 1 1 0 0 1 1 0 0 0 0 0 0 0 0 0 0 0 0]
[0 0 0 0 0 0 0 0 0 1 0 0 0 1 0 0 0 0 0 1 0 1 0 0 0 0 0 0]
[0 0 0 1 0 1 1 1 0 0 0 0 0 0 0 0 0 0 0 0 0 1 0 0 0 0 0 0]
[0 0 0 0 0 0 0 0 0 0 0 0 1 1 0 0 1 0 0 0 1 1 0 0 0 0 0 0]
[0 0 0 0 0 0 0 0 0 0 0 1 0 0 0 0 0 0 1 1 0 0 0 1 1 0 0 0]
[0 0 1 0 0 0 0 0 0 0 0 0 0 0 0 0 0 1 0 0 1 0 1 1 0 0 0 0]
[0 0 0 0 0 0 0 0 0 0 0 0 0 0 0 0 0 1 1 0 1 0 1 1 0 0 0 0]
[2026-03-06 10:51:10] INFO: op ←←←←←, 15012
[2026-03-06 10:51:11] INFO: op →←←←←, 11913
[2026-03-06 10:51:11] INFO: op →→←←←, 12002
[2026-03-06 10:51:12] INFO: op →→→←←, 12002
[2026-03-06 10:51:12] INFO: op →→→→←, 11913
[2026-03-06 10:51:12] INFO: op ←→←←←, 9850
[2026-03-06 10:51:13] INFO: op ←←→←←, 9880
[2026-03-06 10:51:13] INFO: op ←→→←←, 9561
[2026-03-06 10:51:13] INFO: op ←←←→←, 9759
[2026-03-06 10:51:13] INFO: op ←←→→←, 9699
[2026-03-06 10:51:14] INFO: op ←→→→←, 9952
[2026-03-06 10:51:14] INFO: op →←→←←, 7611
[2026-03-06 10:51:14] INFO: op →←←→←, 7672
[2026-03-06 10:51:15] INFO: op →→←→←, 7611
[2026-03-06 10:51:15] INFO: op →←→→←, 7672
[2026-03-06 10:51:15] INFO: op ←→←→←, 5976
[2026-03-06 10:51:15] INFO: [END]
