[2026-03-06 10:52:29] INFO: Logger initialized at log/log304081.log
[2026-03-06 10:52:29] INFO: Test 343th graph in data/list_1775_graphs.g6: [o??GORQA@CcS_GcChC@?_KITOCsO?AMSAGK?DkgO]wJ?mCTOQCHScgDPAgRw?b?
[2026-03-06 10:52:29] INFO: meta data: 
minimum degree >= 6
independent number >= 2
connected
Not regular
[2026-03-06 10:52:29] INFO: Orientation of [o??GORQA@CcS_GcChC@?_KITOCsO?AMSAGK?DkgO]wJ?mCTOQCHScgDPAgRw?b? with min semidegree 3:
[0 1 0 0 0 0 0 0 0 0 0 0 0 0 0 0 1 1 0 0 0 0 0 0 0 0 0 0]
[0 0 0 0 0 0 0 0 0 0 0 0 0 0 0 0 0 0 0 0 0 0 0 1 1 0 0 1]
[1 0 0 0 0 0 0 0 0 0 0 0 0 0 0 0 0 0 0 0 0 0 0 0 0 1 1 0]
[0 0 0 0 0 0 0 0 0 0 0 0 0 0 0 0 0 0 0 0 0 0 0 1 1 0 0 1]
[0 0 0 0 0 0 0 0 0 0 0 0 0 0 0 0 0 0 0 0 0 0 1 1 0 0 1 0]
[0 0 0 0 0 0 0 0 0 0 0 0 0 0 0 0 0 1 0 0 0 0 0 0 0 1 0 1]
[0 0 0 0 0 1 0 0 0 0 0 0 0 0 0 0 0 0 1 0 0 0 0 0 0 0 1 0]
[0 0 0 0 1 0 0 0 0 0 0 0 0 0 0 0 0 0 0 1 0 0 0 0 0 1 0 0]
[0 0 0 1 0 0 1 1 0 0 0 0 0 0 0 0 0 0 0 0 0 0 0 0 0 0 0 0]
[0 1 0 0 1 0 0 0 0 0 0 0 0 0 0 0 0 0 0 0 0 1 0 0 0 0 0 0]
[0 1 0 0 0 0 0 0 1 0 0 0 0 0 0 0 0 0 0 0 0 0 1 0 0 0 0 0]
[0 0 1 0 0 1 0 0 1 0 0 0 0 0 0 0 0 0 0 0 0 0 1 0 0 0 0 0]
[0 1 0 1 0 0 1 0 0 0 0 0 0 0 0 0 0 0 0 0 0 0 0 0 0 0 0 0]
[0 0 1 0 0 0 1 0 0 1 0 0 0 0 0 0 0 0 0 0 0 0 0 0 0 0 0 0]
[0 0 1 0 0 1 0 1 0 0 1 0 0 0 0 0 0 0 0 0 0 0 0 0 0 0 0 0]
[1 0 0 0 0 0 0 0 1 0 0 0 0 0 0 0 0 0 0 0 0 1 0 0 0 0 0 0]
[0 0 0 0 0 0 0 0 1 1 0 0 0 0 1 0 0 0 0 0 0 0 0 0 0 0 0 0]
[0 0 0 1 0 0 0 1 0 1 0 0 0 0 0 0 0 0 0 0 0 0 0 0 0 0 0 0]
[1 0 0 1 1 0 0 0 0 0 1 0 0 0 0 0 0 0 0 0 0 0 0 0 0 0 0 0]
[0 0 0 0 0 0 0 0 0 0 0 1 1 1 0 0 1 0 1 0 0 0 0 0 0 0 0 0]
[0 0 0 0 0 0 1 0 0 0 1 0 0 0 0 0 1 1 0 0 0 0 0 0 0 0 0 0]
[0 0 0 0 0 0 0 0 0 0 0 1 1 0 1 0 0 0 1 0 1 0 0 0 0 0 0 0]
[0 0 0 0 0 0 0 0 0 0 0 0 1 1 0 1 1 1 0 0 0 0 0 0 0 0 0 0]
[0 0 0 0 0 0 0 0 0 0 0 1 0 1 1 1 0 0 0 0 1 0 0 0 0 0 0 0]
[0 0 0 0 0 1 0 1 0 0 0 0 0 1 0 0 1 0 0 0 0 1 0 0 0 0 0 0]
[0 0 0 0 0 0 0 0 0 1 0 0 1 0 0 1 0 0 1 0 1 0 0 0 0 0 0 0]
[0 0 0 0 0 0 0 0 0 0 1 0 0 0 0 1 0 1 0 1 0 0 0 0 1 0 0 0]
[0 0 1 0 1 0 0 0 0 0 0 0 0 0 0 1 0 0 0 1 1 0 0 0 0 0 0 0]
[2026-03-06 10:52:29] INFO: op ←←←←←, 15643
[2026-03-06 10:52:30] INFO: op →←←←←, 12135
[2026-03-06 10:52:30] INFO: op →→←←←, 12007
[2026-03-06 10:52:30] INFO: op →→→←←, 12007
[2026-03-06 10:52:31] INFO: op →→→→←, 12135
[2026-03-06 10:52:31] INFO: op ←→←←←, 9848
[2026-03-06 10:52:31] INFO: op ←←→←←, 9443
[2026-03-06 10:52:32] INFO: op ←→→←←, 9446
[2026-03-06 10:52:32] INFO: op ←←←→←, 9692
[2026-03-06 10:52:32] INFO: op ←←→→←, 9451
[2026-03-06 10:52:33] INFO: op ←→→→←, 9539
[2026-03-06 10:52:33] INFO: op →←→←←, 7779
[2026-03-06 10:52:33] INFO: op →←←→←, 7534
[2026-03-06 10:52:33] INFO: op →→←→←, 7779
[2026-03-06 10:52:34] INFO: op →←→→←, 7534
[2026-03-06 10:52:34] INFO: op ←→←→←, 6883
[2026-03-06 10:52:34] INFO: [END]
