[2026-03-06 10:53:22] INFO: Logger initialized at log/log305728.log
[2026-03-06 10:53:22] INFO: Test 390th graph in data/list_1775_graphs.g6: T??????Bw^@{BwBw]B~_}{Fro^F~?F~?B~_?
[2026-03-06 10:53:22] INFO: meta data: 
minimum degree >= 6
independent number >= 2
connected
Not regular
[2026-03-06 10:53:22] INFO: Orientation of T??????Bw^@{BwBw]B~_}{Fro^F~?F~?B~_? with min semidegree 3:
[0 0 0 0 0 0 0 0 0 0 0 0 0 0 1 1 1 1 0 0 0]
[0 0 0 0 0 0 0 0 0 0 0 0 0 0 1 0 1 1 1 0 0]
[0 0 0 0 0 0 0 0 0 0 0 0 0 0 0 1 1 1 1 0 0]
[0 0 0 0 0 0 0 0 0 0 0 0 0 0 1 1 0 0 0 1 1]
[0 0 0 0 0 0 0 0 0 0 0 0 0 0 0 0 0 0 1 1 1]
[0 0 0 0 0 0 0 0 0 0 0 0 0 0 0 0 0 0 1 1 1]
[0 0 0 0 0 0 0 0 0 0 0 0 0 0 0 0 0 0 1 1 1]
[0 0 0 0 0 0 0 0 0 0 0 0 0 0 0 0 0 0 1 1 1]
[0 0 0 0 0 0 0 0 0 1 0 0 0 0 0 0 0 0 0 1 1]
[0 0 0 0 1 1 1 1 0 0 0 0 0 0 0 0 0 0 0 0 0]
[0 0 0 0 1 1 1 1 1 0 0 0 0 0 0 0 0 0 0 0 0]
[0 0 0 0 1 1 1 1 1 0 0 0 0 0 0 0 0 0 0 0 0]
[0 0 0 0 1 1 1 1 1 0 0 0 0 0 0 0 0 0 0 0 0]
[0 0 0 0 1 1 1 1 1 0 0 0 0 0 0 0 0 0 0 0 0]
[0 0 1 0 0 0 0 0 0 1 1 1 1 1 0 0 0 0 0 0 0]
[0 1 0 0 0 0 0 0 0 1 1 1 1 1 0 0 0 0 0 0 0]
[0 0 0 1 0 0 0 0 0 1 1 1 1 1 0 0 0 0 0 0 0]
[0 0 0 1 0 0 0 0 0 1 1 1 1 1 0 0 0 0 0 0 0]
[1 0 0 1 0 0 0 0 1 0 0 0 0 0 0 0 0 0 0 0 0]
[1 1 1 0 0 0 0 0 0 0 0 0 0 0 0 0 0 0 0 0 0]
[1 1 1 0 0 0 0 0 0 0 0 0 0 0 0 0 0 0 0 0 0]
[2026-03-06 10:53:23] INFO: op ←←←←←, 16784
[2026-03-06 10:53:24] INFO: op →←←←←, 15572
[2026-03-06 10:53:24] INFO: op →→←←←, 15256
[2026-03-06 10:53:24] INFO: op →→→←←, 15256
[2026-03-06 10:53:25] INFO: op →→→→←, 15572
[2026-03-06 10:53:25] INFO: op ←→←←←, 13146
[2026-03-06 10:53:26] INFO: op ←←→←←, 14090
[2026-03-06 10:53:26] INFO: op ←→→←←, 13046
[2026-03-06 10:53:27] INFO: op ←←←→←, 12942
[2026-03-06 10:53:27] INFO: op ←←→→←, 12996
[2026-03-06 10:53:28] INFO: op ←→→→←, 15234
[2026-03-06 10:53:28] INFO: op →←→←←, 11314
[2026-03-06 10:53:28] INFO: op →←←→←, 12086
[2026-03-06 10:53:29] INFO: op →→←→←, 11314
[2026-03-06 10:53:29] INFO: op →←→→←, 12086
[2026-03-06 10:53:29] INFO: op ←→←→←, 8330
[2026-03-06 10:53:29] INFO: [END]
