[2026-03-06 10:53:41] INFO: Logger initialized at log/log306393.log
[2026-03-06 10:53:41] INFO: Test 409th graph in data/list_1775_graphs.g6: Vo@aBAB_oE?WW?fBbe?x_M_@w???\w?\w?}KFN_C}?F?
[2026-03-06 10:53:41] INFO: meta data: 
minimum degree >= 6
independent number >= 2
connected
Not regular
[2026-03-06 10:53:41] INFO: Orientation of Vo@aBAB_oE?WW?fBbe?x_M_@w???\w?\w?}KFN_C}?F? with min semidegree 3:
[0 0 0 0 0 0 0 0 1 0 0 0 0 1 0 0 0 0 0 0 0 0 1]
[1 0 0 0 0 1 0 0 0 0 0 0 0 0 0 0 0 1 0 0 0 0 0]
[1 0 0 0 0 0 0 0 0 0 0 0 0 0 0 0 1 1 0 0 0 0 0]
[0 0 0 0 0 0 0 0 0 0 0 0 0 1 0 1 0 0 0 0 0 1 1]
[0 0 0 0 0 0 0 0 0 0 0 0 0 1 0 0 0 0 0 0 0 1 1]
[0 0 1 0 0 0 0 0 0 0 0 0 0 0 1 0 0 0 0 0 0 1 0]
[0 1 0 0 0 0 0 0 0 0 0 0 0 0 0 0 1 0 0 0 0 0 1]
[0 1 1 0 0 0 0 0 0 0 0 0 0 0 0 0 0 0 0 0 0 0 1]
[0 0 0 0 0 0 1 1 0 0 0 0 0 0 0 0 0 0 0 0 1 0 0]
[1 0 0 0 0 0 1 1 0 0 0 0 0 0 0 0 0 0 0 0 0 0 0]
[0 0 0 0 0 0 1 1 0 0 0 0 0 0 0 0 0 0 1 0 0 0 0]
[0 0 0 0 0 0 1 1 0 0 0 0 0 0 0 0 0 0 1 0 0 0 0]
[0 1 1 0 0 0 0 0 0 0 0 0 0 0 0 0 0 0 0 1 0 0 0]
[0 0 0 0 0 1 0 0 0 0 1 1 1 0 0 0 0 0 0 0 0 0 0]
[0 0 0 1 1 0 0 0 1 1 0 0 0 0 0 0 0 0 0 0 0 0 0]
[0 0 0 0 1 1 0 0 1 1 0 0 0 0 0 0 0 0 0 0 0 0 0]
[0 0 0 1 1 0 0 0 0 0 0 0 0 0 0 0 0 0 0 0 1 0 0]
[0 0 0 1 1 0 0 0 0 0 0 0 0 0 0 0 0 0 0 1 0 0 0]
[0 0 0 0 0 0 0 0 0 0 0 0 1 0 1 1 1 1 0 0 0 0 0]
[0 0 0 0 0 0 0 0 0 0 1 1 0 0 1 1 1 0 0 0 0 0 0]
[0 0 0 0 0 0 0 0 0 1 1 1 1 0 0 0 0 1 0 0 0 0 0]
[0 0 0 0 0 0 0 0 1 1 1 1 1 0 0 0 0 0 0 0 0 0 0]
[0 0 0 0 0 1 0 0 0 0 0 0 0 0 0 0 0 0 1 1 1 0 0]
[2026-03-06 10:53:42] INFO: op ←←←←←, 10660
[2026-03-06 10:53:42] INFO: op →←←←←, 8106
[2026-03-06 10:53:42] INFO: op →→←←←, 7806
[2026-03-06 10:53:42] INFO: op →→→←←, 7806
[2026-03-06 10:53:43] INFO: op →→→→←, 8106
[2026-03-06 10:53:43] INFO: op ←→←←←, 6205
[2026-03-06 10:53:43] INFO: op ←←→←←, 5836
[2026-03-06 10:53:43] INFO: op ←→→←←, 5712
[2026-03-06 10:53:43] INFO: op ←←←→←, 6173
[2026-03-06 10:53:44] INFO: op ←←→→←, 5674
[2026-03-06 10:53:44] INFO: op ←→→→←, 6337
[2026-03-06 10:53:44] INFO: op →←→←←, 4349
[2026-03-06 10:53:44] INFO: op →←←→←, 4379
[2026-03-06 10:53:44] INFO: op →→←→←, 4349
[2026-03-06 10:53:44] INFO: op →←→→←, 4379
[2026-03-06 10:53:44] INFO: op ←→←→←, 3729
[2026-03-06 10:53:44] INFO: [END]
