[2026-03-06 10:53:15] INFO: Logger initialized at log/log305448.log
[2026-03-06 10:53:16] INFO: Test 382th graph in data/list_1775_graphs.g6: [saCA?AG?`@A@OOK_Po`KAU?Do@AWB?@wE@YE?XaKo_l@OcXHACEc_oawgG`r@@O
[2026-03-06 10:53:16] INFO: meta data: 
minimum degree >= 6
independent number >= 2
connected
Not regular
[2026-03-06 10:53:16] INFO: Orientation of [saCA?AG?`@A@OOK_Po`KAU?Do@AWB?@wE@YE?XaKo_l@OcXHACEc_oawgG`r@@O with min semidegree 3:
[0 1 1 1 0 0 0 0 0 0 0 0 0 0 0 0 0 0 0 0 0 0 0 0 0 0 0 0]
[0 0 0 0 0 0 0 0 0 0 0 0 0 0 0 0 0 0 0 1 0 0 1 1 0 0 0 0]
[0 0 0 0 0 0 0 0 0 0 0 0 0 0 0 0 0 0 0 0 0 0 0 1 1 0 0 1]
[0 0 0 0 0 0 0 0 0 0 0 0 0 0 0 0 0 0 0 0 0 1 0 0 0 1 1 0]
[1 0 0 0 0 0 0 0 0 0 0 0 0 0 0 0 0 0 0 0 0 0 0 1 0 1 0 0]
[1 0 0 0 0 0 0 0 0 0 0 0 0 0 0 0 0 0 0 0 1 0 1 0 0 0 0 0]
[1 0 0 0 0 0 0 0 0 0 0 0 0 0 0 0 0 0 0 0 0 0 0 0 0 1 1 0]
[0 1 0 0 0 0 0 0 0 0 0 0 0 0 0 0 0 0 0 0 0 0 0 0 0 0 1 1]
[0 0 0 0 0 0 1 0 0 0 0 0 0 0 0 0 0 0 0 0 0 0 0 0 1 0 0 1]
[0 0 1 0 0 0 0 0 0 0 0 0 0 0 0 0 1 1 0 0 0 0 0 0 0 0 0 0]
[0 0 0 1 0 0 0 0 1 0 0 0 0 0 0 0 0 0 1 0 0 0 0 0 0 0 0 0]
[0 0 0 0 1 0 0 0 0 1 0 0 0 0 0 0 0 0 0 0 0 0 0 0 0 0 1 0]
[0 0 0 0 0 1 0 1 0 0 0 0 0 0 0 0 0 0 0 0 0 0 0 1 0 0 0 0]
[0 1 0 0 0 0 0 0 1 1 0 0 1 0 0 0 0 0 0 0 0 0 0 0 0 0 0 0]
[0 0 0 0 0 0 1 0 0 0 1 1 1 0 0 0 0 0 0 0 0 0 0 0 0 0 0 0]
[0 0 0 1 0 0 0 0 1 0 0 1 1 0 0 0 0 0 0 0 0 0 0 0 0 0 0 0]
[0 0 0 0 1 0 0 1 0 0 1 0 0 0 0 0 0 0 0 0 0 0 0 0 0 0 0 0]
[0 0 0 0 0 1 0 1 1 0 0 0 0 0 0 0 0 0 0 0 0 0 0 0 0 0 0 0]
[0 0 1 0 0 0 0 1 0 0 0 1 0 0 0 0 0 0 0 0 0 0 0 0 0 0 0 0]
[0 0 1 0 0 0 0 0 0 0 0 0 0 0 1 1 1 1 0 0 0 0 0 0 0 0 0 0]
[0 0 0 0 0 0 1 0 0 0 0 0 0 1 0 1 1 0 1 0 0 0 0 0 0 0 0 0]
[0 0 0 0 1 0 0 0 0 0 0 0 0 1 1 0 0 1 1 0 0 0 0 0 0 0 0 0]
[0 0 0 0 0 0 1 0 0 1 1 0 0 0 0 1 0 0 0 0 0 1 0 0 0 0 0 0]
[0 0 0 0 0 0 0 0 0 0 1 0 0 0 0 0 0 1 0 0 1 0 0 0 0 0 0 0]
[0 1 0 0 0 1 0 0 0 0 0 1 0 0 0 0 1 0 0 0 0 1 0 0 0 0 0 0]
[0 0 0 0 0 0 0 0 0 1 0 0 1 0 0 0 0 0 1 1 0 0 0 0 1 0 0 0]
[0 0 0 0 0 1 0 0 0 0 0 0 0 1 0 0 0 0 0 1 0 0 0 1 0 0 0 0]
[0 0 0 1 1 0 0 0 0 0 0 0 0 0 1 0 0 0 0 0 1 0 1 0 0 0 0 0]
[2026-03-06 10:53:16] INFO: op ←←←←←, 14202
[2026-03-06 10:53:16] INFO: op →←←←←, 11004
[2026-03-06 10:53:17] INFO: op →→←←←, 11024
[2026-03-06 10:53:17] INFO: op →→→←←, 11024
[2026-03-06 10:53:17] INFO: op →→→→←, 11004
[2026-03-06 10:53:18] INFO: op ←→←←←, 8686
[2026-03-06 10:53:18] INFO: op ←←→←←, 8566
[2026-03-06 10:53:18] INFO: op ←→→←←, 8727
[2026-03-06 10:53:19] INFO: op ←←←→←, 8600
[2026-03-06 10:53:19] INFO: op ←←→→←, 8733
[2026-03-06 10:53:19] INFO: op ←→→→←, 8661
[2026-03-06 10:53:19] INFO: op →←→←←, 6566
[2026-03-06 10:53:20] INFO: op →←←→←, 6660
[2026-03-06 10:53:20] INFO: op →→←→←, 6566
[2026-03-06 10:53:20] INFO: op →←→→←, 6660
[2026-03-06 10:53:20] INFO: op ←→←→←, 5429
[2026-03-06 10:53:20] INFO: [END]
