[2026-03-06 10:50:35] INFO: Logger initialized at log/log300305.log
[2026-03-06 10:50:35] INFO: Test 236th graph in data/list_1775_graphs.g6: [I?giEHIcoECo_PAX?CGGk?A@O?OMWAbp?oW?`XGG[JAEK@DG`OAOeDCPCSXAOck
[2026-03-06 10:50:35] INFO: meta data: 
minimum degree >= 6
independent number >= 2
connected
Not regular
[2026-03-06 10:50:35] INFO: Orientation of [I?giEHIcoECo_PAX?CGGk?A@O?OMWAbp?oW?`XGG[JAEK@DG`OAOeDCPCSXAOck with min semidegree 3:
[0 0 0 0 0 0 0 0 0 0 1 0 0 0 0 0 1 1 0 0 0 0 0 0 0 0 0 0]
[0 0 0 0 0 0 0 1 0 0 0 0 0 0 1 0 0 0 0 0 1 0 0 0 0 0 0 0]
[0 1 0 0 0 0 0 0 0 0 0 0 0 0 0 0 0 0 0 0 0 0 0 0 0 0 1 1]
[0 1 0 0 0 0 0 0 0 0 0 0 0 0 0 0 0 0 0 0 0 0 0 1 1 0 0 0]
[0 0 0 0 0 1 0 0 0 0 0 0 0 0 0 0 0 0 1 0 0 0 0 0 0 1 0 0]
[0 0 1 0 0 0 0 0 0 0 0 0 0 0 0 0 0 0 0 0 0 0 1 0 1 0 0 0]
[0 0 0 1 0 1 0 0 0 0 0 0 0 0 0 0 0 0 0 0 0 1 0 0 0 0 0 0]
[0 0 0 0 0 0 1 0 0 0 0 0 0 0 0 0 0 0 0 1 0 0 0 0 0 0 0 1]
[1 0 0 0 1 0 0 1 0 0 0 0 0 0 0 0 0 0 0 0 0 0 0 0 0 0 0 0]
[0 0 1 0 1 0 1 0 0 0 0 0 0 0 0 0 0 0 0 0 0 0 0 0 0 0 0 0]
[0 0 0 1 1 0 0 0 0 0 0 0 0 0 0 0 0 0 0 0 0 0 0 0 0 0 1 0]
[0 0 1 1 0 0 0 0 1 0 0 0 0 0 0 0 0 0 0 0 0 0 0 0 0 0 0 0]
[1 1 0 0 0 0 1 0 0 0 0 0 0 0 0 0 0 0 0 0 0 0 0 0 0 0 0 0]
[0 1 0 0 0 1 0 0 0 0 1 0 0 0 0 0 0 0 0 0 0 0 0 0 0 0 0 0]
[1 0 0 0 1 0 0 0 0 0 0 0 0 0 0 0 0 0 0 0 0 0 0 0 0 0 1 0]
[1 0 0 0 0 1 0 0 0 0 0 1 0 0 0 0 0 0 0 0 0 0 0 0 0 0 0 1]
[0 0 1 1 0 0 0 0 0 0 0 0 0 0 0 0 0 0 0 0 0 0 0 0 0 1 0 0]
[0 0 0 0 0 0 0 1 0 1 0 0 0 0 0 0 0 0 0 0 0 0 1 0 0 0 0 0]
[0 0 0 0 0 0 0 0 0 0 0 1 1 1 0 0 1 1 0 0 0 0 0 0 0 0 0 0]
[0 0 0 0 0 0 0 0 0 1 0 0 0 1 1 1 1 0 0 0 0 0 0 0 0 0 0 0]
[0 0 0 0 0 0 0 0 1 1 0 0 0 0 0 1 1 0 0 0 0 0 0 0 0 0 0 0]
[0 0 0 0 0 0 0 0 0 0 0 1 0 1 1 0 0 1 0 0 1 0 0 0 0 0 0 0]
[0 0 0 0 0 0 0 0 0 0 1 1 1 0 0 0 0 0 0 1 1 0 0 0 0 0 0 0]
[0 0 0 0 0 0 0 0 1 1 0 0 0 1 1 0 0 0 0 0 0 0 1 0 0 0 0 0]
[0 0 0 0 0 0 0 0 1 0 0 0 1 0 0 0 0 1 0 1 0 0 0 0 0 0 0 0]
[0 0 0 0 0 0 0 1 0 0 0 0 1 0 0 1 0 0 0 0 0 1 0 1 0 0 0 0]
[0 0 0 0 0 0 1 0 0 0 0 0 0 0 0 0 0 0 1 0 1 0 0 0 1 1 0 0]
[0 0 0 0 0 0 0 0 0 0 1 0 0 0 0 0 0 0 1 0 0 1 0 1 1 0 0 0]
[2026-03-06 10:50:36] INFO: op ←←←←←, 14777
[2026-03-06 10:50:36] INFO: op →←←←←, 11365
[2026-03-06 10:50:36] INFO: op →→←←←, 11446
[2026-03-06 10:50:37] INFO: op →→→←←, 11446
[2026-03-06 10:50:37] INFO: op →→→→←, 11365
[2026-03-06 10:50:37] INFO: op ←→←←←, 9093
[2026-03-06 10:50:38] INFO: op ←←→←←, 9103
[2026-03-06 10:50:38] INFO: op ←→→←←, 9256
[2026-03-06 10:50:38] INFO: op ←←←→←, 9046
[2026-03-06 10:50:39] INFO: op ←←→→←, 9272
[2026-03-06 10:50:39] INFO: op ←→→→←, 9144
[2026-03-06 10:50:39] INFO: op →←→←←, 6921
[2026-03-06 10:50:39] INFO: op →←←→←, 7074
[2026-03-06 10:50:40] INFO: op →→←→←, 6921
[2026-03-06 10:50:40] INFO: op →←→→←, 7074
[2026-03-06 10:50:40] INFO: op ←→←→←, 5788
[2026-03-06 10:50:40] INFO: [END]
