[2026-03-06 11:02:07] INFO: Logger initialized at log/log310943.log
[2026-03-06 11:02:08] INFO: Test 539th graph in data/list_1775_graphs.g6: HR~~vn~
[2026-03-06 11:02:08] INFO: meta data: 
minimum degree >= 6
independent number >= 2
connected
Not regular
[2026-03-06 11:02:08] INFO: Orientation of HR~~vn~ with min semidegree 3:
[0 0 0 0 0 1 1 1 0]
[0 0 0 0 1 0 0 1 1]
[1 0 0 0 0 1 0 0 1]
[0 1 1 0 0 0 0 0 1]
[1 0 1 1 0 0 0 0 0]
[0 1 0 1 1 0 0 0 0]
[0 1 1 1 1 0 0 0 0]
[0 0 1 1 0 1 1 0 0]
[1 0 0 0 1 1 1 1 0]
[2026-03-06 11:02:08] INFO: op ←←←←←, 1366
[2026-03-06 11:02:08] INFO: op →←←←←, 1057
[2026-03-06 11:02:08] INFO: op →→←←←, 1112
[2026-03-06 11:02:08] INFO: op →→→←←, 1112
[2026-03-06 11:02:08] INFO: op →→→→←, 1057
[2026-03-06 11:02:08] INFO: op ←→←←←, 809
[2026-03-06 11:02:08] INFO: op ←←→←←, 853
[2026-03-06 11:02:08] INFO: op ←→→←←, 882
[2026-03-06 11:02:08] INFO: op ←←←→←, 816
[2026-03-06 11:02:08] INFO: op ←←→→←, 883
[2026-03-06 11:02:08] INFO: op ←→→→←, 810
[2026-03-06 11:02:08] INFO: op →←→←←, 593
[2026-03-06 11:02:08] INFO: op →←←→←, 631
[2026-03-06 11:02:08] INFO: op →→←→←, 593
[2026-03-06 11:02:08] INFO: op →←→→←, 631
[2026-03-06 11:02:08] INFO: op ←→←→←, 409
[2026-03-06 11:02:08] INFO: [END]
