[2026-03-06 10:53:31] INFO: Logger initialized at log/log306041.log
[2026-03-06 10:53:32] INFO: Test 399th graph in data/list_1775_graphs.g6: U`?HOhgiAgqcWOP_QOCQ??D{?jrG@coE?BSF?yAo
[2026-03-06 10:53:32] INFO: meta data: 
minimum degree >= 6
independent number >= 2
connected
Not regular
[2026-03-06 10:53:32] INFO: Orientation of U`?HOhgiAgqcWOP_QOCQ??D{?jrG@coE?BSF?yAo with min semidegree 3:
[0 0 0 0 0 0 0 0 0 1 0 1 0 0 0 0 0 0 0 1 0 0]
[1 0 0 0 0 0 0 0 0 0 1 0 0 0 0 0 0 0 1 0 0 0]
[0 0 0 0 0 0 1 0 1 0 0 0 0 0 0 0 0 0 1 0 0 0]
[0 0 1 0 0 0 0 1 0 0 0 0 0 0 0 0 0 0 0 1 0 0]
[0 0 0 0 0 1 0 0 0 0 0 0 0 0 0 1 0 0 0 1 0 0]
[0 0 0 0 0 0 0 0 0 0 1 1 0 1 0 0 0 0 0 0 0 0]
[0 0 0 0 1 0 0 0 0 0 0 0 0 0 0 0 0 0 0 0 1 1]
[0 0 0 0 0 1 0 0 0 0 0 0 0 0 0 0 0 0 0 0 1 1]
[0 1 0 0 1 0 0 0 0 0 0 0 0 0 0 0 0 1 0 0 0 0]
[0 0 1 0 1 0 0 0 0 0 0 0 0 0 0 0 1 0 0 0 0 0]
[0 0 0 1 0 0 0 0 0 1 0 0 0 0 0 0 0 1 0 0 0 0]
[0 0 0 1 0 0 0 0 1 0 0 0 0 0 0 0 1 0 0 0 0 0]
[0 1 1 0 0 0 0 1 0 0 0 0 0 0 0 0 0 0 0 0 0 0]
[0 1 0 0 0 0 1 0 0 0 0 0 0 0 0 0 0 1 0 0 0 0]
[1 0 0 1 0 0 1 0 0 0 0 0 0 0 0 0 0 0 0 0 0 0]
[1 0 0 0 0 0 0 1 0 0 0 0 0 0 0 0 1 0 0 0 0 0]
[0 0 0 0 0 0 0 0 0 0 0 0 1 1 1 0 0 0 0 0 0 0]
[0 0 0 0 0 0 0 0 0 0 0 0 1 0 1 1 0 0 0 0 0 0]
[0 0 0 0 0 1 0 0 0 0 0 0 0 0 1 1 0 0 0 0 0 0]
[0 0 0 0 0 0 0 0 0 0 0 0 1 1 0 0 0 0 0 0 1 1]
[0 0 0 0 0 0 0 0 0 1 0 1 0 0 0 0 0 1 1 0 0 0]
[0 0 0 0 0 0 0 0 1 0 1 0 0 0 0 0 1 0 1 0 0 0]
[2026-03-06 10:53:32] INFO: op ←←←←←, 5488
[2026-03-06 10:53:32] INFO: op →←←←←, 3873
[2026-03-06 10:53:32] INFO: op →→←←←, 3952
[2026-03-06 10:53:32] INFO: op →→→←←, 3952
[2026-03-06 10:53:32] INFO: op →→→→←, 3873
[2026-03-06 10:53:32] INFO: op ←→←←←, 2707
[2026-03-06 10:53:32] INFO: op ←←→←←, 2659
[2026-03-06 10:53:32] INFO: op ←→→←←, 2716
[2026-03-06 10:53:33] INFO: op ←←←→←, 2717
[2026-03-06 10:53:33] INFO: op ←←→→←, 2718
[2026-03-06 10:53:33] INFO: op ←→→→←, 2700
[2026-03-06 10:53:33] INFO: op →←→←←, 1828
[2026-03-06 10:53:33] INFO: op →←←→←, 1887
[2026-03-06 10:53:33] INFO: op →→←→←, 1828
[2026-03-06 10:53:33] INFO: op →←→→←, 1887
[2026-03-06 10:53:33] INFO: op ←→←→←, 1291
[2026-03-06 10:53:33] INFO: [END]
