[2026-03-06 10:53:42] INFO: Logger initialized at log/log306430.log
[2026-03-06 10:53:42] INFO: Test 411th graph in data/list_1775_graphs.g6: V???WWRBGX@cCoCoAWFX?{oB{???~w?~z_^_wFwF?~??
[2026-03-06 10:53:42] INFO: meta data: 
minimum degree >= 6
independent number >= 2
connected
Not regular
[2026-03-06 10:53:42] INFO: Orientation of V???WWRBGX@cCoCoAWFX?{oB{???~w?~z_^_wFwF?~?? with min semidegree 3:
[0 0 0 0 0 0 0 0 0 0 0 0 0 0 0 0 1 1 0 0 1 0 0]
[0 0 0 0 0 0 0 0 0 0 0 0 0 0 0 0 0 0 0 0 1 1 1]
[0 0 0 0 0 0 0 0 0 0 0 0 0 0 0 0 0 0 0 0 1 1 1]
[0 0 0 0 0 0 0 0 0 0 0 0 1 0 0 0 1 1 0 0 0 0 0]
[0 0 0 0 0 0 0 0 0 1 0 0 0 0 0 1 0 1 0 0 0 0 0]
[0 0 0 0 0 0 0 0 0 0 1 1 0 0 0 0 0 1 0 0 0 0 0]
[0 0 0 0 1 1 0 0 0 0 0 0 0 0 0 0 1 0 0 0 0 0 0]
[0 0 0 0 1 1 0 0 0 0 0 0 0 1 0 0 0 0 0 0 0 0 0]
[0 0 0 1 0 0 1 1 0 0 0 0 0 0 0 0 0 0 0 0 0 0 0]
[0 0 0 0 0 1 0 0 1 0 0 0 0 0 0 0 0 0 1 0 0 0 0]
[0 0 0 0 1 0 0 0 1 0 0 0 0 0 0 0 0 0 0 1 0 1 0]
[0 0 0 0 1 0 0 0 1 0 0 0 0 0 0 0 0 0 0 1 0 0 0]
[0 0 0 0 0 0 1 1 0 0 0 0 0 0 0 0 0 0 1 0 0 0 0]
[0 0 0 1 0 0 1 0 0 0 0 0 0 0 0 0 0 0 0 0 0 0 1]
[0 0 0 1 0 0 1 1 0 0 0 0 0 0 0 0 0 0 0 0 0 0 0]
[1 1 1 0 0 1 0 0 1 0 0 0 0 0 0 0 0 0 0 0 0 0 0]
[0 1 1 0 0 0 0 1 0 0 0 0 0 0 0 0 0 0 0 0 0 0 0]
[0 1 1 0 0 0 0 0 0 0 0 0 0 0 0 0 0 0 1 1 0 0 0]
[0 0 0 0 0 0 0 0 0 0 1 1 0 1 1 1 1 0 0 0 0 0 0]
[0 0 0 0 0 0 0 0 0 1 0 0 1 1 1 1 1 0 0 0 0 0 0]
[0 0 0 0 0 0 0 0 0 1 1 1 1 1 1 0 0 0 0 0 0 0 0]
[1 0 0 0 0 0 0 0 0 1 0 1 1 1 1 0 0 0 0 0 0 0 0]
[1 0 0 0 0 0 0 0 0 1 1 1 1 0 1 0 0 0 0 0 0 0 0]
[2026-03-06 10:53:42] INFO: op ←←←←←, 13505
[2026-03-06 10:53:43] INFO: op →←←←←, 10853
[2026-03-06 10:53:43] INFO: op →→←←←, 10658
[2026-03-06 10:53:43] INFO: op →→→←←, 10658
[2026-03-06 10:53:44] INFO: op →→→→←, 10853
[2026-03-06 10:53:44] INFO: op ←→←←←, 9539
[2026-03-06 10:53:44] INFO: op ←←→←←, 8841
[2026-03-06 10:53:45] INFO: op ←→→←←, 8753
[2026-03-06 10:53:45] INFO: op ←←←→←, 9533
[2026-03-06 10:53:45] INFO: op ←←→→←, 8400
[2026-03-06 10:53:46] INFO: op ←→→→←, 9519
[2026-03-06 10:53:46] INFO: op →←→←←, 7850
[2026-03-06 10:53:46] INFO: op →←←→←, 7095
[2026-03-06 10:53:46] INFO: op →→←→←, 7850
[2026-03-06 10:53:47] INFO: op →←→→←, 7095
[2026-03-06 10:53:47] INFO: op ←→←→←, 8512
[2026-03-06 10:53:47] INFO: [END]
