[2026-03-06 10:53:42] INFO: Logger initialized at log/log306463.log
[2026-03-06 10:53:42] INFO: Test 412th graph in data/list_1775_graphs.g6: V??DAd_QAGQCaA`CBTGlcIROdU@w?@w?@AFB_]?u?@}?
[2026-03-06 10:53:42] INFO: meta data: 
minimum degree >= 6
independent number >= 2
connected
Not regular
[2026-03-06 10:53:42] INFO: Orientation of V??DAd_QAGQCaA`CBTGlcIROdU@w?@w?@AFB_]?u?@}? with min semidegree 3:
[0 0 0 0 0 0 0 0 0 0 0 1 0 0 0 0 0 0 0 0 0 1 1]
[0 0 0 0 0 0 0 1 0 0 0 0 0 0 0 0 0 0 0 0 1 0 1]
[0 0 0 0 0 0 0 0 0 0 0 0 0 0 0 0 1 1 1 0 0 0 0]
[0 0 0 0 0 0 0 0 0 0 0 0 0 0 1 1 0 0 1 0 0 0 0]
[0 0 0 0 0 0 0 0 0 0 0 0 0 0 1 0 1 0 0 1 0 0 0]
[0 0 0 0 0 0 0 0 0 0 1 0 0 0 0 1 0 1 0 0 0 0 0]
[1 0 1 0 0 0 0 0 0 0 0 0 0 0 0 0 0 0 0 0 1 0 0]
[0 0 0 1 0 0 1 0 0 0 0 0 0 0 0 0 0 1 0 0 0 0 0]
[0 1 1 0 0 0 0 0 0 0 0 0 0 0 0 0 0 0 0 0 0 1 0]
[0 1 0 0 1 0 0 0 0 0 0 0 0 0 0 0 0 0 0 0 0 1 0]
[0 1 0 0 0 0 0 0 0 0 0 0 0 0 0 0 1 0 0 0 0 1 0]
[0 0 0 1 0 0 0 0 1 0 0 0 0 0 0 0 0 0 0 0 1 0 0]
[1 0 0 0 1 0 0 0 0 0 1 0 0 0 0 0 0 0 0 0 0 0 0]
[1 0 0 0 0 1 0 0 0 1 0 0 0 0 0 0 0 0 0 0 0 0 0]
[0 0 0 0 0 0 1 0 1 0 1 0 0 1 0 0 0 0 0 0 0 0 0]
[0 0 0 0 0 0 1 0 1 1 0 0 1 0 0 0 0 0 0 0 0 0 0]
[0 0 0 0 0 0 0 1 0 0 0 1 0 1 0 0 0 0 0 0 0 0 0]
[0 0 0 0 0 0 0 0 0 1 0 1 1 0 0 0 0 0 0 0 0 0 0]
[0 0 0 0 1 1 0 0 0 0 0 0 0 0 0 0 0 0 0 0 0 0 1]
[0 0 1 1 0 1 0 0 0 0 0 0 0 0 0 0 0 0 0 0 0 0 0]
[0 0 0 0 0 0 0 0 0 0 0 0 1 1 0 0 0 0 1 1 0 0 0]
[0 0 0 0 0 0 0 1 0 0 0 0 0 0 0 0 0 0 1 1 0 0 0]
[0 0 0 0 0 0 0 0 0 0 0 0 0 0 1 1 1 1 0 1 0 0 0]
[2026-03-06 10:53:42] INFO: op ←←←←←, 6642
[2026-03-06 10:53:43] INFO: op →←←←←, 4734
[2026-03-06 10:53:43] INFO: op →→←←←, 4707
[2026-03-06 10:53:43] INFO: op →→→←←, 4707
[2026-03-06 10:53:43] INFO: op →→→→←, 4734
[2026-03-06 10:53:43] INFO: op ←→←←←, 3366
[2026-03-06 10:53:43] INFO: op ←←→←←, 3325
[2026-03-06 10:53:43] INFO: op ←→→←←, 3185
[2026-03-06 10:53:43] INFO: op ←←←→←, 3362
[2026-03-06 10:53:44] INFO: op ←←→→←, 3212
[2026-03-06 10:53:44] INFO: op ←→→→←, 3483
[2026-03-06 10:53:44] INFO: op →←→←←, 2425
[2026-03-06 10:53:44] INFO: op →←←→←, 2271
[2026-03-06 10:53:44] INFO: op →→←→←, 2425
[2026-03-06 10:53:44] INFO: op →←→→←, 2271
[2026-03-06 10:53:44] INFO: op ←→←→←, 1761
[2026-03-06 10:53:44] INFO: [END]
