[2026-03-06 10:50:59] INFO: Logger initialized at log/log301143.log
[2026-03-06 10:50:59] INFO: Test 259th graph in data/list_1775_graphs.g6: [Qosb@A_QGocAKA@@@?a@G_Oo??X_wMFG?M[KKW@CU_AGt?ODJA_IT@@w?E]??Fw
[2026-03-06 10:50:59] INFO: meta data: 
minimum degree >= 6
independent number >= 2
connected
Not regular
[2026-03-06 10:50:59] INFO: Orientation of [Qosb@A_QGocAKA@@@?a@G_Oo??X_wMFG?M[KKW@CU_AGt?ODJA_IT@@w?E]??Fw with min semidegree 3:
[0 0 0 0 1 0 0 0 0 0 0 0 0 0 0 0 0 0 0 0 0 0 0 0 0 1 0 1]
[0 0 0 0 0 0 0 1 0 0 0 0 0 0 0 0 0 0 0 0 0 0 0 0 1 0 0 1]
[1 0 0 0 0 0 0 0 0 0 0 0 0 0 0 0 0 0 0 0 0 1 1 0 0 0 0 0]
[0 1 0 0 0 1 0 0 0 0 0 0 0 0 0 0 0 0 0 0 0 0 0 1 0 0 0 0]
[0 1 0 0 0 0 0 0 0 0 0 0 0 0 0 0 0 0 1 0 0 0 0 0 0 0 1 0]
[0 0 1 0 0 0 0 0 0 0 0 0 0 0 0 0 0 0 1 0 0 0 0 0 0 0 1 0]
[1 0 0 1 0 0 0 0 0 0 0 0 0 0 0 0 0 0 0 1 0 0 0 0 0 0 0 0]
[0 0 1 0 0 0 0 0 0 0 0 0 0 0 0 0 0 0 0 1 0 0 0 0 0 0 1 0]
[0 1 0 0 0 0 1 0 0 0 0 0 0 0 0 0 0 0 0 0 0 0 0 0 0 1 0 0]
[1 0 0 0 0 0 0 1 0 0 0 0 0 0 0 0 0 0 0 0 0 0 0 0 1 0 0 0]
[0 1 0 0 0 1 0 0 0 1 0 0 0 0 0 0 0 0 0 0 0 0 0 0 0 0 0 0]
[1 0 0 0 0 1 0 0 1 0 0 0 0 0 0 0 0 0 0 0 0 0 0 0 0 0 0 0]
[0 0 0 0 1 0 0 0 1 1 0 0 0 0 0 0 0 0 0 0 0 0 0 0 0 0 0 0]
[0 0 0 0 1 0 0 0 0 0 0 1 0 0 0 0 0 0 0 1 0 0 0 0 0 0 0 0]
[0 0 0 0 1 0 0 0 0 0 1 0 0 0 0 0 0 0 0 1 0 0 0 0 0 0 0 0]
[0 0 0 1 0 0 0 1 0 0 0 0 0 0 1 0 0 0 0 0 0 0 0 0 0 0 0 0]
[0 0 1 0 0 0 1 0 0 0 0 0 0 1 0 0 0 0 0 0 0 0 0 0 0 0 0 0]
[0 0 1 1 0 0 0 0 0 0 0 0 0 0 0 0 0 0 0 0 1 0 0 0 0 0 0 0]
[0 0 0 0 0 0 0 0 1 1 0 0 0 0 0 1 1 1 0 0 0 0 0 0 0 0 0 0]
[0 0 0 0 0 1 0 0 0 0 0 0 1 0 0 0 0 1 0 0 0 0 0 0 0 0 0 1]
[0 0 0 0 0 0 0 0 0 0 1 1 1 0 0 1 1 0 0 0 0 0 0 0 0 0 0 0]
[0 0 0 1 0 0 0 0 1 1 0 0 0 1 1 0 0 0 0 0 0 0 0 0 0 0 0 0]
[0 0 0 0 0 0 1 0 0 0 1 0 1 1 0 1 0 0 0 0 0 0 0 0 0 0 0 0]
[0 0 0 0 0 0 0 1 0 0 0 1 1 0 1 0 1 0 0 0 0 0 0 0 0 0 0 0]
[0 0 0 0 0 0 0 0 0 0 0 1 0 0 1 0 1 1 0 0 0 0 1 0 0 0 0 0]
[0 0 0 0 0 0 0 0 0 0 1 0 0 1 0 1 0 1 0 0 0 0 0 1 0 0 0 0]
[0 0 0 0 0 0 1 0 0 0 0 0 0 0 0 0 0 0 0 0 1 1 0 0 1 1 0 0]
[0 0 0 0 0 0 0 0 0 0 0 0 0 0 0 0 0 0 1 0 1 1 1 1 0 0 0 0]
[2026-03-06 10:51:00] INFO: op ←←←←←, 14787
[2026-03-06 10:51:00] INFO: op →←←←←, 11416
[2026-03-06 10:51:00] INFO: op →→←←←, 11376
[2026-03-06 10:51:01] INFO: op →→→←←, 11376
[2026-03-06 10:51:01] INFO: op →→→→←, 11416
[2026-03-06 10:51:01] INFO: op ←→←←←, 9171
[2026-03-06 10:51:02] INFO: op ←←→←←, 9044
[2026-03-06 10:51:02] INFO: op ←→→←←, 9192
[2026-03-06 10:51:02] INFO: op ←←←→←, 8945
[2026-03-06 10:51:02] INFO: op ←←→→←, 9365
[2026-03-06 10:51:03] INFO: op ←→→→←, 9001
[2026-03-06 10:51:03] INFO: op →←→←←, 6977
[2026-03-06 10:51:03] INFO: op →←←→←, 7046
[2026-03-06 10:51:03] INFO: op →→←→←, 6977
[2026-03-06 10:51:04] INFO: op →←→→←, 7046
[2026-03-06 10:51:04] INFO: op ←→←→←, 5969
[2026-03-06 10:51:04] INFO: [END]
