[2026-03-06 10:54:25] INFO: Logger initialized at log/log308036.log
[2026-03-06 10:54:26] INFO: Test 456th graph in data/list_1775_graphs.g6: ZW??WGG?GhCKdCSWF_@QoQ@aAXK?I@d?@BWa?UAo?Dm?O}ARC?pcwAAz__B?
[2026-03-06 10:54:26] INFO: meta data: 
minimum degree >= 6
independent number >= 2
connected
Not regular
[2026-03-06 10:54:26] INFO: Orientation of ZW??WGG?GhCKdCSWF_@QoQ@aAXK?I@d?@BWa?UAo?Dm?O}ARC?pcwAAz__B? with min semidegree 3:
[0 0 0 0 0 0 0 0 0 0 0 0 0 0 0 0 0 1 0 0 0 0 0 0 0 1 1]
[0 0 0 0 0 0 0 0 0 0 0 0 0 0 0 0 0 0 0 0 1 0 0 0 1 0 1]
[1 1 0 0 0 0 0 0 0 0 0 0 0 0 0 1 0 0 0 0 0 0 0 0 0 0 0]
[0 0 0 0 0 0 0 0 0 0 0 0 0 0 0 0 0 0 0 1 0 0 0 0 0 1 1]
[0 0 0 0 0 0 1 0 0 0 0 0 0 0 0 0 1 0 0 0 0 0 0 0 1 0 0]
[0 0 0 0 0 0 0 0 0 0 0 0 1 0 0 0 0 0 0 0 0 0 0 0 1 0 1]
[0 0 0 0 0 1 0 0 0 0 0 0 0 0 0 0 0 1 0 0 0 0 0 1 0 0 0]
[0 0 0 0 0 1 0 0 0 0 0 0 0 0 0 0 0 0 0 0 1 1 0 0 0 0 0]
[0 0 0 0 1 0 0 0 0 0 0 0 0 0 0 0 0 0 0 1 0 0 0 0 0 1 0]
[0 0 0 0 0 0 0 0 1 0 0 0 0 0 0 0 0 1 0 0 1 0 0 0 0 0 0]
[0 0 0 1 0 1 0 0 1 0 0 0 0 0 0 0 0 0 0 0 0 0 0 0 0 0 0]
[0 0 1 0 0 0 0 1 1 0 0 0 0 0 0 0 0 0 0 0 0 0 0 1 0 0 0]
[1 0 0 1 0 0 0 0 0 1 0 0 0 0 0 0 0 0 0 0 0 0 0 0 0 0 0]
[0 1 0 1 0 0 0 1 1 0 0 0 0 0 0 0 0 0 0 0 0 0 0 0 0 0 0]
[0 0 1 1 1 1 0 0 0 0 0 0 0 0 0 0 0 0 0 0 0 0 0 0 0 0 0]
[0 0 0 0 1 0 0 1 0 1 1 0 0 0 0 0 0 0 0 0 0 0 0 0 0 0 0]
[0 1 0 0 0 0 0 0 0 0 0 1 1 0 0 0 0 0 0 0 0 0 0 0 0 0 0]
[0 0 0 0 0 0 0 0 0 0 1 0 0 1 0 0 1 0 0 0 0 0 0 0 0 0 0]
[1 0 0 0 0 0 0 0 0 0 0 1 0 1 0 0 0 0 0 0 0 0 0 0 0 0 0]
[0 0 1 0 0 0 1 0 0 0 0 0 0 0 0 0 0 0 0 0 0 0 1 0 0 0 0]
[0 0 0 0 0 0 1 0 0 0 1 0 0 0 1 0 0 0 1 0 0 0 0 0 0 0 0]
[0 0 0 0 0 0 0 0 0 1 1 0 0 0 0 0 1 0 1 1 0 0 0 0 0 0 0]
[0 0 0 0 0 0 0 0 0 0 0 0 1 0 1 1 0 1 1 0 0 0 0 0 0 0 0]
[0 0 0 0 0 0 0 0 0 0 0 0 1 1 1 1 0 0 0 0 0 1 0 0 0 0 0]
[0 0 0 0 0 0 0 0 0 1 0 0 0 0 0 0 0 0 1 1 0 0 0 1 0 0 0]
[0 0 0 0 0 0 1 1 0 0 0 0 0 0 0 0 1 0 0 0 0 0 1 0 1 0 0]
[0 0 0 0 1 0 0 0 0 0 0 1 0 0 0 0 0 0 0 0 0 1 1 0 0 0 0]
[2026-03-06 10:54:26] INFO: op ←←←←←, 12483
[2026-03-06 10:54:26] INFO: op →←←←←, 9473
[2026-03-06 10:54:27] INFO: op →→←←←, 9415
[2026-03-06 10:54:27] INFO: op →→→←←, 9415
[2026-03-06 10:54:27] INFO: op →→→→←, 9473
[2026-03-06 10:54:27] INFO: op ←→←←←, 7345
[2026-03-06 10:54:28] INFO: op ←←→←←, 7182
[2026-03-06 10:54:28] INFO: op ←→→←←, 7090
[2026-03-06 10:54:28] INFO: op ←←←→←, 7267
[2026-03-06 10:54:28] INFO: op ←←→→←, 7110
[2026-03-06 10:54:29] INFO: op ←→→→←, 7346
[2026-03-06 10:54:29] INFO: op →←→←←, 5539
[2026-03-06 10:54:29] INFO: op →←←→←, 5330
[2026-03-06 10:54:29] INFO: op →→←→←, 5539
[2026-03-06 10:54:29] INFO: op →←→→←, 5330
[2026-03-06 10:54:29] INFO: op ←→←→←, 4331
[2026-03-06 10:54:29] INFO: [END]
