[2026-03-06 10:50:48] INFO: Logger initialized at log/log300688.log
[2026-03-06 10:50:48] INFO: Test 246th graph in data/list_1775_graphs.g6: [KCPXZ?o@_eCP?__OGAO?AIwChoCl_Am_CSWAD`?DPB_LGUh?ECS_GPiGGPTOCHB
[2026-03-06 10:50:48] INFO: meta data: 
minimum degree >= 6
independent number >= 2
connected
Not regular
[2026-03-06 10:50:48] INFO: Orientation of [KCPXZ?o@_eCP?__OGAO?AIwChoCl_Am_CSWAD`?DPB_LGUh?ECS_GPiGGPTOCHB with min semidegree 3:
[0 0 0 0 0 0 0 0 1 0 0 0 0 0 0 0 0 0 0 0 0 0 0 0 1 0 0 1]
[0 0 0 0 0 0 0 0 1 0 0 0 0 0 0 0 0 0 0 0 0 0 0 0 0 1 1 0]
[0 1 0 0 0 0 0 0 0 0 0 0 0 0 0 0 0 0 0 0 0 0 0 0 1 0 0 1]
[1 0 0 0 0 0 0 0 0 0 0 0 0 0 0 0 0 0 0 0 0 0 0 0 0 1 1 0]
[0 0 0 1 0 0 0 0 0 0 0 0 0 0 0 0 1 0 0 0 0 0 0 0 0 0 0 1]
[0 0 0 1 0 0 0 0 0 0 0 0 0 0 0 0 0 1 0 0 1 0 0 0 0 0 0 0]
[0 0 1 0 1 1 0 0 0 0 0 0 0 0 0 0 0 0 0 0 0 0 0 0 0 0 0 0]
[0 0 1 0 1 1 0 0 0 0 0 0 0 0 0 0 0 0 0 0 0 0 0 0 0 0 0 0]
[0 0 0 0 0 0 0 0 0 0 0 0 0 0 0 0 1 0 0 0 0 0 1 1 0 0 0 0]
[1 1 0 0 0 0 0 0 0 0 0 0 0 0 0 0 0 0 1 0 0 0 0 0 0 0 0 0]
[0 0 1 1 0 0 0 0 0 1 0 0 0 0 0 0 0 0 0 0 0 0 0 0 0 0 0 0]
[0 0 1 1 0 0 0 0 1 0 0 0 0 0 0 0 0 0 0 0 0 0 0 0 0 0 0 0]
[0 1 0 0 0 1 0 0 0 0 0 0 0 0 0 0 0 0 0 1 0 0 0 0 0 0 0 0]
[1 0 0 0 0 0 1 0 0 0 0 0 0 0 0 0 0 0 0 0 0 0 0 1 0 0 0 0]
[1 0 0 0 0 0 0 1 0 0 0 0 0 0 0 0 0 0 0 0 0 0 1 0 0 0 0 0]
[0 1 0 0 1 0 0 0 0 0 0 0 0 0 0 0 0 1 0 0 0 0 0 0 0 0 0 0]
[0 0 0 0 0 0 0 0 0 0 1 0 1 1 1 0 0 0 0 0 0 0 0 0 0 0 0 0]
[0 0 0 0 0 0 0 0 1 0 1 0 0 1 1 0 0 0 0 0 0 0 0 0 0 0 0 0]
[0 0 0 0 0 0 1 0 0 0 0 1 1 0 1 1 0 0 0 0 0 0 0 0 0 0 0 0]
[0 0 0 0 0 0 0 1 0 1 0 1 0 1 0 1 0 0 0 0 0 0 0 0 0 0 0 0]
[0 0 0 0 0 0 0 0 0 1 0 1 0 0 0 1 1 0 0 0 0 0 0 0 0 0 0 0]
[0 0 0 0 1 0 0 0 0 1 0 1 1 0 0 0 0 1 0 0 0 0 0 0 0 0 0 0]
[0 0 0 0 0 0 1 0 0 0 1 0 0 0 0 0 0 0 0 1 1 1 0 0 0 0 0 0]
[0 0 0 0 0 0 0 1 0 0 1 0 0 0 0 0 0 0 1 0 1 1 0 0 0 0 0 0]
[0 0 0 0 0 1 0 0 0 0 0 0 0 0 0 1 1 0 0 0 0 1 0 0 0 0 0 0]
[0 0 0 0 0 0 1 0 0 0 0 0 0 0 1 0 0 0 0 1 0 0 0 1 1 0 0 0]
[0 0 0 0 0 0 0 1 0 0 0 0 0 1 0 0 0 0 1 0 0 0 1 0 1 0 0 0]
[0 0 0 0 0 0 0 0 0 0 0 0 1 0 0 0 0 1 0 0 1 0 0 0 0 1 1 0]
[2026-03-06 10:50:48] INFO: op ←←←←←, 15545
[2026-03-06 10:50:49] INFO: op →←←←←, 12150
[2026-03-06 10:50:49] INFO: op →→←←←, 12055
[2026-03-06 10:50:49] INFO: op →→→←←, 12055
[2026-03-06 10:50:50] INFO: op →→→→←, 12150
[2026-03-06 10:50:50] INFO: op ←→←←←, 9781
[2026-03-06 10:50:50] INFO: op ←←→←←, 9740
[2026-03-06 10:50:51] INFO: op ←→→←←, 9637
[2026-03-06 10:50:51] INFO: op ←←←→←, 9630
[2026-03-06 10:50:51] INFO: op ←←→→←, 9677
[2026-03-06 10:50:52] INFO: op ←→→→←, 9623
[2026-03-06 10:50:52] INFO: op →←→←←, 7261
[2026-03-06 10:50:52] INFO: op →←←→←, 7406
[2026-03-06 10:50:52] INFO: op →→←→←, 7261
[2026-03-06 10:50:52] INFO: op →←→→←, 7406
[2026-03-06 10:50:53] INFO: op ←→←→←, 6038
[2026-03-06 10:50:53] INFO: [END]
