[2026-03-06 10:53:17] INFO: Logger initialized at log/log305483.log
[2026-03-06 10:53:17] INFO: Test 383th graph in data/list_1775_graphs.g6: Rs`_wxa_C??N@M@M?Z?Eo]@|wFroN_
[2026-03-06 10:53:17] INFO: meta data: 
minimum degree >= 6
independent number >= 2
connected
Not regular
[2026-03-06 10:53:17] INFO: Orientation of Rs`_wxa_C??N@M@M?Z?Eo]@|wFroN_ with min semidegree 3:
[0 1 1 1 0 0 0 0 0 0 0 0 0 0 0 0 0 0 0]
[0 0 0 0 0 0 0 0 0 0 0 0 0 0 0 0 1 1 1]
[0 0 0 0 0 0 0 0 0 0 0 0 0 0 0 0 1 1 1]
[0 0 0 0 0 0 0 0 0 0 0 0 0 0 0 0 1 1 1]
[1 0 0 0 0 0 0 0 0 0 0 0 0 0 0 0 1 0 1]
[0 1 1 0 0 0 0 0 0 0 0 0 1 0 0 0 0 0 0]
[0 0 0 1 1 1 0 0 0 0 0 0 0 0 0 0 0 0 0]
[0 0 0 1 1 1 0 0 0 0 0 0 0 0 0 0 0 0 0]
[0 1 1 0 0 0 1 0 0 0 0 0 0 0 0 0 0 0 0]
[1 0 0 0 0 0 0 0 0 0 0 1 0 1 0 0 0 0 0]
[1 0 0 0 0 0 0 0 0 0 0 0 0 0 1 1 0 0 0]
[0 0 0 0 0 0 0 1 1 0 1 0 0 0 0 0 0 0 0]
[0 0 0 0 0 0 0 0 1 1 1 0 0 0 0 0 0 0 0]
[0 0 0 0 0 1 0 0 1 0 1 0 0 0 0 0 0 0 0]
[0 0 0 0 0 0 1 1 0 1 0 0 0 0 0 0 0 0 0]
[0 0 0 0 0 0 1 1 0 1 0 0 0 0 0 0 0 0 0]
[0 0 0 0 0 0 0 0 0 0 0 1 1 1 1 1 0 0 0]
[0 0 0 0 1 0 0 0 0 0 0 1 1 1 1 1 0 0 0]
[0 0 0 0 0 0 0 0 0 0 0 1 1 1 1 1 0 0 0]
[2026-03-06 10:53:17] INFO: op ←←←←←, 6099
[2026-03-06 10:53:17] INFO: op →←←←←, 4751
[2026-03-06 10:53:18] INFO: op →→←←←, 4714
[2026-03-06 10:53:18] INFO: op →→→←←, 4714
[2026-03-06 10:53:18] INFO: op →→→→←, 4751
[2026-03-06 10:53:18] INFO: op ←→←←←, 4058
[2026-03-06 10:53:18] INFO: op ←←→←←, 4073
[2026-03-06 10:53:18] INFO: op ←→→←←, 3036
[2026-03-06 10:53:18] INFO: op ←←←→←, 3955
[2026-03-06 10:53:18] INFO: op ←←→→←, 3142
[2026-03-06 10:53:19] INFO: op ←→→→←, 3697
[2026-03-06 10:53:19] INFO: op →←→←←, 2624
[2026-03-06 10:53:19] INFO: op →←←→←, 2384
[2026-03-06 10:53:19] INFO: op →→←→←, 2624
[2026-03-06 10:53:19] INFO: op →←→→←, 2384
[2026-03-06 10:53:19] INFO: op ←→←→←, 2036
[2026-03-06 10:53:19] INFO: [END]
