[2026-03-06 10:54:46] INFO: Logger initialized at log/log308528.log
[2026-03-06 10:54:46] INFO: Test 470th graph in data/list_1775_graphs.g6: \??????@_B?K@bBg@s@n?Lw?pR`af@kW?oL_oF]EOcrXp_oqBF_q[_WXMOKF_z??~w???
[2026-03-06 10:54:46] INFO: meta data: 
minimum degree >= 6
independent number >= 2
connected
Not regular
[2026-03-06 10:54:46] INFO: Orientation of \??????@_B?K@bBg@s@n?Lw?pR`af@kW?oL_oF]EOcrXp_oqBF_q[_WXMOKF_z??~w??? with min semidegree 4:
[0 0 0 0 0 0 0 0 0 0 0 0 0 0 0 0 0 0 0 0 0 1 1 1 1 0 0 0 0]
[0 0 0 0 0 0 0 0 0 0 0 0 0 0 0 0 0 0 0 0 0 1 1 1 1 0 0 0 0]
[0 0 0 0 0 0 0 0 0 0 0 0 0 0 0 0 0 1 1 1 0 0 0 0 0 0 0 1 0]
[0 0 0 0 0 0 0 0 0 0 0 0 0 0 0 0 0 1 1 0 1 0 0 0 0 0 0 1 0]
[0 0 0 0 0 0 0 0 0 0 0 0 0 0 0 0 0 0 0 0 0 0 1 1 1 1 0 0 0]
[0 0 0 0 0 0 0 0 0 0 0 0 0 0 0 1 1 0 0 0 0 0 0 1 0 0 0 0 1]
[0 0 0 0 0 0 0 0 0 0 0 0 0 0 0 0 1 0 0 1 0 0 0 1 0 0 0 0 1]
[0 0 0 0 0 0 0 0 0 0 0 0 0 0 0 0 0 1 0 0 0 0 0 0 0 1 1 0 1]
[0 0 0 0 0 0 0 0 0 0 1 0 0 0 0 0 0 0 0 0 0 0 0 0 0 1 1 0 1]
[0 0 0 0 0 1 1 0 0 0 0 0 0 0 0 0 0 0 0 0 0 1 1 0 0 1 0 0 0]
[0 0 0 0 0 0 0 1 0 0 0 0 0 0 0 0 0 0 0 0 0 1 0 0 1 0 0 1 0]
[0 0 0 0 0 0 0 1 1 0 0 0 0 0 0 0 0 0 0 1 0 0 0 0 0 0 0 1 0]
[0 0 0 0 0 1 1 0 0 0 1 1 0 0 0 0 0 0 0 0 0 0 0 0 0 0 1 0 0]
[0 0 0 0 1 1 1 0 1 0 0 0 0 0 0 0 0 0 0 0 0 0 0 0 0 0 0 0 0]
[0 0 0 0 1 1 1 0 1 0 0 0 0 0 0 0 0 0 0 0 0 0 0 0 0 0 0 0 0]
[0 0 1 1 0 0 1 1 1 0 0 0 0 0 0 0 0 0 0 0 0 0 0 0 0 0 0 0 0]
[0 0 1 1 0 0 0 1 1 0 0 0 0 0 0 0 0 0 0 0 0 0 0 0 0 0 0 0 0]
[0 0 0 0 0 0 0 0 0 1 0 0 1 1 1 0 0 0 0 0 0 0 0 0 0 0 0 0 0]
[0 0 0 0 0 0 0 1 0 1 0 0 1 1 1 0 0 0 0 0 0 0 0 0 0 0 0 0 0]
[0 0 0 1 0 1 0 0 0 0 1 0 0 0 0 0 0 0 0 0 0 0 0 0 0 0 1 0 0]
[0 0 1 0 0 0 0 0 0 0 1 1 0 1 1 0 0 0 0 0 0 0 0 0 0 0 0 0 0]
[0 0 0 0 0 0 0 0 0 0 0 1 0 1 1 1 1 0 0 0 0 0 0 0 0 0 0 0 0]
[0 0 0 0 0 0 0 0 0 0 0 0 1 0 0 1 1 0 0 1 1 0 0 0 0 0 0 0 0]
[0 0 0 0 0 0 0 0 0 0 1 1 0 0 0 0 0 1 1 0 0 0 0 0 0 0 0 0 0]
[0 0 0 0 0 0 0 0 0 0 0 1 0 0 0 1 1 1 1 0 0 0 0 0 0 0 0 0 0]
[1 1 0 0 0 0 0 0 0 0 0 0 1 0 0 0 0 0 0 1 1 0 0 0 0 0 0 0 0]
[1 1 0 0 1 0 0 0 0 1 0 0 0 0 0 0 0 0 0 0 1 0 0 0 0 0 0 0 0]
[1 1 0 0 0 0 0 0 0 1 0 0 0 1 1 0 0 0 0 0 0 0 0 0 0 0 0 0 0]
[1 1 1 1 1 0 0 0 0 0 0 0 0 0 0 0 0 0 0 0 0 0 0 0 0 0 0 0 0]
[2026-03-06 10:55:09] INFO: op ←←←←←←←, 593161
[2026-03-06 10:55:27] INFO: op →←←←←←←, 474131
[2026-03-06 10:55:45] INFO: op →→←←←←←, 469786
[2026-03-06 10:56:03] INFO: op →→→←←←←, 478433
[2026-03-06 10:56:22] INFO: op →→→→←←←, 478433
[2026-03-06 10:56:40] INFO: op →→→→→←←, 469786
[2026-03-06 10:56:58] INFO: op →→→→→→←, 474131
[2026-03-06 10:57:12] INFO: op ←→←←←←←, 379716
[2026-03-06 10:57:27] INFO: op ←←→←←←←, 387018
[2026-03-06 10:57:41] INFO: op ←→→←←←←, 361048
[2026-03-06 10:57:56] INFO: op ←←←→←←←, 385671
[2026-03-06 10:58:09] INFO: op ←←→→←←←, 351627
[2026-03-06 10:58:24] INFO: op ←→→→←←←, 377488
[2026-03-06 10:58:39] INFO: op ←←←←→←←, 388888
[2026-03-06 10:58:52] INFO: op ←←←→→←←, 352481
[2026-03-06 10:59:06] INFO: op ←←→→→←←, 362812
[2026-03-06 10:59:21] INFO: op ←→→→→←←, 382876
[2026-03-06 10:59:35] INFO: op ←←←←←→←, 379309
[2026-03-06 10:59:49] INFO: op ←←←←→→←, 360861
[2026-03-06 11:00:04] INFO: op ←←←→→→←, 375994
[2026-03-06 11:00:18] INFO: op ←←→→→→←, 380926
[2026-03-06 11:00:33] INFO: op ←→→→→→←, 385308
[2026-03-06 11:00:44] INFO: op →←→←←←←, 295746
[2026-03-06 11:00:55] INFO: op →←←→←←←, 290058
[2026-03-06 11:01:06] INFO: op →→←→←←←, 293634
[2026-03-06 11:01:17] INFO: op →←→→←←←, 285581
[2026-03-06 11:01:29] INFO: op →←←←→←←, 310526
[2026-03-06 11:01:40] INFO: op →→←←→←←, 283410
[2026-03-06 11:01:51] INFO: op →→→←→←←, 293634
[2026-03-06 11:02:01] INFO: op →←←→→←←, 267253
[2026-03-06 11:02:12] INFO: op →→←→→←←, 283410
[2026-03-06 11:02:24] INFO: op →←→→→←←, 297791
[2026-03-06 11:02:36] INFO: op →←←←←→←, 309922
[2026-03-06 11:02:47] INFO: op →→←←←→←, 297791
[2026-03-06 11:02:58] INFO: op →→→←←→←, 285581
[2026-03-06 11:03:09] INFO: op →→→→←→←, 295746
[2026-03-06 11:03:20] INFO: op →←←←→→←, 287197
[2026-03-06 11:03:31] INFO: op →→←←→→←, 267253
[2026-03-06 11:03:42] INFO: op →→→←→→←, 290058
[2026-03-06 11:03:53] INFO: op →←←→→→←, 287197
[2026-03-06 11:04:05] INFO: op →→←→→→←, 310526
[2026-03-06 11:04:17] INFO: op →←→→→→←, 309922
[2026-03-06 11:04:25] INFO: op ←→←→←←←, 225284
[2026-03-06 11:04:34] INFO: op ←→←←→←←, 227806
[2026-03-06 11:04:42] INFO: op ←←→←→←←, 224935
[2026-03-06 11:04:51] INFO: op ←→→←→←←, 218783
[2026-03-06 11:04:59] INFO: op ←→←→→←←, 216348
[2026-03-06 11:05:08] INFO: op ←→←←←→←, 244050
[2026-03-06 11:05:17] INFO: op ←←→←←→←, 226586
[2026-03-06 11:05:25] INFO: op ←→→←←→←, 216586
[2026-03-06 11:05:33] INFO: op ←←←→←→←, 224008
[2026-03-06 11:05:41] INFO: op ←←→→←→←, 213825
[2026-03-06 11:05:50] INFO: op ←→→→←→←, 238572
[2026-03-06 11:05:59] INFO: op ←→←←→→←, 214966
[2026-03-06 11:06:07] INFO: op ←←→←→→←, 218831
[2026-03-06 11:06:15] INFO: op ←→→←→→←, 217542
[2026-03-06 11:06:24] INFO: op ←→←→→→←, 237401
[2026-03-06 11:06:31] INFO: op →←→←→←←, 175478
[2026-03-06 11:06:37] INFO: op →←→←←→←, 174725
[2026-03-06 11:06:44] INFO: op →←←→←→←, 170425
[2026-03-06 11:06:50] INFO: op →→←→←→←, 175478
[2026-03-06 11:06:57] INFO: op →←→→←→←, 174725
[2026-03-06 11:07:04] INFO: op →←→←→→←, 170425
[2026-03-06 11:07:09] INFO: op ←→←→←→←, 136851
[2026-03-06 11:07:09] INFO: [END]
