[2026-03-06 10:52:42] INFO: Logger initialized at log/log304470.log
[2026-03-06 10:52:42] INFO: Test 355th graph in data/list_1775_graphs.g6: [oSsc`CI@OG__BCKCGaCO@S?I_??F{?YWIag@Sd?`daCGicOaYC?~??P_?Pz_?Fa
[2026-03-06 10:52:42] INFO: meta data: 
minimum degree >= 6
independent number >= 2
connected
Not regular
[2026-03-06 10:52:42] INFO: Orientation of [oSsc`CI@OG__BCKCGaCO@S?I_??F{?YWIag@Sd?`daCGicOaYC?~??P_?Pz_?Fa with min semidegree 3:
[0 0 0 0 0 0 0 0 0 0 0 0 1 0 0 0 0 0 0 1 0 0 0 0 0 0 1 0]
[1 0 0 0 0 0 0 0 0 0 0 0 0 0 0 0 0 0 0 0 0 0 0 0 1 0 0 1]
[1 0 0 0 0 0 0 0 0 0 0 0 0 0 0 0 0 0 0 0 0 0 0 1 0 0 0 1]
[0 0 0 0 1 0 0 0 0 0 0 0 0 0 0 0 0 0 0 0 0 0 1 0 0 0 0 1]
[0 1 0 0 0 0 0 0 0 0 0 0 0 0 0 0 0 0 0 0 1 0 0 0 0 0 1 0]
[0 0 1 1 0 0 0 0 0 0 0 0 0 0 0 0 0 0 0 0 0 1 0 0 0 0 1 0]
[1 0 0 1 0 0 0 0 0 0 0 0 0 0 0 0 0 0 0 0 0 0 0 0 1 0 0 0]
[1 0 0 1 0 0 0 0 0 0 0 0 0 0 0 0 0 0 0 0 0 0 0 1 0 0 0 0]
[0 1 0 0 0 1 0 0 0 0 0 0 0 0 0 0 0 0 0 0 0 0 1 0 0 0 0 0]
[0 0 1 0 1 0 0 0 0 0 0 0 0 0 0 0 0 0 0 0 0 0 0 0 0 1 0 0]
[0 0 1 0 1 0 0 0 0 0 0 0 0 0 0 0 0 0 0 1 0 0 0 0 0 0 0 0]
[0 1 0 0 0 1 0 0 0 0 0 0 0 0 0 0 0 0 0 1 0 0 0 0 0 0 0 0]
[0 0 0 0 0 0 0 0 0 0 1 1 0 0 0 0 0 0 1 0 0 0 0 0 0 0 0 0]
[0 0 0 1 0 0 0 0 1 1 0 0 0 0 0 0 0 0 0 0 0 0 0 0 0 0 0 0]
[0 0 1 0 0 0 0 1 0 0 0 1 0 0 0 0 0 0 0 0 0 0 0 0 0 0 0 0]
[0 1 0 0 0 0 1 0 0 0 1 0 0 0 0 0 0 0 0 0 0 0 0 0 0 0 0 0]
[0 0 0 0 0 1 0 1 0 1 0 0 0 0 0 0 0 0 0 0 0 0 0 0 0 0 0 0]
[0 0 0 0 1 0 1 0 1 0 0 0 0 0 0 0 0 0 0 0 0 0 0 0 0 0 0 0]
[0 0 0 0 0 0 0 0 0 0 0 0 0 1 1 1 1 1 0 0 0 0 0 0 0 0 0 0]
[0 0 0 0 0 0 0 0 0 0 0 0 0 1 0 0 1 1 0 0 0 0 0 0 0 0 0 0]
[0 0 0 0 0 0 1 0 1 0 0 0 1 0 1 0 1 0 0 0 0 0 0 0 0 0 0 0]
[0 0 0 0 0 0 0 1 0 1 0 0 1 0 0 1 0 1 0 0 0 0 0 0 0 0 0 0]
[0 0 0 0 0 0 0 0 0 1 0 0 1 0 1 1 0 0 0 1 0 0 0 0 0 0 0 0]
[0 0 0 0 0 0 0 0 0 0 0 1 0 1 0 1 0 1 0 0 1 0 0 0 0 0 0 0]
[0 0 0 0 0 0 0 0 0 0 1 0 0 1 1 0 1 0 0 0 0 1 0 0 0 0 0 0]
[0 0 0 0 0 0 1 1 1 0 1 1 0 0 0 0 0 0 0 0 0 0 0 0 0 0 0 0]
[0 0 0 0 0 0 0 0 0 0 0 0 0 0 0 0 0 0 1 0 0 0 1 1 1 1 0 0]
[0 0 0 0 0 0 0 0 0 0 0 0 0 0 0 0 0 0 1 1 1 1 0 0 0 1 0 0]
[2026-03-06 10:52:42] INFO: op ←←←←←, 14550
[2026-03-06 10:52:43] INFO: op →←←←←, 11396
[2026-03-06 10:52:43] INFO: op →→←←←, 11293
[2026-03-06 10:52:43] INFO: op →→→←←, 11293
[2026-03-06 10:52:44] INFO: op →→→→←, 11396
[2026-03-06 10:52:44] INFO: op ←→←←←, 9335
[2026-03-06 10:52:44] INFO: op ←←→←←, 9254
[2026-03-06 10:52:45] INFO: op ←→→←←, 9017
[2026-03-06 10:52:45] INFO: op ←←←→←, 9014
[2026-03-06 10:52:45] INFO: op ←←→→←, 9324
[2026-03-06 10:52:46] INFO: op ←→→→←, 9101
[2026-03-06 10:52:46] INFO: op →←→←←, 7103
[2026-03-06 10:52:46] INFO: op →←←→←, 7115
[2026-03-06 10:52:46] INFO: op →→←→←, 7103
[2026-03-06 10:52:47] INFO: op →←→→←, 7115
[2026-03-06 10:52:47] INFO: op ←→←→←, 5925
[2026-03-06 10:52:47] INFO: [END]
