[2026-03-06 10:52:35] INFO: Logger initialized at log/log304291.log
[2026-03-06 10:52:35] INFO: Test 349th graph in data/list_1775_graphs.g6: [o?OOcKGPCD?PDGggh`o?OWCl?Ad_CKGQWIG_YcCK__??`r??X}?C[XID_`IoqAG
[2026-03-06 10:52:35] INFO: meta data: 
minimum degree >= 6
independent number >= 2
connected
Not regular
[2026-03-06 10:52:35] INFO: Orientation of [o?OOcKGPCD?PDGggh`o?OWCl?Ad_CKGQWIG_YcCK__??`r??X}?C[XID_`IoqAG with min semidegree 3:
[0 0 0 0 0 0 0 0 0 0 0 0 0 0 0 0 0 0 0 1 1 1 0 0 0 0 0 0]
[1 0 0 0 0 0 0 0 0 0 0 0 0 0 0 0 0 0 1 0 0 0 0 0 0 0 1 0]
[1 0 0 0 0 0 0 0 0 0 0 0 0 1 0 0 0 1 0 0 0 0 0 0 0 0 0 0]
[0 0 0 0 0 0 0 0 0 0 0 0 0 0 0 0 0 0 1 0 0 0 0 0 0 0 1 1]
[0 0 0 0 0 0 0 0 0 0 0 0 0 0 0 0 0 1 0 0 1 0 0 0 0 0 0 1]
[0 0 0 1 0 0 0 0 0 0 0 0 0 0 1 0 0 0 0 1 0 0 0 0 0 0 0 0]
[0 0 0 0 1 0 0 0 0 0 0 0 0 0 0 0 0 0 1 1 0 0 0 0 0 0 0 0]
[0 0 0 1 0 0 1 0 0 0 0 0 0 0 0 0 1 0 0 0 0 0 0 0 0 0 0 0]
[0 0 0 0 1 1 0 0 0 0 0 0 0 0 0 0 0 0 0 0 0 0 0 0 0 0 1 0]
[0 0 1 0 0 0 0 1 0 0 0 0 0 0 0 0 0 0 0 0 0 0 0 0 0 1 0 0]
[0 0 1 0 0 0 1 0 0 0 0 0 0 0 0 0 0 0 0 0 0 0 0 0 0 0 0 1]
[0 0 1 0 1 0 0 0 0 0 0 0 0 0 0 0 0 0 0 0 0 0 0 1 0 0 0 0]
[0 1 0 0 0 1 0 0 0 1 0 1 0 0 0 0 0 0 0 0 0 0 0 0 0 0 0 0]
[0 0 0 0 0 0 1 0 1 0 0 0 1 0 0 0 0 0 0 0 0 0 0 0 0 1 0 0]
[0 1 0 0 0 0 0 1 0 0 1 1 0 0 0 0 0 0 0 0 0 0 0 0 0 0 0 0]
[0 0 1 1 1 0 0 0 0 0 0 0 0 0 0 0 0 0 0 0 0 0 0 0 0 0 0 0]
[0 1 0 0 0 0 0 0 1 0 0 0 0 0 0 1 0 0 0 0 0 0 0 0 0 0 0 0]
[0 0 0 0 0 1 0 1 0 0 0 0 0 0 0 0 0 0 0 0 0 0 0 0 1 0 0 0]
[0 0 0 0 0 0 0 0 1 1 0 0 0 0 0 0 0 0 0 0 0 0 0 0 1 0 0 0]
[0 0 0 0 0 0 0 0 0 0 0 1 0 0 0 0 1 0 0 0 0 0 0 0 1 0 0 0]
[0 0 0 1 0 0 0 0 0 0 1 0 1 0 0 0 1 0 0 0 0 0 0 0 0 0 0 0]
[0 0 0 0 0 0 0 1 1 0 1 0 1 0 0 1 0 0 0 0 0 0 0 0 0 0 0 0]
[1 0 0 0 0 1 1 0 0 1 0 0 0 0 0 1 0 0 0 0 0 0 0 0 0 0 0 0]
[0 0 0 0 0 0 0 0 0 0 0 0 0 0 0 0 1 1 1 0 0 1 1 0 0 0 0 0]
[0 0 0 0 0 0 0 0 0 0 0 0 0 1 1 0 0 0 0 0 1 1 1 0 0 0 0 0]
[0 0 0 0 0 0 0 0 0 0 0 0 0 0 1 1 0 0 0 1 1 0 0 1 0 0 0 0]
[0 0 0 0 0 0 0 0 0 0 1 1 0 0 0 0 0 1 0 0 0 0 1 0 0 1 0 0]
[0 1 0 0 0 0 0 0 0 1 0 0 0 1 0 0 0 0 0 1 0 0 0 1 0 0 0 0]
[2026-03-06 10:52:36] INFO: op ←←←←←, 14222
[2026-03-06 10:52:36] INFO: op →←←←←, 10886
[2026-03-06 10:52:37] INFO: op →→←←←, 10931
[2026-03-06 10:52:37] INFO: op →→→←←, 10931
[2026-03-06 10:52:37] INFO: op →→→→←, 10886
[2026-03-06 10:52:38] INFO: op ←→←←←, 8581
[2026-03-06 10:52:38] INFO: op ←←→←←, 8571
[2026-03-06 10:52:38] INFO: op ←→→←←, 8754
[2026-03-06 10:52:38] INFO: op ←←←→←, 8598
[2026-03-06 10:52:39] INFO: op ←←→→←, 8802
[2026-03-06 10:52:39] INFO: op ←→→→←, 8759
[2026-03-06 10:52:39] INFO: op →←→←←, 6671
[2026-03-06 10:52:39] INFO: op →←←→←, 6706
[2026-03-06 10:52:40] INFO: op →→←→←, 6671
[2026-03-06 10:52:40] INFO: op →←→→←, 6706
[2026-03-06 10:52:40] INFO: op ←→←→←, 5428
[2026-03-06 10:52:40] INFO: [END]
