[2026-03-06 10:50:56] INFO: Logger initialized at log/log301073.log
[2026-03-06 10:50:56] INFO: Test 257th graph in data/list_1775_graphs.g6: [QQE@OTPCOeOH?E?CUGeS?ioBRBGAcoDB?B?@RGGPg`?D_{?TAwB?K@k?@jK_?[q
[2026-03-06 10:50:56] INFO: meta data: 
minimum degree >= 6
independent number >= 2
connected
Not regular
[2026-03-06 10:50:56] INFO: Orientation of [QQE@OTPCOeOH?E?CUGeS?ioBRBGAcoDB?B?@RGGPg`?D_{?TAwB?K@k?@jK_?[q with min semidegree 3:
[0 0 0 0 0 0 0 0 0 0 0 0 0 0 0 0 0 0 0 1 1 0 0 0 0 0 0 1]
[0 0 0 0 0 0 0 0 0 0 0 0 0 0 0 0 0 0 1 0 1 0 0 0 0 0 1 0]
[1 0 0 0 0 0 0 0 0 0 0 0 0 0 0 0 0 0 1 0 0 0 0 0 0 0 1 0]
[0 1 0 0 0 0 0 0 0 0 0 0 0 0 0 0 0 0 0 1 0 0 0 0 0 0 0 1]
[0 1 0 0 0 0 0 0 0 0 0 0 0 0 0 0 0 0 0 0 0 0 1 0 0 1 0 0]
[1 0 0 0 0 0 0 0 0 0 0 0 0 0 0 0 0 0 1 0 0 1 0 0 0 1 0 0]
[1 1 0 0 0 0 0 0 0 0 0 0 0 0 0 0 1 0 0 0 0 0 0 0 0 0 0 0]
[0 0 1 0 1 0 0 0 0 0 0 0 0 0 0 0 0 0 0 0 0 0 0 0 1 0 0 0]
[0 0 0 1 0 1 0 1 0 0 0 0 0 0 0 0 0 0 0 0 0 0 0 0 0 0 0 0]
[0 1 0 0 0 1 0 0 0 0 0 0 0 0 0 0 0 0 0 0 0 0 0 0 1 0 0 0]
[1 0 0 0 1 0 0 0 0 1 0 0 0 0 0 0 0 0 0 0 0 0 0 0 0 0 0 0]
[0 0 1 1 0 0 1 0 0 0 0 0 0 0 0 0 0 0 0 0 0 0 0 0 0 0 0 0]
[0 0 1 0 0 1 0 0 0 0 0 0 0 0 0 0 1 0 0 0 0 0 0 0 0 0 0 0]
[0 0 0 1 1 0 0 0 0 0 0 0 0 0 0 0 1 0 0 0 0 0 0 0 0 0 0 0]
[0 0 1 0 0 0 1 0 1 1 0 0 0 1 0 0 0 0 0 0 0 0 0 0 0 0 0 0]
[0 0 0 1 0 0 1 1 0 0 1 0 1 0 0 0 0 0 0 0 0 0 0 0 0 0 0 0]
[0 0 0 0 0 0 0 0 1 0 1 0 0 0 0 0 0 0 0 0 0 0 0 0 0 0 1 0]
[0 0 0 0 0 0 1 1 0 1 0 0 1 1 0 0 0 0 0 0 0 0 0 0 0 0 0 0]
[0 0 0 0 0 0 0 0 0 0 0 0 0 1 0 1 0 0 0 0 0 0 0 1 0 0 0 0]
[0 0 0 0 1 0 0 0 0 0 0 0 1 0 1 0 0 0 0 0 0 0 0 0 0 0 0 0]
[0 0 0 0 0 0 0 0 0 0 0 0 1 1 0 0 0 0 0 0 0 0 0 1 0 0 0 0]
[0 0 0 0 0 0 0 1 0 0 1 1 0 0 1 0 0 0 0 0 1 0 0 0 0 0 0 0]
[0 0 0 0 0 0 0 0 1 1 0 1 0 0 0 1 0 0 0 0 1 0 0 0 0 0 0 0]
[0 0 0 0 0 0 0 0 1 0 1 1 0 0 0 0 0 1 0 1 0 0 0 0 0 0 0 0]
[0 0 0 0 0 0 0 0 0 0 0 1 0 0 0 0 1 0 1 1 1 0 0 0 0 0 0 0]
[0 0 0 0 0 0 0 0 0 0 0 0 0 0 1 1 0 0 0 0 0 0 0 1 1 0 0 1]
[0 0 0 0 0 0 0 0 0 0 0 0 0 0 0 0 0 1 0 1 0 1 1 0 0 1 0 0]
[0 0 0 0 0 0 0 0 0 0 0 0 0 0 0 0 1 1 1 0 0 1 1 0 0 0 0 0]
[2026-03-06 10:50:57] INFO: op ←←←←←, 15215
[2026-03-06 10:50:57] INFO: op →←←←←, 12414
[2026-03-06 10:50:58] INFO: op →→←←←, 12451
[2026-03-06 10:50:58] INFO: op →→→←←, 12451
[2026-03-06 10:50:58] INFO: op →→→→←, 12414
[2026-03-06 10:50:59] INFO: op ←→←←←, 10564
[2026-03-06 10:50:59] INFO: op ←←→←←, 10424
[2026-03-06 10:50:59] INFO: op ←→→←←, 9969
[2026-03-06 10:51:00] INFO: op ←←←→←, 10379
[2026-03-06 10:51:00] INFO: op ←←→→←, 10245
[2026-03-06 10:51:00] INFO: op ←→→→←, 10523
[2026-03-06 10:51:01] INFO: op →←→←←, 8290
[2026-03-06 10:51:01] INFO: op →←←→←, 8102
[2026-03-06 10:51:01] INFO: op →→←→←, 8290
[2026-03-06 10:51:01] INFO: op →←→→←, 8102
[2026-03-06 10:51:02] INFO: op ←→←→←, 6858
[2026-03-06 10:51:02] INFO: [END]
