[2026-03-06 10:52:59] INFO: Logger initialized at log/log305028.log
[2026-03-06 10:52:59] INFO: Test 370th graph in data/list_1775_graphs.g6: [sLQ@@@G`GH@_C__OGC@?BKWNAOeSOeGoOwcCLP?Ghc@PEA@PoHAIoQK?EQZ?EBW
[2026-03-06 10:52:59] INFO: meta data: 
minimum degree >= 6
independent number >= 2
connected
Not regular
[2026-03-06 10:52:59] INFO: Orientation of [sLQ@@@G`GH@_C__OGC@?BKWNAOeSOeGoOwcCLP?Ghc@PEA@PoHAIoQK?EQZ?EBW with min semidegree 3:
[0 0 0 1 0 0 0 0 0 0 0 0 1 1 0 0 0 0 0 0 0 0 0 0 0 0 0 0]
[1 0 0 0 0 0 0 0 0 0 0 0 0 0 0 0 0 0 0 0 0 0 0 0 0 0 1 1]
[1 0 0 0 0 0 0 0 0 0 0 0 0 0 0 0 0 0 0 0 0 0 0 0 0 0 1 1]
[0 0 0 0 0 0 0 0 0 0 0 0 0 0 0 0 0 0 1 1 1 0 0 0 0 0 0 0]
[0 0 1 1 0 0 0 0 0 0 0 0 0 0 0 0 1 0 0 0 0 0 0 0 0 0 0 0]
[0 1 0 1 0 0 0 0 0 0 0 0 0 0 0 0 0 1 0 0 0 0 0 0 0 0 0 0]
[0 1 0 0 0 0 0 0 0 0 0 0 0 0 0 0 0 1 0 0 0 0 0 1 0 0 0 0]
[0 0 1 0 0 0 0 0 0 0 0 0 0 0 0 0 0 1 0 0 0 0 0 0 1 0 0 0]
[0 1 0 0 0 0 0 1 0 0 0 0 0 0 0 0 0 0 0 0 1 0 0 0 0 0 0 0]
[0 0 1 0 0 0 1 0 0 0 0 0 0 0 0 0 0 0 0 0 0 1 0 0 0 0 0 0]
[0 0 1 0 0 1 0 0 0 0 0 0 0 0 0 0 0 0 0 0 0 0 0 0 0 1 0 0]
[0 1 0 0 1 0 0 0 0 0 1 0 0 0 0 0 0 0 0 0 0 0 0 0 0 0 0 0]
[0 0 0 0 0 0 0 0 0 1 0 0 0 0 0 0 0 0 0 0 0 0 0 0 1 0 0 1]
[0 0 0 0 0 0 1 0 0 0 0 0 0 0 0 0 1 0 0 0 0 0 0 0 0 1 0 0]
[1 0 0 0 0 0 0 1 0 0 0 0 0 0 0 0 0 0 0 0 0 0 1 0 0 0 0 0]
[1 0 0 0 0 0 0 0 1 0 0 0 0 0 0 0 0 0 0 0 0 0 0 0 0 0 1 0]
[0 0 0 0 0 1 0 0 1 1 0 0 0 0 1 0 0 0 0 0 0 0 0 0 0 0 0 0]
[0 0 0 0 1 0 0 0 0 0 0 0 1 0 0 1 0 0 0 0 0 0 0 0 0 0 0 0]
[0 0 0 0 0 0 1 1 0 0 1 0 1 0 0 0 1 0 0 0 0 0 0 0 0 0 0 0]
[0 0 0 0 0 0 1 1 0 0 0 1 0 0 0 1 1 0 0 0 0 0 0 0 0 0 0 0]
[0 0 0 0 0 0 0 0 0 1 1 0 0 0 1 0 0 1 0 0 0 0 0 0 0 0 0 0]
[0 0 0 1 0 0 0 0 1 0 0 1 0 1 0 0 0 1 0 0 0 0 0 0 0 0 0 0]
[0 0 0 0 0 1 0 0 0 1 0 1 0 0 0 1 0 0 1 0 0 0 0 0 0 0 0 0]
[0 0 0 0 1 0 0 0 0 0 1 0 0 0 1 1 0 0 0 0 0 1 0 0 0 0 0 0]
[0 0 0 0 0 1 0 0 0 0 0 1 0 1 0 0 0 0 0 0 1 0 0 1 0 0 0 0]
[0 0 0 0 1 0 0 0 1 0 0 0 1 0 0 0 0 0 0 1 0 0 1 0 0 0 0 0]
[0 0 0 0 0 0 0 0 0 0 0 0 0 0 1 0 0 0 1 0 0 1 0 0 1 1 0 0]
[0 0 0 0 0 0 0 0 0 0 0 0 0 1 0 0 0 0 0 1 1 0 1 1 0 0 0 0]
[2026-03-06 10:53:00] INFO: op ←←←←←, 15265
[2026-03-06 10:53:00] INFO: op →←←←←, 11852
[2026-03-06 10:53:00] INFO: op →→←←←, 11985
[2026-03-06 10:53:01] INFO: op →→→←←, 11985
[2026-03-06 10:53:01] INFO: op →→→→←, 11852
[2026-03-06 10:53:01] INFO: op ←→←←←, 9633
[2026-03-06 10:53:02] INFO: op ←←→←←, 9561
[2026-03-06 10:53:02] INFO: op ←→→←←, 9860
[2026-03-06 10:53:02] INFO: op ←←←→←, 9475
[2026-03-06 10:53:03] INFO: op ←←→→←, 9937
[2026-03-06 10:53:03] INFO: op ←→→→←, 9551
[2026-03-06 10:53:03] INFO: op →←→←←, 7517
[2026-03-06 10:53:04] INFO: op →←←→←, 7554
[2026-03-06 10:53:04] INFO: op →→←→←, 7517
[2026-03-06 10:53:04] INFO: op →←→→←, 7554
[2026-03-06 10:53:04] INFO: op ←→←→←, 6225
[2026-03-06 10:53:04] INFO: [END]
