[2026-03-06 10:53:58] INFO: Logger initialized at log/log307126.log
[2026-03-06 10:53:58] INFO: Test 430th graph in data/list_1775_graphs.g6: W??ACCqBWZ@oB_KPeGpco_He?eQ?rY?rX|?Kn_?uXB_]Bo?
[2026-03-06 10:53:58] INFO: meta data: 
minimum degree >= 6
independent number >= 2
connected
Not regular
[2026-03-06 10:53:58] INFO: Orientation of W??ACCqBWZ@oB_KPeGpco_He?eQ?rY?rX|?Kn_?uXB_]Bo? with min semidegree 3:
[0 0 0 0 0 0 0 0 0 0 0 0 0 0 0 0 0 0 0 0 0 1 1 1]
[0 0 0 0 0 0 0 0 0 0 0 0 0 0 0 0 0 0 1 1 1 0 0 0]
[0 0 0 0 0 0 0 0 0 0 0 0 0 0 0 0 0 0 0 0 1 1 0 1]
[0 0 0 0 0 0 0 0 0 0 0 0 0 0 0 0 0 0 0 0 1 1 0 1]
[0 0 0 0 0 0 0 0 0 0 0 0 0 0 0 0 0 0 0 0 1 1 1 0]
[0 0 0 0 0 0 0 0 0 0 0 0 0 0 0 0 0 0 0 0 1 1 1 0]
[0 1 0 0 0 0 0 1 0 0 0 0 0 0 0 1 0 0 0 0 0 0 0 0]
[1 0 0 0 0 0 0 0 0 1 1 0 0 0 0 0 0 0 0 0 0 0 0 0]
[0 0 1 1 0 0 1 0 0 0 0 0 0 0 0 0 0 0 0 0 0 0 0 0]
[0 0 0 0 1 1 0 0 1 0 0 0 0 0 0 0 0 0 1 1 0 0 0 0]
[0 0 0 0 1 1 0 0 1 0 0 0 0 0 0 0 0 0 0 0 0 0 0 0]
[0 0 0 0 1 1 1 0 0 0 0 0 0 0 0 0 0 0 0 0 0 0 0 0]
[0 0 0 0 1 1 1 0 0 0 0 0 0 0 0 0 0 0 0 0 0 0 0 0]
[0 0 1 1 0 0 0 1 0 0 0 1 1 0 0 0 0 0 0 0 0 0 0 0]
[0 0 1 1 0 0 0 1 0 0 0 1 1 0 0 0 0 0 0 0 0 0 0 0]
[0 0 1 1 0 0 0 0 0 1 1 0 0 0 0 0 0 0 0 0 0 0 0 0]
[1 0 0 0 0 0 0 0 1 0 0 1 1 0 0 1 0 0 0 0 0 0 0 0]
[1 0 0 0 0 0 0 0 1 0 0 1 1 0 0 1 0 0 0 0 0 0 0 0]
[0 0 0 0 0 0 0 0 0 0 1 0 0 1 1 0 1 1 0 0 0 0 0 0]
[0 0 0 0 0 0 0 0 0 0 1 0 0 1 1 0 1 1 0 0 0 0 0 0]
[0 0 0 0 0 0 0 1 0 0 0 0 0 0 0 0 1 1 0 0 0 0 0 0]
[0 0 0 0 0 0 1 0 0 0 0 0 0 0 0 0 0 0 1 1 0 0 0 0]
[0 1 0 0 0 0 0 0 1 0 0 0 0 1 1 1 0 0 0 0 0 0 0 0]
[0 1 0 0 0 0 0 0 0 1 1 1 1 0 0 0 0 0 0 0 0 0 0 0]
[2026-03-06 10:53:59] INFO: op ←←←←←, 13230
[2026-03-06 10:53:59] INFO: op →←←←←, 11090
[2026-03-06 10:53:59] INFO: op →→←←←, 11014
[2026-03-06 10:54:00] INFO: op →→→←←, 11014
[2026-03-06 10:54:00] INFO: op →→→→←, 11090
[2026-03-06 10:54:00] INFO: op ←→←←←, 9399
[2026-03-06 10:54:01] INFO: op ←←→←←, 9464
[2026-03-06 10:54:01] INFO: op ←→→←←, 8848
[2026-03-06 10:54:01] INFO: op ←←←→←, 9394
[2026-03-06 10:54:02] INFO: op ←←→→←, 8781
[2026-03-06 10:54:02] INFO: op ←→→→←, 9429
[2026-03-06 10:54:02] INFO: op →←→←←, 7097
[2026-03-06 10:54:02] INFO: op →←←→←, 7549
[2026-03-06 10:54:03] INFO: op →→←→←, 7097
[2026-03-06 10:54:03] INFO: op →←→→←, 7549
[2026-03-06 10:54:03] INFO: op ←→←→←, 5734
[2026-03-06 10:54:03] INFO: [END]
