[2026-03-06 10:52:43] INFO: Logger initialized at log/log304538.log
[2026-03-06 10:52:43] INFO: Test 356th graph in data/list_1775_graphs.g6: [pTC@?TIac@G`?G?O?A???N{UDoTE_]B?_MPCoc?IpCC`cQOKWKOS`@Q?aH[PA@q
[2026-03-06 10:52:43] INFO: meta data: 
minimum degree >= 6
independent number >= 2
connected
Not regular
[2026-03-06 10:52:43] INFO: Orientation of [pTC@?TIac@G`?G?O?A???N{UDoTE_]B?_MPCoc?IpCC`cQOKWKOS`@Q?aH[PA@q with min semidegree 3:
[0 1 0 0 0 0 0 0 0 0 0 0 0 0 0 0 0 0 0 0 0 0 0 0 0 0 1 1]
[0 0 0 0 1 0 0 0 0 0 0 0 0 0 0 0 0 0 0 0 0 0 0 0 1 1 0 0]
[1 0 0 0 0 0 0 0 0 0 0 0 0 0 0 0 0 0 0 0 1 0 0 1 0 0 0 0]
[0 0 1 0 0 0 0 0 0 0 0 0 0 0 0 0 0 1 0 0 0 0 0 0 0 0 1 0]
[0 0 0 1 0 0 0 0 0 0 0 0 0 0 0 0 0 0 1 0 0 0 0 0 0 0 0 1]
[0 1 0 0 0 0 0 0 0 0 0 0 0 0 0 0 0 1 0 1 0 0 0 0 0 0 0 0]
[1 0 0 0 0 0 0 0 0 0 0 0 0 0 0 0 0 1 1 0 0 0 0 0 0 0 0 0]
[0 0 1 0 0 0 0 0 0 0 0 0 0 0 0 0 0 0 0 1 0 0 1 0 0 0 0 0]
[0 0 0 1 0 1 0 1 0 0 0 0 0 0 0 0 0 0 0 0 0 0 0 0 0 0 0 1]
[0 0 1 0 1 0 1 0 0 0 0 0 0 0 0 0 0 0 0 0 0 0 0 0 0 0 0 0]
[0 1 0 1 0 0 1 0 0 0 0 0 0 0 0 0 0 0 0 0 0 0 0 0 0 0 0 0]
[0 0 0 0 1 0 0 1 0 0 0 0 0 0 0 0 1 0 0 0 0 0 0 0 0 0 0 0]
[1 0 0 0 0 1 0 0 0 0 0 0 0 0 0 0 1 0 0 0 0 0 0 0 0 0 0 0]
[0 0 1 0 0 0 0 0 0 0 0 0 0 0 0 0 1 0 0 0 0 0 0 0 1 0 0 0]
[1 0 0 0 0 0 0 0 0 0 0 0 0 0 0 0 1 0 0 0 0 0 0 1 0 0 0 0]
[0 1 0 0 0 0 0 0 0 0 0 0 0 0 0 0 1 0 0 0 0 0 0 0 0 0 1 0]
[0 0 0 0 0 0 0 0 1 1 1 0 0 0 0 0 0 0 0 0 0 0 0 0 0 0 0 0]
[0 0 0 0 0 0 0 0 0 0 0 1 0 1 1 1 0 0 0 0 0 0 0 0 0 0 0 0]
[0 0 0 0 0 0 0 0 1 0 0 0 1 1 0 1 0 0 0 0 0 0 0 0 0 0 0 0]
[0 0 0 0 1 0 1 0 0 0 0 0 0 1 1 0 0 0 0 0 0 0 0 0 0 0 0 0]
[0 0 0 0 0 0 0 0 0 0 1 1 1 0 0 1 0 0 0 1 0 0 0 0 0 0 0 0]
[0 0 0 1 0 0 1 1 0 0 0 0 1 0 0 1 0 0 0 0 0 0 0 0 0 0 0 0]
[0 0 0 0 0 1 0 0 0 1 1 0 0 0 1 0 0 0 1 0 0 0 0 0 0 0 0 0]
[0 0 0 0 0 1 0 0 0 0 1 1 0 0 0 0 0 0 1 0 0 1 0 0 0 0 0 0]
[0 0 0 0 0 0 0 0 1 1 0 0 0 0 1 0 0 0 0 0 1 1 0 0 0 0 0 0]
[0 0 0 0 0 0 0 1 0 1 0 0 1 0 0 0 0 1 0 0 0 0 0 1 0 0 0 0]
[0 0 0 0 0 0 0 0 0 0 0 1 0 0 0 0 0 0 0 1 0 0 1 0 1 1 0 0]
[0 0 0 0 0 0 0 0 0 0 0 0 0 1 0 0 0 0 0 0 1 1 1 0 0 1 0 0]
[2026-03-06 10:52:44] INFO: op ←←←←←, 15523
[2026-03-06 10:52:44] INFO: op →←←←←, 12052
[2026-03-06 10:52:45] INFO: op →→←←←, 12041
[2026-03-06 10:52:45] INFO: op →→→←←, 12041
[2026-03-06 10:52:45] INFO: op →→→→←, 12052
[2026-03-06 10:52:46] INFO: op ←→←←←, 9571
[2026-03-06 10:52:46] INFO: op ←←→←←, 9539
[2026-03-06 10:52:46] INFO: op ←→→←←, 9857
[2026-03-06 10:52:47] INFO: op ←←←→←, 9449
[2026-03-06 10:52:47] INFO: op ←←→→←, 9848
[2026-03-06 10:52:47] INFO: op ←→→→←, 9649
[2026-03-06 10:52:48] INFO: op →←→←←, 7420
[2026-03-06 10:52:48] INFO: op →←←→←, 7477
[2026-03-06 10:52:48] INFO: op →→←→←, 7420
[2026-03-06 10:52:48] INFO: op →←→→←, 7477
[2026-03-06 10:52:49] INFO: op ←→←→←, 6129
[2026-03-06 10:52:49] INFO: [END]
