[2026-03-06 10:52:16] INFO: Logger initialized at log/log303700.log
[2026-03-06 10:52:17] INFO: Test 333th graph in data/list_1775_graphs.g6: [kCPXX?_H_eCP?__OGAO?AIwChoCl_AmaCCWa@`ACPBgHGUHCECCgGPaKGPPOcHB
[2026-03-06 10:52:17] INFO: meta data: 
minimum degree >= 6
independent number >= 2
connected
Not regular
[2026-03-06 10:52:17] INFO: Orientation of [kCPXX?_H_eCP?__OGAO?AIwChoCl_AmaCCWa@`ACPBgHGUHCECCgGPaKGPPOcHB with min semidegree 3:
[0 0 0 0 0 0 0 0 0 1 0 0 0 0 0 0 0 0 0 0 1 1 0 0 0 0 0 0]
[1 0 0 0 0 0 0 0 0 0 0 0 0 0 0 0 0 0 0 0 0 0 1 1 0 0 0 0]
[0 1 0 0 0 0 0 0 0 0 0 0 0 0 0 0 0 0 0 0 0 0 0 0 1 0 0 1]
[1 0 0 0 0 0 0 0 0 0 0 0 0 0 0 0 0 0 0 0 0 0 0 0 0 1 1 0]
[0 0 0 1 0 0 0 0 0 0 0 0 0 0 0 0 1 0 0 0 0 0 0 0 0 0 0 1]
[0 0 0 1 0 0 0 0 0 0 0 0 0 0 0 0 0 1 0 0 1 0 0 0 0 0 0 0]
[0 0 1 0 1 1 0 0 0 0 0 0 0 0 0 0 0 0 0 0 0 0 0 0 0 0 0 0]
[0 0 1 0 1 1 0 0 0 0 0 0 0 0 0 0 0 0 0 0 0 0 0 0 0 0 0 0]
[0 1 0 0 0 0 0 0 0 0 0 0 0 0 0 0 0 0 0 0 0 0 0 0 0 1 1 0]
[0 0 0 0 0 0 0 0 1 0 0 0 0 0 0 0 0 0 1 0 0 0 0 0 0 0 0 1]
[0 0 1 1 0 0 0 0 0 1 0 0 0 0 0 0 0 0 0 0 0 0 0 0 0 0 0 0]
[0 0 1 1 0 0 0 0 1 0 0 0 0 0 0 0 0 0 0 0 0 0 0 0 0 0 0 0]
[0 1 0 0 0 1 0 0 0 0 0 0 0 0 0 0 0 0 0 1 0 0 0 0 0 0 0 0]
[1 0 0 0 0 0 1 0 0 0 0 0 0 0 0 0 0 0 0 0 0 0 0 1 0 0 0 0]
[1 0 0 0 0 0 0 1 0 0 0 0 0 0 0 0 0 0 0 0 0 0 1 0 0 0 0 0]
[0 1 0 0 1 0 0 0 0 0 0 0 0 0 0 0 0 1 0 0 0 0 0 0 0 0 0 0]
[0 0 0 0 0 0 0 0 1 0 1 0 1 1 1 0 0 0 0 0 0 0 0 0 0 0 0 0]
[0 0 0 0 0 0 0 0 1 0 1 0 0 1 1 0 0 0 0 0 0 0 0 0 0 0 0 0]
[0 0 0 0 0 0 1 0 0 0 0 1 1 0 1 1 0 0 0 0 0 0 0 0 0 0 0 0]
[0 0 0 0 0 0 0 1 0 1 0 1 0 1 0 1 0 0 0 0 0 0 0 0 0 0 0 0]
[0 0 0 0 0 0 0 0 0 0 0 1 0 0 0 1 1 0 0 0 0 0 0 0 0 0 0 0]
[0 0 0 0 1 0 0 0 0 0 0 1 1 0 0 0 0 1 0 0 0 0 0 0 0 0 0 0]
[0 0 0 0 0 0 1 0 0 0 1 0 0 0 0 0 0 0 0 1 1 1 0 0 0 0 0 0]
[0 0 0 0 0 0 0 1 0 0 1 0 0 0 0 0 0 0 1 0 1 1 0 0 0 0 0 0]
[0 0 0 0 0 1 0 0 0 1 0 0 0 0 0 1 1 0 0 0 0 1 0 0 0 0 0 0]
[0 0 0 0 0 0 1 0 0 0 0 0 0 0 1 0 0 0 0 1 0 0 0 1 1 0 0 0]
[0 0 0 0 0 0 0 1 0 0 0 0 0 1 0 0 0 0 1 0 0 0 1 0 1 0 0 0]
[0 0 0 0 0 0 0 0 0 0 0 0 1 0 0 0 0 1 0 0 1 0 0 0 0 1 1 0]
[2026-03-06 10:52:17] INFO: op ←←←←←, 15146
[2026-03-06 10:52:18] INFO: op →←←←←, 12043
[2026-03-06 10:52:18] INFO: op →→←←←, 11969
[2026-03-06 10:52:18] INFO: op →→→←←, 11969
[2026-03-06 10:52:19] INFO: op →→→→←, 12043
[2026-03-06 10:52:19] INFO: op ←→←←←, 9975
[2026-03-06 10:52:19] INFO: op ←←→←←, 9871
[2026-03-06 10:52:20] INFO: op ←→→←←, 9539
[2026-03-06 10:52:20] INFO: op ←←←→←, 9813
[2026-03-06 10:52:20] INFO: op ←←→→←, 9548
[2026-03-06 10:52:21] INFO: op ←→→→←, 9722
[2026-03-06 10:52:21] INFO: op →←→←←, 7460
[2026-03-06 10:52:21] INFO: op →←←→←, 7536
[2026-03-06 10:52:21] INFO: op →→←→←, 7460
[2026-03-06 10:52:22] INFO: op →←→→←, 7536
[2026-03-06 10:52:22] INFO: op ←→←→←, 6210
[2026-03-06 10:52:22] INFO: [END]
