[2026-03-06 10:50:28] INFO: Logger initialized at log/log300091.log
[2026-03-06 10:50:29] INFO: Test 229th graph in data/list_1775_graphs.g6: [Bg`CLI@?owAOa`GQAAA?B?kAHoca`?Ma_QO?YGWb_AH_CWB@`e?bQJAK`cf??[o
[2026-03-06 10:50:29] INFO: meta data: 
minimum degree >= 6
independent number >= 2
connected
Not regular
[2026-03-06 10:50:29] INFO: Orientation of [Bg`CLI@?owAOa`GQAAA?B?kAHoca`?Ma_QO?YGWb_AH_CWB@`e?bQJAK`cf??[o with min semidegree 3:
[0 0 0 0 0 0 0 1 0 0 0 0 0 0 0 0 0 0 0 0 1 0 0 0 0 0 0 1]
[0 0 0 0 0 0 0 0 1 0 0 0 0 0 0 0 0 0 0 0 0 0 0 1 0 0 0 1]
[0 0 0 0 0 0 0 0 0 0 0 0 0 0 0 0 0 0 0 1 1 0 0 0 0 0 0 1]
[0 1 1 0 0 0 0 0 0 0 0 0 0 0 0 0 0 0 0 0 0 0 0 0 0 0 1 0]
[1 0 1 0 0 0 0 0 0 0 0 0 0 0 0 0 0 0 0 0 0 0 0 0 1 0 0 0]
[0 0 1 0 0 0 0 0 0 0 0 0 0 0 0 0 1 0 0 0 0 0 0 0 1 0 0 0]
[0 0 1 0 0 0 0 0 0 0 0 0 0 0 0 0 0 1 0 0 0 0 0 0 0 1 0 0]
[0 0 0 0 0 1 1 0 0 0 0 0 0 0 0 0 0 0 0 0 0 1 0 0 0 0 0 0]
[0 0 0 0 1 0 1 0 0 0 0 0 0 0 0 0 0 0 0 0 0 0 0 0 0 0 1 0]
[0 0 0 0 0 1 0 0 0 0 0 0 0 0 0 0 0 0 1 0 1 0 0 0 0 0 0 0]
[0 0 0 1 1 0 0 0 0 1 0 0 0 0 0 0 0 0 0 0 0 0 0 0 0 1 0 0]
[1 1 0 0 0 0 0 0 0 1 0 0 0 0 0 0 0 0 0 0 0 0 0 0 1 0 0 0]
[0 1 0 0 0 0 1 0 0 0 1 0 0 0 0 0 0 0 0 0 0 0 0 0 0 0 0 0]
[1 0 0 0 0 1 0 0 1 0 0 0 0 0 0 0 0 0 0 0 0 0 0 0 0 0 0 0]
[1 0 0 1 0 0 0 0 0 1 0 0 0 0 0 0 0 0 0 0 0 0 0 0 0 0 0 0]
[0 1 0 0 0 0 0 1 0 0 0 0 0 0 0 0 1 0 0 0 0 0 0 0 0 0 0 0]
[0 0 0 0 1 0 0 0 0 0 0 0 1 0 1 0 0 0 0 0 0 0 0 0 0 0 1 0]
[0 0 0 0 0 0 0 0 0 0 1 0 0 1 1 1 0 0 0 0 0 0 0 0 0 0 0 0]
[0 0 0 1 0 0 1 0 0 0 0 0 0 1 0 1 0 0 0 0 0 0 0 0 0 0 0 0]
[0 0 0 0 0 0 0 0 0 0 0 1 1 1 0 1 0 0 0 0 0 0 0 0 0 0 0 0]
[0 0 0 0 0 0 0 0 0 0 0 0 1 0 0 1 0 0 0 0 0 0 0 0 0 1 0 0]
[0 0 0 0 0 0 0 0 1 0 1 0 0 0 1 0 0 0 0 1 1 0 0 0 0 0 0 0]
[0 0 0 1 0 0 0 1 1 1 0 0 0 0 0 0 0 0 0 1 0 0 0 0 0 0 0 0]
[0 0 0 0 1 1 0 0 0 0 0 0 0 0 1 0 0 0 1 1 0 0 0 0 0 0 0 0]
[0 0 0 0 0 0 0 0 0 0 0 0 1 0 0 0 0 1 1 0 0 1 1 0 0 0 0 0]
[0 0 0 0 0 0 0 0 0 0 0 1 0 1 0 0 1 0 0 0 0 0 1 1 0 0 0 0]
[0 0 0 0 0 0 0 1 0 0 0 1 0 0 0 0 0 1 0 0 1 0 0 1 0 0 0 0]
[0 0 0 0 0 0 0 0 0 0 0 0 0 0 0 0 1 1 1 0 0 1 1 0 0 0 0 0]
[2026-03-06 10:50:29] INFO: op ←←←←←, 15418
[2026-03-06 10:50:29] INFO: op →←←←←, 11980
[2026-03-06 10:50:30] INFO: op →→←←←, 12145
[2026-03-06 10:50:30] INFO: op →→→←←, 12145
[2026-03-06 10:50:31] INFO: op →→→→←, 11980
[2026-03-06 10:50:31] INFO: op ←→←←←, 9666
[2026-03-06 10:50:31] INFO: op ←←→←←, 9728
[2026-03-06 10:50:32] INFO: op ←→→←←, 9736
[2026-03-06 10:50:32] INFO: op ←←←→←, 9624
[2026-03-06 10:50:32] INFO: op ←←→→←, 9834
[2026-03-06 10:50:32] INFO: op ←→→→←, 9672
[2026-03-06 10:50:33] INFO: op →←→←←, 7415
[2026-03-06 10:50:33] INFO: op →←←→←, 7546
[2026-03-06 10:50:33] INFO: op →→←→←, 7415
[2026-03-06 10:50:33] INFO: op →←→→←, 7546
[2026-03-06 10:50:34] INFO: op ←→←→←, 5963
[2026-03-06 10:50:34] INFO: [END]
