[2026-03-06 10:52:09] INFO: Logger initialized at log/log303453.log
[2026-03-06 10:52:09] INFO: Test 325th graph in data/list_1775_graphs.g6: [iP???CCP?CG@EAweOCPLg?QODCbODD_@@gcOnA?ODM`hDgDqEAE@aW@q`S@K_kA
[2026-03-06 10:52:09] INFO: meta data: 
minimum degree >= 6
independent number >= 2
connected
Not regular
[2026-03-06 10:52:09] INFO: Orientation of [iP???CCP?CG@EAweOCPLg?QODCbODD_@@gcOnA?ODM`hDgDqEAE@aW@q`S@K_kA with min semidegree 3:
[0 0 0 0 0 0 0 0 0 0 0 0 0 0 0 1 1 1 0 0 0 0 0 0 0 0 0 0]
[1 0 0 0 0 0 0 0 0 0 0 0 0 0 0 0 0 0 0 0 1 1 0 0 0 0 0 0]
[0 1 0 0 0 0 0 0 0 0 0 0 0 0 0 0 0 0 0 1 0 0 0 0 0 0 0 1]
[0 1 0 0 0 0 0 0 0 0 0 0 0 0 0 0 0 0 0 0 0 0 0 0 1 1 0 0]
[0 1 0 0 0 0 0 0 0 0 0 0 0 0 0 0 0 0 0 0 0 0 1 1 0 0 0 0]
[0 1 0 0 0 0 0 0 0 0 0 0 0 0 0 0 0 0 0 0 0 0 0 1 1 0 0 1]
[0 0 0 0 0 0 0 0 0 0 0 0 0 0 0 0 0 0 0 0 0 1 0 0 1 0 1 1]
[0 0 0 0 0 0 0 0 0 0 0 0 0 1 0 0 0 0 1 0 0 0 0 1 0 0 0 0]
[0 0 0 0 0 1 0 0 0 0 0 0 0 0 0 0 0 0 1 1 0 0 0 0 0 0 0 0]
[0 0 0 1 0 0 0 1 0 0 0 0 0 0 0 0 0 0 0 0 0 0 0 0 0 0 1 0]
[0 0 1 0 0 0 0 0 0 0 0 0 0 0 0 0 0 0 1 0 1 0 0 0 0 0 0 0]
[0 0 1 0 0 0 0 1 0 0 0 0 0 0 0 0 0 0 0 0 0 0 0 0 0 1 0 0]
[0 0 0 0 0 1 0 0 0 1 1 0 0 0 0 0 0 0 0 0 0 0 0 0 0 0 0 0]
[0 0 0 0 1 0 1 0 1 0 0 0 1 0 0 0 0 0 0 0 0 0 0 0 0 0 0 0]
[0 0 1 1 0 0 1 0 0 0 0 0 0 0 0 0 0 0 0 0 0 0 0 0 0 0 0 0]
[0 0 0 0 1 0 0 0 1 0 0 1 1 0 1 0 0 0 0 0 0 0 0 0 0 0 0 0]
[0 0 1 0 0 0 0 0 0 0 0 0 0 1 0 0 0 0 0 0 0 0 0 0 0 0 1 0]
[0 0 0 1 0 0 0 0 0 0 0 1 0 1 0 0 0 0 0 0 0 0 0 0 0 0 0 0]
[1 0 0 1 0 0 0 0 0 0 0 0 0 0 0 0 0 0 0 0 0 0 1 0 0 0 0 0]
[1 0 0 0 0 0 1 0 0 1 0 0 0 0 0 0 0 0 0 0 0 0 0 0 0 0 0 0]
[0 0 0 0 0 0 0 1 1 0 0 0 0 0 1 0 0 1 0 0 0 0 0 0 0 0 0 0]
[0 0 0 0 0 0 0 0 1 1 1 1 0 0 0 0 1 0 0 0 0 0 0 0 0 0 0 0]
[0 0 0 0 0 0 0 0 0 0 0 0 1 0 1 0 0 1 0 1 0 1 0 0 0 0 0 0]
[0 0 0 0 0 0 0 0 0 0 1 0 0 0 1 0 1 1 0 1 0 0 0 0 0 0 0 0]
[0 0 0 0 0 0 0 1 0 0 1 0 0 0 0 1 1 0 0 0 0 0 1 0 0 0 0 0]
[0 0 0 0 1 0 0 0 0 0 0 0 1 0 0 0 1 0 0 1 1 0 0 0 0 0 0 0]
[0 0 0 0 1 1 0 0 0 0 0 1 0 0 0 0 0 0 1 0 1 0 0 0 0 0 0 0]
[0 0 0 0 0 0 0 0 0 1 0 0 0 0 0 1 0 1 1 0 0 0 0 0 0 1 0 0]
[2026-03-06 10:52:09] INFO: op ←←←←←, 15099
[2026-03-06 10:52:10] INFO: op →←←←←, 11966
[2026-03-06 10:52:10] INFO: op →→←←←, 11993
[2026-03-06 10:52:10] INFO: op →→→←←, 11993
[2026-03-06 10:52:11] INFO: op →→→→←, 11966
[2026-03-06 10:52:11] INFO: op ←→←←←, 9887
[2026-03-06 10:52:11] INFO: op ←←→←←, 9608
[2026-03-06 10:52:12] INFO: op ←→→←←, 9466
[2026-03-06 10:52:12] INFO: op ←←←→←, 9819
[2026-03-06 10:52:12] INFO: op ←←→→←, 9434
[2026-03-06 10:52:13] INFO: op ←→→→←, 9612
[2026-03-06 10:52:13] INFO: op →←→←←, 7958
[2026-03-06 10:52:13] INFO: op →←←→←, 7627
[2026-03-06 10:52:13] INFO: op →→←→←, 7958
[2026-03-06 10:52:14] INFO: op →←→→←, 7627
[2026-03-06 10:52:14] INFO: op ←→←→←, 6971
[2026-03-06 10:52:14] INFO: [END]
