[2026-03-06 10:53:31] INFO: Logger initialized at log/log306008.log
[2026-03-06 10:53:31] INFO: Test 398th graph in data/list_1775_graphs.g6: U?CcQJK?wK@GB??J?BakBiOXO]L?{bcFApB_{F_?
[2026-03-06 10:53:31] INFO: meta data: 
minimum degree >= 6
independent number >= 2
connected
Not regular
[2026-03-06 10:53:31] INFO: Orientation of U?CcQJK?wK@GB??J?BakBiOXO]L?{bcFApB_{F_? with min semidegree 3:
[0 0 0 0 0 0 0 0 0 0 0 0 0 0 0 0 1 0 1 0 1 0]
[0 0 0 0 0 0 0 0 0 0 0 0 0 0 0 0 0 1 0 1 0 1]
[0 0 0 0 0 0 0 0 0 0 0 0 0 0 0 0 1 0 1 1 0 0]
[0 0 0 0 0 0 0 0 0 0 0 0 0 0 0 0 0 1 0 1 1 0]
[0 0 0 1 0 0 0 0 1 0 0 0 0 0 0 0 1 0 0 0 0 0]
[0 0 1 0 0 0 0 0 0 0 1 0 0 0 0 1 0 0 0 0 0 0]
[1 0 0 0 1 0 0 0 0 0 0 0 0 0 0 1 0 0 0 0 0 0]
[0 1 0 0 0 1 0 0 0 0 0 0 0 0 0 0 0 0 0 0 1 0]
[1 1 0 0 0 1 0 0 0 0 0 0 0 0 0 0 0 0 0 0 0 0]
[0 0 0 0 0 0 1 1 1 0 0 0 0 0 0 0 0 0 0 0 0 0]
[0 0 0 0 0 0 1 0 0 0 0 0 0 0 0 0 0 1 0 0 0 1]
[0 0 0 0 1 0 0 1 0 0 0 0 0 0 0 0 0 0 1 0 0 0]
[0 0 0 0 1 1 0 0 0 0 0 0 0 0 0 0 0 0 0 0 0 1]
[0 0 0 0 0 0 0 0 1 0 1 1 0 0 0 0 0 0 0 0 0 0]
[0 0 0 0 0 0 0 0 0 1 1 1 0 0 0 0 0 0 0 0 0 0]
[0 1 0 1 0 0 0 0 0 0 0 0 0 1 1 0 0 0 0 0 0 0]
[0 0 0 0 0 0 0 1 0 0 0 0 0 1 1 0 0 0 0 0 0 0]
[0 0 0 0 0 0 0 0 0 1 0 1 1 0 0 0 1 0 0 0 0 0]
[0 0 0 0 0 0 0 0 0 1 1 0 1 0 0 1 0 0 0 0 0 0]
[0 0 0 0 0 0 1 0 0 0 0 0 1 1 1 0 0 0 0 0 0 0]
[0 0 1 0 0 0 0 0 0 0 0 0 1 1 1 0 0 0 0 0 0 0]
[1 0 1 1 0 0 0 0 0 1 0 1 0 0 0 0 0 0 0 0 0 0]
[2026-03-06 10:53:31] INFO: op ←←←←←, 6983
[2026-03-06 10:53:31] INFO: op →←←←←, 5098
[2026-03-06 10:53:32] INFO: op →→←←←, 5241
[2026-03-06 10:53:32] INFO: op →→→←←, 5241
[2026-03-06 10:53:32] INFO: op →→→→←, 5098
[2026-03-06 10:53:32] INFO: op ←→←←←, 3851
[2026-03-06 10:53:32] INFO: op ←←→←←, 3728
[2026-03-06 10:53:32] INFO: op ←→→←←, 3687
[2026-03-06 10:53:32] INFO: op ←←←→←, 3828
[2026-03-06 10:53:32] INFO: op ←←→→←, 3687
[2026-03-06 10:53:33] INFO: op ←→→→←, 3821
[2026-03-06 10:53:33] INFO: op →←→←←, 2825
[2026-03-06 10:53:33] INFO: op →←←→←, 2638
[2026-03-06 10:53:33] INFO: op →→←→←, 2825
[2026-03-06 10:53:33] INFO: op →←→→←, 2638
[2026-03-06 10:53:33] INFO: op ←→←→←, 2177
[2026-03-06 10:53:33] INFO: [END]
