[2026-03-06 10:52:38] INFO: Logger initialized at log/log304400.log
[2026-03-06 10:52:38] INFO: Test 353th graph in data/list_1775_graphs.g6: [oCOZAA`COOOc?@R@M?Es@Y_P{@CCICFGgCXS@MaGPDHCIOKDARSKOgC`s?hPe?o
[2026-03-06 10:52:38] INFO: meta data: 
minimum degree >= 6
independent number >= 2
connected
Not regular
[2026-03-06 10:52:38] INFO: Orientation of [oCOZAA`COOOc?@R@M?Es@Y_P{@CCICFGgCXS@MaGPDHCIOKDARSKOgC`s?hPe?o with min semidegree 3:
[0 1 1 0 0 0 0 0 1 0 0 0 0 0 0 0 0 0 0 0 0 0 0 0 0 0 0 0]
[0 0 0 0 0 0 0 0 0 0 0 0 0 0 0 0 0 0 0 1 0 1 0 0 0 1 0 0]
[0 0 0 0 0 0 0 0 0 0 0 0 0 0 0 0 0 0 0 0 1 0 0 0 1 0 0 1]
[0 0 0 0 0 0 0 0 0 0 0 0 0 0 0 0 0 1 0 0 0 1 0 0 1 0 0 0]
[0 0 0 1 0 0 0 0 0 0 0 0 0 0 0 0 0 0 0 0 0 0 0 1 0 0 0 1]
[0 0 0 1 0 0 0 0 0 0 0 0 0 0 0 0 0 0 0 0 0 0 1 0 0 0 1 0]
[0 0 0 0 1 1 0 0 0 0 0 0 0 0 0 0 0 0 1 0 0 0 0 0 0 0 0 0]
[0 1 1 0 0 0 0 0 0 0 0 0 0 0 0 0 1 0 0 0 0 0 0 0 0 0 0 0]
[0 0 0 0 0 0 1 0 0 0 0 0 0 0 0 0 1 0 0 0 0 0 0 0 0 1 0 0]
[1 0 0 0 0 1 0 0 0 0 0 0 0 0 0 0 0 0 0 0 0 0 0 0 1 0 0 0]
[1 0 0 0 1 0 0 0 0 0 0 0 0 0 0 0 0 0 0 0 0 0 0 0 0 0 1 0]
[1 0 0 0 0 0 1 0 0 0 0 0 0 0 0 0 0 0 0 0 0 0 0 0 0 0 1 0]
[1 0 0 1 0 0 0 0 0 0 0 0 0 0 0 0 0 0 0 0 0 0 0 0 0 0 0 1]
[0 0 0 0 0 1 0 1 0 0 1 1 0 0 0 0 0 0 0 0 0 0 0 0 0 0 0 0]
[0 0 0 0 1 0 0 1 1 1 0 0 0 0 0 0 0 0 0 0 0 0 0 0 0 0 0 0]
[0 0 0 0 0 0 1 1 0 1 1 0 1 0 0 0 0 0 0 0 0 0 0 0 0 0 0 0]
[0 0 0 0 0 1 0 0 0 0 1 0 1 0 0 0 0 0 0 0 0 0 0 0 0 0 0 0]
[0 0 0 0 0 0 0 1 1 1 1 1 0 0 0 0 0 0 0 0 0 0 0 0 0 0 0 0]
[0 0 1 0 0 0 0 0 0 0 0 0 1 0 0 0 0 1 0 0 0 0 0 0 0 0 0 0]
[0 0 0 0 0 0 1 0 0 0 0 0 1 1 1 0 0 1 0 0 0 0 0 0 0 0 0 0]
[0 0 0 0 1 0 0 0 0 0 0 1 0 0 0 1 1 0 0 1 0 0 0 0 0 0 0 0]
[0 0 0 0 0 0 0 0 0 0 0 1 0 0 1 1 1 0 1 0 0 0 0 0 0 0 0 0]
[0 1 0 0 0 0 0 0 0 0 1 0 0 0 1 0 0 0 1 0 1 0 0 0 0 0 0 0]
[0 1 0 0 0 0 0 0 1 0 0 0 0 1 0 1 0 0 1 0 0 0 0 0 0 0 0 0]
[0 0 0 0 0 0 0 0 0 0 0 1 0 0 0 0 1 0 0 1 0 0 1 1 0 0 0 0]
[0 0 0 1 0 0 0 0 0 1 0 0 0 1 0 0 0 0 1 0 1 0 0 0 0 0 0 0]
[0 0 1 0 0 0 0 0 0 0 0 0 1 0 1 0 0 0 0 0 0 0 0 1 0 1 0 0]
[0 0 0 0 0 0 0 0 1 1 0 0 0 1 0 0 0 0 0 0 0 1 1 0 0 0 0 0]
[2026-03-06 10:52:38] INFO: op ←←←←←, 17486
[2026-03-06 10:52:39] INFO: op →←←←←, 14285
[2026-03-06 10:52:39] INFO: op →→←←←, 14258
[2026-03-06 10:52:40] INFO: op →→→←←, 14258
[2026-03-06 10:52:40] INFO: op →→→→←, 14285
[2026-03-06 10:52:41] INFO: op ←→←←←, 12060
[2026-03-06 10:52:41] INFO: op ←←→←←, 11944
[2026-03-06 10:52:41] INFO: op ←→→←←, 11810
[2026-03-06 10:52:42] INFO: op ←←←→←, 12053
[2026-03-06 10:52:42] INFO: op ←←→→←, 11788
[2026-03-06 10:52:43] INFO: op ←→→→←, 11712
[2026-03-06 10:52:43] INFO: op →←→←←, 10071
[2026-03-06 10:52:43] INFO: op →←←→←, 9832
[2026-03-06 10:52:44] INFO: op →→←→←, 10071
[2026-03-06 10:52:44] INFO: op →←→→←, 9832
[2026-03-06 10:52:44] INFO: op ←→←→←, 8975
[2026-03-06 10:52:44] INFO: [END]
