[2026-03-06 10:54:31] INFO: Logger initialized at log/log308143.log
[2026-03-06 10:54:31] INFO: Test 459th graph in data/list_1775_graphs.g6: Z?C@XW_GEhxeo{o?W?F_?BCCKOOXb?Xb?R`kCwZ?EWe?@a]K?zBK?zBYW@w?
[2026-03-06 10:54:31] INFO: meta data: 
minimum degree >= 6
independent number >= 2
connected
Not regular
[2026-03-06 10:54:31] INFO: Orientation of Z?C@XW_GEhxeo{o?W?F_?BCCKOOXb?Xb?R`kCwZ?EWe?@a]K?zBK?zBYW@w? with min semidegree 3:
[0 0 0 0 0 0 0 0 0 0 1 1 0 0 0 0 0 0 0 0 0 0 0 0 0 0 1]
[0 0 0 0 0 0 0 0 0 0 1 0 1 0 0 0 0 0 0 0 0 0 0 0 0 0 1]
[0 0 0 0 0 0 1 0 0 0 0 0 0 0 0 0 0 0 0 0 0 0 0 0 1 1 0]
[0 0 0 0 0 0 0 0 0 0 0 0 0 0 0 0 0 0 0 0 1 1 0 0 1 1 1]
[0 0 0 1 0 0 0 0 0 0 0 0 0 0 0 0 1 1 0 0 0 0 0 0 0 0 0]
[0 0 0 0 0 0 0 0 0 0 1 0 0 0 0 0 0 0 1 1 0 0 0 0 0 0 0]
[0 0 0 0 1 1 0 0 0 0 0 0 0 0 0 0 0 0 0 0 0 0 1 0 0 0 0]
[0 0 1 0 1 1 0 0 0 0 0 0 0 0 0 0 0 0 0 0 0 0 0 0 0 0 0]
[0 0 1 0 0 0 0 0 0 0 0 0 0 0 0 0 0 0 0 0 1 1 0 0 0 0 0]
[0 0 1 0 0 0 0 0 0 0 0 0 0 0 0 0 0 0 1 1 0 0 0 0 0 0 0]
[0 0 0 1 0 0 0 0 1 1 0 0 0 0 0 0 0 0 0 0 0 0 0 1 0 0 0]
[0 1 0 0 1 1 0 0 1 1 0 0 0 0 0 0 0 0 0 0 0 0 0 0 0 0 0]
[1 0 0 0 0 0 1 1 1 1 0 0 0 0 0 0 0 0 0 0 0 0 0 0 0 0 0]
[1 1 0 0 0 0 0 0 0 0 0 0 0 0 0 0 0 0 0 0 0 0 0 0 1 0 0]
[1 1 0 0 0 0 0 0 0 0 0 0 0 0 0 0 0 0 0 0 0 0 0 0 0 1 0]
[1 1 1 1 0 0 0 0 0 0 0 0 0 0 0 0 0 0 0 0 0 0 0 0 0 0 0]
[0 0 0 0 0 1 0 0 0 1 0 0 0 0 0 1 0 0 0 0 0 0 0 0 0 0 0]
[0 0 0 0 0 1 0 0 0 1 0 0 0 0 0 1 0 0 0 0 0 0 0 0 0 0 0]
[0 0 0 0 1 0 0 0 1 0 0 0 0 1 1 0 0 0 0 0 0 0 0 0 0 0 0]
[0 0 0 0 1 0 0 0 1 0 0 0 0 1 1 0 0 0 0 0 0 0 0 0 0 0 0]
[0 0 0 0 0 0 1 1 0 0 0 0 0 1 1 0 1 1 0 0 0 0 0 0 0 0 0]
[0 0 0 0 0 0 1 1 0 0 0 0 0 1 1 0 1 1 0 0 0 0 0 0 0 0 0]
[0 0 0 0 0 0 0 1 0 0 1 1 0 0 0 1 0 0 1 1 0 0 0 0 0 0 0]
[0 0 0 0 0 0 0 0 0 0 0 1 0 0 0 1 0 0 1 1 1 1 0 0 0 0 0]
[0 0 0 0 0 0 0 0 0 0 0 0 1 0 1 0 1 1 0 0 0 0 1 1 0 0 0]
[0 0 0 0 0 0 0 0 0 0 0 0 1 1 0 0 1 1 0 0 0 0 1 1 0 0 0]
[0 0 0 0 0 0 1 1 0 0 0 0 0 0 0 0 1 1 1 1 0 0 0 0 0 0 0]
[2026-03-06 10:54:32] INFO: op ←←←←←, 21947
[2026-03-06 10:54:33] INFO: op →←←←←, 19288
[2026-03-06 10:54:33] INFO: op →→←←←, 18735
[2026-03-06 10:54:34] INFO: op →→→←←, 18735
[2026-03-06 10:54:34] INFO: op →→→→←, 19288
[2026-03-06 10:54:35] INFO: op ←→←←←, 17860
[2026-03-06 10:54:36] INFO: op ←←→←←, 17343
[2026-03-06 10:54:36] INFO: op ←→→←←, 16784
[2026-03-06 10:54:37] INFO: op ←←←→←, 17090
[2026-03-06 10:54:37] INFO: op ←←→→←, 17343
[2026-03-06 10:54:38] INFO: op ←→→→←, 17102
[2026-03-06 10:54:38] INFO: op →←→←←, 15907
[2026-03-06 10:54:39] INFO: op →←←→←, 14782
[2026-03-06 10:54:39] INFO: op →→←→←, 15907
[2026-03-06 10:54:40] INFO: op →←→→←, 14782
[2026-03-06 10:54:40] INFO: op ←→←→←, 14739
[2026-03-06 10:54:40] INFO: [END]
