[2026-03-06 10:52:50] INFO: Logger initialized at log/log304781.log
[2026-03-06 10:52:50] INFO: Test 363th graph in data/list_1775_graphs.g6: [r??GOBBC?C?O?C?QYrXR_Lo_zA@y?`{AD@@a_OOiOObP@CQ`@IHO_ddOOTAIGGh
[2026-03-06 10:52:50] INFO: meta data: 
minimum degree >= 6
independent number >= 2
connected
Not regular
[2026-03-06 10:52:50] INFO: Orientation of [r??GOBBC?C?O?C?QYrXR_Lo_zA@y?`{AD@@a_OOiOObP@CQ`@IHO_ddOOTAIGGh with min semidegree 3:
[0 0 0 0 0 0 0 0 0 0 0 0 0 0 1 0 1 0 0 0 1 0 0 0 0 0 0 0]
[1 0 0 0 0 0 0 0 0 0 0 0 0 0 0 0 0 0 1 0 0 0 0 0 1 0 0 0]
[1 0 0 0 0 0 0 0 0 0 0 0 0 0 0 0 0 1 0 0 0 0 0 0 0 1 0 0]
[0 1 1 0 0 0 0 0 0 0 0 0 0 0 0 0 0 0 0 1 0 0 0 0 0 0 0 0]
[0 0 0 0 0 0 0 0 0 0 0 0 0 0 0 0 0 0 0 0 0 0 0 1 1 0 1 0]
[0 0 0 0 0 0 0 0 0 0 0 0 0 0 0 0 0 0 0 0 0 0 1 0 0 1 0 1]
[0 0 0 0 0 1 0 0 0 0 0 0 0 0 1 0 0 0 0 0 0 0 0 0 0 0 1 0]
[0 0 0 0 1 0 0 0 0 0 0 0 0 0 0 0 0 0 0 0 0 0 0 0 0 1 0 1]
[0 0 0 0 0 0 1 1 0 0 0 0 0 0 0 1 0 0 0 0 0 0 0 0 0 0 0 0]
[0 0 0 0 1 1 0 0 0 0 0 0 0 0 0 0 1 0 0 0 0 0 0 0 0 0 0 0]
[1 0 0 0 0 0 0 0 0 0 0 0 0 0 0 1 0 1 0 0 0 0 0 0 0 0 0 0]
[0 0 1 0 0 0 0 0 0 0 0 0 0 0 0 0 1 0 0 0 0 0 0 0 0 0 0 1]
[0 1 0 0 0 0 0 0 0 0 0 0 0 0 0 0 0 1 0 1 0 0 0 0 0 0 0 0]
[0 0 0 1 0 0 0 0 0 0 0 0 0 0 0 1 0 0 1 0 0 0 0 0 0 0 0 0]
[0 0 0 1 0 0 0 1 0 1 0 1 1 0 0 0 0 0 0 0 0 0 0 0 0 0 0 0]
[0 1 1 0 1 1 0 0 0 0 0 0 0 0 1 0 0 0 0 0 0 0 0 0 0 0 0 0]
[0 0 0 0 0 0 0 0 1 0 0 0 1 1 0 0 0 0 0 0 0 0 0 0 0 0 0 0]
[0 0 0 0 0 0 0 0 1 1 0 0 0 1 0 0 0 0 0 0 0 0 0 0 0 0 0 0]
[0 0 0 0 0 0 0 0 1 1 1 1 0 0 0 0 0 0 0 0 0 0 0 0 0 0 0 0]
[0 0 0 0 0 0 0 0 1 1 1 1 0 0 0 0 0 0 0 0 0 0 0 0 0 0 0 0]
[0 0 0 0 0 1 0 1 0 0 0 0 0 1 0 0 0 0 0 1 0 0 0 0 0 0 0 0]
[1 0 0 0 1 0 1 0 0 0 0 0 0 1 0 0 0 0 0 1 0 0 0 0 0 0 0 0]
[0 0 0 1 0 0 0 1 0 0 1 0 0 0 0 0 1 0 0 0 0 1 0 0 0 0 0 0]
[0 0 0 1 0 0 1 0 0 0 1 0 0 0 0 0 1 0 0 0 1 0 0 0 0 0 0 0]
[0 0 0 0 0 0 1 0 0 0 0 1 0 0 0 0 0 1 0 0 1 0 1 0 0 0 0 0]
[0 0 0 0 0 0 0 0 0 0 0 0 1 0 0 0 0 0 1 0 0 1 0 1 1 0 0 0]
[0 0 1 0 0 0 0 0 0 0 0 0 1 0 0 0 0 0 1 0 1 0 1 0 0 0 0 0]
[0 1 0 0 0 0 0 0 0 0 0 0 0 0 0 0 0 1 0 0 0 1 0 1 0 0 1 0]
[2026-03-06 10:52:51] INFO: op ←←←←←, 15931
[2026-03-06 10:52:51] INFO: op →←←←←, 12584
[2026-03-06 10:52:52] INFO: op →→←←←, 12591
[2026-03-06 10:52:52] INFO: op →→→←←, 12591
[2026-03-06 10:52:52] INFO: op →→→→←, 12584
[2026-03-06 10:52:53] INFO: op ←→←←←, 10375
[2026-03-06 10:52:53] INFO: op ←←→←←, 10073
[2026-03-06 10:52:53] INFO: op ←→→←←, 10188
[2026-03-06 10:52:54] INFO: op ←←←→←, 10162
[2026-03-06 10:52:54] INFO: op ←←→→←, 10181
[2026-03-06 10:52:54] INFO: op ←→→→←, 10112
[2026-03-06 10:52:55] INFO: op →←→←←, 8091
[2026-03-06 10:52:55] INFO: op →←←→←, 7915
[2026-03-06 10:52:55] INFO: op →→←→←, 8091
[2026-03-06 10:52:55] INFO: op →←→→←, 7915
[2026-03-06 10:52:56] INFO: op ←→←→←, 6600
[2026-03-06 10:52:56] INFO: [END]
