[2026-03-06 10:54:04] INFO: Logger initialized at log/log307338.log
[2026-03-06 10:54:05] INFO: Test 436th graph in data/list_1775_graphs.g6: X@G?@Cexe@A`CAB_`OoQKqO?\G@?KW@bw@u?oWW_kOpy?MSv_?w
[2026-03-06 10:54:05] INFO: meta data: 
minimum degree >= 6
independent number >= 2
connected
Not regular
[2026-03-06 10:54:05] INFO: Orientation of X@G?@Cexe@A`CAB_`OoQKqO?\G@?KW@bw@u?oWW_kOpy?MSv_?w with min semidegree 3:
[0 0 0 0 0 0 0 0 0 0 0 0 0 0 0 0 0 0 0 0 0 1 0 1 1]
[0 0 0 0 0 0 0 0 0 0 0 0 0 0 0 0 0 0 0 0 0 1 0 1 1]
[0 0 0 1 0 0 0 0 0 1 0 0 0 0 0 0 0 0 1 0 0 0 0 0 0]
[0 0 0 0 0 0 0 0 0 0 0 0 0 0 0 0 0 1 0 0 0 0 1 1 0]
[0 0 1 0 0 0 0 0 0 0 0 0 0 0 0 0 1 0 0 0 0 0 0 0 1]
[0 0 0 0 0 0 0 0 1 0 0 0 0 0 0 0 0 1 0 0 0 0 1 0 0]
[0 0 0 0 0 0 0 0 0 1 0 0 0 0 0 0 0 0 0 0 0 0 1 0 1]
[0 0 1 0 0 0 1 0 0 0 0 0 0 0 0 0 1 0 0 0 0 0 0 0 0]
[0 0 1 0 0 0 1 0 0 0 0 0 0 0 0 0 0 0 0 1 0 0 0 0 0]
[1 1 0 0 0 1 0 0 0 0 0 0 0 0 0 0 0 0 0 0 0 0 0 0 0]
[1 1 0 0 0 0 0 0 1 0 0 0 0 0 0 0 0 0 0 0 0 0 0 0 0]
[0 0 0 1 0 1 0 0 0 0 1 0 0 0 0 0 0 0 0 0 0 0 0 0 0]
[0 0 0 1 0 0 0 0 0 0 1 0 0 0 0 0 0 0 1 0 0 0 0 0 0]
[0 0 0 0 1 1 1 0 0 0 0 0 1 0 0 0 0 0 0 0 0 0 0 0 0]
[0 0 0 0 1 0 1 0 0 0 0 1 1 0 0 0 0 0 0 0 0 0 0 0 0]
[0 0 0 0 1 0 0 1 0 0 0 1 1 0 0 0 0 0 0 0 0 0 0 0 0]
[1 1 0 0 0 0 0 0 0 0 0 0 0 0 0 0 0 0 0 1 0 0 0 0 0]
[0 0 0 0 1 0 0 1 0 0 1 0 0 0 0 0 0 0 0 0 0 0 0 0 0]
[0 0 0 0 0 0 0 0 0 0 0 1 0 0 0 0 1 1 0 0 0 0 0 0 0]
[0 0 0 0 0 0 0 0 0 1 0 0 0 1 1 1 0 1 0 0 0 0 0 0 0]
[0 0 0 0 0 0 0 1 1 1 0 1 1 0 0 0 0 0 0 0 0 0 0 0 0]
[0 0 0 0 0 0 0 1 1 0 0 0 0 1 1 0 0 0 1 0 0 0 0 0 0]
[0 0 0 0 0 0 0 0 0 0 1 0 0 0 0 1 1 0 0 0 1 1 0 0 0]
[0 0 0 0 0 0 0 0 0 0 0 0 0 1 1 1 0 0 1 0 1 0 0 0 0]
[0 0 0 1 0 1 0 0 0 0 0 0 0 0 0 0 0 0 1 1 1 0 0 0 0]
[2026-03-06 10:54:05] INFO: op ←←←←←, 11594
[2026-03-06 10:54:05] INFO: op →←←←←, 9049
[2026-03-06 10:54:06] INFO: op →→←←←, 9012
[2026-03-06 10:54:06] INFO: op →→→←←, 9012
[2026-03-06 10:54:06] INFO: op →→→→←, 9049
[2026-03-06 10:54:07] INFO: op ←→←←←, 7249
[2026-03-06 10:54:07] INFO: op ←←→←←, 7242
[2026-03-06 10:54:07] INFO: op ←→→←←, 6910
[2026-03-06 10:54:07] INFO: op ←←←→←, 7140
[2026-03-06 10:54:08] INFO: op ←←→→←, 7030
[2026-03-06 10:54:08] INFO: op ←→→→←, 7268
[2026-03-06 10:54:08] INFO: op →←→←←, 5392
[2026-03-06 10:54:08] INFO: op →←←→←, 5378
[2026-03-06 10:54:08] INFO: op →→←→←, 5392
[2026-03-06 10:54:08] INFO: op →←→→←, 5378
[2026-03-06 10:54:09] INFO: op ←→←→←, 4363
[2026-03-06 10:54:09] INFO: [END]
