[2026-03-06 10:53:02] INFO: Logger initialized at log/log305098.log
[2026-03-06 10:53:02] INFO: Test 372th graph in data/list_1775_graphs.g6: [s_??C_AYBCpKcFGHoAi?_PQCWCL??@DwGIYCEIa?iEGcP?EP?pI_DFEGCdbCAHc
[2026-03-06 10:53:02] INFO: meta data: 
minimum degree >= 6
independent number >= 2
connected
Not regular
[2026-03-06 10:53:02] INFO: Orientation of [s_??C_AYBCpKcFGHoAi?_PQCWCL??@DwGIYCEIa?iEGcP?EP?pI_DFEGCdbCAHc with min semidegree 3:
[0 0 1 0 0 0 0 0 0 0 0 0 0 0 0 0 1 1 0 0 0 0 0 0 0 0 0 0]
[1 0 0 0 0 0 0 0 0 0 0 0 0 0 0 0 0 0 0 0 0 0 1 0 0 0 0 1]
[0 0 0 0 0 0 0 0 0 0 0 0 0 0 0 0 0 0 0 0 0 0 0 0 0 1 1 1]
[1 0 0 0 0 0 0 0 0 0 0 0 0 0 0 0 0 0 0 0 0 1 0 0 1 0 1 0]
[1 0 0 0 0 0 0 0 0 0 0 0 0 0 0 0 0 0 0 0 1 0 0 0 1 1 0 0]
[0 0 0 0 0 0 0 0 0 0 0 1 0 0 0 0 0 0 1 0 0 0 0 1 0 0 0 0]
[0 0 0 0 0 0 0 0 0 0 0 0 1 0 0 0 0 0 0 0 0 0 0 0 0 1 0 1]
[0 0 0 0 0 0 1 0 0 0 0 0 0 0 0 0 0 0 0 0 0 0 0 0 1 0 1 0]
[0 0 1 0 0 0 0 0 0 0 0 0 0 0 0 0 0 0 0 1 0 0 0 1 0 0 0 0]
[0 0 0 0 1 0 0 1 1 0 0 0 0 0 0 0 0 0 0 0 0 0 0 0 0 0 0 0]
[0 1 0 0 0 0 0 1 1 0 0 0 0 0 0 0 0 0 0 0 0 0 0 0 0 0 0 0]
[0 0 1 0 0 0 1 0 0 0 1 0 0 0 0 0 0 0 0 0 0 0 0 0 0 0 0 0]
[0 0 1 1 0 0 0 0 0 1 0 0 0 0 0 0 0 0 0 0 0 0 0 0 0 0 0 0]
[0 0 0 1 1 1 0 0 1 0 0 0 0 0 0 0 0 0 0 0 0 0 0 0 0 0 0 0]
[0 1 0 0 1 1 1 0 0 0 0 0 0 0 0 0 0 0 0 0 0 0 0 0 0 0 0 0]
[0 1 0 1 0 1 0 1 0 0 0 0 0 0 0 0 0 0 0 0 0 0 0 0 0 0 0 0]
[0 0 0 0 0 0 0 1 0 0 0 1 0 1 0 0 0 0 0 0 0 0 0 0 0 0 0 0]
[0 0 0 0 0 1 0 0 0 1 1 0 0 0 0 0 0 0 0 0 0 0 0 0 0 0 0 0]
[1 0 0 0 0 0 1 0 1 0 0 0 0 0 0 0 0 0 0 0 0 0 0 0 0 0 0 0]
[0 0 0 0 0 0 0 0 0 0 0 0 1 0 1 1 1 1 0 0 0 0 0 0 0 0 0 0]
[0 0 0 0 0 0 0 0 0 0 1 0 1 0 0 1 1 0 1 0 0 0 0 0 0 0 0 0]
[0 0 0 0 0 0 0 0 0 1 1 0 0 0 1 0 1 0 1 0 0 0 0 0 0 0 0 0]
[0 0 0 0 0 0 0 0 0 1 0 1 0 1 0 0 0 0 1 1 0 0 0 0 0 0 0 0]
[0 1 0 0 0 0 0 0 0 0 0 0 1 0 0 0 1 0 0 0 0 0 0 0 0 0 0 0]
[0 0 0 0 0 0 0 0 0 0 0 1 0 0 0 0 0 0 1 1 0 0 0 1 0 0 0 0]
[0 0 0 0 0 0 0 0 0 0 0 0 0 0 0 1 0 1 0 0 0 1 1 1 0 0 0 0]
[0 0 0 0 0 0 0 0 0 0 0 0 0 0 1 0 0 1 0 0 1 0 1 1 0 0 0 0]
[0 0 0 0 0 0 0 0 0 0 0 0 0 1 0 0 0 1 0 0 1 1 0 0 1 0 0 0]
[2026-03-06 10:53:02] INFO: op ←←←←←, 14643
[2026-03-06 10:53:03] INFO: op →←←←←, 11912
[2026-03-06 10:53:03] INFO: op →→←←←, 12120
[2026-03-06 10:53:04] INFO: op →→→←←, 12120
[2026-03-06 10:53:04] INFO: op →→→→←, 11912
[2026-03-06 10:53:04] INFO: op ←→←←←, 9915
[2026-03-06 10:53:05] INFO: op ←←→←←, 10030
[2026-03-06 10:53:05] INFO: op ←→→←←, 9661
[2026-03-06 10:53:05] INFO: op ←←←→←, 9788
[2026-03-06 10:53:06] INFO: op ←←→→←, 9824
[2026-03-06 10:53:06] INFO: op ←→→→←, 9875
[2026-03-06 10:53:06] INFO: op →←→←←, 7733
[2026-03-06 10:53:07] INFO: op →←←→←, 7839
[2026-03-06 10:53:07] INFO: op →→←→←, 7733
[2026-03-06 10:53:07] INFO: op →←→→←, 7839
[2026-03-06 10:53:07] INFO: op ←→←→←, 6108
[2026-03-06 10:53:07] INFO: [END]
