[2026-03-06 10:51:23] INFO: Logger initialized at log/log302047.log
[2026-03-06 10:51:24] INFO: Test 285th graph in data/list_1775_graphs.g6: [_KqC?PA_KCGO?_?@wXeEgMaO]APYAHi?QDGGgP?QSB_iOUS@ICaACPoaAPR@@HB
[2026-03-06 10:51:24] INFO: meta data: 
minimum degree >= 6
independent number >= 2
connected
Not regular
[2026-03-06 10:51:24] INFO: Orientation of [_KqC?PA_KCGO?_?@wXeEgMaO]APYAHi?QDGGgP?QSB_iOUS@ICaACPoaAPR@@HB with min semidegree 3:
[0 0 0 0 0 0 0 0 0 0 0 0 0 0 0 0 1 1 0 0 0 0 0 0 0 1 1 0]
[1 0 0 0 0 0 0 0 0 0 0 0 0 0 0 0 0 0 1 1 0 0 0 0 0 0 0 1]
[0 0 0 0 0 0 0 0 0 0 0 0 0 0 0 1 1 0 0 0 0 0 0 0 0 0 0 1]
[0 0 0 0 0 0 0 0 0 0 0 0 0 0 0 0 0 1 0 0 1 0 0 0 1 0 0 0]
[0 0 1 1 0 0 0 0 0 0 0 0 0 0 0 0 0 0 0 0 0 0 1 0 0 0 0 0]
[0 0 1 1 0 0 0 0 0 0 0 0 0 0 0 0 0 0 0 0 0 0 0 1 0 0 0 0]
[0 1 0 0 0 0 0 0 0 0 0 0 0 0 1 0 0 0 0 0 1 0 0 0 0 0 0 0]
[1 0 0 0 0 0 0 0 0 0 0 0 0 0 0 0 0 0 0 0 0 0 1 1 0 0 0 0]
[0 0 0 1 0 0 0 1 0 0 0 0 0 0 0 0 0 0 0 0 0 0 0 0 0 0 0 1]
[0 0 0 0 1 0 1 0 0 0 0 0 0 0 0 0 0 0 0 0 0 0 0 0 0 0 1 0]
[0 0 0 0 0 1 1 0 0 0 0 0 0 0 0 0 0 0 0 0 0 0 0 0 0 1 0 0]
[0 0 1 0 0 0 0 1 0 0 0 0 0 0 0 0 0 1 0 0 0 0 0 0 0 0 0 0]
[0 1 0 0 0 0 0 0 0 0 0 0 0 0 0 0 1 0 0 0 0 0 1 0 0 0 0 0]
[1 0 0 0 0 0 0 0 0 0 0 0 0 0 0 0 0 0 1 1 0 0 0 0 0 0 0 0]
[0 0 0 0 1 1 0 1 0 0 0 0 1 1 0 0 0 0 0 0 0 0 0 0 0 0 0 0]
[0 0 0 1 0 0 1 1 0 0 0 0 1 1 0 0 0 0 0 0 0 0 0 0 0 0 0 0]
[0 0 0 0 0 0 0 0 1 1 1 0 0 0 0 0 0 0 0 0 0 0 0 0 0 0 0 0]
[0 0 0 0 0 0 0 0 0 1 1 0 1 0 0 0 0 0 0 0 0 0 0 0 0 0 0 0]
[0 0 0 0 1 0 0 0 1 0 1 1 0 0 0 0 0 0 0 0 0 0 0 0 0 0 0 0]
[0 0 0 0 0 1 0 0 1 1 0 1 0 0 0 0 0 0 0 0 0 0 0 0 0 0 0 0]
[0 0 0 0 0 0 0 0 0 0 0 1 0 1 0 0 1 0 0 0 0 0 0 0 0 0 0 0]
[0 0 1 0 0 0 1 0 1 0 0 0 0 1 0 0 0 1 0 0 0 0 0 0 0 0 0 0]
[0 0 0 0 0 0 0 0 0 0 1 0 0 0 0 0 0 0 0 1 1 1 0 0 0 0 0 0]
[0 0 0 0 0 0 0 0 0 1 0 0 1 0 0 0 0 0 1 0 1 1 0 0 0 0 0 0]
[0 1 0 0 0 0 0 0 0 0 0 1 0 0 1 0 1 0 0 0 0 1 0 0 0 0 0 0]
[0 0 0 0 1 0 0 0 0 0 0 0 0 0 0 1 0 0 0 1 0 0 0 1 1 0 0 0]
[0 0 0 0 0 1 0 0 0 0 0 0 0 0 0 1 0 0 1 0 0 0 1 0 1 0 0 0]
[0 0 0 0 0 0 0 0 0 0 0 0 0 0 1 0 0 1 0 0 1 0 0 0 0 1 1 0]
[2026-03-06 10:51:24] INFO: op ←←←←←, 15782
[2026-03-06 10:51:25] INFO: op →←←←←, 12522
[2026-03-06 10:51:25] INFO: op →→←←←, 12726
[2026-03-06 10:51:25] INFO: op →→→←←, 12726
[2026-03-06 10:51:26] INFO: op →→→→←, 12522
[2026-03-06 10:51:26] INFO: op ←→←←←, 10285
[2026-03-06 10:51:26] INFO: op ←←→←←, 10284
[2026-03-06 10:51:27] INFO: op ←→→←←, 10348
[2026-03-06 10:51:27] INFO: op ←←←→←, 10138
[2026-03-06 10:51:28] INFO: op ←←→→←, 10528
[2026-03-06 10:51:28] INFO: op ←→→→←, 10286
[2026-03-06 10:51:28] INFO: op →←→←←, 8130
[2026-03-06 10:51:28] INFO: op →←←→←, 8066
[2026-03-06 10:51:29] INFO: op →→←→←, 8130
[2026-03-06 10:51:29] INFO: op →←→→←, 8066
[2026-03-06 10:51:29] INFO: op ←→←→←, 6467
[2026-03-06 10:51:29] INFO: [END]
