[2026-03-06 10:54:04] INFO: Logger initialized at log/log307303.log
[2026-03-06 10:54:04] INFO: Test 435th graph in data/list_1775_graphs.g6: X`?G?OCeCgL?X?A_?o?TS@tAb_Af?D?BtO@{?FxcbN?KNK??~_W
[2026-03-06 10:54:04] INFO: meta data: 
minimum degree >= 6
independent number >= 2
connected
Not regular
[2026-03-06 10:54:04] INFO: Orientation of X`?G?OCeCgL?X?A_?o?TS@tAb_Af?D?BtO@{?FxcbN?KNK??~_W with min semidegree 3:
[0 0 0 0 0 0 0 0 0 0 0 0 0 0 0 0 0 1 0 1 0 0 1 0 0]
[1 0 0 0 0 0 0 0 0 0 0 0 0 0 0 0 0 0 1 0 1 0 0 0 0]
[0 0 0 0 0 0 0 0 0 0 0 0 0 0 0 0 0 1 0 1 0 0 0 1 0]
[0 0 1 0 0 0 0 0 0 0 0 0 0 0 0 0 0 0 0 0 1 0 1 0 0]
[0 0 0 0 0 0 0 1 0 1 0 0 0 0 0 1 0 0 0 0 0 0 0 0 0]
[0 0 0 0 1 0 0 0 1 0 0 0 0 0 0 0 1 0 0 0 0 0 0 0 0]
[0 0 0 0 0 0 0 0 0 0 0 0 0 0 0 0 1 0 1 0 0 0 0 0 1]
[0 0 0 0 0 0 0 0 0 0 0 0 0 0 0 0 0 0 0 0 0 0 1 1 1]
[0 0 0 0 0 0 0 0 0 0 0 0 0 0 0 0 0 0 0 0 0 0 1 1 1]
[1 0 0 1 0 0 0 0 0 0 0 0 0 0 0 0 0 0 0 0 0 1 0 0 0]
[1 0 0 1 0 1 0 0 0 0 0 0 0 0 0 0 0 0 0 0 0 0 0 0 0]
[0 1 1 0 1 0 0 0 0 0 0 0 0 0 0 0 0 0 0 0 0 0 0 0 0]
[0 1 1 0 0 1 0 0 0 0 0 0 0 0 0 0 0 0 0 0 0 0 0 0 0]
[0 0 0 0 1 0 1 0 0 0 0 0 0 0 0 0 0 0 0 0 0 1 0 0 0]
[0 0 0 0 0 1 1 0 0 0 0 0 0 0 0 0 0 0 0 0 0 1 0 0 0]
[0 0 0 0 0 0 1 0 1 0 1 0 1 0 0 0 0 0 0 0 0 0 0 0 0]
[0 0 0 0 0 0 0 1 0 1 0 1 0 0 0 0 0 0 0 0 0 0 0 0 0]
[0 0 0 0 0 0 1 1 1 0 0 0 0 0 0 0 0 0 0 0 0 0 0 0 0]
[0 0 0 1 0 0 0 1 1 0 0 0 0 0 0 0 0 0 0 0 0 0 0 0 0]
[0 0 0 0 0 0 0 0 0 0 0 0 0 1 1 1 1 0 1 0 0 0 0 0 0]
[0 0 0 0 0 0 0 0 0 0 0 0 0 1 1 1 1 1 0 0 0 0 0 0 0]
[0 0 0 0 0 0 0 0 0 0 1 1 1 0 0 0 0 1 1 0 0 0 0 0 0]
[0 0 0 0 0 0 0 0 0 0 0 1 1 1 1 0 0 0 0 0 0 0 0 0 0]
[0 1 0 0 0 0 0 0 0 1 1 0 0 1 1 0 0 0 0 0 0 0 0 0 0]
[0 0 0 0 0 0 0 0 0 1 1 1 1 0 0 0 0 0 0 1 1 0 0 0 0]
[2026-03-06 10:54:04] INFO: op ←←←←←, 10918
[2026-03-06 10:54:05] INFO: op →←←←←, 8262
[2026-03-06 10:54:05] INFO: op →→←←←, 8076
[2026-03-06 10:54:05] INFO: op →→→←←, 8076
[2026-03-06 10:54:05] INFO: op →→→→←, 8262
[2026-03-06 10:54:06] INFO: op ←→←←←, 6523
[2026-03-06 10:54:06] INFO: op ←←→←←, 6355
[2026-03-06 10:54:06] INFO: op ←→→←←, 5934
[2026-03-06 10:54:06] INFO: op ←←←→←, 6436
[2026-03-06 10:54:07] INFO: op ←←→→←, 5983
[2026-03-06 10:54:07] INFO: op ←→→→←, 6415
[2026-03-06 10:54:07] INFO: op →←→←←, 4892
[2026-03-06 10:54:07] INFO: op →←←→←, 4587
[2026-03-06 10:54:07] INFO: op →→←→←, 4892
[2026-03-06 10:54:07] INFO: op →←→→←, 4587
[2026-03-06 10:54:07] INFO: op ←→←→←, 4238
[2026-03-06 10:54:07] INFO: [END]
