[2026-03-06 10:53:34] INFO: Logger initialized at log/log306114.log
[2026-03-06 10:53:35] INFO: Test 402th graph in data/list_1775_graphs.g6: U??H`_oKCUGfPMaKPEAMBPoYJEFg?Fo???w^?pwo
[2026-03-06 10:53:35] INFO: meta data: 
minimum degree >= 6
independent number >= 2
connected
Not regular
[2026-03-06 10:53:35] INFO: Orientation of U??H`_oKCUGfPMaKPEAMBPoYJEFg?Fo???w^?pwo with min semidegree 3:
[0 0 0 0 0 0 0 0 0 0 0 0 0 0 0 0 0 1 1 1 0 0]
[0 0 0 0 0 0 0 0 0 0 0 1 1 0 0 0 1 0 0 0 0 0]
[0 0 0 0 0 0 1 0 0 0 0 0 0 0 0 0 0 0 1 1 0 0]
[0 0 0 0 0 0 0 1 1 0 0 0 0 0 0 0 0 0 1 0 0 0]
[0 0 0 0 0 0 0 0 0 0 1 0 0 1 0 0 0 1 0 0 0 0]
[0 0 0 0 1 0 0 0 0 0 0 0 0 0 0 1 1 0 0 0 0 0]
[0 0 0 1 0 0 0 0 0 0 0 0 0 0 0 1 0 0 0 0 0 1]
[0 0 1 0 0 0 0 0 0 0 0 0 0 0 0 0 1 0 0 0 0 1]
[0 0 1 0 0 0 0 0 0 0 0 1 0 0 0 0 0 0 0 0 1 0]
[0 0 1 1 0 0 0 0 0 0 0 0 0 0 0 0 0 0 0 0 1 0]
[1 0 0 0 0 0 1 1 0 0 0 0 0 0 0 0 0 0 0 0 0 0]
[0 0 0 0 0 1 0 0 0 1 1 0 0 0 0 0 0 0 0 0 0 0]
[0 0 0 0 0 1 0 0 1 1 1 0 0 0 0 0 0 0 0 0 0 0]
[1 0 0 0 0 0 0 0 1 1 0 0 0 0 0 0 0 0 0 0 0 0]
[1 0 0 0 1 0 0 0 1 1 0 0 0 0 0 0 0 0 0 0 0 0]
[0 1 0 0 0 0 0 1 0 0 0 0 0 1 1 0 0 0 0 0 0 0]
[0 0 0 0 0 0 1 0 0 0 0 0 0 1 1 0 0 0 0 0 0 0]
[0 0 0 0 0 0 1 1 0 0 0 1 1 0 0 0 0 0 0 0 0 0]
[0 1 0 0 0 1 0 0 0 0 0 0 0 0 0 0 0 0 0 0 1 1]
[0 1 0 1 1 0 0 0 0 0 0 0 0 0 0 0 0 0 0 0 0 0]
[0 0 0 0 0 0 0 0 0 0 1 0 0 0 0 1 1 1 0 1 0 0]
[0 0 0 0 0 0 0 0 0 0 0 1 1 1 1 0 0 0 0 1 0 0]
[2026-03-06 10:53:35] INFO: op ←←←←←, 8111
[2026-03-06 10:53:35] INFO: op →←←←←, 5954
[2026-03-06 10:53:35] INFO: op →→←←←, 5861
[2026-03-06 10:53:35] INFO: op →→→←←, 5861
[2026-03-06 10:53:36] INFO: op →→→→←, 5954
[2026-03-06 10:53:36] INFO: op ←→←←←, 4404
[2026-03-06 10:53:36] INFO: op ←←→←←, 4332
[2026-03-06 10:53:36] INFO: op ←→→←←, 4241
[2026-03-06 10:53:36] INFO: op ←←←→←, 4401
[2026-03-06 10:53:36] INFO: op ←←→→←, 4286
[2026-03-06 10:53:36] INFO: op ←→→→←, 4500
[2026-03-06 10:53:37] INFO: op →←→←←, 3238
[2026-03-06 10:53:37] INFO: op →←←→←, 3126
[2026-03-06 10:53:37] INFO: op →→←→←, 3238
[2026-03-06 10:53:37] INFO: op →←→→←, 3126
[2026-03-06 10:53:37] INFO: op ←→←→←, 2490
[2026-03-06 10:53:37] INFO: [END]
