[2026-03-06 10:50:56] INFO: Logger initialized at log/log301075.log
[2026-03-06 10:50:56] INFO: Test 258th graph in data/list_1775_graphs.g6: [QYU?ocK?BGB_ECgCW?[?P?aGC??rwF_W`DWCGl?WN?@r??OGhH_PQDE@AH]??Fw
[2026-03-06 10:50:56] INFO: meta data: 
minimum degree >= 6
independent number >= 2
connected
Not regular
[2026-03-06 10:50:56] INFO: Orientation of [QYU?ocK?BGB_ECgCW?[?P?aGC??rwF_W`DWCGl?WN?@r??OGhH_PQDE@AH]??Fw with min semidegree 3:
[0 0 0 0 0 1 0 0 0 0 0 0 0 0 0 0 0 0 0 0 0 0 0 0 0 1 0 1]
[0 0 0 0 0 0 0 0 0 0 0 0 0 0 0 0 1 0 0 0 0 0 0 0 1 0 0 1]
[1 0 0 0 0 0 0 0 0 0 0 0 0 0 0 0 0 0 0 0 1 0 0 0 0 0 1 0]
[0 1 0 0 0 0 0 0 0 0 0 0 0 0 0 0 0 0 0 0 0 1 0 0 0 0 1 0]
[0 1 1 0 0 0 0 0 0 0 0 0 0 0 0 0 0 0 0 0 0 0 1 0 0 0 0 0]
[0 0 0 1 0 0 0 0 0 0 0 0 0 0 0 0 0 0 0 0 0 0 1 1 0 0 0 0]
[1 1 0 0 0 0 0 0 0 0 0 0 0 0 0 0 0 0 0 1 0 0 0 0 0 0 0 0]
[0 0 0 1 1 0 0 0 0 0 0 0 0 0 0 0 0 0 0 0 0 0 0 0 0 1 0 0]
[0 0 1 0 0 1 0 0 0 0 0 0 0 0 0 0 0 0 0 0 0 0 0 0 1 0 0 0]
[0 0 1 1 0 0 0 0 0 0 0 0 0 0 0 0 0 0 1 0 0 0 0 0 0 0 0 0]
[0 0 0 0 0 0 0 1 1 0 0 0 0 0 0 0 0 0 1 0 0 0 0 0 0 0 1 0]
[0 1 0 0 0 0 0 0 0 1 1 0 0 0 0 0 0 0 0 0 0 0 0 0 0 0 0 0]
[1 0 0 0 0 0 0 0 0 1 1 0 0 0 0 0 0 0 0 0 0 0 0 0 0 0 0 0]
[0 0 0 1 0 0 1 0 1 0 0 0 0 0 0 0 0 0 0 0 0 0 0 0 0 0 0 0]
[0 0 1 0 0 0 1 1 0 0 0 0 0 0 0 0 0 0 0 0 0 0 0 0 0 0 0 0]
[0 0 0 0 1 1 1 0 0 0 0 0 0 0 0 0 0 0 0 0 0 0 0 0 0 0 0 0]
[0 0 0 0 0 1 0 0 0 0 0 0 1 0 0 0 0 0 1 0 0 0 0 0 0 0 0 0]
[1 0 0 0 1 0 0 0 0 0 0 1 0 0 0 0 0 0 0 0 0 0 0 0 0 0 0 0]
[0 0 0 0 0 0 0 0 0 0 0 0 0 1 1 1 0 1 0 0 0 0 0 0 0 0 0 1]
[0 0 0 0 0 0 0 1 1 1 0 0 0 0 0 0 1 1 0 0 0 0 0 0 0 0 0 0]
[0 0 0 0 0 0 0 1 0 0 0 1 0 1 0 1 1 0 0 0 0 0 0 0 0 0 0 0]
[0 0 0 0 0 0 0 0 1 0 0 0 1 0 1 1 0 1 0 0 0 0 0 0 0 0 0 0]
[0 0 0 0 0 0 0 0 0 0 0 1 1 1 1 0 0 0 0 0 0 0 0 0 0 0 0 0]
[0 0 0 0 1 0 1 0 0 1 1 0 0 0 0 0 0 0 0 0 0 0 0 0 0 0 0 0]
[0 0 0 0 0 0 0 0 0 0 0 0 1 0 1 0 0 1 0 0 1 0 0 1 0 0 0 0]
[0 0 0 0 0 0 0 0 0 0 0 1 0 1 0 0 1 0 0 0 0 1 0 1 0 0 0 0]
[0 0 0 0 0 0 0 0 0 0 0 0 0 0 0 1 0 0 0 1 0 0 1 0 1 1 0 0]
[0 0 0 0 0 0 0 0 0 0 0 0 0 0 0 0 0 0 0 1 1 1 1 1 0 0 0 0]
[2026-03-06 10:50:57] INFO: op ←←←←←, 14693
[2026-03-06 10:50:57] INFO: op →←←←←, 11347
[2026-03-06 10:50:58] INFO: op →→←←←, 11461
[2026-03-06 10:50:58] INFO: op →→→←←, 11461
[2026-03-06 10:50:58] INFO: op →→→→←, 11347
[2026-03-06 10:50:59] INFO: op ←→←←←, 9202
[2026-03-06 10:50:59] INFO: op ←←→←←, 9143
[2026-03-06 10:50:59] INFO: op ←→→←←, 9176
[2026-03-06 10:51:00] INFO: op ←←←→←, 9052
[2026-03-06 10:51:00] INFO: op ←←→→←, 9236
[2026-03-06 10:51:00] INFO: op ←→→→←, 9167
[2026-03-06 10:51:00] INFO: op →←→←←, 6997
[2026-03-06 10:51:01] INFO: op →←←→←, 7064
[2026-03-06 10:51:01] INFO: op →→←→←, 6997
[2026-03-06 10:51:01] INFO: op →←→→←, 7064
[2026-03-06 10:51:01] INFO: op ←→←→←, 5906
[2026-03-06 10:51:01] INFO: [END]
