[2026-03-06 10:54:13] INFO: Logger initialized at log/log307583.log
[2026-03-06 10:54:13] INFO: Test 443th graph in data/list_1775_graphs.g6: X??G_oeoW_?L_``@D@XGS_I?i@JAUAoApB?wt@@?C`s_bOk}@?B
[2026-03-06 10:54:13] INFO: meta data: 
minimum degree >= 6
independent number >= 2
connected
Not regular
[2026-03-06 10:54:13] INFO: Orientation of X??G_oeoW_?L_``@D@XGS_I?i@JAUAoApB?wt@@?C`s_bOk}@?B with min semidegree 3:
[0 0 0 0 0 0 0 0 0 1 0 0 0 0 0 0 0 0 0 0 0 1 0 0 1]
[0 0 0 0 0 0 0 0 0 0 0 0 0 0 0 0 0 0 1 1 1 0 0 0 0]
[0 0 0 0 0 0 0 0 0 0 0 0 0 0 0 0 0 1 1 0 0 0 0 0 1]
[0 0 0 0 0 0 0 0 0 0 0 0 0 0 0 0 0 0 0 1 0 1 0 0 1]
[0 0 0 0 0 0 0 0 0 0 0 0 0 0 1 0 0 1 0 1 0 0 0 0 0]
[0 0 0 0 1 0 0 0 0 0 0 0 0 0 0 0 0 0 0 0 0 1 0 1 0]
[0 0 0 1 0 0 0 0 0 0 0 0 0 0 0 0 0 0 0 0 1 0 1 0 0]
[0 0 0 1 1 0 0 0 0 0 0 0 0 0 0 0 0 0 1 0 0 0 0 0 0]
[0 0 1 0 0 1 1 0 0 0 0 0 0 0 0 0 0 0 0 0 0 0 0 0 0]
[0 1 0 0 0 0 0 1 1 0 0 0 0 0 0 0 0 0 0 0 0 0 0 0 0]
[0 0 0 1 0 0 0 0 0 0 0 0 0 0 0 0 1 0 0 0 0 0 0 1 0]
[0 0 0 0 0 0 0 1 1 0 1 0 0 0 0 0 0 0 0 0 0 0 0 0 0]
[1 0 0 0 0 0 1 0 0 0 0 1 0 0 0 0 0 0 0 0 0 0 0 0 0]
[1 0 0 0 0 1 0 0 0 0 0 1 0 0 0 0 0 0 0 0 0 0 0 0 0]
[0 0 1 0 0 0 0 0 0 0 1 0 1 1 0 0 0 0 0 0 0 0 0 0 0]
[0 0 1 0 0 1 0 0 0 0 1 0 1 0 0 0 0 0 0 0 0 0 0 0 0]
[1 0 0 0 0 0 0 0 1 0 0 0 0 0 0 0 0 0 0 0 0 0 1 0 0]
[0 0 0 0 0 0 1 0 0 0 0 0 0 1 0 0 1 0 0 0 0 0 0 0 0]
[0 0 0 0 0 0 0 0 0 0 1 0 1 1 0 0 0 0 0 0 0 0 0 0 0]
[0 0 0 0 0 0 0 0 0 0 0 0 0 1 0 1 1 0 0 0 0 0 0 0 0]
[0 0 0 0 0 0 0 1 0 0 0 0 0 0 1 1 1 0 0 0 0 0 0 0 0]
[0 1 0 0 0 0 0 0 0 0 0 1 0 0 0 0 0 1 0 0 0 0 0 0 0]
[0 0 0 0 0 0 0 0 0 1 0 0 0 0 1 1 0 0 1 0 0 1 0 0 0]
[0 0 0 0 0 0 0 0 0 1 0 0 1 0 0 0 0 1 0 1 1 0 0 0 0]
[0 1 0 0 1 0 0 0 0 0 0 1 0 0 0 0 0 0 0 0 0 0 1 1 0]
[2026-03-06 10:54:14] INFO: op ←←←←←, 8621
[2026-03-06 10:54:14] INFO: op →←←←←, 6416
[2026-03-06 10:54:14] INFO: op →→←←←, 6520
[2026-03-06 10:54:14] INFO: op →→→←←, 6520
[2026-03-06 10:54:15] INFO: op →→→→←, 6416
[2026-03-06 10:54:15] INFO: op ←→←←←, 4883
[2026-03-06 10:54:15] INFO: op ←←→←←, 4875
[2026-03-06 10:54:15] INFO: op ←→→←←, 4799
[2026-03-06 10:54:15] INFO: op ←←←→←, 4881
[2026-03-06 10:54:15] INFO: op ←←→→←, 4779
[2026-03-06 10:54:15] INFO: op ←→→→←, 4948
[2026-03-06 10:54:16] INFO: op →←→←←, 3507
[2026-03-06 10:54:16] INFO: op →←←→←, 3505
[2026-03-06 10:54:16] INFO: op →→←→←, 3507
[2026-03-06 10:54:16] INFO: op →←→→←, 3505
[2026-03-06 10:54:16] INFO: op ←→←→←, 2583
[2026-03-06 10:54:16] INFO: [END]
