[2026-03-06 10:51:51] INFO: Logger initialized at log/log302930.log
[2026-03-06 10:51:51] INFO: Test 311th graph in data/list_1775_graphs.g6: [gKKcaCS@DCKOoT?CaCO?@FcOap@E_CJ_@HoAK_YKGHGh?gAd?hAU?qQ?DRd?AWe
[2026-03-06 10:51:51] INFO: meta data: 
minimum degree >= 6
independent number >= 2
connected
Not regular
[2026-03-06 10:51:51] INFO: Orientation of [gKKcaCS@DCKOoT?CaCO?@FcOap@E_CJ_@HoAK_YKGHGh?gAd?hAU?qQ?DRd?AWe with min semidegree 3:
[0 1 0 0 0 0 0 0 0 0 0 0 0 0 0 0 0 0 0 0 0 0 0 0 0 0 1 1]
[0 0 0 0 0 0 0 0 0 0 0 0 0 1 0 0 0 0 0 0 0 0 1 1 0 0 0 0]
[0 1 0 0 0 0 0 0 0 0 0 0 0 0 0 0 0 0 1 0 0 0 0 0 0 0 0 1]
[0 0 0 0 1 0 0 0 0 0 0 0 0 0 0 0 0 1 0 0 0 0 0 0 0 0 1 0]
[0 0 1 0 0 0 0 0 0 0 0 0 0 0 0 0 0 0 0 0 0 1 0 0 0 1 0 0]
[0 0 0 0 1 0 0 0 0 0 0 0 0 0 0 0 1 0 0 0 0 0 1 0 0 0 0 0]
[1 0 0 1 0 0 0 0 0 0 0 0 0 0 0 0 0 0 0 0 0 0 0 0 1 0 0 0]
[1 0 0 1 0 0 0 0 0 0 0 0 0 0 0 0 0 0 0 0 0 0 0 0 0 1 0 0]
[1 0 0 0 0 1 0 0 0 0 0 0 0 0 0 0 0 1 0 0 0 0 0 0 0 0 0 0]
[0 1 0 1 0 0 0 0 0 0 0 0 0 0 0 0 0 0 0 0 0 0 0 0 1 0 0 0]
[0 0 1 0 0 0 1 0 1 0 0 0 0 0 0 0 0 0 0 0 0 0 0 0 0 0 0 0]
[0 0 1 0 0 0 0 1 1 0 0 0 0 0 0 0 0 0 0 0 0 0 0 0 0 0 0 0]
[0 1 0 0 0 0 1 1 0 0 0 0 0 0 0 0 0 0 0 0 0 0 0 0 0 0 0 0]
[0 0 0 1 0 1 0 0 0 0 0 0 0 0 0 0 0 0 0 0 0 0 0 0 0 0 0 1]
[0 0 1 0 0 1 0 0 0 1 0 0 0 0 0 0 0 0 0 0 0 0 0 0 0 0 1 0]
[1 0 0 0 1 0 0 0 0 0 0 0 0 0 0 0 1 0 0 0 0 0 0 0 0 0 0 0]
[0 0 0 0 0 0 0 0 0 1 1 1 1 0 0 0 0 0 0 0 0 0 0 0 0 0 0 0]
[0 0 0 0 0 0 0 0 0 0 0 0 1 0 1 1 0 0 0 0 0 0 0 0 0 0 0 0]
[0 0 0 0 0 0 0 0 1 0 0 0 1 1 0 1 0 0 0 0 0 0 0 0 0 0 0 0]
[0 0 0 0 0 0 1 0 0 0 0 1 0 1 1 1 0 0 0 0 0 0 0 0 0 0 0 0]
[0 0 0 0 0 0 0 1 0 0 1 0 0 1 1 1 0 0 0 0 0 0 0 0 0 0 0 0]
[0 0 0 0 0 0 0 0 1 1 0 0 1 0 0 0 0 0 0 1 1 0 0 0 0 0 0 0]
[0 0 0 0 0 0 1 0 0 0 0 1 0 0 0 0 0 1 0 0 1 0 0 0 0 0 0 0]
[0 0 0 0 0 1 0 1 0 0 1 0 0 0 0 0 0 1 0 1 0 0 0 0 0 0 0 0]
[0 0 0 0 1 0 0 0 0 0 0 1 0 0 0 0 0 0 1 0 1 0 0 1 0 0 0 0]
[0 0 0 0 0 0 0 0 0 1 1 0 0 0 0 0 0 0 1 1 0 0 1 0 0 0 0 0]
[0 0 0 0 0 0 0 0 0 0 0 0 0 0 0 0 1 0 1 0 0 1 1 1 0 0 0 0]
[0 0 0 0 0 0 0 0 0 0 0 0 0 0 0 0 1 1 0 0 0 1 0 0 1 1 0 0]
[2026-03-06 10:51:51] INFO: op ←←←←←, 15001
[2026-03-06 10:51:52] INFO: op →←←←←, 11987
[2026-03-06 10:51:52] INFO: op →→←←←, 12063
[2026-03-06 10:51:53] INFO: op →→→←←, 12063
[2026-03-06 10:51:53] INFO: op →→→→←, 11987
[2026-03-06 10:51:53] INFO: op ←→←←←, 9845
[2026-03-06 10:51:54] INFO: op ←←→←←, 10006
[2026-03-06 10:51:54] INFO: op ←→→←←, 9631
[2026-03-06 10:51:54] INFO: op ←←←→←, 9784
[2026-03-06 10:51:55] INFO: op ←←→→←, 9722
[2026-03-06 10:51:55] INFO: op ←→→→←, 9869
[2026-03-06 10:51:55] INFO: op →←→←←, 7423
[2026-03-06 10:51:56] INFO: op →←←→←, 7554
[2026-03-06 10:51:56] INFO: op →→←→←, 7423
[2026-03-06 10:51:56] INFO: op →←→→←, 7554
[2026-03-06 10:51:56] INFO: op ←→←→←, 6011
[2026-03-06 10:51:56] INFO: [END]
