[2026-03-06 10:51:29] INFO: Logger initialized at log/log302195.log
[2026-03-06 10:51:29] INFO: Test 290th graph in data/list_1775_graphs.g6: [__XR_ccDGIOOGOcF?C?CP_KWHO?|@GI_H`QAUaO@J_aPOD`o?aOKHPcApcSB?]G
[2026-03-06 10:51:29] INFO: meta data: 
minimum degree >= 6
independent number >= 2
connected
Not regular
[2026-03-06 10:51:29] INFO: Orientation of [__XR_ccDGIOOGOcF?C?CP_KWHO?|@GI_H`QAUaO@J_aPOD`o?aOKHPcApcSB?]G with min semidegree 3:
[0 0 0 0 0 0 0 0 0 1 0 0 0 0 0 0 0 0 0 0 0 0 0 0 1 0 0 1]
[1 0 0 0 0 0 0 0 0 0 0 0 0 0 0 0 1 0 0 0 0 0 0 0 0 1 0 0]
[0 0 0 0 0 0 0 1 0 0 0 0 0 0 0 0 0 0 0 1 0 0 0 0 0 0 1 0]
[0 0 0 0 0 0 0 0 0 0 0 1 0 0 0 0 0 1 0 0 0 0 0 1 0 0 0 0]
[1 0 0 0 0 0 0 0 0 0 0 0 0 0 0 0 0 0 0 0 1 1 0 0 0 0 0 0]
[0 0 0 1 1 0 0 0 0 0 0 0 0 0 0 0 1 0 0 0 0 0 0 0 0 0 0 0]
[0 0 1 0 1 0 0 0 0 0 0 0 0 0 0 0 1 0 0 0 0 0 0 0 0 0 0 0]
[0 1 0 1 0 0 0 0 0 0 0 0 0 0 0 0 0 0 0 0 0 0 0 0 0 0 0 1]
[0 0 1 0 0 1 0 0 0 0 0 0 0 0 0 0 0 0 0 0 0 0 1 0 0 1 0 0]
[0 0 0 1 0 0 0 0 0 0 0 0 0 0 0 0 0 0 0 0 0 1 0 0 0 1 0 0]
[1 0 1 0 0 1 0 0 0 0 0 0 0 0 0 0 0 0 0 0 0 0 0 0 0 0 0 0]
[0 1 0 0 0 0 1 0 0 0 0 0 0 0 0 0 0 0 0 0 0 0 0 0 0 0 1 0]
[0 1 0 0 0 0 0 0 1 0 0 0 0 0 0 0 0 0 0 0 0 0 0 0 0 0 1 0]
[0 1 0 0 0 0 1 0 0 1 0 0 0 0 0 0 0 0 0 0 0 0 0 0 0 0 0 0]
[0 0 1 1 1 0 0 0 0 0 0 0 0 0 0 0 0 0 0 0 0 0 0 0 0 0 0 0]
[1 0 0 0 0 0 0 0 0 0 0 0 1 0 0 0 0 1 0 0 0 0 0 0 0 0 0 0]
[0 0 0 0 0 0 0 0 0 0 0 0 0 0 1 1 0 0 0 0 0 0 0 0 0 0 0 1]
[0 0 0 0 1 0 0 0 0 0 1 0 0 1 0 0 0 0 0 0 0 0 0 0 0 0 0 0]
[0 0 0 0 0 0 0 0 0 1 1 1 1 0 1 0 0 0 0 0 0 0 0 0 0 0 0 0]
[0 0 0 0 0 1 0 0 0 0 0 1 0 1 0 1 0 0 0 0 0 0 0 0 0 0 0 0]
[0 0 0 0 0 0 0 1 1 0 0 0 0 1 0 1 0 0 1 0 0 0 0 0 0 0 0 0]
[0 0 0 0 0 0 0 1 0 0 1 0 1 0 0 0 1 0 0 1 0 0 0 0 0 0 0 0]
[0 0 0 0 0 0 0 0 0 0 0 1 0 1 1 1 0 0 0 0 0 1 0 0 0 0 0 0]
[0 0 0 0 0 0 1 0 0 0 1 0 1 0 0 0 0 0 0 0 1 0 1 0 0 0 0 0]
[0 0 0 0 0 1 1 1 0 0 0 0 0 0 0 0 0 0 1 0 0 0 1 0 0 0 0 0]
[0 0 0 0 0 0 0 0 0 0 0 0 0 0 1 0 0 1 0 1 0 0 0 1 1 0 0 0]
[0 0 0 0 0 0 0 0 0 1 0 0 0 0 0 0 1 1 0 0 1 0 0 0 1 0 0 0]
[0 0 0 0 0 0 0 0 1 0 0 0 0 0 0 0 0 1 1 1 0 0 0 1 0 0 0 0]
[2026-03-06 10:51:30] INFO: op ←←←←←, 15020
[2026-03-06 10:51:30] INFO: op →←←←←, 11819
[2026-03-06 10:51:30] INFO: op →→←←←, 11964
[2026-03-06 10:51:31] INFO: op →→→←←, 11964
[2026-03-06 10:51:31] INFO: op →→→→←, 11819
[2026-03-06 10:51:32] INFO: op ←→←←←, 9633
[2026-03-06 10:51:32] INFO: op ←←→←←, 9635
[2026-03-06 10:51:32] INFO: op ←→→←←, 9910
[2026-03-06 10:51:32] INFO: op ←←←→←, 9599
[2026-03-06 10:51:33] INFO: op ←←→→←, 9912
[2026-03-06 10:51:33] INFO: op ←→→→←, 9665
[2026-03-06 10:51:33] INFO: op →←→←←, 7523
[2026-03-06 10:51:34] INFO: op →←←→←, 7654
[2026-03-06 10:51:34] INFO: op →→←→←, 7523
[2026-03-06 10:51:34] INFO: op →←→→←, 7654
[2026-03-06 10:51:34] INFO: op ←→←→←, 6274
[2026-03-06 10:51:34] INFO: [END]
