[2026-03-06 10:54:23] INFO: Logger initialized at log/log307968.log
[2026-03-06 10:54:23] INFO: Test 454th graph in data/list_1775_graphs.g6: Z????B?Bw^FcNGKwE[D_oR?\K@qEKaEK`oW?[E?CWBFp_K]_pbK_pbKUB@w?
[2026-03-06 10:54:23] INFO: meta data: 
minimum degree >= 6
independent number >= 2
connected
Not regular
[2026-03-06 10:54:23] INFO: Orientation of Z????B?Bw^FcNGKwE[D_oR?\K@qEKaEK`oW?[E?CWBFp_K]_pbK_pbKUB@w? with min semidegree 3:
[0 0 0 0 0 0 0 0 0 0 0 0 0 0 0 0 0 0 0 0 0 0 1 1 1 1 0]
[0 0 0 0 0 0 0 0 0 0 0 0 0 0 0 0 1 1 1 0 0 0 0 0 0 0 0]
[0 0 0 0 0 0 0 0 0 0 0 0 0 0 0 0 0 0 0 0 1 1 0 0 0 0 1]
[0 0 0 0 0 0 0 0 0 0 0 0 0 0 0 0 0 0 0 0 1 1 0 0 0 0 1]
[0 0 0 0 0 0 0 0 0 0 0 0 0 0 0 0 1 0 0 0 0 0 1 1 0 0 0]
[0 0 0 0 0 0 0 0 0 0 0 0 0 0 0 0 1 0 0 0 0 0 1 1 0 0 0]
[0 0 0 0 0 0 0 0 0 0 0 0 0 0 0 0 0 0 1 0 0 0 0 0 1 1 0]
[0 0 0 0 0 0 0 0 0 0 0 0 0 0 0 0 0 0 1 0 0 0 0 0 1 1 0]
[1 1 0 0 0 0 0 0 0 1 0 0 0 0 0 0 0 0 0 0 0 0 0 0 0 0 0]
[0 0 0 0 1 1 1 1 0 0 0 0 0 0 0 0 0 0 0 0 0 0 0 0 0 0 1]
[0 0 0 0 1 1 1 1 1 0 0 0 0 0 0 0 0 0 0 0 0 0 0 0 0 0 0]
[0 0 1 1 1 1 0 0 1 0 0 0 0 0 0 0 0 0 0 0 0 0 0 0 0 0 0]
[0 0 1 1 1 1 0 0 1 0 0 0 0 0 0 0 0 0 0 0 0 0 0 0 0 0 0]
[0 0 1 1 0 0 1 1 1 0 0 0 0 0 0 0 0 0 0 0 0 0 0 0 0 0 0]
[0 0 1 1 0 0 1 1 1 0 0 0 0 0 0 0 0 0 0 0 0 0 0 0 0 0 0]
[1 0 1 1 0 0 0 0 0 1 1 0 0 0 0 0 0 0 0 0 0 0 0 0 0 0 0]
[0 0 0 0 0 0 0 0 0 0 0 0 0 1 1 1 0 0 0 0 0 0 0 0 0 0 0]
[0 0 0 0 1 1 0 0 0 0 0 0 0 1 1 1 0 0 0 0 0 0 0 0 0 0 0]
[0 0 0 0 0 0 0 0 0 0 0 1 1 0 0 1 0 0 0 0 0 0 0 0 0 0 0]
[0 1 0 0 0 0 1 1 0 0 0 1 1 0 0 1 0 0 0 0 0 0 0 0 0 0 0]
[0 1 0 0 0 0 0 0 0 1 1 0 0 0 0 0 0 0 0 0 0 0 0 0 0 0 0]
[0 1 0 0 0 0 0 0 0 1 1 0 0 0 0 0 0 0 0 0 0 0 0 0 0 0 0]
[0 0 0 0 0 0 0 0 0 0 0 0 0 1 1 0 0 0 1 1 1 1 0 0 0 0 0]
[0 0 0 0 0 0 0 0 0 0 0 0 0 1 1 0 0 0 1 1 1 1 0 0 0 0 0]
[0 0 0 0 0 0 0 0 0 0 0 1 1 0 0 0 1 1 0 0 1 1 0 0 0 0 0]
[0 0 0 0 0 0 0 0 0 0 0 1 1 0 0 0 1 1 0 0 1 1 0 0 0 0 0]
[1 0 0 0 0 0 0 0 0 0 1 0 0 0 0 0 1 1 1 1 0 0 0 0 0 0 0]
[2026-03-06 10:54:24] INFO: op ←←←←←, 27092
[2026-03-06 10:54:25] INFO: op →←←←←, 23753
[2026-03-06 10:54:26] INFO: op →→←←←, 23220
[2026-03-06 10:54:27] INFO: op →→→←←, 23220
[2026-03-06 10:54:28] INFO: op →→→→←, 23753
[2026-03-06 10:54:28] INFO: op ←→←←←, 22596
[2026-03-06 10:54:29] INFO: op ←←→←←, 21592
[2026-03-06 10:54:30] INFO: op ←→→←←, 18862
[2026-03-06 10:54:30] INFO: op ←←←→←, 22143
[2026-03-06 10:54:31] INFO: op ←←→→←, 18810
[2026-03-06 10:54:32] INFO: op ←→→→←, 21829
[2026-03-06 10:54:32] INFO: op →←→←←, 18599
[2026-03-06 10:54:33] INFO: op →←←→←, 17976
[2026-03-06 10:54:34] INFO: op →→←→←, 18599
[2026-03-06 10:54:34] INFO: op →←→→←, 17976
[2026-03-06 10:54:35] INFO: op ←→←→←, 16276
[2026-03-06 10:54:35] INFO: [END]
