[2026-03-06 10:52:15] INFO: Logger initialized at log/log303628.log
[2026-03-06 10:52:15] INFO: Test 330th graph in data/list_1775_graphs.g6: [iPAA?AA?B`C@K@PCQ_cgKcQ@EL?Qc_RACKGkKO@ACbAGSSAo_{Ba@FDcAg_x@KO
[2026-03-06 10:52:15] INFO: meta data: 
minimum degree >= 6
independent number >= 2
connected
Not regular
[2026-03-06 10:52:15] INFO: Orientation of [iPAA?AA?B`C@K@PCQ_cgKcQ@EL?Qc_RACKGkKO@ACbAGSSAo_{Ba@FDcAg_x@KO with min semidegree 3:
[0 0 0 0 0 0 0 0 0 0 0 0 0 0 0 0 0 1 1 0 0 1 0 0 0 0 0 0]
[1 0 1 0 1 0 0 0 0 0 0 0 0 0 0 0 0 0 0 0 0 0 0 0 0 0 0 0]
[0 0 0 0 0 0 0 0 0 0 0 0 0 0 0 0 1 0 0 0 0 0 1 0 0 0 1 0]
[0 1 0 0 0 0 0 0 0 0 0 0 0 0 0 0 0 0 0 0 0 0 0 1 0 0 0 1]
[0 0 0 0 0 0 0 0 0 0 0 0 0 0 0 0 0 0 0 0 0 0 0 0 1 1 0 1]
[0 1 0 0 0 0 0 0 0 0 0 0 0 0 0 0 0 0 0 0 0 0 0 0 0 1 1 0]
[0 1 0 0 0 0 0 0 0 0 0 0 0 0 0 0 0 0 0 0 0 0 0 0 1 1 0 0]
[0 1 0 0 0 0 0 0 0 0 0 0 0 0 0 0 0 1 0 0 0 0 0 0 1 0 0 0]
[0 0 0 0 0 0 1 0 0 0 0 0 0 0 0 0 0 0 0 0 0 0 0 0 0 0 1 1]
[0 0 0 0 1 0 0 0 0 0 0 0 0 0 0 0 1 0 0 0 0 1 0 0 0 0 0 0]
[0 0 0 0 0 0 0 1 1 1 0 0 0 0 0 0 0 0 0 0 0 0 0 0 0 0 0 0]
[0 0 0 0 1 0 0 0 1 0 0 0 0 0 0 0 0 0 0 0 1 0 0 0 0 0 0 0]
[0 0 0 0 0 1 0 0 1 1 0 0 0 0 0 0 0 0 0 0 0 0 0 0 0 0 0 0]
[0 0 0 0 0 1 0 1 0 0 0 1 0 0 0 0 0 0 0 0 0 0 0 0 0 0 0 0]
[0 0 1 0 0 0 1 0 0 1 0 1 0 0 0 0 0 0 0 0 0 0 0 0 0 0 0 0]
[0 0 0 1 0 0 1 0 0 1 0 1 0 0 0 0 0 0 0 0 0 0 0 0 0 0 0 0]
[0 0 0 1 0 0 1 0 0 0 0 0 0 1 0 0 0 0 0 0 0 0 0 0 0 0 0 0]
[0 0 0 0 0 0 0 0 0 0 0 1 1 0 0 0 1 0 0 0 0 0 0 0 0 0 0 0]
[0 0 1 0 0 0 0 0 0 0 1 0 0 1 0 1 0 0 0 0 0 0 0 0 0 0 0 0]
[1 0 0 1 0 0 0 0 0 0 1 0 0 1 1 0 0 0 0 0 0 0 0 0 0 0 0 0]
[1 0 0 0 0 1 0 0 0 0 1 0 0 0 0 0 1 0 0 0 0 0 0 0 0 0 0 0]
[0 0 1 1 0 0 0 0 1 0 0 0 0 1 0 0 0 0 0 0 0 0 0 0 0 0 0 0]
[0 0 0 0 0 0 0 1 0 0 0 0 1 0 0 1 0 0 0 1 1 0 0 0 0 0 0 0]
[0 0 0 0 0 0 0 1 0 0 0 0 1 0 1 0 0 0 1 0 1 0 0 0 0 0 0 0]
[0 0 0 0 0 0 0 0 0 0 0 0 1 0 0 0 0 0 1 1 1 1 0 0 0 0 0 0]
[0 0 0 0 0 0 0 0 0 0 1 0 0 0 0 0 0 1 0 0 0 1 1 1 0 0 0 0]
[0 0 0 0 1 0 0 0 0 0 0 0 0 0 0 1 0 1 0 1 0 0 0 1 0 0 0 0]
[0 0 0 0 0 1 0 0 0 0 0 0 0 0 1 0 0 1 1 0 0 0 1 0 0 0 0 0]
[2026-03-06 10:52:15] INFO: op ←←←←←, 14783
[2026-03-06 10:52:16] INFO: op →←←←←, 11462
[2026-03-06 10:52:16] INFO: op →→←←←, 11609
[2026-03-06 10:52:17] INFO: op →→→←←, 11609
[2026-03-06 10:52:17] INFO: op →→→→←, 11462
[2026-03-06 10:52:17] INFO: op ←→←←←, 9160
[2026-03-06 10:52:18] INFO: op ←←→←←, 9162
[2026-03-06 10:52:18] INFO: op ←→→←←, 9267
[2026-03-06 10:52:18] INFO: op ←←←→←, 9148
[2026-03-06 10:52:18] INFO: op ←←→→←, 9354
[2026-03-06 10:52:19] INFO: op ←→→→←, 9202
[2026-03-06 10:52:19] INFO: op →←→←←, 6962
[2026-03-06 10:52:19] INFO: op →←←→←, 7114
[2026-03-06 10:52:19] INFO: op →→←→←, 6962
[2026-03-06 10:52:20] INFO: op →←→→←, 7114
[2026-03-06 10:52:20] INFO: op ←→←→←, 5684
[2026-03-06 10:52:20] INFO: [END]
