[2026-03-06 10:53:11] INFO: Logger initialized at log/log305308.log
[2026-03-06 10:53:11] INFO: Test 378th graph in data/list_1775_graphs.g6: [sa@?`CQBAIO?{DCDC?IGAa?o?A?FwTQgDSkBB`@`_oArC?IXO?_?f@gWKBK??F{
[2026-03-06 10:53:11] INFO: meta data: 
minimum degree >= 6
independent number >= 2
connected
Not regular
[2026-03-06 10:53:11] INFO: Orientation of [sa@?`CQBAIO?{DCDC?IGAa?o?A?FwTQgDSkBB`@`_oArC?IXO?_?f@gWKBK??F{ with min semidegree 3:
[0 0 0 1 0 0 0 0 0 0 0 0 0 0 0 0 0 0 0 0 0 0 0 0 0 1 0 1]
[1 0 0 0 0 0 0 0 0 0 0 0 0 0 0 0 0 0 1 0 0 0 0 0 0 0 1 0]
[1 0 0 0 0 0 0 0 0 0 0 0 0 0 0 0 0 0 0 0 0 0 1 0 1 0 0 0]
[0 0 0 0 0 0 0 0 0 0 0 0 0 0 0 0 0 1 0 0 0 0 1 1 0 0 0 0]
[1 0 0 0 0 0 0 0 0 0 0 0 0 0 0 0 0 0 0 1 0 1 0 0 0 0 0 0]
[1 0 0 0 0 0 0 0 0 0 0 0 0 0 0 0 0 0 0 0 1 1 0 0 0 0 0 0]
[0 0 1 0 0 0 0 0 0 0 0 0 0 0 0 0 0 0 0 1 0 0 0 0 0 0 1 0]
[0 0 0 1 0 0 0 0 0 0 0 0 0 0 0 0 0 0 0 0 1 0 0 0 0 0 1 0]
[0 1 0 0 0 1 0 0 0 0 0 0 0 0 0 0 0 0 0 1 0 0 0 0 0 0 0 0]
[0 1 0 0 1 0 0 0 0 0 0 0 0 0 0 0 0 0 0 0 1 0 0 0 0 0 0 0]
[0 1 1 0 0 0 0 1 0 0 0 0 0 0 0 0 0 0 0 0 0 0 0 0 0 0 0 0]
[0 1 0 1 0 0 1 0 0 0 0 0 0 0 0 0 0 0 0 0 0 0 0 0 0 0 0 0]
[0 0 0 0 0 0 1 1 1 1 0 0 0 0 0 0 0 0 0 0 0 0 0 0 0 0 0 0]
[0 0 0 1 0 1 0 0 0 1 0 0 0 0 0 0 0 0 0 0 0 0 0 0 0 0 0 0]
[0 0 1 0 1 0 0 0 1 0 0 0 0 0 0 0 0 0 0 0 0 0 0 0 0 0 0 0]
[0 0 0 0 0 1 0 1 0 0 0 1 0 0 0 0 0 0 0 0 0 0 0 0 0 0 0 0]
[0 0 0 0 1 0 1 0 0 0 1 0 0 0 0 0 0 0 0 0 0 0 0 0 0 0 0 0]
[0 0 1 0 0 0 0 0 0 0 0 0 0 0 0 0 0 0 1 0 0 0 0 0 0 1 0 0]
[0 0 0 0 0 0 0 0 0 0 0 0 1 1 1 1 1 0 0 0 0 0 0 0 0 0 0 0]
[0 0 0 0 0 0 0 0 0 0 1 0 0 1 0 1 0 1 0 0 0 0 0 0 0 0 0 1]
[0 0 0 0 0 0 0 0 0 0 0 1 0 0 1 0 1 1 0 0 0 0 0 0 0 0 0 1]
[0 0 0 0 0 0 0 0 0 0 1 1 1 0 0 0 0 1 0 0 0 0 0 0 0 0 0 0]
[0 0 0 0 0 0 0 0 1 1 0 0 0 0 0 1 1 0 0 0 0 0 0 0 0 0 0 0]
[0 0 0 0 0 1 1 0 0 1 1 0 0 0 1 0 0 0 0 0 0 0 0 0 0 0 0 0]
[0 0 0 0 1 0 0 1 1 0 0 1 0 1 0 0 0 0 0 0 0 0 0 0 0 0 0 0]
[0 0 0 0 0 0 0 0 0 0 0 0 1 0 0 1 1 0 0 0 0 0 0 1 1 0 0 0]
[0 0 0 0 0 0 0 0 0 0 0 0 0 1 1 0 0 0 0 0 0 1 1 0 0 1 0 0]
[0 0 0 0 0 0 0 0 0 0 0 0 0 0 0 0 0 0 1 0 0 1 1 1 1 0 0 0]
[2026-03-06 10:53:11] INFO: op ←←←←←, 14839
[2026-03-06 10:53:12] INFO: op →←←←←, 11536
[2026-03-06 10:53:12] INFO: op →→←←←, 11406
[2026-03-06 10:53:12] INFO: op →→→←←, 11406
[2026-03-06 10:53:13] INFO: op →→→→←, 11536
[2026-03-06 10:53:13] INFO: op ←→←←←, 9327
[2026-03-06 10:53:13] INFO: op ←←→←←, 9151
[2026-03-06 10:53:14] INFO: op ←→→←←, 8884
[2026-03-06 10:53:14] INFO: op ←←←→←, 9119
[2026-03-06 10:53:14] INFO: op ←←→→←, 8964
[2026-03-06 10:53:15] INFO: op ←→→→←, 9251
[2026-03-06 10:53:15] INFO: op →←→←←, 7093
[2026-03-06 10:53:15] INFO: op →←←→←, 6897
[2026-03-06 10:53:15] INFO: op →→←→←, 7093
[2026-03-06 10:53:15] INFO: op →←→→←, 6897
[2026-03-06 10:53:16] INFO: op ←→←→←, 5944
[2026-03-06 10:53:16] INFO: [END]
