[2026-03-06 10:51:42] INFO: Logger initialized at log/log302613.log
[2026-03-06 10:51:42] INFO: Test 301th graph in data/list_1775_graphs.g6: [`aAA?jHoyBoc?c?K?J?C?ag@DWAL?CQcGPY@GU_OdI_cSkgPAOga@_JA?Ayh?@U
[2026-03-06 10:51:42] INFO: meta data: 
minimum degree >= 6
independent number >= 2
connected
Not regular
[2026-03-06 10:51:42] INFO: Orientation of [`aAA?jHoyBoc?c?K?J?C?ag@DWAL?CQcGPY@GU_OdI_cSkgPAOga@_JA?Ayh?@U with min semidegree 3:
[0 0 0 0 1 0 0 0 0 0 0 0 0 0 0 0 0 0 0 0 0 0 0 0 1 1 0 0]
[1 0 0 0 0 0 0 0 0 0 0 0 0 0 0 0 0 0 0 0 0 0 0 0 0 0 1 1]
[0 0 0 0 0 0 0 0 1 1 0 0 0 0 0 0 0 0 0 0 0 0 0 0 1 0 0 0]
[0 0 1 0 0 0 0 0 0 0 0 0 0 0 0 0 0 0 0 0 0 0 0 0 0 0 1 1]
[0 0 0 0 0 0 0 0 0 0 0 0 0 0 0 0 0 0 0 0 1 0 1 0 0 0 1 0]
[1 0 0 0 0 0 0 0 0 0 0 0 0 0 0 0 0 0 0 0 0 1 0 1 0 0 0 1]
[0 1 0 0 0 0 0 0 0 0 0 0 0 0 0 0 1 0 0 1 0 0 0 0 0 0 0 0]
[0 1 0 0 0 0 0 0 0 0 0 0 0 0 0 0 0 1 1 0 0 0 0 0 0 0 0 0]
[0 0 0 0 1 0 1 1 0 0 0 0 0 0 0 0 0 0 0 0 0 0 0 1 0 0 0 0]
[0 0 0 0 0 1 1 1 0 0 0 0 0 0 0 0 0 0 0 0 0 0 0 0 0 0 0 0]
[0 0 0 1 1 1 0 1 0 0 0 0 0 0 0 0 0 0 0 0 0 0 0 0 0 0 0 0]
[0 0 0 1 1 1 1 0 0 0 0 0 0 0 0 0 0 0 0 0 0 0 0 0 0 0 0 0]
[1 0 0 1 0 0 0 0 0 0 0 0 0 0 0 0 0 0 0 0 0 0 1 0 0 0 0 0]
[1 0 0 1 0 0 0 0 0 0 0 0 0 0 0 0 0 1 0 0 0 0 0 0 0 0 0 0]
[0 1 1 0 0 0 0 0 0 0 0 0 0 1 0 0 0 0 0 0 0 0 0 0 0 0 0 0]
[0 1 1 0 0 0 0 0 0 0 0 0 1 0 0 0 0 0 0 0 0 0 0 0 0 0 0 0]
[0 0 0 0 0 0 0 0 0 0 1 0 1 0 1 0 0 0 0 0 0 0 0 0 0 0 0 0]
[0 0 0 0 0 0 0 0 0 0 0 1 0 0 0 1 1 0 0 0 0 0 0 0 0 0 0 0]
[0 0 0 0 0 0 0 0 0 0 0 1 1 0 1 0 0 0 0 0 0 0 0 0 0 0 0 0]
[0 0 0 0 0 0 0 0 0 0 1 0 0 1 0 1 0 0 1 0 0 0 0 0 0 0 0 0]
[0 0 0 0 0 0 0 0 0 1 0 0 0 1 0 1 1 0 1 0 0 0 0 0 0 0 0 0]
[0 0 0 0 0 0 0 0 1 0 0 0 0 1 0 1 1 0 1 0 0 0 0 0 0 0 0 0]
[0 0 0 0 0 0 0 0 0 1 0 0 0 0 1 0 0 1 0 1 0 1 0 0 0 0 0 0]
[0 0 0 0 0 0 0 0 0 0 0 0 1 0 1 0 0 1 0 1 1 0 0 0 0 0 0 0]
[0 0 0 0 0 0 0 1 0 0 0 1 0 0 0 0 1 0 0 1 0 0 0 0 0 0 0 0]
[0 0 1 0 0 0 1 0 0 0 1 0 0 0 0 0 0 1 1 0 0 0 0 0 0 0 0 0]
[0 0 0 0 0 0 0 0 0 1 0 0 0 0 0 0 0 0 0 0 0 1 0 1 1 1 0 0]
[0 0 0 0 0 0 0 0 1 0 0 0 0 0 0 0 0 0 0 0 1 0 1 0 1 1 0 0]
[2026-03-06 10:51:43] INFO: op ←←←←←, 15048
[2026-03-06 10:51:43] INFO: op →←←←←, 12087
[2026-03-06 10:51:44] INFO: op →→←←←, 12059
[2026-03-06 10:51:44] INFO: op →→→←←, 12059
[2026-03-06 10:51:45] INFO: op →→→→←, 12087
[2026-03-06 10:51:45] INFO: op ←→←←←, 9923
[2026-03-06 10:51:45] INFO: op ←←→←←, 9882
[2026-03-06 10:51:45] INFO: op ←→→←←, 9709
[2026-03-06 10:51:46] INFO: op ←←←→←, 9726
[2026-03-06 10:51:46] INFO: op ←←→→←, 9880
[2026-03-06 10:51:46] INFO: op ←→→→←, 9693
[2026-03-06 10:51:47] INFO: op →←→←←, 7635
[2026-03-06 10:51:47] INFO: op →←←→←, 7641
[2026-03-06 10:51:47] INFO: op →→←→←, 7635
[2026-03-06 10:51:47] INFO: op →←→→←, 7641
[2026-03-06 10:51:48] INFO: op ←→←→←, 5906
[2026-03-06 10:51:48] INFO: [END]
