[2026-03-06 10:53:45] INFO: Logger initialized at log/log306568.log
[2026-03-06 10:53:46] INFO: Test 414th graph in data/list_1775_graphs.g6: V?????K?pEB`JoFoKAk`TZCER_lFGAwoF_t?sM_F}???
[2026-03-06 10:53:46] INFO: meta data: 
minimum degree >= 6
independent number >= 2
connected
Not regular
[2026-03-06 10:53:46] INFO: Orientation of V?????K?pEB`JoFoKAk`TZCER_lFGAwoF_t?sM_F}??? with min semidegree 3:
[0 0 0 0 0 0 0 0 0 0 0 0 0 0 0 1 0 1 0 0 1 0 0]
[0 0 0 0 0 0 0 0 0 0 0 0 0 0 0 0 1 0 0 1 1 0 0]
[0 0 0 0 0 0 0 0 0 0 0 0 0 0 1 0 1 0 1 0 1 0 0]
[0 0 0 0 0 0 0 0 0 0 0 0 0 0 0 1 0 1 0 1 0 1 0]
[0 0 0 0 0 0 0 0 0 0 0 0 1 0 0 0 0 0 0 1 0 0 1]
[0 0 0 0 0 0 0 0 0 0 0 0 0 1 0 0 1 0 0 0 0 0 1]
[0 0 0 0 0 0 0 0 0 0 0 0 0 0 0 0 0 1 1 0 0 0 1]
[0 0 0 0 0 0 0 0 0 0 0 0 0 0 0 0 0 1 1 0 0 0 1]
[0 0 0 0 1 1 0 0 0 0 0 0 0 0 0 0 0 0 0 0 0 1 0]
[0 0 0 0 0 0 1 1 0 0 0 0 0 0 0 0 0 0 0 0 0 1 0]
[0 0 1 0 0 0 1 1 0 0 0 0 0 0 0 0 0 0 0 0 0 0 0]
[0 0 0 1 1 1 0 0 0 0 1 0 0 0 0 0 0 0 0 0 0 0 0]
[0 0 1 0 0 1 1 1 0 0 0 0 0 0 0 0 0 0 0 0 0 0 0]
[0 0 0 1 1 0 1 1 0 0 0 0 0 0 0 0 0 0 0 0 0 0 0]
[0 1 0 0 0 0 0 0 0 1 0 1 0 1 0 0 0 0 0 0 0 0 0]
[0 0 0 0 0 0 0 0 1 0 1 0 1 0 1 0 0 0 0 0 0 0 0]
[0 0 0 0 1 0 0 0 0 1 0 0 0 0 0 1 0 0 0 0 0 0 0]
[0 0 0 0 0 0 0 0 1 0 0 0 0 0 1 0 1 0 0 0 0 0 0]
[1 0 0 0 0 0 0 0 1 0 0 1 0 0 0 0 0 0 0 0 0 0 0]
[0 0 0 0 0 1 0 0 0 1 1 0 0 0 0 0 0 0 1 0 0 0 0]
[0 0 0 0 0 0 0 0 1 1 0 1 0 1 0 0 0 0 0 0 0 0 0]
[1 1 0 0 0 0 0 0 0 0 1 0 1 0 0 0 0 0 0 0 0 0 0]
[1 1 1 1 0 0 0 0 0 0 0 0 0 0 0 0 0 0 0 0 0 0 0]
[2026-03-06 10:53:46] INFO: op ←←←←←, 9335
[2026-03-06 10:53:46] INFO: op →←←←←, 7055
[2026-03-06 10:53:46] INFO: op →→←←←, 6964
[2026-03-06 10:53:47] INFO: op →→→←←, 6964
[2026-03-06 10:53:47] INFO: op →→→→←, 7055
[2026-03-06 10:53:47] INFO: op ←→←←←, 5178
[2026-03-06 10:53:47] INFO: op ←←→←←, 5123
[2026-03-06 10:53:47] INFO: op ←→→←←, 4938
[2026-03-06 10:53:47] INFO: op ←←←→←, 5177
[2026-03-06 10:53:48] INFO: op ←←→→←, 4912
[2026-03-06 10:53:48] INFO: op ←→→→←, 5410
[2026-03-06 10:53:48] INFO: op →←→←←, 3777
[2026-03-06 10:53:48] INFO: op →←←→←, 3671
[2026-03-06 10:53:48] INFO: op →→←→←, 3777
[2026-03-06 10:53:48] INFO: op →←→→←, 3671
[2026-03-06 10:53:48] INFO: op ←→←→←, 2794
[2026-03-06 10:53:48] INFO: [END]
