[2026-03-06 10:50:49] INFO: Logger initialized at log/log300828.log
[2026-03-06 10:50:50] INFO: Test 250th graph in data/list_1775_graphs.g6: [K_xsA_o@AgK`?__I?AO?@I[Aio_]_O^?CTC?da?`_a@ECOPOPFOoaJEGAM`Q@Do
[2026-03-06 10:50:50] INFO: meta data: 
minimum degree >= 6
independent number >= 2
connected
Not regular
[2026-03-06 10:50:50] INFO: Orientation of [K_xsA_o@AgK`?__I?AO?@I[Aio_]_O^?CTC?da?`_a@ECOPOPFOoaJEGAM`Q@Do with min semidegree 3:
[0 0 0 1 1 0 0 0 0 0 0 0 1 0 0 0 0 0 0 0 0 0 0 0 0 0 0 0]
[0 0 0 0 0 0 0 0 0 1 0 0 0 0 0 0 0 0 0 0 0 0 0 0 1 1 0 0]
[0 1 0 0 0 0 0 0 0 0 0 0 0 0 0 0 0 0 0 0 0 0 0 0 0 0 1 1]
[0 0 0 0 0 0 0 0 0 0 0 0 0 0 0 0 0 0 1 0 0 0 1 0 0 0 1 0]
[0 0 0 0 0 0 0 0 0 0 0 0 0 0 0 0 0 0 0 1 0 0 0 1 0 0 0 1]
[0 0 1 1 1 0 0 0 0 0 0 0 0 0 0 0 0 0 0 0 0 0 0 0 0 0 0 0]
[0 0 1 1 1 0 0 0 0 0 0 0 0 0 0 0 0 0 0 0 0 0 0 0 0 0 0 0]
[1 0 0 0 0 0 0 0 0 0 0 0 0 0 0 0 0 0 0 0 0 0 0 0 1 1 0 0]
[1 0 1 0 0 0 0 0 0 0 0 0 0 0 0 0 1 0 0 0 0 0 0 0 0 0 0 0]
[1 0 0 0 0 0 0 0 0 0 0 0 0 0 0 0 0 0 0 0 1 1 0 0 0 0 0 0]
[0 0 1 0 0 0 0 1 0 1 0 0 0 0 0 0 0 0 0 0 0 0 0 0 0 0 0 0]
[0 1 0 0 0 0 0 1 1 0 0 0 0 0 0 0 0 0 0 0 0 0 0 0 0 0 0 0]
[0 0 0 0 0 1 0 0 0 0 0 0 0 0 0 0 0 1 0 0 0 0 0 0 0 1 0 0]
[1 0 0 0 0 0 1 0 0 0 0 0 0 0 0 0 0 0 0 0 0 0 0 0 1 0 0 0]
[0 1 0 1 0 0 0 0 0 0 0 0 0 0 0 0 0 0 0 0 0 0 0 0 0 0 0 1]
[0 1 0 0 1 0 0 0 0 0 0 0 0 0 0 0 0 0 0 0 0 0 0 0 0 0 1 0]
[0 0 0 0 0 1 0 0 0 0 1 0 0 1 1 1 0 0 0 0 0 0 0 0 0 0 0 0]
[0 0 0 0 0 0 1 0 1 0 1 0 0 0 1 1 0 0 0 0 0 0 0 0 0 0 0 0]
[0 0 0 0 0 0 0 0 0 0 1 1 1 1 0 1 0 0 0 0 0 0 0 0 0 0 0 0]
[0 0 0 0 0 0 0 0 0 0 1 1 1 1 1 0 0 0 0 0 0 0 0 0 0 0 0 0]
[0 0 0 0 0 1 0 0 0 0 0 1 0 1 0 0 0 1 0 0 0 0 0 0 0 0 0 0]
[0 0 0 0 0 0 1 0 0 0 0 1 1 0 0 0 1 0 0 0 0 0 0 0 0 0 0 0]
[0 0 0 0 0 0 0 0 1 1 0 0 0 0 0 1 0 0 0 1 0 0 0 0 0 0 0 0]
[0 0 0 0 0 0 0 0 1 1 0 0 0 0 1 0 0 0 1 0 0 0 0 0 0 0 0 0]
[0 0 0 0 0 1 0 0 0 0 0 0 0 0 0 0 0 1 0 0 0 1 1 1 0 0 0 0]
[0 0 0 0 0 0 1 0 0 0 0 0 0 0 0 0 1 0 0 0 1 0 1 1 0 0 0 0]
[0 0 0 0 0 0 0 1 0 0 0 0 0 0 0 0 0 0 0 1 1 1 0 1 0 0 0 0]
[0 0 0 0 0 0 0 1 0 0 0 0 0 0 0 0 0 0 1 0 1 1 1 0 0 0 0 0]
[2026-03-06 10:50:50] INFO: op ←←←←←, 15742
[2026-03-06 10:50:51] INFO: op →←←←←, 12204
[2026-03-06 10:50:51] INFO: op →→←←←, 12136
[2026-03-06 10:50:51] INFO: op →→→←←, 12136
[2026-03-06 10:50:52] INFO: op →→→→←, 12204
[2026-03-06 10:50:52] INFO: op ←→←←←, 9924
[2026-03-06 10:50:52] INFO: op ←←→←←, 9709
[2026-03-06 10:50:53] INFO: op ←→→←←, 9479
[2026-03-06 10:50:53] INFO: op ←←←→←, 9798
[2026-03-06 10:50:53] INFO: op ←←→→←, 9465
[2026-03-06 10:50:54] INFO: op ←→→→←, 9595
[2026-03-06 10:50:54] INFO: op →←→←←, 7246
[2026-03-06 10:50:54] INFO: op →←←→←, 7491
[2026-03-06 10:50:54] INFO: op →→←→←, 7246
[2026-03-06 10:50:55] INFO: op →←→→←, 7491
[2026-03-06 10:50:55] INFO: op ←→←→←, 6006
[2026-03-06 10:50:55] INFO: [END]
