[2026-03-06 10:53:23] INFO: Logger initialized at log/log305761.log
[2026-03-06 10:53:23] INFO: Test 391th graph in data/list_1775_graphs.g6: TR??@?_G?baMC[r{X}E[[rb`mMB[[C~_A^o?
[2026-03-06 10:53:23] INFO: meta data: 
minimum degree >= 6
independent number >= 2
connected
Not regular
[2026-03-06 10:53:23] INFO: Orientation of TR??@?_G?baMC[r{X}E[[rb`mMB[[C~_A^o? with min semidegree 3:
[0 0 0 0 0 0 0 0 0 0 0 0 0 0 0 1 1 0 0 1 1]
[0 0 0 0 0 0 0 0 0 0 0 0 0 0 0 1 1 1 1 0 0]
[1 0 0 0 0 0 0 0 0 0 0 0 0 0 0 0 0 1 1 0 0]
[0 1 1 0 0 0 0 0 0 0 0 0 0 0 0 0 0 0 0 1 0]
[0 0 0 0 0 0 0 0 0 0 0 0 0 0 0 1 1 1 1 0 0]
[0 0 0 0 0 0 0 0 0 0 0 0 0 1 0 0 0 0 0 1 1]
[0 0 0 0 0 0 0 0 0 0 0 0 0 1 1 0 0 0 0 0 1]
[0 0 1 0 0 0 0 0 0 0 0 0 0 1 1 0 0 0 0 0 0]
[0 0 1 0 0 0 0 0 0 0 0 0 0 0 1 0 0 0 0 1 0]
[0 0 1 0 0 0 0 0 0 0 0 0 0 0 0 0 0 0 0 1 1]
[0 0 0 1 0 0 0 1 1 1 0 0 0 0 0 0 0 0 0 0 0]
[0 0 0 1 0 0 0 1 1 1 0 0 0 0 0 0 0 0 0 0 0]
[0 0 0 1 0 0 0 1 1 1 0 0 0 0 0 0 0 0 0 0 0]
[1 1 0 0 1 0 0 0 1 1 0 0 0 0 0 0 0 0 0 0 0]
[1 1 0 0 1 1 0 0 0 1 0 0 0 0 0 0 0 0 0 0 0]
[0 0 0 0 0 1 1 0 0 0 1 1 1 0 0 0 0 0 0 0 0]
[0 0 0 0 0 1 1 0 0 0 1 1 1 0 0 0 0 0 0 0 0]
[0 0 0 0 0 1 1 0 0 0 1 1 1 0 0 0 0 0 0 0 0]
[0 0 0 0 0 1 1 0 0 0 1 1 1 0 0 0 0 0 0 0 0]
[0 0 0 0 1 0 1 1 0 0 0 0 0 0 0 0 0 0 0 0 0]
[0 0 0 1 1 0 0 1 1 0 0 0 0 0 0 0 0 0 0 0 0]
[2026-03-06 10:53:23] INFO: op ←←←←←, 12791
[2026-03-06 10:53:24] INFO: op →←←←←, 11027
[2026-03-06 10:53:24] INFO: op →→←←←, 10889
[2026-03-06 10:53:24] INFO: op →→→←←, 10889
[2026-03-06 10:53:25] INFO: op →→→→←, 11027
[2026-03-06 10:53:25] INFO: op ←→←←←, 9516
[2026-03-06 10:53:25] INFO: op ←←→←←, 9239
[2026-03-06 10:53:25] INFO: op ←→→←←, 8176
[2026-03-06 10:53:26] INFO: op ←←←→←, 9580
[2026-03-06 10:53:26] INFO: op ←←→→←, 7886
[2026-03-06 10:53:26] INFO: op ←→→→←, 9633
[2026-03-06 10:53:27] INFO: op →←→←←, 6877
[2026-03-06 10:53:27] INFO: op →←←→←, 7076
[2026-03-06 10:53:27] INFO: op →→←→←, 6877
[2026-03-06 10:53:27] INFO: op →←→→←, 7076
[2026-03-06 10:53:28] INFO: op ←→←→←, 5407
[2026-03-06 10:53:28] INFO: [END]
