[2026-03-06 10:52:52] INFO: Logger initialized at log/log304820.log
[2026-03-06 10:52:53] INFO: Test 365th graph in data/list_1775_graphs.g6: [r_XOa@OHAgoAA?g?G_G_QA[QapGfCAM_WP_GHcKGR?GWQ@QO@eHGAXaQ@JC?WLH
[2026-03-06 10:52:53] INFO: meta data: 
minimum degree >= 6
independent number >= 2
connected
Not regular
[2026-03-06 10:52:53] INFO: Orientation of [r_XOa@OHAgoAA?g?G_G_QA[QapGfCAM_WP_GHcKGR?GWQ@QO@eHGAXaQ@JC?WLH with min semidegree 3:
[0 0 1 0 0 0 0 0 0 0 0 0 0 0 0 0 0 0 0 1 0 0 0 0 0 0 0 1]
[1 0 0 0 0 0 0 0 0 0 0 0 0 0 0 0 1 0 0 0 0 0 0 1 0 0 0 0]
[0 0 0 0 0 0 0 0 0 0 0 0 0 0 0 0 0 0 1 0 0 1 0 0 0 1 0 0]
[0 1 1 0 0 0 0 0 0 0 0 0 0 0 0 0 0 1 0 0 0 0 0 0 0 0 0 0]
[1 0 0 0 0 0 0 0 0 0 0 0 0 0 0 0 1 0 0 0 0 0 0 0 1 0 0 0]
[0 0 0 1 1 0 0 0 0 0 0 0 0 0 0 0 0 0 0 0 0 0 0 0 0 1 0 0]
[0 0 1 0 1 0 0 0 0 0 0 0 0 0 0 0 0 0 0 0 0 0 0 0 0 0 1 0]
[0 0 0 1 0 0 0 0 0 0 0 0 0 0 0 0 0 0 0 1 0 0 0 0 1 0 0 0]
[1 0 0 0 0 0 0 1 0 0 0 0 0 0 0 0 0 0 0 0 0 0 0 0 0 1 0 0]
[0 1 0 0 0 0 0 0 1 0 0 0 0 0 0 0 0 0 0 0 0 0 0 0 0 0 1 0]
[0 0 1 0 0 0 0 1 0 1 0 0 0 0 0 0 0 0 0 0 0 0 0 0 0 0 0 1]
[0 1 0 0 0 1 1 0 0 0 0 0 0 0 0 0 0 0 0 0 0 0 0 0 0 0 0 1]
[0 0 0 0 1 0 0 0 0 0 1 0 0 0 0 0 0 1 0 0 0 0 0 0 0 0 0 0]
[0 0 0 0 0 0 1 0 1 0 0 0 0 0 0 0 1 0 0 0 0 0 0 0 0 0 0 0]
[0 0 0 0 0 0 0 1 0 0 0 1 0 0 0 0 0 1 0 0 0 0 0 0 0 0 0 0]
[0 0 0 0 0 1 0 0 0 1 0 0 0 0 0 0 0 0 0 1 0 0 0 0 0 0 0 0]
[0 0 0 0 0 0 0 0 0 0 1 0 0 0 1 1 0 0 0 0 0 0 0 0 0 0 0 0]
[0 0 0 0 0 0 1 0 1 0 0 0 0 0 0 1 0 0 0 0 0 0 0 0 0 0 0 0]
[0 0 0 0 0 1 0 0 0 1 0 0 1 1 1 0 0 0 0 0 0 0 0 0 0 0 0 0]
[0 0 0 0 0 0 0 0 0 0 0 1 1 1 0 0 0 0 0 0 0 0 0 0 0 0 0 0]
[0 0 0 1 1 0 0 0 0 1 0 0 0 1 1 0 0 0 0 0 0 0 0 0 0 0 0 0]
[0 0 0 0 0 0 0 0 1 0 0 1 1 0 0 1 0 0 0 0 1 0 0 0 0 0 0 0]
[1 0 0 0 0 1 0 0 0 0 1 0 0 1 1 0 0 0 0 0 0 0 0 0 0 0 0 0]
[0 0 0 0 0 0 1 1 0 0 0 0 1 0 0 1 0 0 0 0 0 0 1 0 0 0 0 0]
[0 1 0 0 0 0 0 0 0 0 0 0 0 0 0 0 0 1 1 0 0 1 1 0 0 0 0 0]
[0 0 0 0 0 0 0 0 0 0 0 0 0 0 0 0 1 0 0 1 1 0 0 1 1 0 0 0]
[0 0 0 1 0 0 0 0 0 0 0 0 0 0 0 0 1 0 0 1 0 1 1 0 0 0 0 0]
[0 0 0 0 0 0 0 0 0 0 0 0 0 0 0 0 0 1 1 0 1 0 0 1 0 0 1 0]
[2026-03-06 10:52:53] INFO: op ←←←←←, 14458
[2026-03-06 10:52:53] INFO: op →←←←←, 11686
[2026-03-06 10:52:54] INFO: op →→←←←, 11959
[2026-03-06 10:52:54] INFO: op →→→←←, 11959
[2026-03-06 10:52:55] INFO: op →→→→←, 11686
[2026-03-06 10:52:55] INFO: op ←→←←←, 9837
[2026-03-06 10:52:55] INFO: op ←←→←←, 9909
[2026-03-06 10:52:56] INFO: op ←→→←←, 9885
[2026-03-06 10:52:56] INFO: op ←←←→←, 9753
[2026-03-06 10:52:56] INFO: op ←←→→←, 10035
[2026-03-06 10:52:57] INFO: op ←→→→←, 9807
[2026-03-06 10:52:57] INFO: op →←→←←, 7625
[2026-03-06 10:52:57] INFO: op →←←→←, 7807
[2026-03-06 10:52:57] INFO: op →→←→←, 7625
[2026-03-06 10:52:57] INFO: op →←→→←, 7807
[2026-03-06 10:52:58] INFO: op ←→←→←, 6062
[2026-03-06 10:52:58] INFO: [END]
