[2026-03-06 10:53:28] INFO: Logger initialized at log/log305903.log
[2026-03-06 10:53:28] INFO: Test 395th graph in data/list_1775_graphs.g6: ULAG??CHtPWWU?T?@Eg@m@q_BJAv?Av?A_?~g?No
[2026-03-06 10:53:28] INFO: meta data: 
minimum degree >= 6
independent number >= 2
connected
Not regular
[2026-03-06 10:53:28] INFO: Orientation of ULAG??CHtPWWU?T?@Eg@m@q_BJAv?Av?A_?~g?No with min semidegree 3:
[0 0 0 0 0 0 0 0 0 0 1 0 0 0 0 0 0 0 0 0 1 1]
[0 0 0 0 0 0 0 0 0 0 0 1 0 0 0 0 0 0 1 1 0 0]
[0 1 0 0 0 0 0 0 0 0 0 0 0 0 0 0 0 0 0 0 1 1]
[1 0 1 0 0 0 0 0 0 0 0 0 0 0 0 0 0 0 1 0 0 0]
[0 0 0 0 0 0 0 0 0 0 0 0 0 0 1 0 0 0 1 1 0 0]
[1 0 0 0 1 0 0 0 0 0 0 0 0 0 0 0 1 0 0 0 0 0]
[0 0 0 0 0 0 0 0 0 1 0 0 0 0 0 0 1 1 0 0 0 0]
[0 0 0 0 0 0 0 0 0 0 0 0 0 0 0 0 1 1 0 1 0 0]
[0 0 0 0 0 1 0 0 0 0 0 0 0 0 1 1 0 0 0 0 0 0]
[0 0 1 0 0 1 0 1 0 0 0 0 0 0 0 0 0 0 0 0 0 0]
[0 0 1 0 1 0 0 0 1 0 0 0 0 0 0 0 0 0 0 0 0 0]
[1 0 0 0 0 0 1 1 0 0 0 0 0 0 0 0 0 0 0 0 0 0]
[0 1 0 1 1 0 0 0 0 0 0 0 0 0 0 0 0 0 0 0 0 0]
[0 1 0 1 0 1 0 0 0 0 0 0 0 0 0 0 0 0 0 0 0 0]
[0 0 0 0 0 0 0 0 0 1 0 1 0 1 0 0 0 0 0 0 0 0]
[0 0 0 0 0 0 0 0 0 1 0 1 1 1 0 0 0 0 0 0 0 0]
[0 0 0 0 0 0 0 0 0 0 1 0 1 0 0 0 0 0 0 0 1 1]
[0 0 0 0 0 0 0 0 0 0 1 0 1 1 0 0 0 0 0 0 0 0]
[0 0 0 0 0 0 1 1 1 0 0 0 0 0 0 0 0 0 0 0 0 0]
[0 0 0 1 0 0 1 0 1 0 0 0 0 0 0 0 0 0 0 0 0 0]
[0 0 0 0 0 0 0 0 0 0 0 0 0 0 1 1 0 1 1 1 0 0]
[0 0 0 0 0 0 0 0 0 0 0 0 0 0 1 1 0 1 1 1 0 0]
[2026-03-06 10:53:28] INFO: op ←←←←←, 6618
[2026-03-06 10:53:28] INFO: op →←←←←, 4968
[2026-03-06 10:53:29] INFO: op →→←←←, 4815
[2026-03-06 10:53:29] INFO: op →→→←←, 4815
[2026-03-06 10:53:29] INFO: op →→→→←, 4968
[2026-03-06 10:53:29] INFO: op ←→←←←, 3724
[2026-03-06 10:53:29] INFO: op ←←→←←, 3691
[2026-03-06 10:53:29] INFO: op ←→→←←, 3280
[2026-03-06 10:53:29] INFO: op ←←←→←, 3755
[2026-03-06 10:53:29] INFO: op ←←→→←, 3332
[2026-03-06 10:53:30] INFO: op ←→→→←, 3654
[2026-03-06 10:53:30] INFO: op →←→←←, 2698
[2026-03-06 10:53:30] INFO: op →←←→←, 2516
[2026-03-06 10:53:30] INFO: op →→←→←, 2698
[2026-03-06 10:53:30] INFO: op →←→→←, 2516
[2026-03-06 10:53:30] INFO: op ←→←→←, 1988
[2026-03-06 10:53:30] INFO: [END]
