[2026-03-06 10:53:46] INFO: Logger initialized at log/log306605.log
[2026-03-06 10:53:46] INFO: Test 416th graph in data/list_1775_graphs.g6: V@vcAD_c?WCGC_OCOC@AVCbX?]c@]?JcOIsOI_POi@D_
[2026-03-06 10:53:46] INFO: meta data: 
minimum degree >= 6
independent number >= 2
connected
Not regular
[2026-03-06 10:53:46] INFO: Orientation of V@vcAD_c?WCGC_OCOC@AVCbX?]c@]?JcOIsOI_POi@D_ with min semidegree 3:
[0 0 0 0 1 1 0 0 0 0 0 0 0 0 0 0 0 0 1 0 0 0 0]
[0 0 0 0 1 0 0 1 0 0 0 0 0 0 0 0 0 1 0 0 0 0 0]
[0 0 0 0 0 0 0 0 1 0 0 0 0 0 0 1 0 0 0 0 0 1 0]
[0 0 1 0 0 0 0 0 0 0 0 0 0 0 0 0 1 0 0 0 0 0 1]
[0 0 0 1 0 0 0 0 0 0 0 0 0 0 0 0 0 0 0 0 1 1 0]
[0 1 1 0 0 0 0 0 0 0 0 0 0 0 0 0 0 0 0 0 0 0 1]
[1 0 0 0 0 0 0 0 0 0 0 0 0 0 0 0 1 0 0 0 1 0 0]
[0 0 0 0 0 0 1 0 0 0 0 0 0 0 0 0 0 0 0 1 0 0 1]
[0 1 0 0 0 0 0 0 0 0 0 0 0 0 0 0 0 0 1 1 0 0 0]
[1 0 0 1 0 0 0 0 0 0 0 0 0 0 0 0 0 1 0 0 0 0 0]
[0 0 0 0 1 1 0 0 0 0 0 0 0 0 0 1 0 0 0 0 0 0 0]
[0 0 1 0 0 0 0 1 0 0 0 0 0 0 0 0 0 0 0 0 1 0 0]
[0 0 0 1 0 0 1 0 0 0 0 0 0 0 0 0 0 0 0 1 0 0 0]
[0 1 0 0 0 0 0 0 0 1 0 0 0 0 0 0 0 0 0 0 0 1 0]
[1 0 0 0 0 0 0 0 1 0 0 0 0 0 0 0 0 0 0 0 0 0 1]
[0 0 0 0 0 0 0 1 0 0 0 0 1 1 1 0 0 0 0 0 0 0 0]
[0 0 0 0 0 0 0 0 0 0 1 1 0 1 1 0 0 0 0 0 0 0 0]
[0 0 0 0 0 0 0 0 0 0 1 1 1 0 1 0 0 0 0 0 0 0 0]
[0 0 0 0 0 0 0 0 0 0 1 1 1 1 0 0 0 0 0 0 0 0 0]
[0 0 0 0 0 1 0 0 0 1 0 0 0 0 0 0 1 0 0 0 0 0 0]
[0 0 0 0 0 0 0 0 1 1 0 0 0 0 0 1 0 0 0 0 0 0 0]
[0 0 0 0 0 0 1 0 0 0 0 0 0 0 0 0 0 1 0 1 0 0 0]
[0 0 0 0 0 0 0 0 0 0 0 0 0 0 0 0 0 0 1 0 1 1 0]
[2026-03-06 10:53:46] INFO: op ←←←←←, 6274
[2026-03-06 10:53:46] INFO: op →←←←←, 4392
[2026-03-06 10:53:47] INFO: op →→←←←, 4532
[2026-03-06 10:53:47] INFO: op →→→←←, 4532
[2026-03-06 10:53:47] INFO: op →→→→←, 4392
[2026-03-06 10:53:47] INFO: op ←→←←←, 3044
[2026-03-06 10:53:47] INFO: op ←←→←←, 2942
[2026-03-06 10:53:47] INFO: op ←→→←←, 3160
[2026-03-06 10:53:47] INFO: op ←←←→←, 3031
[2026-03-06 10:53:47] INFO: op ←←→→←, 3137
[2026-03-06 10:53:47] INFO: op ←→→→←, 3093
[2026-03-06 10:53:47] INFO: op →←→←←, 2012
[2026-03-06 10:53:48] INFO: op →←←→←, 2185
[2026-03-06 10:53:48] INFO: op →→←→←, 2012
[2026-03-06 10:53:48] INFO: op →←→→←, 2185
[2026-03-06 10:53:48] INFO: op ←→←→←, 1389
[2026-03-06 10:53:48] INFO: [END]
