[2026-03-06 10:53:44] INFO: Logger initialized at log/log306533.log
[2026-03-06 10:53:44] INFO: Test 413th graph in data/list_1775_graphs.g6: V???OWcE@OE_?l@eQHQaSaHTGddK_jK`RRg?{OoEFw??
[2026-03-06 10:53:44] INFO: meta data: 
minimum degree >= 6
independent number >= 2
connected
Not regular
[2026-03-06 10:53:44] INFO: Orientation of V???OWcE@OE_?l@eQHQaSaHTGddK_jK`RRg?{OoEFw?? with min semidegree 3:
[0 0 0 0 0 0 0 0 0 0 0 0 0 0 0 0 1 0 1 0 1 0 0]
[0 0 0 0 0 0 0 0 0 0 0 0 0 0 0 0 0 1 0 1 1 0 0]
[0 0 0 0 0 0 0 0 0 0 0 0 0 0 0 0 0 0 1 1 0 1 0]
[0 0 0 0 0 0 0 0 0 0 0 0 0 0 1 0 0 0 0 0 1 1 0]
[0 0 0 0 0 0 1 0 0 0 0 0 0 0 0 0 1 1 0 0 0 0 0]
[0 0 0 0 0 0 0 0 0 0 0 0 0 1 0 0 0 0 1 1 0 0 0]
[0 0 0 0 0 0 0 0 0 0 0 0 0 0 0 0 0 0 1 1 0 0 1]
[0 0 0 0 1 1 0 0 0 0 0 0 0 0 0 0 0 0 0 0 0 1 0]
[0 0 1 0 0 1 0 0 0 0 0 0 0 0 0 0 0 0 0 0 0 0 1]
[0 0 0 1 1 0 0 0 0 0 0 0 0 0 0 0 0 0 0 0 0 0 1]
[0 0 1 0 1 0 0 0 0 0 0 0 0 0 0 1 0 0 0 0 0 0 0]
[0 0 1 1 0 1 0 0 0 0 0 0 0 0 0 0 0 0 0 0 0 0 0]
[0 0 0 0 0 0 1 0 1 1 0 1 0 0 0 0 0 0 0 0 0 0 0]
[0 0 0 0 0 0 1 0 0 1 1 0 0 0 0 0 0 0 0 0 0 0 0]
[1 0 0 0 0 0 0 1 0 0 1 0 1 0 0 0 0 0 0 0 0 0 0]
[0 1 0 1 0 0 0 1 0 0 0 0 1 0 0 0 0 0 0 0 0 0 0]
[0 0 0 0 0 0 0 0 1 0 0 1 0 1 0 1 0 0 0 0 0 0 0]
[0 0 0 0 0 0 0 0 1 0 0 1 0 1 1 0 0 0 0 0 0 0 0]
[0 0 0 0 0 0 0 0 0 1 0 0 0 0 0 1 0 1 0 0 0 0 0]
[0 0 0 0 0 0 0 0 0 1 0 0 0 0 1 0 1 0 0 0 0 0 0]
[0 0 0 0 0 0 1 1 1 0 1 0 0 0 0 0 0 0 0 0 0 0 0]
[1 1 0 0 0 0 0 0 0 0 0 0 1 1 0 0 0 0 0 0 0 0 0]
[1 1 0 0 0 0 0 1 0 0 1 1 0 0 0 0 0 0 0 0 0 0 0]
[2026-03-06 10:53:44] INFO: op ←←←←←, 8314
[2026-03-06 10:53:45] INFO: op →←←←←, 6047
[2026-03-06 10:53:45] INFO: op →→←←←, 6198
[2026-03-06 10:53:45] INFO: op →→→←←, 6198
[2026-03-06 10:53:45] INFO: op →→→→←, 6047
[2026-03-06 10:53:45] INFO: op ←→←←←, 4503
[2026-03-06 10:53:46] INFO: op ←←→←←, 4348
[2026-03-06 10:53:46] INFO: op ←→→←←, 4409
[2026-03-06 10:53:46] INFO: op ←←←→←, 4522
[2026-03-06 10:53:46] INFO: op ←←→→←, 4365
[2026-03-06 10:53:46] INFO: op ←→→→←, 4582
[2026-03-06 10:53:46] INFO: op →←→←←, 3334
[2026-03-06 10:53:46] INFO: op →←←→←, 3219
[2026-03-06 10:53:46] INFO: op →→←→←, 3334
[2026-03-06 10:53:47] INFO: op →←→→←, 3219
[2026-03-06 10:53:47] INFO: op ←→←→←, 2662
[2026-03-06 10:53:47] INFO: [END]
