[2026-03-06 10:51:55] INFO: Logger initialized at log/log303033.log
[2026-03-06 10:51:56] INFO: Test 313th graph in data/list_1775_graphs.g6: [h_[aGaOHQQA?W`?H??C?CE{Ckp?N_RG`WAO?XWGCrBS_QBAs?`@e?cI?Wg\??ZE
[2026-03-06 10:51:56] INFO: meta data: 
minimum degree >= 6
independent number >= 2
connected
Not regular
[2026-03-06 10:51:56] INFO: Orientation of [h_[aGaOHQQA?W`?H??C?CE{Ckp?N_RG`WAO?XWGCrBS_QBAs?`@e?cI?Wg\??ZE with min semidegree 3:
[0 0 0 0 0 0 1 0 0 0 0 0 0 0 0 0 0 0 0 0 0 0 0 1 0 0 0 1]
[1 0 1 0 0 0 0 0 0 0 0 0 0 0 0 0 0 0 0 0 0 0 0 0 0 0 1 0]
[0 0 0 0 0 0 0 0 0 0 0 0 0 0 0 0 0 0 1 0 0 0 0 1 0 0 0 1]
[0 0 1 0 0 0 0 0 0 0 0 0 0 0 0 0 1 0 0 0 0 0 0 0 0 0 1 0]
[1 0 0 0 0 0 0 0 0 0 0 0 0 0 0 0 0 0 0 1 0 0 0 0 1 0 0 0]
[0 0 0 1 1 0 0 0 0 0 0 0 0 0 0 0 0 1 0 0 0 0 0 0 0 0 0 0]
[0 0 0 1 0 0 0 0 0 0 0 0 0 0 0 0 0 0 0 0 0 0 1 0 0 1 0 0]
[0 1 0 0 0 1 0 0 0 0 0 0 0 0 0 0 0 0 0 0 0 1 0 0 0 0 0 0]
[0 0 1 0 0 0 1 0 0 0 0 0 0 0 0 0 0 1 0 0 0 0 0 0 0 0 0 0]
[0 1 0 0 0 0 0 0 1 0 0 0 0 0 0 0 1 0 0 0 0 0 0 0 0 0 0 0]
[0 0 1 0 1 0 0 1 0 0 0 0 0 0 0 0 0 0 0 0 0 0 0 0 0 0 0 0]
[1 0 0 1 0 0 0 0 0 1 0 0 0 0 0 0 0 0 0 0 0 0 0 0 0 0 0 0]
[0 0 0 0 0 0 0 1 1 0 0 0 0 0 0 0 0 0 0 0 0 0 0 0 0 0 1 0]
[1 0 0 0 0 1 0 0 0 0 0 0 0 0 0 0 0 0 0 0 0 0 1 0 0 0 0 0]
[0 1 0 0 1 0 0 0 0 0 0 0 0 0 0 0 1 0 0 0 0 0 0 0 0 0 0 0]
[0 0 0 0 0 0 1 0 0 0 0 0 0 0 0 0 1 1 0 0 0 0 0 0 0 0 0 0]
[0 0 0 0 0 0 0 0 0 0 1 0 1 1 0 0 0 0 0 0 0 0 0 0 0 0 0 1]
[0 0 0 0 0 0 0 0 0 0 1 1 0 0 1 0 0 0 0 0 0 0 0 0 0 0 0 0]
[0 0 0 0 0 0 0 0 0 0 0 1 1 1 1 1 0 0 0 0 0 0 0 0 0 0 0 0]
[0 0 0 0 0 0 0 1 1 0 0 1 0 0 0 1 0 0 0 0 0 0 0 0 0 0 0 0]
[0 1 0 1 1 0 0 0 0 0 0 0 1 0 0 1 0 0 0 0 0 0 0 0 0 0 0 0]
[0 0 0 0 0 0 0 0 1 0 0 1 0 1 1 0 0 0 0 0 1 0 0 0 0 0 0 0]
[0 0 0 0 0 0 0 0 0 1 1 0 0 0 1 0 0 0 0 1 1 0 0 0 0 0 0 0]
[0 0 0 0 0 1 0 0 0 0 0 0 1 0 0 1 0 0 0 0 0 1 1 0 0 0 0 0]
[0 0 0 0 0 0 1 1 0 1 0 0 0 0 0 0 0 0 1 0 0 0 0 1 0 0 0 0]
[0 0 0 0 0 1 0 0 0 1 1 0 0 0 0 0 0 0 1 0 0 1 0 0 0 0 0 0]
[0 0 0 0 0 0 0 0 0 0 0 0 0 1 0 0 0 1 0 1 0 0 0 0 1 1 0 0]
[0 0 0 0 0 0 0 0 0 0 0 0 0 0 0 0 0 1 0 1 1 0 0 0 1 1 0 0]
[2026-03-06 10:51:56] INFO: op ←←←←←, 15272
[2026-03-06 10:51:56] INFO: op →←←←←, 11923
[2026-03-06 10:51:57] INFO: op →→←←←, 11962
[2026-03-06 10:51:57] INFO: op →→→←←, 11962
[2026-03-06 10:51:58] INFO: op →→→→←, 11923
[2026-03-06 10:51:58] INFO: op ←→←←←, 9699
[2026-03-06 10:51:58] INFO: op ←←→←←, 9665
[2026-03-06 10:51:58] INFO: op ←→→←←, 9834
[2026-03-06 10:51:59] INFO: op ←←←→←, 9578
[2026-03-06 10:51:59] INFO: op ←←→→←, 9880
[2026-03-06 10:51:59] INFO: op ←→→→←, 9638
[2026-03-06 10:52:00] INFO: op →←→←←, 7377
[2026-03-06 10:52:00] INFO: op →←←→←, 7625
[2026-03-06 10:52:00] INFO: op →→←→←, 7377
[2026-03-06 10:52:00] INFO: op →←→→←, 7625
[2026-03-06 10:52:00] INFO: op ←→←→←, 6010
[2026-03-06 10:52:00] INFO: [END]
