[2026-03-06 10:53:32] INFO: Logger initialized at log/log306078.log
[2026-03-06 10:53:32] INFO: Test 400th graph in data/list_1775_graphs.g6: U?eRBAOcB?K??N?N?FceWZKFo??]FG]FGNBcB~@?
[2026-03-06 10:53:32] INFO: meta data: 
minimum degree >= 6
independent number >= 2
connected
Not regular
[2026-03-06 10:53:32] INFO: Orientation of U?eRBAOcB?K??N?N?FceWZKFo??]FG]FGNBcB~@? with min semidegree 3:
[0 0 0 0 1 0 0 0 0 0 0 0 0 0 0 1 0 1 0 0 0 0]
[0 0 0 0 0 0 1 0 0 0 0 0 0 0 0 0 1 1 0 0 0 0]
[0 0 0 0 0 0 0 1 0 0 0 0 0 0 0 0 1 1 0 0 0 0]
[0 0 0 0 0 1 0 0 1 0 0 0 0 0 0 1 0 0 0 0 0 0]
[0 0 0 1 0 0 0 0 0 0 0 0 0 0 0 0 1 0 0 1 0 0]
[1 0 0 0 0 0 0 0 0 0 0 0 0 0 0 0 0 0 1 0 1 0]
[0 0 1 0 0 0 0 0 0 0 0 0 0 0 0 0 0 0 1 1 0 0]
[0 1 0 0 0 0 0 0 0 0 0 0 0 0 0 0 0 0 1 0 1 0]
[1 0 0 0 0 0 0 0 0 0 0 0 0 0 0 0 1 0 0 0 0 1]
[1 0 0 1 0 0 0 0 0 0 0 0 0 0 0 0 0 0 0 0 0 1]
[0 1 1 0 0 0 0 0 0 0 0 0 0 0 0 0 0 0 0 0 0 1]
[0 1 1 0 0 0 0 0 0 0 0 0 0 0 0 0 0 0 0 0 0 1]
[0 0 0 0 0 0 0 0 1 1 1 1 0 0 0 0 0 0 0 0 0 0]
[0 0 0 0 0 0 0 0 1 1 1 1 0 0 0 0 0 0 0 0 0 0]
[0 0 0 0 0 0 0 0 1 1 1 1 0 0 0 0 0 0 0 0 0 0]
[0 0 0 0 0 0 1 1 0 0 1 1 0 0 0 0 0 0 0 0 0 0]
[0 0 0 0 0 1 0 0 0 1 0 0 0 0 0 1 0 0 0 0 0 0]
[0 0 0 1 0 0 0 0 0 0 0 0 0 0 0 0 0 0 0 1 1 0]
[0 0 0 0 1 0 0 0 0 0 0 0 1 1 1 0 0 1 0 0 0 0]
[0 0 0 0 0 1 0 1 0 0 0 0 1 1 1 0 0 0 0 0 0 0]
[0 0 0 0 1 0 1 0 0 0 0 0 1 1 1 0 0 0 0 0 0 0]
[0 0 0 0 1 1 1 1 0 0 0 0 0 0 0 0 0 1 0 0 0 0]
[2026-03-06 10:53:33] INFO: op ←←←←←, 9998
[2026-03-06 10:53:33] INFO: op →←←←←, 7585
[2026-03-06 10:53:33] INFO: op →→←←←, 7091
[2026-03-06 10:53:33] INFO: op →→→←←, 7091
[2026-03-06 10:53:34] INFO: op →→→→←, 7585
[2026-03-06 10:53:34] INFO: op ←→←←←, 5709
[2026-03-06 10:53:34] INFO: op ←←→←←, 5345
[2026-03-06 10:53:34] INFO: op ←→→←←, 4953
[2026-03-06 10:53:34] INFO: op ←←←→←, 5748
[2026-03-06 10:53:35] INFO: op ←←→→←, 4935
[2026-03-06 10:53:35] INFO: op ←→→→←, 6037
[2026-03-06 10:53:35] INFO: op →←→←←, 3956
[2026-03-06 10:53:35] INFO: op →←←→←, 3787
[2026-03-06 10:53:35] INFO: op →→←→←, 3956
[2026-03-06 10:53:35] INFO: op →←→→←, 3787
[2026-03-06 10:53:35] INFO: op ←→←→←, 3382
[2026-03-06 10:53:35] INFO: [END]
