[2026-03-06 14:41:01] INFO: Logger initialized at log/log449620.log
[2026-03-06 14:41:01] INFO: Test 681th graph in data/list_1775_graphs.g6: L~{GOKF@wN}n{~
[2026-03-06 14:41:01] INFO: meta data: 
minimum degree >= 6
independent number >= 2
connected
Not regular
[2026-03-06 14:41:01] INFO: Orientation of L~{GOKF@wN}n{~ with min semidegree 3:
[0 0 0 0 1 0 0 0 0 0 0 1 1]
[1 0 0 0 0 0 0 0 0 0 0 1 1]
[1 1 0 0 0 0 0 0 0 0 0 0 1]
[1 1 1 0 0 0 0 0 0 0 0 0 0]
[0 1 1 1 0 0 0 0 0 0 0 0 0]
[0 0 0 0 1 0 0 0 0 1 1 0 0]
[0 0 0 0 1 0 0 0 0 0 1 0 1]
[0 0 0 0 0 1 1 0 0 0 0 1 0]
[0 0 0 0 0 1 1 1 0 0 0 0 0]
[0 0 0 0 0 0 1 1 1 0 0 0 0]
[0 0 0 0 0 0 0 1 1 1 0 0 0]
[0 0 1 1 0 1 0 0 1 1 1 0 0]
[0 0 0 1 0 0 0 1 1 1 1 1 0]
[2026-03-06 14:41:01] INFO: op ←←←←←, 3365
[2026-03-06 14:41:01] INFO: op →←←←←, 2363
[2026-03-06 14:41:01] INFO: op →→←←←, 2436
[2026-03-06 14:41:01] INFO: op →→→←←, 2436
[2026-03-06 14:41:01] INFO: op →→→→←, 2363
[2026-03-06 14:41:01] INFO: op ←→←←←, 1877
[2026-03-06 14:41:01] INFO: op ←←→←←, 2009
[2026-03-06 14:41:02] INFO: op ←→→←←, 1894
[2026-03-06 14:41:02] INFO: op ←←←→←, 1810
[2026-03-06 14:41:02] INFO: op ←←→→←, 1884
[2026-03-06 14:41:02] INFO: op ←→→→←, 1826
[2026-03-06 14:41:02] INFO: op →←→←←, 1300
[2026-03-06 14:41:02] INFO: op →←←→←, 1340
[2026-03-06 14:41:02] INFO: op →→←→←, 1300
[2026-03-06 14:41:02] INFO: op →←→→←, 1340
[2026-03-06 14:41:02] INFO: op ←→←→←, 967
[2026-03-06 14:41:02] INFO: [END]
