[2026-03-06 14:43:09] INFO: Logger initialized at log/log455789.log
[2026-03-06 14:43:09] INFO: Test 820th graph in data/list_1775_graphs.g6: L~FcW[N]Xvz{x}
[2026-03-06 14:43:09] INFO: meta data: 
minimum degree >= 6
independent number >= 2
connected
Not regular
[2026-03-06 14:43:09] INFO: Orientation of L~FcW[N]Xvz{x} with min semidegree 3:
[0 1 0 0 0 0 0 0 0 0 0 1 1]
[0 0 0 0 0 0 0 0 0 1 0 1 1]
[1 1 0 0 0 0 0 0 0 0 1 0 1]
[1 1 1 0 0 0 0 0 0 0 0 0 0]
[0 0 0 1 0 0 0 0 0 0 1 1 0]
[1 1 1 0 0 0 0 0 0 0 0 0 0]
[1 0 0 0 1 1 0 0 0 0 0 0 0]
[0 0 0 0 1 1 1 0 0 0 0 0 0]
[0 0 0 0 1 1 1 1 0 0 0 0 0]
[0 0 1 1 1 0 0 1 1 0 0 0 0]
[0 0 0 1 0 0 1 1 1 1 0 0 0]
[0 0 0 1 0 1 1 1 1 0 0 0 0]
[0 0 0 0 0 1 1 1 1 1 1 0 0]
[2026-03-06 14:43:10] INFO: op ←←←←←, 5062
[2026-03-06 14:43:10] INFO: op →←←←←, 4223
[2026-03-06 14:43:10] INFO: op →→←←←, 4168
[2026-03-06 14:43:10] INFO: op →→→←←, 4168
[2026-03-06 14:43:10] INFO: op →→→→←, 4223
[2026-03-06 14:43:10] INFO: op ←→←←←, 3670
[2026-03-06 14:43:10] INFO: op ←←→←←, 3662
[2026-03-06 14:43:11] INFO: op ←→→←←, 3386
[2026-03-06 14:43:11] INFO: op ←←←→←, 3543
[2026-03-06 14:43:11] INFO: op ←←→→←, 3445
[2026-03-06 14:43:11] INFO: op ←→→→←, 3511
[2026-03-06 14:43:11] INFO: op →←→←←, 2711
[2026-03-06 14:43:11] INFO: op →←←→←, 2850
[2026-03-06 14:43:11] INFO: op →→←→←, 2711
[2026-03-06 14:43:11] INFO: op →←→→←, 2850
[2026-03-06 14:43:11] INFO: op ←→←→←, 2276
[2026-03-06 14:43:11] INFO: [END]
