[2026-03-06 14:42:11] INFO: Logger initialized at log/log452792.log
[2026-03-06 14:42:12] INFO: Test 751th graph in data/list_1775_graphs.g6: L}zX`SjDwnl^d}
[2026-03-06 14:42:12] INFO: meta data: 
minimum degree >= 6
independent number >= 2
connected
Not regular
[2026-03-06 14:42:12] INFO: Orientation of L}zX`SjDwnl^d} with min semidegree 3:
[0 0 0 1 0 1 0 0 0 0 0 0 1]
[1 0 0 0 0 1 0 0 0 0 0 1 0]
[1 1 0 0 0 0 0 0 0 0 0 1 0]
[0 1 0 0 0 0 0 0 0 0 1 0 1]
[1 1 1 0 0 0 0 0 0 0 0 0 0]
[0 0 0 1 1 0 0 0 0 0 0 0 1]
[0 0 1 1 0 0 0 0 0 0 0 1 0]
[0 0 1 0 1 0 1 0 0 0 0 0 0]
[0 0 1 0 1 0 1 1 0 0 0 0 0]
[0 0 0 1 0 1 1 1 1 0 0 0 0]
[0 0 0 0 0 1 1 1 1 1 0 0 0]
[0 0 0 0 1 0 0 1 1 1 1 0 0]
[0 0 0 0 0 0 1 1 1 1 1 0 0]
[2026-03-06 14:42:12] INFO: op ←←←←←, 4437
[2026-03-06 14:42:12] INFO: op →←←←←, 3482
[2026-03-06 14:42:12] INFO: op →→←←←, 3349
[2026-03-06 14:42:12] INFO: op →→→←←, 3349
[2026-03-06 14:42:12] INFO: op →→→→←, 3482
[2026-03-06 14:42:12] INFO: op ←→←←←, 2784
[2026-03-06 14:42:12] INFO: op ←←→←←, 2857
[2026-03-06 14:42:12] INFO: op ←→→←←, 2696
[2026-03-06 14:42:13] INFO: op ←←←→←, 2893
[2026-03-06 14:42:13] INFO: op ←←→→←, 2729
[2026-03-06 14:42:13] INFO: op ←→→→←, 2730
[2026-03-06 14:42:13] INFO: op →←→←←, 2039
[2026-03-06 14:42:13] INFO: op →←←→←, 2208
[2026-03-06 14:42:13] INFO: op →→←→←, 2039
[2026-03-06 14:42:13] INFO: op →←→→←, 2208
[2026-03-06 14:42:13] INFO: op ←→←→←, 1672
[2026-03-06 14:42:13] INFO: [END]
