[2026-03-06 14:44:20] INFO: Logger initialized at log/log459485.log
[2026-03-06 14:44:20] INFO: Test 906th graph in data/list_1775_graphs.g6: LwCWw{^~Fw{[wx
[2026-03-06 14:44:20] INFO: meta data: 
minimum degree >= 6
independent number >= 2
connected
Not regular
[2026-03-06 14:44:20] INFO: Orientation of LwCWw{^~Fw{[wx with min semidegree 3:
[0 0 0 0 0 0 0 0 0 1 1 1 0]
[1 0 0 0 0 0 0 0 0 1 1 0 0]
[1 1 0 0 0 0 0 0 0 0 1 0 0]
[0 0 0 0 0 0 1 1 1 0 0 0 0]
[0 0 0 1 0 0 1 1 0 0 0 0 0]
[0 0 0 1 1 0 0 0 1 0 0 0 0]
[0 0 0 0 0 1 0 0 0 0 0 1 1]
[0 0 0 0 0 1 1 0 0 0 0 0 1]
[0 0 0 0 1 0 1 1 0 0 0 0 1]
[0 0 1 1 1 1 0 0 0 0 0 0 0]
[0 0 0 1 1 1 0 0 0 1 0 0 0]
[0 1 1 0 0 0 0 1 1 0 0 0 0]
[1 1 1 0 0 0 0 0 0 0 0 1 0]
[2026-03-06 14:44:20] INFO: op ←←←←←, 3486
[2026-03-06 14:44:20] INFO: op →←←←←, 2369
[2026-03-06 14:44:20] INFO: op →→←←←, 2086
[2026-03-06 14:44:20] INFO: op →→→←←, 2086
[2026-03-06 14:44:20] INFO: op →→→→←, 2369
[2026-03-06 14:44:20] INFO: op ←→←←←, 1565
[2026-03-06 14:44:20] INFO: op ←←→←←, 1528
[2026-03-06 14:44:20] INFO: op ←→→←←, 1463
[2026-03-06 14:44:20] INFO: op ←←←→←, 1523
[2026-03-06 14:44:20] INFO: op ←←→→←, 1423
[2026-03-06 14:44:20] INFO: op ←→→→←, 1592
[2026-03-06 14:44:20] INFO: op →←→←←, 999
[2026-03-06 14:44:20] INFO: op →←←→←, 1066
[2026-03-06 14:44:21] INFO: op →→←→←, 999
[2026-03-06 14:44:21] INFO: op →←→→←, 1066
[2026-03-06 14:44:21] INFO: op ←→←→←, 684
[2026-03-06 14:44:21] INFO: [END]
