[2026-03-06 14:42:12] INFO: Logger initialized at log/log452869.log
[2026-03-06 14:42:12] INFO: Test 753th graph in data/list_1775_graphs.g6: L~?GX[^Z{~\yvi
[2026-03-06 14:42:12] INFO: meta data: 
minimum degree >= 6
independent number >= 2
connected
Not regular
[2026-03-06 14:42:12] INFO: Orientation of L~?GX[^Z{~\yvi with min semidegree 3:
[0 0 0 0 0 0 0 0 0 0 1 1 1]
[1 0 0 0 0 0 0 0 0 1 0 1 0]
[1 1 0 0 0 0 0 0 0 1 0 0 0]
[1 1 1 0 0 0 0 0 0 0 0 0 0]
[0 0 0 0 0 0 0 0 0 0 1 1 1]
[0 0 0 0 1 0 0 1 0 0 0 0 1]
[0 0 0 0 1 1 0 0 1 0 0 0 0]
[0 0 1 0 1 0 1 0 0 0 0 0 0]
[0 0 0 1 1 1 0 1 0 0 0 0 0]
[0 0 0 0 1 1 1 1 1 0 0 0 0]
[0 0 0 1 0 1 1 1 1 0 0 0 0]
[0 0 1 0 0 1 1 1 0 1 0 0 0]
[0 1 0 1 0 0 1 0 1 0 1 0 0]
[2026-03-06 14:42:13] INFO: op ←←←←←, 4317
[2026-03-06 14:42:13] INFO: op →←←←←, 3536
[2026-03-06 14:42:13] INFO: op →→←←←, 3659
[2026-03-06 14:42:13] INFO: op →→→←←, 3659
[2026-03-06 14:42:13] INFO: op →→→→←, 3536
[2026-03-06 14:42:13] INFO: op ←→←←←, 2931
[2026-03-06 14:42:13] INFO: op ←←→←←, 2827
[2026-03-06 14:42:13] INFO: op ←→→←←, 2918
[2026-03-06 14:42:13] INFO: op ←←←→←, 2687
[2026-03-06 14:42:14] INFO: op ←←→→←, 2783
[2026-03-06 14:42:14] INFO: op ←→→→←, 2706
[2026-03-06 14:42:14] INFO: op →←→←←, 2253
[2026-03-06 14:42:14] INFO: op →←←→←, 2211
[2026-03-06 14:42:14] INFO: op →→←→←, 2253
[2026-03-06 14:42:14] INFO: op →←→→←, 2211
[2026-03-06 14:42:14] INFO: op ←→←→←, 1868
[2026-03-06 14:42:14] INFO: [END]
