[2026-03-06 14:42:22] INFO: Logger initialized at log/log453397.log
[2026-03-06 14:42:22] INFO: Test 765th graph in data/list_1775_graphs.g6: L~}?GNftzuD|Fv
[2026-03-06 14:42:22] INFO: meta data: 
minimum degree >= 6
independent number >= 2
connected
Not regular
[2026-03-06 14:42:22] INFO: Orientation of L~}?GNftzuD|Fv with min semidegree 3:
[0 0 0 0 1 0 0 0 1 1 0 0 0]
[1 0 0 0 0 0 0 0 0 1 1 0 0]
[1 1 0 0 0 0 0 0 0 0 0 1 0]
[1 1 1 0 0 0 0 0 0 0 0 0 0]
[0 1 1 1 0 0 0 0 0 0 0 0 0]
[1 0 0 0 0 0 0 0 0 0 0 1 1]
[0 0 0 0 0 1 0 0 1 0 0 0 1]
[0 0 0 0 0 1 1 0 0 0 0 0 1]
[0 1 1 0 0 1 0 1 0 0 0 0 0]
[0 0 0 1 0 1 1 1 1 0 0 0 0]
[0 0 1 1 1 0 1 1 0 0 0 0 0]
[0 0 0 0 1 0 1 1 1 0 1 0 0]
[0 0 0 1 1 0 0 0 0 1 1 1 0]
[2026-03-06 14:42:22] INFO: op ←←←←←, 4142
[2026-03-06 14:42:22] INFO: op →←←←←, 3212
[2026-03-06 14:42:23] INFO: op →→←←←, 3356
[2026-03-06 14:42:23] INFO: op →→→←←, 3356
[2026-03-06 14:42:23] INFO: op →→→→←, 3212
[2026-03-06 14:42:23] INFO: op ←→←←←, 2700
[2026-03-06 14:42:23] INFO: op ←←→←←, 2861
[2026-03-06 14:42:23] INFO: op ←→→←←, 2768
[2026-03-06 14:42:23] INFO: op ←←←→←, 2680
[2026-03-06 14:42:23] INFO: op ←←→→←, 2828
[2026-03-06 14:42:23] INFO: op ←→→→←, 2726
[2026-03-06 14:42:23] INFO: op →←→←←, 2088
[2026-03-06 14:42:24] INFO: op →←←→←, 2164
[2026-03-06 14:42:24] INFO: op →→←→←, 2088
[2026-03-06 14:42:24] INFO: op →←→→←, 2164
[2026-03-06 14:42:24] INFO: op ←→←→←, 1709
[2026-03-06 14:42:24] INFO: [END]
