[2026-03-06 14:43:52] INFO: Logger initialized at log/log458010.log
[2026-03-06 14:43:52] INFO: Test 871th graph in data/list_1775_graphs.g6: Lr{pl\]hqlxNp~
[2026-03-06 14:43:52] INFO: meta data: 
minimum degree >= 6
independent number >= 2
connected
Not regular
[2026-03-06 14:43:52] INFO: Orientation of Lr{pl\]hqlxNp~ with min semidegree 3:
[0 1 0 0 0 0 0 0 0 0 0 1 1]
[0 0 0 0 0 0 0 0 0 0 1 1 1]
[1 0 0 0 1 0 0 1 0 0 0 0 0]
[0 1 1 0 0 0 0 0 1 0 0 0 0]
[1 1 0 1 0 0 0 0 0 0 0 0 0]
[0 0 1 1 0 0 0 0 0 0 0 0 1]
[0 0 1 1 0 1 0 0 0 0 0 0 0]
[1 0 0 0 1 1 1 0 0 0 0 0 0]
[0 1 0 0 1 1 1 0 0 0 0 0 0]
[1 0 1 0 0 1 1 1 0 0 0 0 0]
[0 0 0 1 0 1 1 0 1 1 0 0 0]
[0 0 0 0 1 0 0 1 1 1 1 0 0]
[0 0 0 0 0 0 1 1 1 1 1 1 0]
[2026-03-06 14:43:52] INFO: op ←←←←←, 5267
[2026-03-06 14:43:53] INFO: op →←←←←, 4237
[2026-03-06 14:43:53] INFO: op →→←←←, 4072
[2026-03-06 14:43:53] INFO: op →→→←←, 4072
[2026-03-06 14:43:53] INFO: op →→→→←, 4237
[2026-03-06 14:43:53] INFO: op ←→←←←, 3475
[2026-03-06 14:43:53] INFO: op ←←→←←, 3504
[2026-03-06 14:43:53] INFO: op ←→→←←, 3474
[2026-03-06 14:43:53] INFO: op ←←←→←, 3451
[2026-03-06 14:43:54] INFO: op ←←→→←, 3610
[2026-03-06 14:43:54] INFO: op ←→→→←, 3528
[2026-03-06 14:43:54] INFO: op →←→←←, 2727
[2026-03-06 14:43:54] INFO: op →←←→←, 2791
[2026-03-06 14:43:54] INFO: op →→←→←, 2727
[2026-03-06 14:43:54] INFO: op →←→→←, 2791
[2026-03-06 14:43:54] INFO: op ←→←→←, 2247
[2026-03-06 14:43:54] INFO: [END]
