[2026-03-06 14:43:02] INFO: Logger initialized at log/log455401.log
[2026-03-06 14:43:02] INFO: Test 811th graph in data/list_1775_graphs.g6: L~?GW|^N~[X|jv
[2026-03-06 14:43:02] INFO: meta data: 
minimum degree >= 6
independent number >= 2
connected
Not regular
[2026-03-06 14:43:02] INFO: Orientation of L~?GW|^N~[X|jv with min semidegree 3:
[0 0 0 0 0 0 0 0 0 0 1 1 1]
[1 0 0 0 0 0 0 0 1 0 0 1 0]
[1 1 0 0 0 0 0 0 0 1 0 0 0]
[1 1 1 0 0 0 0 0 0 0 0 0 0]
[0 0 0 0 0 0 0 1 0 1 0 0 1]
[0 0 0 0 1 0 0 0 1 0 0 0 1]
[0 0 0 0 1 1 0 0 1 0 0 0 0]
[0 0 0 1 0 1 1 0 0 0 0 0 0]
[0 0 0 1 1 0 0 1 0 0 0 0 0]
[0 0 0 1 0 1 1 1 1 0 0 0 0]
[0 1 1 0 1 1 1 0 0 0 0 0 0]
[0 0 0 0 1 1 1 1 1 0 1 0 0]
[0 0 1 0 0 0 1 1 0 1 1 1 0]
[2026-03-06 14:43:02] INFO: op ←←←←←, 4466
[2026-03-06 14:43:02] INFO: op →←←←←, 3742
[2026-03-06 14:43:03] INFO: op →→←←←, 3875
[2026-03-06 14:43:03] INFO: op →→→←←, 3875
[2026-03-06 14:43:03] INFO: op →→→→←, 3742
[2026-03-06 14:43:03] INFO: op ←→←←←, 3339
[2026-03-06 14:43:03] INFO: op ←←→←←, 3232
[2026-03-06 14:43:03] INFO: op ←→→←←, 3302
[2026-03-06 14:43:03] INFO: op ←←←→←, 3077
[2026-03-06 14:43:03] INFO: op ←←→→←, 3271
[2026-03-06 14:43:03] INFO: op ←→→→←, 3149
[2026-03-06 14:43:03] INFO: op →←→←←, 2774
[2026-03-06 14:43:04] INFO: op →←←→←, 2599
[2026-03-06 14:43:04] INFO: op →→←→←, 2774
[2026-03-06 14:43:04] INFO: op →←→→←, 2599
[2026-03-06 14:43:04] INFO: op ←→←→←, 2326
[2026-03-06 14:43:04] INFO: [END]
