[2026-03-06 14:39:46] INFO: Logger initialized at log/log448416.log
[2026-03-06 14:39:46] INFO: Test 668th graph in data/list_1775_graphs.g6: KvohhmnRy}~~
[2026-03-06 14:39:46] INFO: meta data: 
minimum degree >= 6
independent number >= 2
connected
Not regular
[2026-03-06 14:39:46] INFO: Orientation of KvohhmnRy}~~ with min semidegree 3:
[0 1 0 0 0 0 0 0 1 0 0 1]
[0 0 0 0 0 0 0 0 0 1 1 1]
[1 0 0 0 0 0 0 1 0 0 0 1]
[1 1 1 0 0 0 0 0 0 0 0 0]
[1 1 0 0 0 0 0 0 0 0 1 0]
[0 0 1 0 1 0 0 0 0 0 0 1]
[0 0 1 1 0 1 0 0 0 0 0 0]
[0 0 0 1 0 1 1 0 0 0 0 0]
[0 0 1 0 1 1 1 1 0 0 0 0]
[0 0 0 0 1 1 1 1 1 0 0 0]
[0 0 0 1 0 1 1 1 0 1 0 0]
[0 0 0 1 1 0 1 1 1 1 1 0]
[2026-03-06 14:39:47] INFO: op ←←←←←, 4392
[2026-03-06 14:39:47] INFO: op →←←←←, 3605
[2026-03-06 14:39:47] INFO: op →→←←←, 3535
[2026-03-06 14:39:47] INFO: op →→→←←, 3535
[2026-03-06 14:39:47] INFO: op →→→→←, 3605
[2026-03-06 14:39:47] INFO: op ←→←←←, 3134
[2026-03-06 14:39:47] INFO: op ←←→←←, 3072
[2026-03-06 14:39:47] INFO: op ←→→←←, 3016
[2026-03-06 14:39:47] INFO: op ←←←→←, 2992
[2026-03-06 14:39:48] INFO: op ←←→→←, 3072
[2026-03-06 14:39:48] INFO: op ←→→→←, 2919
[2026-03-06 14:39:48] INFO: op →←→←←, 2430
[2026-03-06 14:39:48] INFO: op →←←→←, 2387
[2026-03-06 14:39:48] INFO: op →→←→←, 2430
[2026-03-06 14:39:48] INFO: op →←→→←, 2387
[2026-03-06 14:39:48] INFO: op ←→←→←, 2115
[2026-03-06 14:39:48] INFO: [END]
