[2026-03-06 14:43:09] INFO: Logger initialized at log/log455790.log
[2026-03-06 14:43:09] INFO: Test 821th graph in data/list_1775_graphs.g6: L}s`JM]Zo~b~lz
[2026-03-06 14:43:09] INFO: meta data: 
minimum degree >= 6
independent number >= 2
connected
Not regular
[2026-03-06 14:43:09] INFO: Orientation of L}s`JM]Zo~b~lz with min semidegree 3:
[0 0 1 0 0 0 0 0 1 0 0 0 1]
[1 0 0 0 0 0 0 1 0 1 0 0 0]
[0 1 0 0 0 0 0 0 0 1 0 0 1]
[1 1 0 0 0 0 0 0 0 0 1 0 0]
[1 1 0 1 0 0 0 0 0 0 0 0 0]
[0 0 1 0 0 0 0 0 0 0 0 1 1]
[0 0 1 0 0 1 0 0 0 0 0 1 0]
[0 0 1 0 0 1 1 0 0 0 0 0 0]
[0 0 0 1 1 1 1 0 0 0 0 0 0]
[0 0 0 0 1 1 1 1 0 0 0 0 0]
[0 0 0 0 1 1 1 1 1 1 0 0 0]
[0 0 0 1 1 0 0 1 1 1 1 0 0]
[0 0 0 1 0 0 1 1 1 0 1 1 0]
[2026-03-06 14:43:10] INFO: op ←←←←←, 4983
[2026-03-06 14:43:10] INFO: op →←←←←, 3995
[2026-03-06 14:43:10] INFO: op →→←←←, 4078
[2026-03-06 14:43:10] INFO: op →→→←←, 4078
[2026-03-06 14:43:10] INFO: op →→→→←, 3995
[2026-03-06 14:43:10] INFO: op ←→←←←, 3474
[2026-03-06 14:43:10] INFO: op ←←→←←, 3674
[2026-03-06 14:43:10] INFO: op ←→→←←, 3624
[2026-03-06 14:43:11] INFO: op ←←←→←, 3618
[2026-03-06 14:43:11] INFO: op ←←→→←, 3671
[2026-03-06 14:43:11] INFO: op ←→→→←, 3430
[2026-03-06 14:43:11] INFO: op →←→←←, 2885
[2026-03-06 14:43:11] INFO: op →←←→←, 2967
[2026-03-06 14:43:11] INFO: op →→←→←, 2885
[2026-03-06 14:43:11] INFO: op →←→→←, 2967
[2026-03-06 14:43:11] INFO: op ←→←→←, 2658
[2026-03-06 14:43:11] INFO: [END]
