[2026-03-06 14:43:49] INFO: Logger initialized at log/log457836.log
[2026-03-06 14:43:49] INFO: Test 867th graph in data/list_1775_graphs.g6: L^aIY\^jrfvj~g
[2026-03-06 14:43:49] INFO: meta data: 
minimum degree >= 6
independent number >= 2
connected
Not regular
[2026-03-06 14:43:49] INFO: Orientation of L^aIY\^jrfvj~g with min semidegree 3:
[0 0 0 0 0 0 0 0 0 1 0 1 1]
[0 0 0 0 0 0 0 0 1 0 1 0 1]
[1 1 0 0 0 0 0 0 0 0 1 0 0]
[1 1 1 0 0 0 0 0 0 0 0 0 0]
[1 0 0 0 0 0 0 0 0 0 0 1 1]
[1 0 0 0 1 0 0 0 0 0 0 1 0]
[0 1 0 0 1 1 0 0 0 0 0 0 0]
[0 1 0 0 1 1 1 0 0 0 0 0 0]
[0 0 0 1 1 1 1 1 0 0 0 0 0]
[0 0 1 0 1 1 1 1 0 0 0 0 0]
[0 0 0 1 0 0 1 1 1 1 0 0 0]
[0 0 1 1 0 0 0 1 0 1 1 0 0]
[0 0 1 1 0 1 1 0 1 0 0 0 0]
[2026-03-06 14:43:49] INFO: op ←←←←←, 5104
[2026-03-06 14:43:49] INFO: op →←←←←, 4128
[2026-03-06 14:43:49] INFO: op →→←←←, 4126
[2026-03-06 14:43:49] INFO: op →→→←←, 4126
[2026-03-06 14:43:50] INFO: op →→→→←, 4128
[2026-03-06 14:43:50] INFO: op ←→←←←, 3496
[2026-03-06 14:43:50] INFO: op ←←→←←, 3536
[2026-03-06 14:43:50] INFO: op ←→→←←, 3533
[2026-03-06 14:43:50] INFO: op ←←←→←, 3439
[2026-03-06 14:43:50] INFO: op ←←→→←, 3475
[2026-03-06 14:43:50] INFO: op ←→→→←, 3361
[2026-03-06 14:43:50] INFO: op →←→←←, 2906
[2026-03-06 14:43:50] INFO: op →←←→←, 2879
[2026-03-06 14:43:50] INFO: op →→←→←, 2906
[2026-03-06 14:43:51] INFO: op →←→→←, 2879
[2026-03-06 14:43:51] INFO: op ←→←→←, 2520
[2026-03-06 14:43:51] INFO: [END]
