[2026-03-06 14:41:13] INFO: Logger initialized at log/log449887.log
[2026-03-06 14:41:13] INFO: Test 685th graph in data/list_1775_graphs.g6: L`K}EC~N~w]\ru
[2026-03-06 14:41:13] INFO: meta data: 
minimum degree >= 6
independent number >= 2
connected
Not regular
[2026-03-06 14:41:13] INFO: Orientation of L`K}EC~N~w]\ru with min semidegree 3:
[0 0 0 0 0 0 0 0 0 0 1 1 1]
[1 0 0 0 0 0 0 0 0 0 0 1 1]
[0 0 0 0 0 0 0 0 1 1 0 1 0]
[0 0 1 0 0 0 0 0 1 1 0 0 0]
[0 0 1 1 0 0 0 0 0 0 0 0 1]
[0 0 1 1 1 0 0 0 0 0 0 0 0]
[1 1 0 0 0 0 0 0 1 0 0 0 0]
[1 1 0 0 0 0 1 0 0 0 0 0 0]
[0 0 0 0 1 1 0 1 0 0 0 0 0]
[0 0 0 0 1 1 1 1 1 0 0 0 0]
[0 1 1 1 1 1 0 0 0 0 0 0 0]
[0 0 0 1 0 0 1 1 1 0 1 0 0]
[0 0 0 0 0 1 1 1 0 1 1 0 0]
[2026-03-06 14:41:13] INFO: op ←←←←←, 3641
[2026-03-06 14:41:13] INFO: op →←←←←, 2870
[2026-03-06 14:41:13] INFO: op →→←←←, 2986
[2026-03-06 14:41:14] INFO: op →→→←←, 2986
[2026-03-06 14:41:14] INFO: op →→→→←, 2870
[2026-03-06 14:41:14] INFO: op ←→←←←, 2493
[2026-03-06 14:41:14] INFO: op ←←→←←, 2581
[2026-03-06 14:41:14] INFO: op ←→→←←, 2435
[2026-03-06 14:41:14] INFO: op ←←←→←, 2309
[2026-03-06 14:41:14] INFO: op ←←→→←, 2485
[2026-03-06 14:41:14] INFO: op ←→→→←, 2359
[2026-03-06 14:41:14] INFO: op →←→←←, 1952
[2026-03-06 14:41:14] INFO: op →←←→←, 1895
[2026-03-06 14:41:14] INFO: op →→←→←, 1952
[2026-03-06 14:41:14] INFO: op →←→→←, 1895
[2026-03-06 14:41:14] INFO: op ←→←→←, 1584
[2026-03-06 14:41:14] INFO: [END]
