[2026-03-06 14:43:57] INFO: Logger initialized at log/log458308.log
[2026-03-06 14:43:58] INFO: Test 878th graph in data/list_1775_graphs.g6: Lt}vILFQyre~N^
[2026-03-06 14:43:58] INFO: meta data: 
minimum degree >= 6
independent number >= 2
connected
Not regular
[2026-03-06 14:43:58] INFO: Orientation of Lt}vILFQyre~N^ with min semidegree 3:
[0 0 0 1 1 1 0 0 0 0 0 0 0]
[1 0 0 0 0 0 1 0 0 0 1 0 0]
[1 0 0 0 0 0 0 0 0 0 0 1 1]
[0 0 1 0 0 0 0 0 0 0 0 1 1]
[0 1 1 1 0 0 0 0 0 0 0 0 0]
[0 0 1 1 0 0 0 0 0 0 0 0 1]
[1 0 1 0 0 1 0 0 0 0 0 0 0]
[0 1 0 0 0 1 1 0 0 0 0 0 0]
[0 1 0 0 0 1 1 1 0 0 0 0 0]
[0 1 0 0 1 0 1 1 1 0 0 0 0]
[0 0 0 1 1 0 0 1 1 1 0 0 0]
[0 0 0 0 0 1 1 1 1 1 1 0 0]
[0 0 0 0 1 0 0 1 1 1 1 1 0]
[2026-03-06 14:43:58] INFO: op ←←←←←, 5473
[2026-03-06 14:43:58] INFO: op →←←←←, 4366
[2026-03-06 14:43:58] INFO: op →→←←←, 3979
[2026-03-06 14:43:58] INFO: op →→→←←, 3979
[2026-03-06 14:43:58] INFO: op →→→→←, 4366
[2026-03-06 14:43:58] INFO: op ←→←←←, 3491
[2026-03-06 14:43:59] INFO: op ←←→←←, 3463
[2026-03-06 14:43:59] INFO: op ←→→←←, 3406
[2026-03-06 14:43:59] INFO: op ←←←→←, 3571
[2026-03-06 14:43:59] INFO: op ←←→→←, 3562
[2026-03-06 14:43:59] INFO: op ←→→→←, 3571
[2026-03-06 14:43:59] INFO: op →←→←←, 2574
[2026-03-06 14:43:59] INFO: op →←←→←, 2882
[2026-03-06 14:43:59] INFO: op →→←→←, 2574
[2026-03-06 14:43:59] INFO: op →←→→←, 2882
[2026-03-06 14:43:59] INFO: op ←→←→←, 2334
[2026-03-06 14:43:59] INFO: [END]
