[2026-03-06 14:46:09] INFO: Logger initialized at log/log463133.log
[2026-03-06 14:46:09] INFO: Test 978th graph in data/list_1775_graphs.g6: T_??GO_CCTOjag`SidJOqTHdgU`eQXeLb~o?
[2026-03-06 14:46:09] INFO: meta data: 
minimum degree >= 6
independent number >= 2
connected
Not regular
[2026-03-06 14:46:09] INFO: Orientation of T_??GO_CCTOjag`SidJOqTHdgU`eQXeLb~o? with min semidegree 3:
[0 0 0 0 0 0 0 0 0 0 1 1 0 0 0 0 0 0 0 0 1]
[1 0 0 0 0 0 0 0 0 0 0 0 0 0 0 0 1 1 0 0 0]
[0 0 0 0 0 0 0 0 0 0 0 0 0 0 0 0 0 1 1 1 0]
[0 0 0 0 0 0 0 0 0 0 0 0 0 0 0 0 1 0 1 1 0]
[0 0 0 0 0 0 0 0 0 0 0 0 0 0 0 1 0 1 0 0 1]
[0 0 0 0 0 0 0 0 0 0 0 0 0 0 1 0 1 0 0 0 1]
[0 0 0 0 0 1 0 0 0 0 0 0 0 0 0 0 0 0 1 1 0]
[0 0 0 0 1 0 0 0 0 0 0 0 0 0 0 0 0 0 1 1 0]
[0 0 1 0 0 0 0 0 0 0 0 0 0 0 0 0 1 0 0 0 1]
[0 0 0 1 0 0 0 0 0 0 0 0 0 0 0 0 0 1 0 0 1]
[0 0 0 0 1 0 1 0 1 0 0 0 0 0 0 0 0 0 0 0 0]
[0 0 0 0 0 1 0 1 0 1 1 0 0 0 0 0 0 0 0 0 0]
[1 0 0 0 1 0 1 0 1 0 0 0 0 0 0 0 0 0 0 0 0]
[1 0 0 0 0 1 0 1 0 1 0 0 1 0 0 0 0 0 0 0 0]
[0 1 0 1 0 0 0 0 1 0 1 0 0 1 0 0 0 0 0 0 0]
[0 1 1 0 0 0 0 0 0 1 1 0 0 1 0 0 0 0 0 0 0]
[0 0 0 0 0 0 0 0 0 0 0 1 1 0 0 1 0 0 0 0 0]
[0 0 0 0 0 0 0 0 0 0 0 1 1 0 1 0 0 0 0 0 0]
[0 0 0 0 0 0 0 0 0 0 1 0 0 1 0 0 1 1 0 0 0]
[0 0 0 0 0 0 0 0 0 0 0 1 1 0 1 1 0 0 0 0 0]
[0 1 1 1 0 0 1 1 0 0 0 0 0 0 0 0 0 0 0 0 0]
[2026-03-06 14:46:09] INFO: op ←←←←←, 9133
[2026-03-06 14:46:09] INFO: op →←←←←, 7168
[2026-03-06 14:46:10] INFO: op →→←←←, 7251
[2026-03-06 14:46:10] INFO: op →→→←←, 7251
[2026-03-06 14:46:10] INFO: op →→→→←, 7168
[2026-03-06 14:46:10] INFO: op ←→←←←, 5441
[2026-03-06 14:46:11] INFO: op ←←→←←, 5646
[2026-03-06 14:46:11] INFO: op ←→→←←, 5594
[2026-03-06 14:46:11] INFO: op ←←←→←, 5424
[2026-03-06 14:46:11] INFO: op ←←→→←, 5568
[2026-03-06 14:46:11] INFO: op ←→→→←, 5638
[2026-03-06 14:46:11] INFO: op →←→←←, 4027
[2026-03-06 14:46:11] INFO: op →←←→←, 4304
[2026-03-06 14:46:12] INFO: op →→←→←, 4027
[2026-03-06 14:46:12] INFO: op →←→→←, 4304
[2026-03-06 14:46:12] INFO: op ←→←→←, 2996
[2026-03-06 14:46:12] INFO: [END]
