[2026-03-06 14:44:37] INFO: Logger initialized at log/log460180.log
[2026-03-06 14:44:37] INFO: Test 920th graph in data/list_1775_graphs.g6: L~z\z`hTXVa~B~
[2026-03-06 14:44:37] INFO: meta data: 
minimum degree >= 6
independent number >= 2
connected
Not regular
[2026-03-06 14:44:37] INFO: Orientation of L~z\z`hTXVa~B~ with min semidegree 3:
[0 0 0 1 1 1 0 0 0 0 0 0 0]
[1 0 0 0 0 1 0 1 0 0 0 0 0]
[1 1 0 0 0 0 0 0 0 0 1 0 0]
[0 1 1 0 0 0 0 0 0 0 0 1 0]
[0 1 1 0 0 0 0 0 0 0 0 0 1]
[0 0 0 1 1 0 0 0 0 0 0 1 1]
[1 0 1 1 1 1 0 0 0 0 0 0 0]
[0 0 1 1 0 0 0 0 0 0 0 0 1]
[0 1 1 0 1 0 0 1 0 0 0 0 0]
[0 1 0 1 0 1 0 1 1 0 0 0 0]
[0 0 0 0 1 0 1 1 1 1 0 0 0]
[0 0 0 0 0 0 1 1 1 1 1 0 0]
[0 0 0 0 0 0 1 0 1 1 1 1 0]
[2026-03-06 14:44:37] INFO: op ←←←←←, 5245
[2026-03-06 14:44:37] INFO: op →←←←←, 4549
[2026-03-06 14:44:38] INFO: op →→←←←, 4746
[2026-03-06 14:44:38] INFO: op →→→←←, 4746
[2026-03-06 14:44:38] INFO: op →→→→←, 4549
[2026-03-06 14:44:38] INFO: op ←→←←←, 3781
[2026-03-06 14:44:38] INFO: op ←←→←←, 3936
[2026-03-06 14:44:38] INFO: op ←→→←←, 4237
[2026-03-06 14:44:38] INFO: op ←←←→←, 3872
[2026-03-06 14:44:39] INFO: op ←←→→←, 4264
[2026-03-06 14:44:39] INFO: op ←→→→←, 3980
[2026-03-06 14:44:39] INFO: op →←→←←, 3222
[2026-03-06 14:44:39] INFO: op →←←→←, 3355
[2026-03-06 14:44:39] INFO: op →→←→←, 3222
[2026-03-06 14:44:39] INFO: op →←→→←, 3355
[2026-03-06 14:44:39] INFO: op ←→←→←, 2517
[2026-03-06 14:44:39] INFO: [END]
