[2026-03-06 14:42:55] INFO: Logger initialized at log/log455054.log
[2026-03-06 14:42:55] INFO: Test 803th graph in data/list_1775_graphs.g6: LRm|zpt[}ZXZpn
[2026-03-06 14:42:55] INFO: meta data: 
minimum degree >= 6
independent number >= 2
connected
Not regular
[2026-03-06 14:42:55] INFO: Orientation of LRm|zpt[}ZXZpn with min semidegree 3:
[0 0 0 0 0 0 0 0 0 0 1 1 1]
[0 0 0 0 0 0 0 0 0 1 0 1 1]
[1 0 0 0 0 1 1 0 0 0 0 0 0]
[0 1 1 0 0 1 0 0 0 0 0 0 0]
[1 0 1 1 0 0 0 0 0 0 0 0 0]
[1 0 0 0 1 0 0 0 0 0 0 0 1]
[1 0 0 1 1 1 0 0 0 0 0 0 0]
[0 1 1 1 1 0 0 0 0 0 0 0 0]
[0 1 1 1 0 1 0 1 0 0 0 0 0]
[0 0 1 1 0 0 1 1 1 0 0 0 0]
[0 1 0 0 1 1 0 1 1 0 0 0 0]
[0 0 0 0 1 0 1 1 0 1 1 0 0]
[0 0 0 0 0 0 1 0 1 1 1 1 0]
[2026-03-06 14:42:56] INFO: op ←←←←←, 5653
[2026-03-06 14:42:56] INFO: op →←←←←, 4771
[2026-03-06 14:42:56] INFO: op →→←←←, 4691
[2026-03-06 14:42:56] INFO: op →→→←←, 4691
[2026-03-06 14:42:56] INFO: op →→→→←, 4771
[2026-03-06 14:42:56] INFO: op ←→←←←, 3935
[2026-03-06 14:42:56] INFO: op ←←→←←, 3824
[2026-03-06 14:42:57] INFO: op ←→→←←, 4035
[2026-03-06 14:42:57] INFO: op ←←←→←, 3794
[2026-03-06 14:42:57] INFO: op ←←→→←, 4103
[2026-03-06 14:42:57] INFO: op ←→→→←, 3928
[2026-03-06 14:42:57] INFO: op →←→←←, 3184
[2026-03-06 14:42:57] INFO: op →←←→←, 3135
[2026-03-06 14:42:57] INFO: op →→←→←, 3184
[2026-03-06 14:42:57] INFO: op →←→→←, 3135
[2026-03-06 14:42:57] INFO: op ←→←→←, 2454
[2026-03-06 14:42:57] INFO: [END]
