[2026-03-06 14:05:33] INFO: Logger initialized at log/log425881.log
[2026-03-06 14:05:33] INFO: Test 619th graph in data/list_1775_graphs.g6: K~?GW^nv|~n~
[2026-03-06 14:05:33] INFO: meta data: 
minimum degree >= 6
independent number >= 2
connected
Not regular
[2026-03-06 14:05:34] INFO: Orientation of K~?GW^nv|~n~ with min semidegree 3:
[0 0 0 0 0 0 0 0 1 1 1 0]
[1 0 0 0 0 0 0 0 1 0 0 1]
[1 1 0 0 0 0 0 0 0 0 1 0]
[1 1 1 0 0 0 0 0 0 0 0 0]
[0 0 0 0 0 0 0 0 1 1 0 1]
[0 0 0 0 1 0 0 0 1 0 0 1]
[0 0 0 0 1 1 0 0 0 1 0 0]
[0 0 0 0 1 1 1 0 0 0 0 0]
[0 0 1 0 0 0 1 1 0 0 0 0]
[0 1 0 1 0 1 0 1 1 0 0 0]
[0 0 0 1 1 1 1 1 1 1 0 0]
[0 0 1 1 0 0 1 1 1 1 1 0]
[2026-03-06 14:05:34] INFO: op ←←←←←, 4042
[2026-03-06 14:05:34] INFO: op →←←←←, 3356
[2026-03-06 14:05:34] INFO: op →→←←←, 3588
[2026-03-06 14:05:34] INFO: op →→→←←, 3588
[2026-03-06 14:05:34] INFO: op →→→→←, 3356
[2026-03-06 14:05:34] INFO: op ←→←←←, 3196
[2026-03-06 14:05:34] INFO: op ←←→←←, 3429
[2026-03-06 14:05:34] INFO: op ←→→←←, 3035
[2026-03-06 14:05:35] INFO: op ←←←→←, 3084
[2026-03-06 14:05:35] INFO: op ←←→→←, 2991
[2026-03-06 14:05:35] INFO: op ←→→→←, 3035
[2026-03-06 14:05:35] INFO: op →←→←←, 2668
[2026-03-06 14:05:35] INFO: op →←←→←, 2512
[2026-03-06 14:05:35] INFO: op →→←→←, 2668
[2026-03-06 14:05:35] INFO: op →←→→←, 2512
[2026-03-06 14:05:35] INFO: op ←→←→←, 2326
[2026-03-06 14:05:35] INFO: [END]
