[2026-03-06 14:45:28] INFO: Logger initialized at log/log461691.log
[2026-03-06 14:45:29] INFO: Test 949th graph in data/list_1775_graphs.g6: R~?GW[??G@_F{?Bo`wW@~?N~~?^`zG
[2026-03-06 14:45:29] INFO: meta data: 
minimum degree >= 6
independent number >= 2
connected
Not regular
[2026-03-06 14:45:29] INFO: Orientation of R~?GW[??G@_F{?Bo`wW@~?N~~?^`zG with min semidegree 3:
[0 0 0 0 0 0 0 0 0 0 0 0 1 0 0 0 0 1 1]
[1 0 0 0 0 0 0 0 0 0 0 0 0 0 0 0 0 1 1]
[1 1 0 0 0 0 0 0 0 0 0 0 0 0 0 0 0 0 1]
[1 1 1 0 0 0 0 0 0 0 0 0 0 0 0 0 0 0 0]
[0 0 0 0 0 0 0 0 0 0 0 0 0 1 1 0 0 1 0]
[0 0 0 0 1 0 0 0 0 0 0 0 0 1 0 0 0 1 0]
[0 0 0 0 1 1 0 0 0 0 0 0 0 0 0 0 0 1 0]
[0 0 0 0 1 1 1 0 0 0 0 0 0 0 0 0 0 0 0]
[0 0 0 0 0 0 0 0 0 0 0 0 0 0 0 1 1 0 1]
[0 0 0 0 0 0 0 0 1 0 0 0 0 0 0 0 1 0 1]
[0 0 0 0 0 0 0 0 1 1 0 0 0 0 0 0 1 0 0]
[0 0 0 0 0 0 0 0 1 1 1 0 0 0 0 0 0 0 0]
[0 1 1 1 0 0 0 0 0 0 0 0 0 0 0 0 0 0 0]
[0 0 0 0 0 0 1 1 0 0 0 0 1 0 0 0 0 0 0]
[0 0 0 0 0 1 1 1 0 0 0 0 1 1 0 0 0 0 0]
[0 0 0 0 0 0 0 0 0 1 1 1 1 1 1 0 0 0 0]
[0 0 0 0 0 0 0 0 0 0 0 1 1 1 1 1 0 0 0]
[0 0 1 1 0 0 0 1 0 0 0 0 0 0 0 1 1 0 0]
[0 0 0 1 0 0 0 0 0 0 1 1 0 1 1 0 0 1 0]
[2026-03-06 14:45:29] INFO: op ←←←←←, 7705
[2026-03-06 14:45:29] INFO: op →←←←←, 5988
[2026-03-06 14:45:29] INFO: op →→←←←, 6199
[2026-03-06 14:45:29] INFO: op →→→←←, 6199
[2026-03-06 14:45:30] INFO: op →→→→←, 5988
[2026-03-06 14:45:30] INFO: op ←→←←←, 5007
[2026-03-06 14:45:30] INFO: op ←←→←←, 5396
[2026-03-06 14:45:30] INFO: op ←→→←←, 4807
[2026-03-06 14:45:30] INFO: op ←←←→←, 4802
[2026-03-06 14:45:30] INFO: op ←←→→←, 4756
[2026-03-06 14:45:31] INFO: op ←→→→←, 4663
[2026-03-06 14:45:31] INFO: op →←→←←, 3990
[2026-03-06 14:45:31] INFO: op →←←→←, 3726
[2026-03-06 14:45:31] INFO: op →→←→←, 3990
[2026-03-06 14:45:31] INFO: op →←→→←, 3726
[2026-03-06 14:45:31] INFO: op ←→←→←, 3142
[2026-03-06 14:45:31] INFO: [END]
