[2026-03-06 14:41:44] INFO: Logger initialized at log/log451327.log
[2026-03-06 14:41:44] INFO: Test 717th graph in data/list_1775_graphs.g6: L~wmXgtBw^y^s~
[2026-03-06 14:41:44] INFO: meta data: 
minimum degree >= 6
independent number >= 2
connected
Not regular
[2026-03-06 14:41:44] INFO: Orientation of L~wmXgtBw^y^s~ with min semidegree 3:
[0 0 0 1 0 0 0 0 0 0 0 1 1]
[1 0 0 0 0 0 0 0 0 0 0 1 1]
[1 1 0 0 0 0 0 0 1 0 0 0 0]
[0 1 1 0 0 0 0 0 0 0 0 0 1]
[1 1 1 0 0 0 0 0 0 0 0 0 0]
[0 0 1 0 1 0 0 0 0 0 1 0 0]
[1 1 0 0 1 1 0 0 0 0 0 0 0]
[0 0 1 1 0 1 0 0 0 0 0 0 0]
[0 0 0 1 0 1 0 1 0 0 0 0 0]
[0 0 0 0 1 1 1 1 1 0 0 0 0]
[0 0 0 0 1 0 1 1 1 1 0 0 0]
[0 0 0 1 0 0 1 1 1 1 1 0 0]
[0 0 0 0 0 0 1 1 1 1 1 1 0]
[2026-03-06 14:41:45] INFO: op ←←←←←, 5381
[2026-03-06 14:41:45] INFO: op →←←←←, 4326
[2026-03-06 14:41:45] INFO: op →→←←←, 3955
[2026-03-06 14:41:45] INFO: op →→→←←, 3955
[2026-03-06 14:41:45] INFO: op →→→→←, 4326
[2026-03-06 14:41:45] INFO: op ←→←←←, 3540
[2026-03-06 14:41:45] INFO: op ←←→←←, 3538
[2026-03-06 14:41:45] INFO: op ←→→←←, 3326
[2026-03-06 14:41:46] INFO: op ←←←→←, 3665
[2026-03-06 14:41:46] INFO: op ←←→→←, 3466
[2026-03-06 14:41:46] INFO: op ←→→→←, 3593
[2026-03-06 14:41:46] INFO: op →←→←←, 2521
[2026-03-06 14:41:46] INFO: op →←←→←, 2800
[2026-03-06 14:41:46] INFO: op →→←→←, 2521
[2026-03-06 14:41:46] INFO: op →←→→←, 2800
[2026-03-06 14:41:46] INFO: op ←→←→←, 2169
[2026-03-06 14:41:46] INFO: [END]
