[2026-03-06 14:41:53] INFO: Logger initialized at log/log451765.log
[2026-03-06 14:41:53] INFO: Test 727th graph in data/list_1775_graphs.g6: Lus`HM~xp~JzVv
[2026-03-06 14:41:53] INFO: meta data: 
minimum degree >= 6
independent number >= 2
connected
Not regular
[2026-03-06 14:41:53] INFO: Orientation of Lus`HM~xp~JzVv with min semidegree 3:
[0 1 0 0 0 0 0 0 1 1 0 0 0]
[0 0 0 0 0 0 0 0 0 1 0 1 1]
[1 0 0 0 0 0 0 0 1 0 1 0 0]
[1 1 0 0 0 0 0 0 0 0 0 1 0]
[1 1 0 1 0 0 0 0 0 0 0 0 0]
[0 0 1 0 0 0 0 0 1 0 0 0 1]
[0 0 1 0 0 1 0 0 0 0 0 0 1]
[0 0 1 0 0 1 1 0 0 0 0 0 0]
[0 0 0 1 1 0 1 1 0 0 0 0 0]
[0 0 1 0 0 1 1 1 0 0 0 0 0]
[0 0 0 1 1 1 1 1 1 0 0 0 0]
[0 0 0 0 1 1 1 1 0 1 1 0 0]
[0 0 0 1 1 0 0 1 0 1 1 1 0]
[2026-03-06 14:41:53] INFO: op ←←←←←, 5239
[2026-03-06 14:41:53] INFO: op →←←←←, 4126
[2026-03-06 14:41:54] INFO: op →→←←←, 4059
[2026-03-06 14:41:54] INFO: op →→→←←, 4059
[2026-03-06 14:41:54] INFO: op →→→→←, 4126
[2026-03-06 14:41:54] INFO: op ←→←←←, 3549
[2026-03-06 14:41:54] INFO: op ←←→←←, 3604
[2026-03-06 14:41:54] INFO: op ←→→←←, 3559
[2026-03-06 14:41:54] INFO: op ←←←→←, 3519
[2026-03-06 14:41:54] INFO: op ←←→→←, 3571
[2026-03-06 14:41:55] INFO: op ←→→→←, 3373
[2026-03-06 14:41:55] INFO: op →←→←←, 2897
[2026-03-06 14:41:55] INFO: op →←←→←, 2853
[2026-03-06 14:41:55] INFO: op →→←→←, 2897
[2026-03-06 14:41:55] INFO: op →←→→←, 2853
[2026-03-06 14:41:55] INFO: op ←→←→←, 2646
[2026-03-06 14:41:55] INFO: [END]
