[2026-03-06 14:39:16] INFO: Logger initialized at log/log447737.log
[2026-03-06 14:39:16] INFO: Test 657th graph in data/list_1775_graphs.g6: K~?GW[N~Ff^~
[2026-03-06 14:39:16] INFO: meta data: 
minimum degree >= 6
independent number >= 2
connected
Not regular
[2026-03-06 14:39:16] INFO: Orientation of K~?GW[N~Ff^~ with min semidegree 3:
[0 0 0 0 0 0 0 0 0 1 1 1]
[1 0 0 0 0 0 0 0 0 1 1 0]
[1 1 0 0 0 0 0 0 0 0 0 1]
[1 1 1 0 0 0 0 0 0 0 0 0]
[0 0 0 0 0 0 0 0 1 1 0 1]
[0 0 0 0 1 0 1 0 0 0 0 1]
[0 0 0 0 1 0 0 0 0 0 1 1]
[0 0 0 0 1 1 1 0 0 0 0 0]
[0 0 0 0 0 1 1 1 0 0 0 0]
[0 0 1 1 0 1 0 0 0 0 0 0]
[0 0 1 1 0 0 0 1 1 0 0 0]
[0 1 0 1 0 0 0 1 1 1 1 0]
[2026-03-06 14:39:16] INFO: op ←←←←←, 2234
[2026-03-06 14:39:16] INFO: op →←←←←, 1617
[2026-03-06 14:39:16] INFO: op →→←←←, 1768
[2026-03-06 14:39:16] INFO: op →→→←←, 1768
[2026-03-06 14:39:16] INFO: op →→→→←, 1617
[2026-03-06 14:39:16] INFO: op ←→←←←, 1242
[2026-03-06 14:39:16] INFO: op ←←→←←, 1445
[2026-03-06 14:39:16] INFO: op ←→→←←, 1296
[2026-03-06 14:39:16] INFO: op ←←←→←, 1262
[2026-03-06 14:39:16] INFO: op ←←→→←, 1298
[2026-03-06 14:39:16] INFO: op ←→→→←, 1281
[2026-03-06 14:39:16] INFO: op →←→←←, 917
[2026-03-06 14:39:17] INFO: op →←←→←, 910
[2026-03-06 14:39:17] INFO: op →→←→←, 917
[2026-03-06 14:39:17] INFO: op →←→→←, 910
[2026-03-06 14:39:17] INFO: op ←→←→←, 573
[2026-03-06 14:39:17] INFO: [END]
