[2026-03-06 14:42:05] INFO: Logger initialized at log/log452445.log
[2026-03-06 14:42:05] INFO: Test 743th graph in data/list_1775_graphs.g6: L~{?GNfHw}bzvr
[2026-03-06 14:42:05] INFO: meta data: 
minimum degree >= 6
independent number >= 2
connected
Not regular
[2026-03-06 14:42:05] INFO: Orientation of L~{?GNfHw}bzvr with min semidegree 3:
[0 0 0 0 1 0 0 0 1 0 0 0 1]
[1 0 0 0 0 0 0 0 1 0 0 0 1]
[1 1 0 0 0 0 0 0 0 1 0 0 0]
[1 1 1 0 0 0 0 0 0 0 0 0 0]
[0 1 1 1 0 0 0 0 0 0 0 0 0]
[0 0 0 0 0 0 0 0 0 0 1 1 1]
[0 0 0 0 0 1 0 0 1 0 0 1 0]
[0 0 0 0 0 1 1 0 0 1 0 0 0]
[0 0 1 0 0 1 0 1 0 0 0 0 0]
[0 0 0 0 0 1 1 0 1 0 0 0 0]
[0 0 0 1 1 0 1 1 0 1 0 0 0]
[0 0 0 1 1 0 0 1 0 1 1 0 0]
[0 0 0 1 1 0 1 1 0 0 1 1 0]
[2026-03-06 14:42:05] INFO: op ←←←←←, 3444
[2026-03-06 14:42:06] INFO: op →←←←←, 2594
[2026-03-06 14:42:06] INFO: op →→←←←, 2503
[2026-03-06 14:42:06] INFO: op →→→←←, 2503
[2026-03-06 14:42:06] INFO: op →→→→←, 2594
[2026-03-06 14:42:06] INFO: op ←→←←←, 2122
[2026-03-06 14:42:06] INFO: op ←←→←←, 2197
[2026-03-06 14:42:06] INFO: op ←→→←←, 2081
[2026-03-06 14:42:06] INFO: op ←←←→←, 2164
[2026-03-06 14:42:06] INFO: op ←←→→←, 2173
[2026-03-06 14:42:06] INFO: op ←→→→←, 2107
[2026-03-06 14:42:06] INFO: op →←→←←, 1567
[2026-03-06 14:42:06] INFO: op →←←→←, 1634
[2026-03-06 14:42:06] INFO: op →→←→←, 1567
[2026-03-06 14:42:06] INFO: op →←→→←, 1634
[2026-03-06 14:42:06] INFO: op ←→←→←, 1251
[2026-03-06 14:42:06] INFO: [END]
