[2026-03-06 14:37:25] INFO: Logger initialized at log/log445843.log
[2026-03-06 14:37:26] INFO: Test 635th graph in data/list_1775_graphs.g6: NdnURHbLHUgrFZE|^~w
[2026-03-06 14:37:26] INFO: meta data: 
minimum degree >= 6
independent number >= 2
connected
Not regular
[2026-03-06 14:37:26] INFO: Orientation of NdnURHbLHUgrFZE|^~w with min semidegree 3:
[0 0 0 1 1 0 0 0 0 0 0 0 0 0 1]
[1 0 0 0 0 0 1 0 0 0 0 0 0 0 1]
[0 0 0 0 0 0 0 0 1 1 0 0 0 0 1]
[0 0 1 0 0 0 0 0 0 0 0 0 1 1 0]
[0 0 1 1 0 0 0 0 0 0 0 0 1 0 0]
[1 1 0 1 0 0 0 0 0 0 0 0 0 0 0]
[1 0 0 0 1 0 0 0 0 0 0 0 0 1 0]
[0 1 1 0 0 1 0 0 0 0 0 0 0 0 0]
[0 1 0 0 0 0 1 1 0 0 0 0 0 0 0]
[0 0 0 1 0 1 0 0 1 0 0 0 0 0 0]
[0 0 1 0 1 0 1 1 0 1 0 0 0 0 0]
[0 1 0 0 0 1 1 0 0 1 1 0 0 0 0]
[0 0 0 0 0 1 0 1 1 0 1 1 0 0 0]
[0 0 0 0 1 0 0 1 1 1 0 1 0 0 0]
[0 0 0 1 1 1 1 1 1 1 1 1 1 1 0]
[2026-03-06 14:37:26] INFO: op ←←←←←, 7975
[2026-03-06 14:37:26] INFO: op →←←←←, 6666
[2026-03-06 14:37:26] INFO: op →→←←←, 6321
[2026-03-06 14:37:27] INFO: op →→→←←, 6321
[2026-03-06 14:37:27] INFO: op →→→→←, 6666
[2026-03-06 14:37:27] INFO: op ←→←←←, 6605
[2026-03-06 14:37:27] INFO: op ←←→←←, 6666
[2026-03-06 14:37:27] INFO: op ←→→←←, 6388
[2026-03-06 14:37:28] INFO: op ←←←→←, 6826
[2026-03-06 14:37:28] INFO: op ←←→→←, 6464
[2026-03-06 14:37:28] INFO: op ←→→→←, 6365
[2026-03-06 14:37:28] INFO: op →←→←←, 5729
[2026-03-06 14:37:28] INFO: op →←←→←, 5788
[2026-03-06 14:37:29] INFO: op →→←→←, 5729
[2026-03-06 14:37:29] INFO: op →←→→←, 5788
[2026-03-06 14:37:29] INFO: op ←→←→←, 6146
[2026-03-06 14:37:29] INFO: [END]
