[2026-03-06 14:42:29] INFO: Logger initialized at log/log453711.log
[2026-03-06 14:42:29] INFO: Test 773th graph in data/list_1775_graphs.g6: LV}tYhJPzrs~v{
[2026-03-06 14:42:29] INFO: meta data: 
minimum degree >= 6
independent number >= 2
connected
Not regular
[2026-03-06 14:42:29] INFO: Orientation of LV}tYhJPzrs~v{ with min semidegree 3:
[0 0 0 1 0 0 0 0 0 0 0 1 1]
[0 0 0 0 1 0 0 0 0 0 1 0 1]
[1 0 0 0 0 0 0 0 0 0 1 1 0]
[0 1 1 0 0 0 0 0 0 0 0 0 1]
[1 0 1 1 0 0 0 0 0 0 0 0 0]
[1 0 1 1 0 0 0 0 0 0 0 1 0]
[1 0 1 0 1 1 0 0 0 0 0 0 0]
[0 1 0 1 0 1 0 0 0 0 0 0 0]
[0 1 0 0 1 0 1 1 0 0 0 0 0]
[0 1 0 0 0 1 1 1 1 0 0 0 0]
[0 0 0 1 1 0 0 1 1 1 0 0 0]
[0 0 0 0 0 0 1 1 1 1 1 0 0]
[0 0 0 0 1 1 1 1 1 1 0 0 0]
[2026-03-06 14:42:29] INFO: op ←←←←←, 5616
[2026-03-06 14:42:29] INFO: op →←←←←, 4678
[2026-03-06 14:42:29] INFO: op →→←←←, 4728
[2026-03-06 14:42:29] INFO: op →→→←←, 4728
[2026-03-06 14:42:30] INFO: op →→→→←, 4678
[2026-03-06 14:42:30] INFO: op ←→←←←, 3940
[2026-03-06 14:42:30] INFO: op ←←→←←, 4000
[2026-03-06 14:42:30] INFO: op ←→→←←, 3958
[2026-03-06 14:42:30] INFO: op ←←←→←, 4022
[2026-03-06 14:42:30] INFO: op ←←→→←, 3916
[2026-03-06 14:42:30] INFO: op ←→→→←, 3907
[2026-03-06 14:42:31] INFO: op →←→←←, 2915
[2026-03-06 14:42:31] INFO: op →←←→←, 3263
[2026-03-06 14:42:31] INFO: op →→←→←, 2915
[2026-03-06 14:42:31] INFO: op →←→→←, 3263
[2026-03-06 14:42:31] INFO: op ←→←→←, 2477
[2026-03-06 14:42:31] INFO: [END]
