[2026-03-06 14:41:45] INFO: Logger initialized at log/log451377.log
[2026-03-06 14:41:45] INFO: Test 718th graph in data/list_1775_graphs.g6: L`N^FFFMxvzf~o
[2026-03-06 14:41:45] INFO: meta data: 
minimum degree >= 6
independent number >= 2
connected
Not regular
[2026-03-06 14:41:45] INFO: Orientation of L`N^FFFMxvzf~o with min semidegree 3:
[0 0 0 0 0 1 0 0 0 0 0 1 1]
[1 0 0 0 0 0 0 0 0 0 0 1 1]
[0 0 0 0 0 0 0 0 0 1 1 0 1]
[0 0 1 0 0 0 0 0 0 0 1 1 0]
[0 0 1 1 0 0 0 0 0 1 0 0 0]
[0 1 0 1 1 0 0 0 0 0 0 0 0]
[1 1 1 0 0 0 0 0 0 0 0 0 0]
[1 1 1 0 0 0 1 0 0 0 0 0 0]
[1 1 0 0 0 1 1 1 0 0 0 0 0]
[0 0 0 1 0 0 1 1 1 0 0 0 0]
[0 0 0 0 1 0 1 1 1 1 0 0 0]
[0 0 0 0 1 1 0 0 1 1 1 0 0]
[0 0 0 1 1 1 1 1 0 0 0 0 0]
[2026-03-06 14:41:46] INFO: op ←←←←←, 4937
[2026-03-06 14:41:46] INFO: op →←←←←, 3815
[2026-03-06 14:41:46] INFO: op →→←←←, 3696
[2026-03-06 14:41:46] INFO: op →→→←←, 3696
[2026-03-06 14:41:46] INFO: op →→→→←, 3815
[2026-03-06 14:41:46] INFO: op ←→←←←, 3129
[2026-03-06 14:41:46] INFO: op ←←→←←, 3209
[2026-03-06 14:41:46] INFO: op ←→→←←, 2935
[2026-03-06 14:41:47] INFO: op ←←←→←, 3086
[2026-03-06 14:41:47] INFO: op ←←→→←, 2954
[2026-03-06 14:41:47] INFO: op ←→→→←, 3086
[2026-03-06 14:41:47] INFO: op →←→←←, 2433
[2026-03-06 14:41:47] INFO: op →←←→←, 2401
[2026-03-06 14:41:47] INFO: op →→←→←, 2433
[2026-03-06 14:41:47] INFO: op →←→→←, 2401
[2026-03-06 14:41:47] INFO: op ←→←→←, 2007
[2026-03-06 14:41:47] INFO: [END]
