[2026-03-06 14:42:39] INFO: Logger initialized at log/log454231.log
[2026-03-06 14:42:39] INFO: Test 785th graph in data/list_1775_graphs.g6: L~wOg[NLx^y}rz
[2026-03-06 14:42:39] INFO: meta data: 
minimum degree >= 6
independent number >= 2
connected
Not regular
[2026-03-06 14:42:39] INFO: Orientation of L~wOg[NLx^y}rz with min semidegree 3:
[0 0 1 0 0 0 0 0 0 0 0 1 1]
[1 0 0 0 0 0 0 0 0 0 0 1 1]
[0 1 0 0 0 0 0 0 0 1 1 0 0]
[1 1 1 0 0 0 0 0 0 0 0 0 0]
[1 1 1 0 0 0 0 0 0 0 0 0 0]
[0 0 0 1 0 0 0 0 0 0 1 0 1]
[0 0 0 1 0 1 0 0 0 0 1 0 0]
[0 0 0 0 1 1 1 0 0 0 0 0 0]
[0 0 0 0 1 1 1 1 0 0 0 0 0]
[0 0 0 1 0 1 1 1 1 0 0 0 0]
[0 0 0 0 1 0 0 1 1 1 0 0 0]
[0 0 0 1 0 1 1 1 1 1 0 0 0]
[0 0 0 0 1 0 1 1 1 0 1 1 0]
[2026-03-06 14:42:39] INFO: op ←←←←←, 4863
[2026-03-06 14:42:40] INFO: op →←←←←, 3848
[2026-03-06 14:42:40] INFO: op →→←←←, 3823
[2026-03-06 14:42:40] INFO: op →→→←←, 3823
[2026-03-06 14:42:40] INFO: op →→→→←, 3848
[2026-03-06 14:42:40] INFO: op ←→←←←, 3299
[2026-03-06 14:42:40] INFO: op ←←→←←, 3249
[2026-03-06 14:42:40] INFO: op ←→→←←, 3167
[2026-03-06 14:42:40] INFO: op ←←←→←, 3157
[2026-03-06 14:42:40] INFO: op ←←→→←, 3195
[2026-03-06 14:42:41] INFO: op ←→→→←, 3046
[2026-03-06 14:42:41] INFO: op →←→←←, 2447
[2026-03-06 14:42:41] INFO: op →←←→←, 2502
[2026-03-06 14:42:41] INFO: op →→←→←, 2447
[2026-03-06 14:42:41] INFO: op →←→→←, 2502
[2026-03-06 14:42:41] INFO: op ←→←→←, 2102
[2026-03-06 14:42:41] INFO: [END]
