[2026-03-06 14:05:19] INFO: Logger initialized at log/log425457.log
[2026-03-06 14:05:20] INFO: Test 611th graph in data/list_1775_graphs.g6: J}h_okN~~~_
[2026-03-06 14:05:20] INFO: meta data: 
minimum degree >= 6
independent number >= 2
connected
Not regular
[2026-03-06 14:05:20] INFO: Orientation of J}h_okN~~~_ with min semidegree 3:
[0 0 1 0 0 0 0 0 0 1 1]
[1 0 0 0 0 0 0 0 0 1 1]
[0 1 0 0 0 0 0 0 0 1 1]
[1 1 0 0 0 0 0 0 0 1 0]
[1 0 1 0 0 0 0 0 1 0 0]
[0 1 1 0 0 0 0 0 0 1 0]
[0 0 0 1 1 0 0 0 0 1 0]
[0 0 0 1 0 1 1 0 0 0 0]
[0 0 0 0 0 1 1 1 0 0 0]
[0 0 0 0 1 0 0 1 1 0 0]
[0 0 0 1 1 1 1 1 1 1 0]
[2026-03-06 14:05:20] INFO: op ←←←←←, 1977
[2026-03-06 14:05:20] INFO: op →←←←←, 1542
[2026-03-06 14:05:20] INFO: op →→←←←, 1601
[2026-03-06 14:05:20] INFO: op →→→←←, 1601
[2026-03-06 14:05:20] INFO: op →→→→←, 1542
[2026-03-06 14:05:20] INFO: op ←→←←←, 1270
[2026-03-06 14:05:20] INFO: op ←←→←←, 1319
[2026-03-06 14:05:20] INFO: op ←→→←←, 1213
[2026-03-06 14:05:20] INFO: op ←←←→←, 1297
[2026-03-06 14:05:20] INFO: op ←←→→←, 1190
[2026-03-06 14:05:20] INFO: op ←→→→←, 1221
[2026-03-06 14:05:20] INFO: op →←→←←, 876
[2026-03-06 14:05:20] INFO: op →←←→←, 955
[2026-03-06 14:05:20] INFO: op →→←→←, 876
[2026-03-06 14:05:20] INFO: op →←→→←, 955
[2026-03-06 14:05:20] INFO: op ←→←→←, 613
[2026-03-06 14:05:20] INFO: [END]
