[2026-03-06 14:42:18] INFO: Logger initialized at log/log453149.log
[2026-03-06 14:42:18] INFO: Test 760th graph in data/list_1775_graphs.g6: L{{Og{^d~Kl|X~
[2026-03-06 14:42:18] INFO: meta data: 
minimum degree >= 6
independent number >= 2
connected
Not regular
[2026-03-06 14:42:18] INFO: Orientation of L{{Og{^d~Kl|X~ with min semidegree 3:
[0 0 0 0 1 0 0 0 0 1 1 0 0]
[1 0 0 0 0 0 0 0 0 0 0 1 1]
[1 1 0 0 0 0 0 0 0 0 0 1 0]
[1 0 0 0 0 0 0 1 1 0 0 0 0]
[0 1 1 1 0 0 0 0 0 0 0 0 0]
[0 0 0 1 0 0 0 0 1 0 0 0 1]
[0 0 0 1 0 1 0 0 0 0 0 0 1]
[0 0 0 0 1 1 1 0 0 0 0 0 0]
[0 0 0 0 1 0 1 1 0 0 0 0 0]
[0 0 0 1 0 1 1 1 1 0 0 0 0]
[0 1 1 0 0 1 1 0 0 1 0 0 0]
[0 0 0 0 1 1 1 1 1 0 1 0 0]
[0 0 1 0 0 0 0 1 1 1 1 1 0]
[2026-03-06 14:42:18] INFO: op ←←←←←, 3948
[2026-03-06 14:42:18] INFO: op →←←←←, 3497
[2026-03-06 14:42:19] INFO: op →→←←←, 3788
[2026-03-06 14:42:19] INFO: op →→→←←, 3788
[2026-03-06 14:42:19] INFO: op →→→→←, 3497
[2026-03-06 14:42:19] INFO: op ←→←←←, 3262
[2026-03-06 14:42:19] INFO: op ←←→←←, 3466
[2026-03-06 14:42:19] INFO: op ←→→←←, 3308
[2026-03-06 14:42:19] INFO: op ←←←→←, 3136
[2026-03-06 14:42:19] INFO: op ←←→→←, 3258
[2026-03-06 14:42:19] INFO: op ←→→→←, 3184
[2026-03-06 14:42:19] INFO: op →←→←←, 2806
[2026-03-06 14:42:20] INFO: op →←←→←, 2646
[2026-03-06 14:42:20] INFO: op →→←→←, 2806
[2026-03-06 14:42:20] INFO: op →←→→←, 2646
[2026-03-06 14:42:20] INFO: op ←→←→←, 2362
[2026-03-06 14:42:20] INFO: [END]
