[2026-03-06 14:45:50] INFO: Logger initialized at log/log462388.log
[2026-03-06 14:45:50] INFO: Test 963th graph in data/list_1775_graphs.g6: R~{?GKF???_~?E?E_BW?v@w~wF~~N_
[2026-03-06 14:45:50] INFO: meta data: 
minimum degree >= 6
independent number >= 2
connected
Not regular
[2026-03-06 14:45:50] INFO: Orientation of R~{?GKF???_~?E?E_BW?v@w~wF~~N_ with min semidegree 3:
[0 0 0 0 1 0 0 0 0 0 0 0 0 0 0 0 0 1 1]
[1 0 0 0 0 0 0 0 0 0 0 0 0 0 0 0 0 1 1]
[1 1 0 0 0 0 0 0 0 0 0 0 0 0 0 0 0 1 0]
[1 1 1 0 0 0 0 0 0 0 0 0 0 0 0 0 0 0 0]
[0 1 1 1 0 0 0 0 0 0 0 0 0 0 0 0 0 0 0]
[0 0 0 0 0 0 0 0 0 0 0 1 0 0 0 0 1 0 1]
[0 0 0 0 0 1 0 0 0 0 0 0 0 0 0 0 1 0 1]
[0 0 0 0 0 1 1 0 0 0 0 0 0 0 0 0 1 0 0]
[0 0 0 0 0 1 1 1 0 0 0 0 0 0 0 0 0 0 0]
[0 0 0 0 0 0 0 0 0 0 0 1 0 0 1 1 0 0 0]
[0 0 0 0 0 0 0 0 0 1 0 1 0 0 0 1 0 0 0]
[0 0 0 0 0 0 1 1 1 0 0 0 0 0 0 0 0 0 0]
[0 0 0 0 0 0 0 0 0 1 1 0 0 0 0 0 1 0 0]
[0 0 0 0 0 0 0 0 0 1 1 0 1 0 0 0 0 0 0]
[0 0 0 0 0 0 0 0 0 0 1 0 1 1 0 0 0 0 0]
[0 0 0 0 0 0 0 0 0 0 0 0 1 1 1 0 0 0 0]
[0 0 0 0 0 0 0 0 1 0 0 0 0 1 1 1 0 0 0]
[0 0 0 1 1 0 0 0 0 0 0 1 1 1 1 1 1 0 0]
[0 0 1 1 1 0 0 1 1 0 0 1 1 1 1 1 0 0 0]
[2026-03-06 14:45:50] INFO: op ←←←←←, 6383
[2026-03-06 14:45:50] INFO: op →←←←←, 5404
[2026-03-06 14:45:50] INFO: op →→←←←, 6052
[2026-03-06 14:45:51] INFO: op →→→←←, 6052
[2026-03-06 14:45:51] INFO: op →→→→←, 5404
[2026-03-06 14:45:51] INFO: op ←→←←←, 6270
[2026-03-06 14:45:51] INFO: op ←←→←←, 6339
[2026-03-06 14:45:51] INFO: op ←→→←←, 5226
[2026-03-06 14:45:52] INFO: op ←←←→←, 5247
[2026-03-06 14:45:52] INFO: op ←←→→←, 5108
[2026-03-06 14:45:52] INFO: op ←→→→←, 5042
[2026-03-06 14:45:52] INFO: op →←→←←, 5291
[2026-03-06 14:45:52] INFO: op →←←→←, 4283
[2026-03-06 14:45:52] INFO: op →→←→←, 5291
[2026-03-06 14:45:53] INFO: op →←→→←, 4283
[2026-03-06 14:45:53] INFO: op ←→←→←, 5106
[2026-03-06 14:45:53] INFO: [END]
