[2026-03-06 14:41:10] INFO: Logger initialized at log/log449825.log
[2026-03-06 14:41:10] INFO: Test 684th graph in data/list_1775_graphs.g6: L`NEHrFNvrF}~e
[2026-03-06 14:41:10] INFO: meta data: 
minimum degree >= 6
independent number >= 2
connected
Not regular
[2026-03-06 14:41:10] INFO: Orientation of L`NEHrFNvrF}~e with min semidegree 3:
[0 0 0 0 0 0 0 0 1 0 1 0 1]
[1 0 0 0 0 0 0 0 0 0 1 0 1]
[0 0 0 0 0 0 0 0 0 1 0 1 1]
[0 0 1 0 0 0 0 0 0 1 0 1 0]
[0 0 1 1 0 0 0 0 0 0 0 1 0]
[1 1 0 0 0 0 0 0 1 0 0 0 0]
[1 1 0 0 0 1 0 0 0 0 0 0 0]
[0 0 1 1 1 0 0 0 0 0 0 0 0]
[0 1 0 0 0 0 1 1 0 0 0 0 0]
[0 0 0 0 1 1 1 1 0 0 0 0 0]
[0 0 1 1 1 0 0 1 1 0 0 0 0]
[0 0 0 0 0 1 1 1 1 1 0 0 0]
[0 0 0 1 1 1 1 0 0 1 1 0 0]
[2026-03-06 14:41:10] INFO: op ←←←←←, 4318
[2026-03-06 14:41:11] INFO: op →←←←←, 3075
[2026-03-06 14:41:11] INFO: op →→←←←, 2859
[2026-03-06 14:41:11] INFO: op →→→←←, 2859
[2026-03-06 14:41:11] INFO: op →→→→←, 3075
[2026-03-06 14:41:11] INFO: op ←→←←←, 2450
[2026-03-06 14:41:11] INFO: op ←←→←←, 2438
[2026-03-06 14:41:11] INFO: op ←→→←←, 2265
[2026-03-06 14:41:11] INFO: op ←←←→←, 2370
[2026-03-06 14:41:11] INFO: op ←←→→←, 2330
[2026-03-06 14:41:11] INFO: op ←→→→←, 2318
[2026-03-06 14:41:11] INFO: op →←→←←, 1781
[2026-03-06 14:41:11] INFO: op →←←→←, 1782
[2026-03-06 14:41:11] INFO: op →→←→←, 1781
[2026-03-06 14:41:12] INFO: op →←→→←, 1782
[2026-03-06 14:41:12] INFO: op ←→←→←, 1510
[2026-03-06 14:41:12] INFO: [END]
