[2026-03-06 14:42:08] INFO: Logger initialized at log/log452614.log
[2026-03-06 14:42:08] INFO: Test 748th graph in data/list_1775_graphs.g6: Lj]CKNN|p}f|Nz
[2026-03-06 14:42:08] INFO: meta data: 
minimum degree >= 6
independent number >= 2
connected
Not regular
[2026-03-06 14:42:08] INFO: Orientation of Lj]CKNN|p}f|Nz with min semidegree 3:
[0 0 0 0 0 0 0 1 1 1 0 0 0]
[1 0 0 0 0 0 0 0 1 1 0 0 0]
[0 1 0 0 0 0 0 0 0 0 1 1 0]
[0 1 1 0 0 0 0 0 0 0 0 1 0]
[0 1 1 1 0 0 0 0 0 0 0 0 0]
[1 0 0 0 0 0 0 0 1 0 0 0 1]
[1 0 0 0 0 1 0 0 0 0 0 0 1]
[0 0 0 0 0 1 1 0 0 0 0 0 1]
[0 0 0 0 1 0 1 1 0 0 0 0 0]
[0 0 1 1 0 1 1 1 0 0 0 0 0]
[0 0 0 1 1 1 1 1 0 1 0 0 0]
[0 0 0 0 1 1 1 1 1 0 1 0 0]
[0 0 1 1 1 0 0 0 1 0 1 1 0]
[2026-03-06 14:42:08] INFO: op ←←←←←, 4966
[2026-03-06 14:42:08] INFO: op →←←←←, 3946
[2026-03-06 14:42:09] INFO: op →→←←←, 4013
[2026-03-06 14:42:09] INFO: op →→→←←, 4013
[2026-03-06 14:42:09] INFO: op →→→→←, 3946
[2026-03-06 14:42:09] INFO: op ←→←←←, 3539
[2026-03-06 14:42:09] INFO: op ←←→←←, 3661
[2026-03-06 14:42:09] INFO: op ←→→←←, 3421
[2026-03-06 14:42:09] INFO: op ←←←→←, 3686
[2026-03-06 14:42:09] INFO: op ←←→→←, 3424
[2026-03-06 14:42:10] INFO: op ←→→→←, 3571
[2026-03-06 14:42:10] INFO: op →←→←←, 2952
[2026-03-06 14:42:10] INFO: op →←←→←, 2952
[2026-03-06 14:42:10] INFO: op →→←→←, 2952
[2026-03-06 14:42:10] INFO: op →←→→←, 2952
[2026-03-06 14:42:10] INFO: op ←→←→←, 2793
[2026-03-06 14:42:10] INFO: [END]
