[2026-03-06 14:42:01] INFO: Logger initialized at log/log452224.log
[2026-03-06 14:42:01] INFO: Test 738th graph in data/list_1775_graphs.g6: L~?GW[N{X~X}~a
[2026-03-06 14:42:01] INFO: meta data: 
minimum degree >= 6
independent number >= 2
connected
Not regular
[2026-03-06 14:42:01] INFO: Orientation of L~?GW[N{X~X}~a with min semidegree 3:
[0 0 0 0 0 0 0 0 0 1 0 1 1]
[1 0 0 0 0 0 0 0 0 1 0 1 0]
[1 1 0 0 0 0 0 0 0 0 1 0 0]
[1 1 1 0 0 0 0 0 0 0 0 0 0]
[0 0 0 0 0 0 0 0 0 0 1 1 1]
[0 0 0 0 1 0 0 0 1 0 0 0 1]
[0 0 0 0 1 1 0 0 0 0 1 0 0]
[0 0 0 0 1 1 1 0 0 0 0 0 0]
[0 0 0 0 1 0 1 1 0 0 0 0 0]
[0 0 1 1 0 0 0 1 1 0 0 0 0]
[0 0 0 1 0 1 0 1 1 0 0 0 0]
[0 0 0 0 0 1 1 1 1 1 0 0 0]
[0 1 1 1 0 0 1 0 0 0 1 0 0]
[2026-03-06 14:42:01] INFO: op ←←←←←, 3185
[2026-03-06 14:42:01] INFO: op →←←←←, 2411
[2026-03-06 14:42:01] INFO: op →→←←←, 2471
[2026-03-06 14:42:01] INFO: op →→→←←, 2471
[2026-03-06 14:42:01] INFO: op →→→→←, 2411
[2026-03-06 14:42:01] INFO: op ←→←←←, 1838
[2026-03-06 14:42:01] INFO: op ←←→←←, 1849
[2026-03-06 14:42:02] INFO: op ←→→←←, 1906
[2026-03-06 14:42:02] INFO: op ←←←→←, 1727
[2026-03-06 14:42:02] INFO: op ←←→→←, 1890
[2026-03-06 14:42:02] INFO: op ←→→→←, 1796
[2026-03-06 14:42:02] INFO: op →←→←←, 1285
[2026-03-06 14:42:02] INFO: op →←←→←, 1347
[2026-03-06 14:42:02] INFO: op →→←→←, 1285
[2026-03-06 14:42:02] INFO: op →←→→←, 1347
[2026-03-06 14:42:02] INFO: op ←→←→←, 973
[2026-03-06 14:42:02] INFO: [END]
