[2026-03-06 14:42:22] INFO: Logger initialized at log/log453399.log
[2026-03-06 14:42:22] INFO: Test 766th graph in data/list_1775_graphs.g6: L~\{CFbsx^BzB~
[2026-03-06 14:42:22] INFO: meta data: 
minimum degree >= 6
independent number >= 2
connected
Not regular
[2026-03-06 14:42:22] INFO: Orientation of L~\{CFbsx^BzB~ with min semidegree 3:
[0 0 0 0 0 0 0 1 1 1 0 0 0]
[1 0 0 0 1 1 0 0 0 0 0 0 0]
[1 1 0 0 0 0 0 0 0 0 1 0 0]
[1 1 1 0 0 0 0 0 0 0 0 0 0]
[0 0 1 1 0 0 0 0 0 0 0 0 1]
[0 0 1 1 1 0 0 0 0 0 0 0 0]
[1 0 0 0 0 0 0 0 0 0 0 1 1]
[0 0 0 0 0 0 1 0 0 0 0 1 1]
[0 1 1 0 0 0 1 1 0 0 0 0 0]
[0 1 0 1 0 0 1 1 1 0 0 0 0]
[0 0 0 0 1 1 1 1 1 0 0 0 0]
[0 0 0 1 1 1 0 0 0 1 1 0 0]
[0 0 0 0 0 1 0 0 1 1 1 1 0]
[2026-03-06 14:42:22] INFO: op ←←←←←, 4106
[2026-03-06 14:42:23] INFO: op →←←←←, 3227
[2026-03-06 14:42:23] INFO: op →→←←←, 3304
[2026-03-06 14:42:23] INFO: op →→→←←, 3304
[2026-03-06 14:42:23] INFO: op →→→→←, 3227
[2026-03-06 14:42:23] INFO: op ←→←←←, 2678
[2026-03-06 14:42:23] INFO: op ←←→←←, 2854
[2026-03-06 14:42:23] INFO: op ←→→←←, 2820
[2026-03-06 14:42:23] INFO: op ←←←→←, 2668
[2026-03-06 14:42:23] INFO: op ←←→→←, 2906
[2026-03-06 14:42:23] INFO: op ←→→→←, 2737
[2026-03-06 14:42:24] INFO: op →←→←←, 2140
[2026-03-06 14:42:24] INFO: op →←←→←, 2152
[2026-03-06 14:42:24] INFO: op →→←→←, 2140
[2026-03-06 14:42:24] INFO: op →←→→←, 2152
[2026-03-06 14:42:24] INFO: op ←→←→←, 1673
[2026-03-06 14:42:24] INFO: [END]
