[2026-03-06 14:43:09] INFO: Logger initialized at log/log455793.log
[2026-03-06 14:43:10] INFO: Test 822th graph in data/list_1775_graphs.g6: L}s`LLfVg~b~nr
[2026-03-06 14:43:10] INFO: meta data: 
minimum degree >= 6
independent number >= 2
connected
Not regular
[2026-03-06 14:43:10] INFO: Orientation of L}s`LLfVg~b~nr with min semidegree 3:
[0 0 1 0 0 0 0 1 0 0 0 0 1]
[1 0 0 0 0 0 0 0 1 1 0 0 0]
[0 1 0 0 0 0 0 0 1 0 0 0 1]
[1 1 0 0 0 0 0 0 0 0 1 0 0]
[1 1 0 1 0 0 0 0 0 0 0 0 0]
[0 0 1 0 0 0 0 0 0 0 0 1 1]
[0 0 1 0 0 1 0 0 0 0 0 1 0]
[0 0 1 0 0 1 1 0 0 0 0 0 0]
[0 0 0 0 0 1 1 1 0 0 0 0 0]
[0 0 0 1 1 1 1 0 1 0 0 0 0]
[0 0 0 0 1 1 1 1 1 1 0 0 0]
[0 0 0 1 1 0 0 1 1 1 1 0 0]
[0 0 0 1 1 0 1 1 0 0 1 1 0]
[2026-03-06 14:43:10] INFO: op ←←←←←, 4919
[2026-03-06 14:43:10] INFO: op →←←←←, 4019
[2026-03-06 14:43:10] INFO: op →→←←←, 4045
[2026-03-06 14:43:10] INFO: op →→→←←, 4045
[2026-03-06 14:43:10] INFO: op →→→→←, 4019
[2026-03-06 14:43:10] INFO: op ←→←←←, 3496
[2026-03-06 14:43:10] INFO: op ←←→←←, 3588
[2026-03-06 14:43:11] INFO: op ←→→←←, 3631
[2026-03-06 14:43:11] INFO: op ←←←→←, 3608
[2026-03-06 14:43:11] INFO: op ←←→→←, 3656
[2026-03-06 14:43:11] INFO: op ←→→→←, 3468
[2026-03-06 14:43:11] INFO: op →←→←←, 2886
[2026-03-06 14:43:11] INFO: op →←←→←, 2996
[2026-03-06 14:43:11] INFO: op →→←→←, 2886
[2026-03-06 14:43:11] INFO: op →←→→←, 2996
[2026-03-06 14:43:11] INFO: op ←→←→←, 2767
[2026-03-06 14:43:11] INFO: [END]
