[2026-03-06 14:45:52] INFO: Logger initialized at log/log462483.log
[2026-03-06 14:45:53] INFO: Test 964th graph in data/list_1775_graphs.g6: R~?GW[N???_B?F?F_B~_F{F?Nb~~FO
[2026-03-06 14:45:53] INFO: meta data: 
minimum degree >= 6
independent number >= 2
connected
Not regular
[2026-03-06 14:45:53] INFO: Orientation of R~?GW[N???_B?F?F_B~_F{F?Nb~~FO with min semidegree 3:
[0 0 0 0 0 0 0 0 0 0 0 0 0 0 0 1 1 0 1]
[1 0 0 0 0 0 0 0 0 0 0 0 0 0 0 1 0 0 1]
[1 1 0 0 0 0 0 0 0 0 0 0 0 0 0 0 0 0 1]
[1 1 1 0 0 0 0 0 0 0 0 0 0 0 0 0 0 0 0]
[0 0 0 0 0 0 0 0 1 0 0 0 0 0 0 0 0 1 1]
[0 0 0 0 1 0 0 0 0 0 0 0 0 0 0 0 0 1 1]
[0 0 0 0 1 1 0 0 0 0 0 0 0 0 0 0 0 1 0]
[0 0 0 0 1 1 1 0 0 0 0 0 0 0 0 0 0 0 0]
[0 0 0 0 0 1 1 1 0 0 0 0 0 0 0 0 0 0 0]
[0 0 0 0 0 0 0 0 0 0 0 0 0 1 1 0 1 0 0]
[0 0 0 0 0 0 0 0 0 1 0 0 0 0 1 0 1 0 0]
[0 0 0 0 0 0 0 0 0 1 1 0 0 0 0 0 1 0 0]
[0 0 0 0 0 0 0 0 0 1 1 1 0 0 0 0 0 0 0]
[0 0 0 0 0 0 0 0 0 0 1 1 1 0 0 0 0 0 0]
[0 0 0 0 0 0 0 0 0 0 0 1 1 1 0 0 0 0 0]
[0 0 1 1 0 0 0 0 0 0 0 0 1 1 1 0 0 0 0]
[0 1 1 1 0 0 0 0 0 0 0 0 0 0 0 0 0 0 0]
[0 0 0 0 0 0 0 1 1 0 0 0 1 1 1 1 1 0 0]
[0 0 0 1 0 0 1 1 1 0 0 0 1 1 1 0 1 0 0]
[2026-03-06 14:45:53] INFO: op ←←←←←, 6190
[2026-03-06 14:45:53] INFO: op →←←←←, 4883
[2026-03-06 14:45:53] INFO: op →→←←←, 5074
[2026-03-06 14:45:53] INFO: op →→→←←, 5074
[2026-03-06 14:45:53] INFO: op →→→→←, 4883
[2026-03-06 14:45:54] INFO: op ←→←←←, 4837
[2026-03-06 14:45:54] INFO: op ←←→←←, 5147
[2026-03-06 14:45:54] INFO: op ←→→←←, 4067
[2026-03-06 14:45:54] INFO: op ←←←→←, 4316
[2026-03-06 14:45:54] INFO: op ←←→→←, 4089
[2026-03-06 14:45:54] INFO: op ←→→→←, 4125
[2026-03-06 14:45:54] INFO: op →←→←←, 4092
[2026-03-06 14:45:55] INFO: op →←←→←, 3442
[2026-03-06 14:45:55] INFO: op →→←→←, 4092
[2026-03-06 14:45:55] INFO: op →←→→←, 3442
[2026-03-06 14:45:55] INFO: op ←→←→←, 3681
[2026-03-06 14:45:55] INFO: [END]
