[2026-03-06 14:41:31] INFO: Logger initialized at log/log450600.log
[2026-03-06 14:41:31] INFO: Test 700th graph in data/list_1775_graphs.g6: L~{?GLNL}^Uz^{
[2026-03-06 14:41:31] INFO: meta data: 
minimum degree >= 6
independent number >= 2
connected
Not regular
[2026-03-06 14:41:31] INFO: Orientation of L~{?GLNL}^Uz^{ with min semidegree 3:
[0 0 0 0 1 0 0 0 0 0 1 1 0]
[1 0 0 0 0 0 0 0 0 0 1 0 1]
[1 1 0 0 0 0 0 0 0 1 0 0 0]
[1 1 1 0 0 0 0 0 0 0 0 0 0]
[0 1 1 1 0 0 0 0 0 0 0 0 0]
[0 0 0 0 0 0 0 0 1 0 0 1 1]
[0 0 0 0 0 1 0 0 0 0 0 1 1]
[0 0 0 0 0 1 1 0 1 0 0 0 0]
[0 1 0 0 1 0 1 0 0 0 0 0 0]
[0 0 0 1 0 1 1 1 1 0 0 0 0]
[0 0 0 0 1 1 1 1 1 0 0 0 0]
[0 0 1 1 0 0 0 1 0 1 1 0 0]
[0 0 1 1 1 0 0 1 1 1 0 0 0]
[2026-03-06 14:41:31] INFO: op ←←←←←, 4125
[2026-03-06 14:41:31] INFO: op →←←←←, 3255
[2026-03-06 14:41:31] INFO: op →→←←←, 3299
[2026-03-06 14:41:31] INFO: op →→→←←, 3299
[2026-03-06 14:41:31] INFO: op →→→→←, 3255
[2026-03-06 14:41:31] INFO: op ←→←←←, 2792
[2026-03-06 14:41:32] INFO: op ←←→←←, 2820
[2026-03-06 14:41:32] INFO: op ←→→←←, 2772
[2026-03-06 14:41:32] INFO: op ←←←→←, 2714
[2026-03-06 14:41:32] INFO: op ←←→→←, 2816
[2026-03-06 14:41:32] INFO: op ←→→→←, 2629
[2026-03-06 14:41:32] INFO: op →←→←←, 2066
[2026-03-06 14:41:32] INFO: op →←←→←, 2191
[2026-03-06 14:41:32] INFO: op →→←→←, 2066
[2026-03-06 14:41:32] INFO: op →←→→←, 2191
[2026-03-06 14:41:32] INFO: op ←→←→←, 1857
[2026-03-06 14:41:32] INFO: [END]
