[2026-03-06 14:45:40] INFO: Logger initialized at log/log462076.log
[2026-03-06 14:45:40] INFO: Test 956th graph in data/list_1775_graphs.g6: R~?GW[??G@_F?N{K@xw^aB{VoM~_\w
[2026-03-06 14:45:40] INFO: meta data: 
minimum degree >= 6
independent number >= 2
connected
Not regular
[2026-03-06 14:45:40] INFO: Orientation of R~?GW[??G@_F?N{K@xw^aB{VoM~_\w with min semidegree 3:
[0 0 0 0 0 0 0 0 0 0 0 0 0 1 0 0 0 1 1]
[1 0 0 0 0 0 0 0 0 0 0 0 0 0 0 0 0 1 1]
[1 1 0 0 0 0 0 0 0 0 0 0 0 0 0 0 0 0 1]
[1 1 1 0 0 0 0 0 0 0 0 0 0 0 0 0 0 0 0]
[0 0 0 0 0 0 0 0 0 0 0 0 0 0 1 1 1 0 0]
[0 0 0 0 1 0 0 0 0 0 0 0 0 0 1 0 1 0 0]
[0 0 0 0 1 1 0 0 0 0 0 0 0 0 0 0 1 0 0]
[0 0 0 0 1 1 1 0 0 0 0 0 0 0 0 0 0 0 0]
[0 0 0 0 0 0 0 0 0 0 0 0 1 1 0 0 1 0 0]
[0 0 0 0 0 0 0 0 1 0 0 0 0 1 0 0 1 0 0]
[0 0 0 0 0 0 0 0 1 1 0 0 0 0 0 0 0 1 0]
[0 0 0 0 0 0 0 0 1 1 1 0 0 0 0 0 0 0 0]
[0 0 0 0 0 0 0 0 0 1 1 1 0 0 0 0 0 0 0]
[0 1 1 1 0 0 0 0 0 0 0 0 0 0 0 0 0 0 0]
[0 0 0 0 0 0 1 1 0 0 1 1 1 1 0 0 0 0 0]
[0 0 0 0 0 1 1 1 1 1 0 0 0 1 0 0 0 0 0]
[0 0 0 0 0 0 0 1 0 0 0 0 0 1 0 1 0 0 0]
[0 0 1 1 0 0 0 0 0 0 0 1 1 0 1 1 1 0 0]
[0 0 0 1 0 0 0 0 0 0 1 1 1 0 1 1 1 1 0]
[2026-03-06 14:45:40] INFO: op ←←←←←, 8449
[2026-03-06 14:45:40] INFO: op →←←←←, 6875
[2026-03-06 14:45:41] INFO: op →→←←←, 6999
[2026-03-06 14:45:41] INFO: op →→→←←, 6999
[2026-03-06 14:45:41] INFO: op →→→→←, 6875
[2026-03-06 14:45:41] INFO: op ←→←←←, 6629
[2026-03-06 14:45:42] INFO: op ←←→←←, 7324
[2026-03-06 14:45:42] INFO: op ←→→←←, 6414
[2026-03-06 14:45:42] INFO: op ←←←→←, 6419
[2026-03-06 14:45:42] INFO: op ←←→→←, 6485
[2026-03-06 14:45:42] INFO: op ←→→→←, 6378
[2026-03-06 14:45:43] INFO: op →←→←←, 5649
[2026-03-06 14:45:43] INFO: op →←←→←, 5507
[2026-03-06 14:45:43] INFO: op →→←→←, 5649
[2026-03-06 14:45:43] INFO: op →←→→←, 5507
[2026-03-06 14:45:43] INFO: op ←→←→←, 4886
[2026-03-06 14:45:43] INFO: [END]
