[2026-03-06 14:42:46] INFO: Logger initialized at log/log454578.log
[2026-03-06 14:42:46] INFO: Test 793th graph in data/list_1775_graphs.g6: L`rH`~N{`}}U~F
[2026-03-06 14:42:46] INFO: meta data: 
minimum degree >= 6
independent number >= 2
connected
Not regular
[2026-03-06 14:42:46] INFO: Orientation of L`rH`~N{`}}U~F with min semidegree 3:
[0 0 0 0 0 0 0 0 1 0 0 1 1]
[1 0 0 0 0 0 0 0 1 0 0 1 0]
[0 0 0 0 0 0 0 1 0 0 1 0 1]
[0 0 1 0 0 0 0 0 0 0 1 0 1]
[1 1 0 0 0 0 0 1 0 0 0 0 0]
[1 1 0 0 1 0 0 0 0 0 0 0 0]
[0 0 1 1 0 0 0 0 1 0 0 0 0]
[0 0 0 1 0 1 1 0 0 0 0 0 0]
[0 0 0 0 1 1 0 1 0 0 0 0 0]
[1 1 1 1 0 0 1 0 0 0 0 0 0]
[0 0 0 0 1 1 1 1 0 1 0 0 0]
[0 0 1 1 0 0 1 0 1 1 0 0 0]
[0 1 0 0 1 1 0 0 0 1 1 1 0]
[2026-03-06 14:42:46] INFO: op ←←←←←, 4120
[2026-03-06 14:42:46] INFO: op →←←←←, 3244
[2026-03-06 14:42:46] INFO: op →→←←←, 3238
[2026-03-06 14:42:46] INFO: op →→→←←, 3238
[2026-03-06 14:42:46] INFO: op →→→→←, 3244
[2026-03-06 14:42:47] INFO: op ←→←←←, 2727
[2026-03-06 14:42:47] INFO: op ←←→←←, 2821
[2026-03-06 14:42:47] INFO: op ←→→←←, 2733
[2026-03-06 14:42:47] INFO: op ←←←→←, 2754
[2026-03-06 14:42:47] INFO: op ←←→→←, 2874
[2026-03-06 14:42:47] INFO: op ←→→→←, 2795
[2026-03-06 14:42:47] INFO: op →←→←←, 2057
[2026-03-06 14:42:47] INFO: op →←←→←, 2163
[2026-03-06 14:42:47] INFO: op →→←→←, 2057
[2026-03-06 14:42:47] INFO: op →←→→←, 2163
[2026-03-06 14:42:47] INFO: op ←→←→←, 1635
[2026-03-06 14:42:47] INFO: [END]
