[2026-03-06 14:43:59] INFO: Logger initialized at log/log458363.log
[2026-03-06 14:43:59] INFO: Test 879th graph in data/list_1775_graphs.g6: L{S}uuulZ\LjF~
[2026-03-06 14:43:59] INFO: meta data: 
minimum degree >= 6
independent number >= 2
connected
Not regular
[2026-03-06 14:43:59] INFO: Orientation of L{S}uuulZ\LjF~ with min semidegree 3:
[0 0 0 0 0 0 1 1 0 1 0 0 0]
[1 0 0 0 0 0 0 0 0 0 1 1 0]
[1 1 0 0 0 0 0 0 0 0 0 1 0]
[1 0 0 0 0 1 0 0 0 0 0 0 1]
[0 1 0 1 0 0 0 0 0 0 0 0 1]
[0 0 1 0 1 0 0 0 0 0 0 0 1]
[0 1 0 1 1 0 0 0 0 0 0 0 0]
[0 1 0 1 1 0 1 0 0 0 0 0 0]
[1 0 1 1 0 1 1 0 0 0 0 0 0]
[0 0 1 1 0 1 0 1 1 0 0 0 0]
[0 0 1 0 1 1 1 0 1 0 0 0 0]
[0 0 0 0 1 1 0 1 0 1 1 0 0]
[0 0 0 0 0 0 1 1 1 1 1 1 0]
[2026-03-06 14:43:59] INFO: op ←←←←←, 5057
[2026-03-06 14:44:00] INFO: op →←←←←, 4375
[2026-03-06 14:44:00] INFO: op →→←←←, 4585
[2026-03-06 14:44:00] INFO: op →→→←←, 4585
[2026-03-06 14:44:00] INFO: op →→→→←, 4375
[2026-03-06 14:44:00] INFO: op ←→←←←, 3868
[2026-03-06 14:44:00] INFO: op ←←→←←, 4037
[2026-03-06 14:44:00] INFO: op ←→→←←, 4189
[2026-03-06 14:44:01] INFO: op ←←←→←, 3904
[2026-03-06 14:44:01] INFO: op ←←→→←, 4226
[2026-03-06 14:44:01] INFO: op ←→→→←, 3849
[2026-03-06 14:44:01] INFO: op →←→←←, 3295
[2026-03-06 14:44:01] INFO: op →←←→←, 3395
[2026-03-06 14:44:01] INFO: op →→←→←, 3295
[2026-03-06 14:44:01] INFO: op →←→→←, 3395
[2026-03-06 14:44:01] INFO: op ←→←→←, 2798
[2026-03-06 14:44:01] INFO: [END]
