[2026-03-06 14:38:22] INFO: Logger initialized at log/log446803.log
[2026-03-06 14:38:22] INFO: Test 646th graph in data/list_1775_graphs.g6: J{dbG{^~~~_
[2026-03-06 14:38:22] INFO: meta data: 
minimum degree >= 6
independent number >= 2
connected
Not regular
[2026-03-06 14:38:22] INFO: Orientation of J{dbG{^~~~_ with min semidegree 3:
[0 0 1 0 0 0 0 0 0 1 1]
[1 0 0 0 0 0 0 0 0 1 1]
[0 1 0 0 0 0 0 0 0 1 1]
[1 0 0 0 0 0 0 1 1 0 0]
[1 0 0 1 0 0 0 0 1 0 0]
[0 1 1 0 0 0 0 0 0 1 0]
[0 1 1 0 0 1 0 0 0 0 0]
[0 0 0 0 1 1 1 0 0 0 0]
[0 0 0 0 0 1 1 1 0 0 0]
[0 0 0 1 1 0 1 1 1 0 0]
[0 0 0 1 1 1 1 1 1 1 0]
[2026-03-06 14:38:22] INFO: op ←←←←←, 2827
[2026-03-06 14:38:22] INFO: op →←←←←, 2097
[2026-03-06 14:38:22] INFO: op →→←←←, 2039
[2026-03-06 14:38:22] INFO: op →→→←←, 2039
[2026-03-06 14:38:22] INFO: op →→→→←, 2097
[2026-03-06 14:38:22] INFO: op ←→←←←, 1722
[2026-03-06 14:38:22] INFO: op ←←→←←, 1726
[2026-03-06 14:38:22] INFO: op ←→→←←, 1537
[2026-03-06 14:38:22] INFO: op ←←←→←, 1623
[2026-03-06 14:38:22] INFO: op ←←→→←, 1536
[2026-03-06 14:38:23] INFO: op ←→→→←, 1570
[2026-03-06 14:38:23] INFO: op →←→←←, 1045
[2026-03-06 14:38:23] INFO: op →←←→←, 1170
[2026-03-06 14:38:23] INFO: op →→←→←, 1045
[2026-03-06 14:38:23] INFO: op →←→→←, 1170
[2026-03-06 14:38:23] INFO: op ←→←→←, 809
[2026-03-06 14:38:23] INFO: [END]
