[2026-03-06 14:41:47] INFO: Logger initialized at log/log451425.log
[2026-03-06 14:41:47] INFO: Test 719th graph in data/list_1775_graphs.g6: L~cG^bmFo}k~X~
[2026-03-06 14:41:47] INFO: meta data: 
minimum degree >= 6
independent number >= 2
connected
Not regular
[2026-03-06 14:41:47] INFO: Orientation of L~cG^bmFo}k~X~ with min semidegree 3:
[0 1 0 0 0 0 0 1 1 0 0 0 0]
[0 0 0 0 0 0 0 0 1 0 0 1 1]
[1 1 0 0 0 0 0 0 0 0 0 1 0]
[1 1 1 0 0 0 0 0 0 0 0 0 0]
[1 0 0 1 0 0 0 0 0 0 1 0 0]
[0 0 0 0 1 0 0 0 1 0 0 0 1]
[0 0 0 0 1 1 0 0 0 0 0 0 1]
[0 1 1 1 0 0 0 0 0 0 0 0 0]
[0 0 1 0 1 0 1 0 0 0 0 0 0]
[0 0 0 1 1 1 1 1 0 0 0 0 0]
[0 0 0 1 0 1 1 1 0 1 0 0 0]
[0 0 0 0 0 1 1 1 1 1 1 0 0]
[0 0 1 0 0 0 0 1 1 1 1 1 0]
[2026-03-06 14:41:47] INFO: op ←←←←←, 4682
[2026-03-06 14:41:47] INFO: op →←←←←, 3665
[2026-03-06 14:41:47] INFO: op →→←←←, 3543
[2026-03-06 14:41:48] INFO: op →→→←←, 3543
[2026-03-06 14:41:48] INFO: op →→→→←, 3665
[2026-03-06 14:41:48] INFO: op ←→←←←, 3032
[2026-03-06 14:41:48] INFO: op ←←→←←, 3140
[2026-03-06 14:41:48] INFO: op ←→→←←, 3095
[2026-03-06 14:41:48] INFO: op ←←←→←, 3202
[2026-03-06 14:41:48] INFO: op ←←→→←, 3239
[2026-03-06 14:41:48] INFO: op ←→→→←, 3113
[2026-03-06 14:41:48] INFO: op →←→←←, 2380
[2026-03-06 14:41:48] INFO: op →←←→←, 2548
[2026-03-06 14:41:49] INFO: op →→←→←, 2380
[2026-03-06 14:41:49] INFO: op →←→→←, 2548
[2026-03-06 14:41:49] INFO: op ←→←→←, 2080
[2026-03-06 14:41:49] INFO: [END]
