[2026-03-06 14:45:09] INFO: Logger initialized at log/log461159.log
[2026-03-06 14:45:09] INFO: Test 939th graph in data/list_1775_graphs.g6: R`Kx}?@?WB_No?o?w?W@~?N{~~f|~?
[2026-03-06 14:45:09] INFO: meta data: 
minimum degree >= 6
independent number >= 2
connected
Not regular
[2026-03-06 14:45:09] INFO: Orientation of R`Kx}?@?WB_No?o?w?W@~?N{~~f|~? with min semidegree 3:
[0 0 0 0 0 0 0 0 0 0 0 0 1 0 1 0 0 0 1]
[1 0 0 0 0 0 0 1 0 0 0 0 0 0 0 0 0 0 1]
[0 0 0 0 0 0 1 0 0 0 0 0 0 0 0 0 0 1 1]
[0 0 1 0 0 0 0 0 0 0 0 0 0 0 0 0 0 1 1]
[0 0 1 1 0 0 0 0 0 0 0 0 0 0 0 0 0 1 0]
[0 0 1 1 1 0 0 0 0 0 0 0 0 0 0 0 0 0 0]
[0 0 0 1 1 1 0 0 0 0 0 0 0 0 0 0 0 0 0]
[1 0 0 0 0 0 0 0 0 0 0 1 0 0 0 0 0 1 0]
[0 0 0 0 0 0 0 1 0 0 0 0 0 0 0 1 1 0 0]
[0 0 0 0 0 0 0 1 1 0 0 0 0 0 0 0 1 0 0]
[0 0 0 0 0 0 0 1 1 1 0 0 0 0 0 0 0 0 0]
[0 0 0 0 0 0 0 0 1 1 1 0 0 0 0 0 0 0 0]
[0 1 0 0 0 0 0 0 0 0 0 0 0 0 0 1 1 0 0]
[1 1 0 0 0 0 0 0 0 0 0 0 1 0 0 0 0 0 0]
[0 1 0 0 0 0 0 0 0 0 0 0 1 1 0 0 0 0 0]
[0 0 0 0 0 0 0 0 0 1 1 1 0 1 1 0 0 0 0]
[0 0 0 0 0 0 0 0 0 0 1 1 0 1 1 1 0 0 0]
[0 0 0 0 0 1 1 0 1 1 1 1 1 1 1 0 0 0 0]
[0 0 0 0 1 1 1 0 1 1 1 1 1 1 1 0 0 0 0]
[2026-03-06 14:45:09] INFO: op ←←←←←, 8943
[2026-03-06 14:45:09] INFO: op →←←←←, 7419
[2026-03-06 14:45:10] INFO: op →→←←←, 8201
[2026-03-06 14:45:10] INFO: op →→→←←, 8201
[2026-03-06 14:45:10] INFO: op →→→→←, 7419
[2026-03-06 14:45:11] INFO: op ←→←←←, 8770
[2026-03-06 14:45:11] INFO: op ←←→←←, 8521
[2026-03-06 14:45:11] INFO: op ←→→←←, 7325
[2026-03-06 14:45:11] INFO: op ←←←→←, 7305
[2026-03-06 14:45:12] INFO: op ←←→→←, 6790
[2026-03-06 14:45:12] INFO: op ←→→→←, 6831
[2026-03-06 14:45:12] INFO: op →←→←←, 7602
[2026-03-06 14:45:12] INFO: op →←←→←, 6029
[2026-03-06 14:45:13] INFO: op →→←→←, 7602
[2026-03-06 14:45:13] INFO: op →←→→←, 6029
[2026-03-06 14:45:13] INFO: op ←→←→←, 8392
[2026-03-06 14:45:13] INFO: [END]
