[2026-03-06 14:41:50] INFO: Logger initialized at log/log451632.log
[2026-03-06 14:41:51] INFO: Test 724th graph in data/list_1775_graphs.g6: LjaK]\p[\{FvNn
[2026-03-06 14:41:51] INFO: meta data: 
minimum degree >= 6
independent number >= 2
connected
Not regular
[2026-03-06 14:41:51] INFO: Orientation of LjaK]\p[\{FvNn with min semidegree 3:
[0 1 0 0 0 0 0 1 0 0 1 0 0]
[0 0 0 0 0 0 0 1 1 1 0 0 0]
[0 1 0 0 0 0 0 0 0 0 0 1 1]
[0 1 1 0 0 0 0 0 0 0 0 1 0]
[1 0 0 0 0 0 0 0 0 0 1 0 1]
[1 0 0 0 1 0 0 0 0 0 0 0 1]
[1 0 0 0 1 1 0 0 0 0 0 0 0]
[0 0 0 0 1 1 1 0 0 0 0 0 0]
[0 0 1 1 0 0 0 1 0 0 0 0 0]
[0 0 1 1 0 0 0 1 1 0 0 0 0]
[0 0 1 1 0 1 1 0 0 0 0 0 0]
[0 0 0 0 1 1 1 0 1 1 1 0 0]
[0 0 0 1 0 0 1 0 1 1 1 1 0]
[2026-03-06 14:41:51] INFO: op ←←←←←, 3708
[2026-03-06 14:41:51] INFO: op →←←←←, 2839
[2026-03-06 14:41:51] INFO: op →→←←←, 2911
[2026-03-06 14:41:51] INFO: op →→→←←, 2911
[2026-03-06 14:41:51] INFO: op →→→→←, 2839
[2026-03-06 14:41:51] INFO: op ←→←←←, 2350
[2026-03-06 14:41:51] INFO: op ←←→←←, 2537
[2026-03-06 14:41:51] INFO: op ←→→←←, 2493
[2026-03-06 14:41:51] INFO: op ←←←→←, 2415
[2026-03-06 14:41:51] INFO: op ←←→→←, 2578
[2026-03-06 14:41:52] INFO: op ←→→→←, 2381
[2026-03-06 14:41:52] INFO: op →←→←←, 1800
[2026-03-06 14:41:52] INFO: op →←←→←, 1916
[2026-03-06 14:41:52] INFO: op →→←→←, 1800
[2026-03-06 14:41:52] INFO: op →←→→←, 1916
[2026-03-06 14:41:52] INFO: op ←→←→←, 1499
[2026-03-06 14:41:52] INFO: [END]
