[2026-03-06 14:41:40] INFO: Logger initialized at log/log451087.log
[2026-03-06 14:41:41] INFO: Test 712th graph in data/list_1775_graphs.g6: LxKWw{^|fRW~p~
[2026-03-06 14:41:41] INFO: meta data: 
minimum degree >= 6
independent number >= 2
connected
Not regular
[2026-03-06 14:41:41] INFO: Orientation of LxKWw{^|fRW~p~ with min semidegree 3:
[0 0 0 0 0 0 0 0 0 1 1 1 0]
[1 0 0 0 0 0 0 0 0 0 0 1 1]
[1 1 0 0 0 0 0 0 0 1 0 0 0]
[0 0 1 0 0 0 1 1 0 0 0 0 0]
[0 0 1 1 0 0 0 0 1 0 0 0 0]
[0 0 0 1 1 0 0 0 0 0 0 0 1]
[0 0 0 0 1 1 0 0 0 0 0 0 1]
[0 0 0 0 1 1 1 0 0 0 0 0 0]
[0 0 0 1 0 1 1 1 0 0 0 0 0]
[0 1 0 1 0 1 1 0 0 0 0 0 0]
[0 1 1 0 1 0 0 1 1 0 0 0 0]
[0 0 0 0 0 1 1 1 1 1 1 0 0]
[1 0 0 0 0 0 0 1 1 1 1 1 0]
[2026-03-06 14:41:41] INFO: op ←←←←←, 4490
[2026-03-06 14:41:41] INFO: op →←←←←, 3713
[2026-03-06 14:41:41] INFO: op →→←←←, 3925
[2026-03-06 14:41:41] INFO: op →→→←←, 3925
[2026-03-06 14:41:41] INFO: op →→→→←, 3713
[2026-03-06 14:41:41] INFO: op ←→←←←, 3128
[2026-03-06 14:41:42] INFO: op ←←→←←, 3192
[2026-03-06 14:41:42] INFO: op ←→→←←, 3411
[2026-03-06 14:41:42] INFO: op ←←←→←, 3103
[2026-03-06 14:41:42] INFO: op ←←→→←, 3319
[2026-03-06 14:41:42] INFO: op ←→→→←, 3142
[2026-03-06 14:41:42] INFO: op →←→←←, 2518
[2026-03-06 14:41:42] INFO: op →←←→←, 2561
[2026-03-06 14:41:42] INFO: op →→←→←, 2518
[2026-03-06 14:41:42] INFO: op →←→→←, 2561
[2026-03-06 14:41:42] INFO: op ←→←→←, 2038
[2026-03-06 14:41:42] INFO: [END]
