[2026-03-06 14:45:45] INFO: Logger initialized at log/log462234.log
[2026-03-06 14:45:45] INFO: Test 959th graph in data/list_1775_graphs.g6: RwCWw?@?WB{KwXwE[BG~NFx{]^_{~G
[2026-03-06 14:45:45] INFO: meta data: 
minimum degree >= 6
independent number >= 2
connected
Not regular
[2026-03-06 14:45:45] INFO: Orientation of RwCWw?@?WB{KwXwE[BG~NFx{]^_{~G with min semidegree 3:
[0 0 0 0 0 0 0 0 0 0 0 1 1 1 0 0 0 0 0]
[1 0 0 0 0 0 0 0 0 0 0 1 1 0 0 0 0 0 0]
[1 1 0 0 0 0 0 0 0 0 0 1 0 0 0 0 0 0 0]
[0 0 0 0 0 0 0 0 0 0 0 0 0 0 0 0 1 1 1]
[0 0 0 1 0 0 0 0 0 0 0 0 0 0 0 0 1 1 0]
[0 0 0 1 1 0 0 0 0 0 0 0 0 0 0 0 1 0 0]
[0 0 0 1 1 1 0 0 0 0 0 0 0 0 0 0 0 0 0]
[0 0 0 0 0 0 0 0 0 0 0 0 1 0 0 1 1 0 0]
[0 0 0 0 0 0 0 1 0 0 0 0 0 0 0 1 1 0 0]
[0 0 0 0 0 0 0 1 1 0 0 0 0 0 0 0 0 0 1]
[0 0 0 0 0 0 0 1 1 1 0 0 0 0 0 0 0 0 0]
[0 0 0 0 0 0 0 1 1 0 0 0 0 0 0 0 0 0 1]
[0 0 1 0 0 0 0 0 1 0 0 1 0 0 0 0 0 0 0]
[0 1 1 0 0 0 0 0 0 1 1 0 0 0 0 0 0 0 0]
[1 1 1 0 0 0 0 0 0 1 1 0 0 1 0 0 0 0 0]
[0 0 0 1 1 1 1 0 0 0 0 1 1 1 1 0 0 0 0]
[0 0 0 0 0 0 1 0 0 0 0 1 1 1 1 1 0 0 0]
[0 0 0 0 0 1 1 0 0 1 1 1 1 1 1 0 0 0 0]
[0 0 0 0 1 1 1 0 0 0 1 0 1 1 1 0 0 1 0]
[2026-03-06 14:45:45] INFO: op ←←←←←, 13718
[2026-03-06 14:45:46] INFO: op →←←←←, 11554
[2026-03-06 14:45:46] INFO: op →→←←←, 11148
[2026-03-06 14:45:47] INFO: op →→→←←, 11148
[2026-03-06 14:45:47] INFO: op →→→→←, 11554
[2026-03-06 14:45:47] INFO: op ←→←←←, 11603
[2026-03-06 14:45:48] INFO: op ←←→←←, 11513
[2026-03-06 14:45:48] INFO: op ←→→←←, 10145
[2026-03-06 14:45:49] INFO: op ←←←→←, 11210
[2026-03-06 14:45:49] INFO: op ←←→→←, 10424
[2026-03-06 14:45:49] INFO: op ←→→→←, 10610
[2026-03-06 14:45:50] INFO: op →←→←←, 9913
[2026-03-06 14:45:50] INFO: op →←←→←, 9487
[2026-03-06 14:45:50] INFO: op →→←→←, 9913
[2026-03-06 14:45:51] INFO: op →←→→←, 9487
[2026-03-06 14:45:51] INFO: op ←→←→←, 11697
[2026-03-06 14:45:51] INFO: [END]
