[2026-03-06 14:42:15] INFO: Logger initialized at log/log453057.log
[2026-03-06 14:42:16] INFO: Test 757th graph in data/list_1775_graphs.g6: L~?G[\NF~^Vy^l
[2026-03-06 14:42:16] INFO: meta data: 
minimum degree >= 6
independent number >= 2
connected
Not regular
[2026-03-06 14:42:16] INFO: Orientation of L~?G[\NF~^Vy^l with min semidegree 3:
[0 0 0 0 0 0 0 1 0 0 1 1 0]
[1 0 0 0 0 0 0 0 0 0 1 0 1]
[1 1 0 0 0 0 0 0 0 0 1 0 0]
[1 1 1 0 0 0 0 0 0 0 0 0 0]
[0 0 0 0 0 0 0 0 0 1 0 1 1]
[0 0 0 0 1 0 0 0 1 0 0 0 1]
[0 0 0 0 1 1 0 0 1 0 0 0 0]
[0 0 0 0 1 1 1 0 0 0 0 0 0]
[0 1 0 0 1 0 0 1 0 0 0 0 0]
[0 0 0 1 0 1 1 1 1 0 0 0 0]
[0 0 0 0 1 1 1 1 1 0 0 0 0]
[0 0 1 1 0 1 1 1 0 1 0 0 0]
[0 0 1 1 0 0 1 0 1 1 0 1 0]
[2026-03-06 14:42:16] INFO: op ←←←←←, 4804
[2026-03-06 14:42:16] INFO: op →←←←←, 3938
[2026-03-06 14:42:16] INFO: op →→←←←, 3877
[2026-03-06 14:42:16] INFO: op →→→←←, 3877
[2026-03-06 14:42:16] INFO: op →→→→←, 3938
[2026-03-06 14:42:16] INFO: op ←→←←←, 3354
[2026-03-06 14:42:17] INFO: op ←←→←←, 3089
[2026-03-06 14:42:17] INFO: op ←→→←←, 3257
[2026-03-06 14:42:17] INFO: op ←←←→←, 3038
[2026-03-06 14:42:17] INFO: op ←←→→←, 3177
[2026-03-06 14:42:17] INFO: op ←→→→←, 3107
[2026-03-06 14:42:17] INFO: op →←→←←, 2683
[2026-03-06 14:42:17] INFO: op →←←→←, 2495
[2026-03-06 14:42:17] INFO: op →→←→←, 2683
[2026-03-06 14:42:17] INFO: op →←→→←, 2495
[2026-03-06 14:42:17] INFO: op ←→←→←, 2323
[2026-03-06 14:42:17] INFO: [END]
