[2026-03-06 14:43:26] INFO: Logger initialized at log/log456739.log
[2026-03-06 14:43:27] INFO: Test 842th graph in data/list_1775_graphs.g6: L~?hW{^R|~\qu\
[2026-03-06 14:43:27] INFO: meta data: 
minimum degree >= 6
independent number >= 2
connected
Not regular
[2026-03-06 14:43:27] INFO: Orientation of L~?hW{^R|~\qu\ with min semidegree 3:
[0 0 0 0 0 0 0 0 0 0 1 1 1]
[1 0 0 0 0 0 0 0 0 1 0 1 0]
[1 1 0 0 0 0 0 0 0 0 1 0 0]
[1 1 1 0 0 0 0 0 0 0 0 0 1]
[0 0 0 0 0 0 0 1 0 0 1 0 1]
[0 0 1 0 1 0 0 0 1 0 0 0 0]
[0 0 1 0 1 1 0 0 0 0 0 0 0]
[0 0 0 1 0 1 1 0 0 0 0 0 0]
[0 0 0 1 1 0 1 1 0 0 0 0 0]
[0 0 0 0 1 1 1 1 1 0 0 0 0]
[0 0 0 1 0 1 1 1 1 0 0 0 0]
[0 0 1 0 1 1 1 0 0 1 0 0 0]
[0 1 0 0 0 0 0 1 1 1 0 1 0]
[2026-03-06 14:43:27] INFO: op ←←←←←, 4791
[2026-03-06 14:43:27] INFO: op →←←←←, 3921
[2026-03-06 14:43:27] INFO: op →→←←←, 3977
[2026-03-06 14:43:27] INFO: op →→→←←, 3977
[2026-03-06 14:43:27] INFO: op →→→→←, 3921
[2026-03-06 14:43:27] INFO: op ←→←←←, 3266
[2026-03-06 14:43:27] INFO: op ←←→←←, 3175
[2026-03-06 14:43:28] INFO: op ←→→←←, 3151
[2026-03-06 14:43:28] INFO: op ←←←→←, 3078
[2026-03-06 14:43:28] INFO: op ←←→→←, 3074
[2026-03-06 14:43:28] INFO: op ←→→→←, 3133
[2026-03-06 14:43:28] INFO: op →←→←←, 2538
[2026-03-06 14:43:28] INFO: op →←←→←, 2496
[2026-03-06 14:43:28] INFO: op →→←→←, 2538
[2026-03-06 14:43:28] INFO: op →←→→←, 2496
[2026-03-06 14:43:28] INFO: op ←→←→←, 2011
[2026-03-06 14:43:28] INFO: [END]
