[2026-03-06 14:42:25] INFO: Logger initialized at log/log453496.log
[2026-03-06 14:42:25] INFO: Test 768th graph in data/list_1775_graphs.g6: L}T\DE^Fw~lzJ~
[2026-03-06 14:42:25] INFO: meta data: 
minimum degree >= 6
independent number >= 2
connected
Not regular
[2026-03-06 14:42:25] INFO: Orientation of L}T\DE^Fw~lzJ~ with min semidegree 3:
[0 0 1 1 0 0 0 0 1 0 0 0 0]
[1 0 0 0 1 0 0 0 0 0 0 1 0]
[0 1 0 0 0 0 0 0 0 0 0 1 1]
[0 1 0 0 0 0 0 0 1 0 1 0 0]
[0 0 0 1 0 0 0 0 1 0 0 0 1]
[0 1 0 1 1 0 0 0 0 0 0 0 0]
[1 0 1 0 0 0 0 0 0 0 0 0 1]
[1 0 1 0 0 0 1 0 0 0 0 0 0]
[0 0 0 0 0 1 1 1 0 0 0 0 0]
[0 0 0 1 1 1 1 1 1 0 0 0 0]
[0 0 0 0 1 1 1 1 1 1 0 0 0]
[0 0 0 0 1 1 1 1 0 1 1 0 0]
[0 0 0 0 0 1 0 1 1 1 1 1 0]
[2026-03-06 14:42:25] INFO: op ←←←←←, 5002
[2026-03-06 14:42:25] INFO: op →←←←←, 4272
[2026-03-06 14:42:25] INFO: op →→←←←, 4268
[2026-03-06 14:42:25] INFO: op →→→←←, 4268
[2026-03-06 14:42:26] INFO: op →→→→←, 4272
[2026-03-06 14:42:26] INFO: op ←→←←←, 4111
[2026-03-06 14:42:26] INFO: op ←←→←←, 4303
[2026-03-06 14:42:26] INFO: op ←→→←←, 3935
[2026-03-06 14:42:26] INFO: op ←←←→←, 4147
[2026-03-06 14:42:26] INFO: op ←←→→←, 4212
[2026-03-06 14:42:26] INFO: op ←→→→←, 3827
[2026-03-06 14:42:26] INFO: op →←→←←, 3736
[2026-03-06 14:42:27] INFO: op →←←→←, 3520
[2026-03-06 14:42:27] INFO: op →→←→←, 3736
[2026-03-06 14:42:27] INFO: op →←→→←, 3520
[2026-03-06 14:42:27] INFO: op ←→←→←, 3483
[2026-03-06 14:42:27] INFO: [END]
