[2026-03-06 14:39:26] INFO: Logger initialized at log/log447977.log
[2026-03-06 14:39:26] INFO: Test 661th graph in data/list_1775_graphs.g6: K}lcqlVJx^~~
[2026-03-06 14:39:26] INFO: meta data: 
minimum degree >= 6
independent number >= 2
connected
Not regular
[2026-03-06 14:39:26] INFO: Orientation of K}lcqlVJx^~~ with min semidegree 3:
[0 1 1 0 0 0 0 0 0 0 0 1]
[0 0 0 0 0 0 0 1 1 0 0 1]
[0 1 0 0 0 0 0 0 0 1 1 0]
[1 1 0 0 0 0 0 0 0 0 0 1]
[1 0 1 1 0 0 0 0 0 0 0 0]
[0 1 1 0 0 0 0 0 0 0 1 0]
[1 0 0 1 1 0 0 0 0 0 0 0]
[0 0 0 1 0 1 1 0 0 0 0 0]
[0 0 0 1 0 1 1 1 0 0 0 0]
[0 0 0 0 1 1 1 1 1 0 0 0]
[0 0 0 0 1 0 1 1 1 1 0 0]
[0 0 1 0 1 1 1 1 1 1 1 0]
[2026-03-06 14:39:27] INFO: op ←←←←←, 4387
[2026-03-06 14:39:27] INFO: op →←←←←, 3494
[2026-03-06 14:39:27] INFO: op →→←←←, 3346
[2026-03-06 14:39:27] INFO: op →→→←←, 3346
[2026-03-06 14:39:27] INFO: op →→→→←, 3494
[2026-03-06 14:39:27] INFO: op ←→←←←, 3124
[2026-03-06 14:39:27] INFO: op ←←→←←, 3175
[2026-03-06 14:39:27] INFO: op ←→→←←, 2798
[2026-03-06 14:39:27] INFO: op ←←←→←, 3181
[2026-03-06 14:39:27] INFO: op ←←→→←, 2801
[2026-03-06 14:39:28] INFO: op ←→→→←, 3044
[2026-03-06 14:39:28] INFO: op →←→←←, 2294
[2026-03-06 14:39:28] INFO: op →←←→←, 2431
[2026-03-06 14:39:28] INFO: op →→←→←, 2294
[2026-03-06 14:39:28] INFO: op →←→→←, 2431
[2026-03-06 14:39:28] INFO: op ←→←→←, 2074
[2026-03-06 14:39:28] INFO: [END]
