[2026-03-06 14:44:01] INFO: Logger initialized at log/log458483.log
[2026-03-06 14:44:01] INFO: Test 882th graph in data/list_1775_graphs.g6: L{fn_sZFZfk~Z^
[2026-03-06 14:44:01] INFO: meta data: 
minimum degree >= 6
independent number >= 2
connected
Not regular
[2026-03-06 14:44:01] INFO: Orientation of L{fn_sZFZfk~Z^ with min semidegree 3:
[0 1 1 0 0 1 0 0 0 0 0 0 0]
[0 0 0 0 0 0 0 0 0 0 1 1 1]
[0 1 0 0 0 0 0 0 0 0 0 1 1]
[1 0 0 0 0 0 1 0 1 0 0 0 0]
[1 0 0 1 0 0 0 0 0 0 0 0 1]
[0 1 1 0 1 0 0 0 0 0 0 0 0]
[1 1 1 0 0 0 0 0 0 0 0 0 0]
[0 0 0 1 1 0 1 0 0 0 0 0 0]
[0 0 0 0 1 0 1 1 0 0 0 0 0]
[0 0 0 1 1 1 0 1 1 0 0 0 0]
[0 0 1 1 0 0 1 1 1 1 0 0 0]
[0 0 0 0 0 1 1 1 1 1 1 0 0]
[0 0 0 0 0 1 0 1 1 1 1 1 0]
[2026-03-06 14:44:01] INFO: op ←←←←←, 5356
[2026-03-06 14:44:01] INFO: op →←←←←, 4312
[2026-03-06 14:44:02] INFO: op →→←←←, 3797
[2026-03-06 14:44:02] INFO: op →→→←←, 3797
[2026-03-06 14:44:02] INFO: op →→→→←, 4312
[2026-03-06 14:44:02] INFO: op ←→←←←, 3665
[2026-03-06 14:44:02] INFO: op ←←→←←, 3530
[2026-03-06 14:44:02] INFO: op ←→→←←, 3303
[2026-03-06 14:44:02] INFO: op ←←←→←, 3583
[2026-03-06 14:44:02] INFO: op ←←→→←, 3554
[2026-03-06 14:44:02] INFO: op ←→→→←, 3493
[2026-03-06 14:44:03] INFO: op →←→←←, 2733
[2026-03-06 14:44:03] INFO: op →←←→←, 2837
[2026-03-06 14:44:03] INFO: op →→←→←, 2733
[2026-03-06 14:44:03] INFO: op →←→→←, 2837
[2026-03-06 14:44:03] INFO: op ←→←→←, 2492
[2026-03-06 14:44:03] INFO: [END]
