[2026-03-06 14:45:38] INFO: Logger initialized at log/log462024.log
[2026-03-06 14:45:38] INFO: Test 955th graph in data/list_1775_graphs.g6: R`Kw?CB_{Fo^OwOwg[\w~nF|{^bw~G
[2026-03-06 14:45:38] INFO: meta data: 
minimum degree >= 6
independent number >= 2
connected
Not regular
[2026-03-06 14:45:38] INFO: Orientation of R`Kw?CB_{Fo^OwOwg[\w~nF|{^bw~G with min semidegree 3:
[0 0 0 0 0 0 0 0 0 1 0 0 0 0 0 1 1 0 0]
[1 0 0 0 0 0 0 0 0 0 0 0 0 0 0 0 0 1 1]
[0 0 0 0 0 0 0 0 0 0 0 0 0 0 0 0 1 1 1]
[0 0 1 0 0 0 0 0 0 0 0 0 0 0 0 0 1 0 1]
[0 0 1 1 0 0 0 0 0 0 0 0 0 0 0 1 0 0 0]
[0 0 1 1 1 0 0 0 0 0 0 0 0 0 0 0 0 0 0]
[0 0 0 0 0 0 0 0 0 0 1 1 1 0 0 0 0 0 0]
[0 0 0 0 0 0 1 0 0 0 1 1 0 0 0 0 0 0 0]
[0 0 0 0 0 0 1 1 0 0 0 1 0 0 0 0 0 0 0]
[0 0 0 0 0 0 1 1 1 0 0 0 0 0 0 0 0 0 0]
[1 0 0 0 0 0 0 0 1 1 0 0 0 0 0 0 0 0 0]
[1 0 0 0 0 0 0 0 0 1 1 0 0 0 0 0 0 0 0]
[0 1 0 0 0 0 0 1 1 0 0 0 0 0 0 0 0 0 0]
[0 1 0 0 0 0 1 1 1 0 0 0 1 0 0 0 0 0 0]
[0 1 0 0 0 0 1 1 1 0 0 0 1 1 0 0 0 0 0]
[0 0 1 1 0 1 0 0 0 1 1 1 1 1 1 0 0 0 0]
[0 0 0 0 1 1 0 0 0 1 1 1 1 1 1 1 0 0 0]
[0 0 0 1 1 1 0 0 0 1 1 1 1 1 1 0 0 0 0]
[0 0 0 0 1 1 0 0 0 1 1 1 1 1 1 0 0 1 0]
[2026-03-06 14:45:39] INFO: op ←←←←←, 13616
[2026-03-06 14:45:39] INFO: op →←←←←, 14639
[2026-03-06 14:45:40] INFO: op →→←←←, 15738
[2026-03-06 14:45:40] INFO: op →→→←←, 15738
[2026-03-06 14:45:41] INFO: op →→→→←, 14639
[2026-03-06 14:45:42] INFO: op ←→←←←, 18578
[2026-03-06 14:45:42] INFO: op ←←→←←, 18511
[2026-03-06 14:45:43] INFO: op ←→→←←, 17705
[2026-03-06 14:45:43] INFO: op ←←←→←, 16839
[2026-03-06 14:45:44] INFO: op ←←→→←, 16999
[2026-03-06 14:45:45] INFO: op ←→→→←, 16325
[2026-03-06 14:45:45] INFO: op →←→←←, 18897
[2026-03-06 14:45:46] INFO: op →←←→←, 16967
[2026-03-06 14:45:47] INFO: op →→←→←, 18897
[2026-03-06 14:45:47] INFO: op →←→→←, 16967
[2026-03-06 14:45:48] INFO: op ←→←→←, 25353
[2026-03-06 14:45:48] INFO: [END]
