[2026-03-06 14:43:19] INFO: Logger initialized at log/log456354.log
[2026-03-06 14:43:20] INFO: Test 833th graph in data/list_1775_graphs.g6: LQ^|DDZU}fuzzw
[2026-03-06 14:43:20] INFO: meta data: 
minimum degree >= 6
independent number >= 2
connected
Not regular
[2026-03-06 14:43:20] INFO: Orientation of LQ^|DDZU}fuzzw with min semidegree 3:
[0 0 0 0 0 1 0 0 0 0 1 1 0]
[0 0 0 0 0 0 0 0 0 1 1 0 1]
[1 0 0 0 0 0 0 0 0 0 0 1 1]
[0 1 0 0 0 1 0 0 0 0 0 1 0]
[0 1 1 1 0 0 0 0 0 0 0 0 0]
[0 1 1 0 1 0 0 0 0 0 0 0 0]
[1 0 1 0 0 0 0 0 0 0 0 0 1]
[1 0 1 0 0 0 1 0 0 0 0 0 0]
[0 1 0 1 1 0 1 1 0 0 0 0 0]
[0 0 0 1 1 0 1 1 1 0 0 0 0]
[0 0 0 1 0 0 1 1 1 1 0 0 0]
[0 0 0 0 0 1 1 1 0 1 1 0 0]
[1 0 0 0 1 1 0 1 1 0 0 0 0]
[2026-03-06 14:43:20] INFO: op ←←←←←, 4478
[2026-03-06 14:43:20] INFO: op →←←←←, 3639
[2026-03-06 14:43:20] INFO: op →→←←←, 3686
[2026-03-06 14:43:20] INFO: op →→→←←, 3686
[2026-03-06 14:43:20] INFO: op →→→→←, 3639
[2026-03-06 14:43:20] INFO: op ←→←←←, 3098
[2026-03-06 14:43:20] INFO: op ←←→←←, 3167
[2026-03-06 14:43:21] INFO: op ←→→←←, 3151
[2026-03-06 14:43:21] INFO: op ←←←→←, 3109
[2026-03-06 14:43:21] INFO: op ←←→→←, 3178
[2026-03-06 14:43:21] INFO: op ←→→→←, 3000
[2026-03-06 14:43:21] INFO: op →←→←←, 2513
[2026-03-06 14:43:21] INFO: op →←←→←, 2522
[2026-03-06 14:43:21] INFO: op →→←→←, 2513
[2026-03-06 14:43:21] INFO: op →←→→←, 2522
[2026-03-06 14:43:21] INFO: op ←→←→←, 2132
[2026-03-06 14:43:21] INFO: [END]
