[2026-03-06 14:43:06] INFO: Logger initialized at log/log455649.log
[2026-03-06 14:43:06] INFO: Test 817th graph in data/list_1775_graphs.g6: L~}?GNNlzuH|Lv
[2026-03-06 14:43:06] INFO: meta data: 
minimum degree >= 6
independent number >= 2
connected
Not regular
[2026-03-06 14:43:06] INFO: Orientation of L~}?GNNlzuH|Lv with min semidegree 3:
[0 0 0 0 1 0 0 0 1 1 0 0 0]
[1 0 0 0 0 0 0 0 0 0 1 1 0]
[1 1 0 0 0 0 0 0 0 1 0 0 0]
[1 1 1 0 0 0 0 0 0 0 0 0 0]
[0 1 1 1 0 0 0 0 0 0 0 0 0]
[1 0 0 0 0 0 0 0 0 0 0 1 1]
[0 0 0 0 0 1 0 0 1 0 0 0 1]
[0 0 0 0 0 1 1 0 0 0 0 0 1]
[0 1 0 0 1 1 0 1 0 0 0 0 0]
[0 0 0 1 0 1 1 1 1 0 0 0 0]
[0 0 1 1 1 0 1 1 0 0 0 0 0]
[0 0 0 0 1 0 1 1 1 0 1 0 0]
[0 0 1 1 0 0 0 0 0 1 1 1 0]
[2026-03-06 14:43:06] INFO: op ←←←←←, 4210
[2026-03-06 14:43:07] INFO: op →←←←←, 3277
[2026-03-06 14:43:07] INFO: op →→←←←, 3377
[2026-03-06 14:43:07] INFO: op →→→←←, 3377
[2026-03-06 14:43:07] INFO: op →→→→←, 3277
[2026-03-06 14:43:07] INFO: op ←→←←←, 2712
[2026-03-06 14:43:07] INFO: op ←←→←←, 2785
[2026-03-06 14:43:07] INFO: op ←→→←←, 2804
[2026-03-06 14:43:07] INFO: op ←←←→←, 2693
[2026-03-06 14:43:07] INFO: op ←←→→←, 2853
[2026-03-06 14:43:07] INFO: op ←→→→←, 2687
[2026-03-06 14:43:08] INFO: op →←→←←, 2027
[2026-03-06 14:43:08] INFO: op →←←→←, 2151
[2026-03-06 14:43:08] INFO: op →→←→←, 2027
[2026-03-06 14:43:08] INFO: op →←→→←, 2151
[2026-03-06 14:43:08] INFO: op ←→←→←, 1658
[2026-03-06 14:43:08] INFO: [END]
