[2026-03-06 14:43:12] INFO: Logger initialized at log/log455921.log
[2026-03-06 14:43:12] INFO: Test 823th graph in data/list_1775_graphs.g6: L|myADBrzfB~Nz
[2026-03-06 14:43:12] INFO: meta data: 
minimum degree >= 6
independent number >= 2
connected
Not regular
[2026-03-06 14:43:12] INFO: Orientation of L|myADBrzfB~Nz with min semidegree 3:
[0 0 1 0 0 1 0 0 0 1 0 0 0]
[1 0 0 0 0 0 0 0 0 1 1 0 0]
[0 1 0 0 0 0 0 0 0 0 1 0 1]
[1 0 1 0 0 0 0 0 0 0 0 1 0]
[1 0 1 1 0 0 0 0 0 0 0 0 0]
[0 0 1 1 1 0 0 0 0 0 0 0 0]
[0 1 0 0 0 0 0 0 0 0 0 1 1]
[0 1 0 0 0 0 1 0 0 0 0 0 1]
[0 1 0 0 0 0 1 1 0 0 0 0 0]
[0 0 0 0 1 1 1 1 1 0 0 0 0]
[0 0 0 1 0 0 1 1 1 0 0 0 0]
[0 0 0 0 1 1 0 1 1 1 1 0 0]
[0 0 0 1 1 1 0 0 1 0 1 1 0]
[2026-03-06 14:43:12] INFO: op ←←←←←, 4102
[2026-03-06 14:43:12] INFO: op →←←←←, 3143
[2026-03-06 14:43:13] INFO: op →→←←←, 3272
[2026-03-06 14:43:13] INFO: op →→→←←, 3272
[2026-03-06 14:43:13] INFO: op →→→→←, 3143
[2026-03-06 14:43:13] INFO: op ←→←←←, 2716
[2026-03-06 14:43:13] INFO: op ←←→←←, 2861
[2026-03-06 14:43:13] INFO: op ←→→←←, 2814
[2026-03-06 14:43:13] INFO: op ←←←→←, 2714
[2026-03-06 14:43:13] INFO: op ←←→→←, 2867
[2026-03-06 14:43:13] INFO: op ←→→→←, 2684
[2026-03-06 14:43:13] INFO: op →←→←←, 2050
[2026-03-06 14:43:13] INFO: op →←←→←, 2215
[2026-03-06 14:43:13] INFO: op →→←→←, 2050
[2026-03-06 14:43:14] INFO: op →←→→←, 2215
[2026-03-06 14:43:14] INFO: op ←→←→←, 1825
[2026-03-06 14:43:14] INFO: [END]
