[2026-03-06 14:42:36] INFO: Logger initialized at log/log454058.log
[2026-03-06 14:42:36] INFO: Test 781th graph in data/list_1775_graphs.g6: L}utYofFw~mnY~
[2026-03-06 14:42:36] INFO: meta data: 
minimum degree >= 6
independent number >= 2
connected
Not regular
[2026-03-06 14:42:36] INFO: Orientation of L}utYofFw~mnY~ with min semidegree 3:
[0 0 1 0 1 0 1 0 0 0 0 0 0]
[1 0 0 0 0 0 0 0 0 0 0 1 1]
[0 1 0 0 0 0 0 0 0 0 0 1 1]
[1 1 0 0 0 0 0 0 0 0 1 0 0]
[0 1 0 1 0 0 0 0 0 0 0 0 1]
[1 0 1 1 0 0 0 0 0 0 0 0 0]
[0 0 1 0 1 1 0 0 0 0 0 0 0]
[0 1 0 1 1 0 0 0 0 0 0 0 0]
[0 0 1 0 0 1 1 1 0 0 0 0 0]
[0 0 0 1 1 1 1 1 1 0 0 0 0]
[0 0 0 0 1 1 1 1 1 1 0 0 0]
[0 0 0 1 0 1 0 1 1 1 1 0 0]
[0 0 0 0 0 0 1 1 1 1 1 1 0]
[2026-03-06 14:42:36] INFO: op ←←←←←, 5948
[2026-03-06 14:42:36] INFO: op →←←←←, 4976
[2026-03-06 14:42:36] INFO: op →→←←←, 4773
[2026-03-06 14:42:37] INFO: op →→→←←, 4773
[2026-03-06 14:42:37] INFO: op →→→→←, 4976
[2026-03-06 14:42:37] INFO: op ←→←←←, 4393
[2026-03-06 14:42:37] INFO: op ←←→←←, 4406
[2026-03-06 14:42:37] INFO: op ←→→←←, 4353
[2026-03-06 14:42:37] INFO: op ←←←→←, 4558
[2026-03-06 14:42:37] INFO: op ←←→→←, 4593
[2026-03-06 14:42:38] INFO: op ←→→→←, 4374
[2026-03-06 14:42:38] INFO: op →←→←←, 3529
[2026-03-06 14:42:38] INFO: op →←←→←, 3851
[2026-03-06 14:42:38] INFO: op →→←→←, 3529
[2026-03-06 14:42:38] INFO: op →←→→←, 3851
[2026-03-06 14:42:38] INFO: op ←→←→←, 3421
[2026-03-06 14:42:38] INFO: [END]
