[2026-03-06 14:05:24] INFO: Logger initialized at log/log425637.log
[2026-03-06 14:05:24] INFO: Test 615th graph in data/list_1775_graphs.g6: K??F~~~~~~~~
[2026-03-06 14:05:24] INFO: meta data: 
minimum degree >= 6
independent number >= 2
connected
Not regular
[2026-03-06 14:05:24] INFO: Orientation of K??F~~~~~~~~ with min semidegree 3:
[0 0 0 0 0 0 0 0 0 1 1 1]
[0 0 0 0 0 0 1 0 0 0 1 1]
[0 0 0 0 0 0 1 1 0 0 0 1]
[0 0 0 0 0 0 1 1 1 0 0 0]
[0 0 0 0 0 0 0 1 1 1 0 0]
[0 0 0 0 0 0 0 1 1 1 0 0]
[1 0 0 0 1 1 0 0 0 0 0 0]
[1 1 0 0 0 0 1 0 0 0 0 0]
[1 1 1 0 0 0 1 1 0 0 0 0]
[0 1 1 1 0 0 1 1 1 0 0 0]
[0 0 1 1 1 1 1 1 1 1 0 0]
[0 0 0 1 1 1 1 1 1 1 1 0]
[2026-03-06 14:05:24] INFO: op ←←←←←, 6258
[2026-03-06 14:05:25] INFO: op →←←←←, 6145
[2026-03-06 14:05:25] INFO: op →→←←←, 6149
[2026-03-06 14:05:25] INFO: op →→→←←, 6149
[2026-03-06 14:05:25] INFO: op →→→→←, 6145
[2026-03-06 14:05:25] INFO: op ←→←←←, 6124
[2026-03-06 14:05:26] INFO: op ←←→←←, 6082
[2026-03-06 14:05:26] INFO: op ←→→←←, 5896
[2026-03-06 14:05:26] INFO: op ←←←→←, 6124
[2026-03-06 14:05:26] INFO: op ←←→→←, 5896
[2026-03-06 14:05:26] INFO: op ←→→→←, 5848
[2026-03-06 14:05:27] INFO: op →←→←←, 6029
[2026-03-06 14:05:27] INFO: op →←←→←, 5707
[2026-03-06 14:05:27] INFO: op →→←→←, 6029
[2026-03-06 14:05:27] INFO: op →←→→←, 5707
[2026-03-06 14:05:27] INFO: op ←→←→←, 5832
[2026-03-06 14:05:27] INFO: [END]
