[2026-03-06 14:44:41] INFO: Logger initialized at log/log460290.log
[2026-03-06 14:44:41] INFO: Test 922th graph in data/list_1775_graphs.g6: LwCWw{^w^q{u~b
[2026-03-06 14:44:41] INFO: meta data: 
minimum degree >= 6
independent number >= 2
connected
Not regular
[2026-03-06 14:44:41] INFO: Orientation of LwCWw{^w^q{u~b with min semidegree 3:
[0 0 0 0 0 0 0 0 0 1 1 1 0]
[1 0 0 0 0 0 0 0 0 0 1 1 0]
[1 1 0 0 0 0 0 0 0 0 0 0 1]
[0 0 0 0 0 0 0 1 1 0 0 0 1]
[0 0 0 1 0 0 0 0 1 0 0 0 1]
[0 0 0 1 1 0 0 0 0 0 0 1 0]
[0 0 0 1 1 1 0 0 0 0 0 0 0]
[0 0 0 0 1 1 1 0 0 0 0 0 0]
[0 0 0 0 0 1 1 1 0 0 0 0 0]
[0 1 1 0 0 0 0 1 1 0 0 0 0]
[0 0 1 1 1 0 0 1 0 1 0 0 0]
[0 0 1 0 0 0 1 0 1 1 0 0 0]
[1 1 0 0 0 1 1 0 0 0 1 1 0]
[2026-03-06 14:44:41] INFO: op ←←←←←, 3085
[2026-03-06 14:44:41] INFO: op →←←←←, 2505
[2026-03-06 14:44:41] INFO: op →→←←←, 2759
[2026-03-06 14:44:41] INFO: op →→→←←, 2759
[2026-03-06 14:44:41] INFO: op →→→→←, 2505
[2026-03-06 14:44:41] INFO: op ←→←←←, 2131
[2026-03-06 14:44:41] INFO: op ←←→←←, 2316
[2026-03-06 14:44:41] INFO: op ←→→←←, 2156
[2026-03-06 14:44:42] INFO: op ←←←→←, 2134
[2026-03-06 14:44:42] INFO: op ←←→→←, 2087
[2026-03-06 14:44:42] INFO: op ←→→→←, 2247
[2026-03-06 14:44:42] INFO: op →←→←←, 1603
[2026-03-06 14:44:42] INFO: op →←←→←, 1639
[2026-03-06 14:44:42] INFO: op →→←→←, 1603
[2026-03-06 14:44:42] INFO: op →←→→←, 1639
[2026-03-06 14:44:42] INFO: op ←→←→←, 1158
[2026-03-06 14:44:42] INFO: [END]
