[2026-03-06 14:42:11] INFO: Logger initialized at log/log452794.log
[2026-03-06 14:42:12] INFO: Test 752th graph in data/list_1775_graphs.g6: L~yuPgtQyVa~B~
[2026-03-06 14:42:12] INFO: meta data: 
minimum degree >= 6
independent number >= 2
connected
Not regular
[2026-03-06 14:42:12] INFO: Orientation of L~yuPgtQyVa~B~ with min semidegree 3:
[0 0 0 1 1 1 0 0 0 0 0 0 0]
[1 0 0 0 0 0 1 0 0 0 1 0 0]
[1 1 0 0 0 0 0 1 0 0 0 0 0]
[0 1 1 0 0 0 0 0 0 0 0 1 0]
[0 1 1 0 0 0 0 0 0 0 0 0 1]
[0 0 1 1 0 0 0 0 0 0 0 1 0]
[1 0 0 0 1 0 0 0 0 0 0 0 1]
[0 0 0 1 0 1 0 0 0 0 0 0 1]
[0 0 1 1 0 1 0 1 0 0 0 0 0]
[0 1 0 0 1 0 1 1 1 0 0 0 0]
[0 0 0 0 1 0 1 1 1 1 0 0 0]
[0 0 0 0 0 0 1 1 1 1 1 0 0]
[0 0 0 0 0 1 0 0 1 1 1 1 0]
[2026-03-06 14:42:12] INFO: op ←←←←←, 4100
[2026-03-06 14:42:12] INFO: op →←←←←, 3266
[2026-03-06 14:42:12] INFO: op →→←←←, 3355
[2026-03-06 14:42:12] INFO: op →→→←←, 3355
[2026-03-06 14:42:12] INFO: op →→→→←, 3266
[2026-03-06 14:42:12] INFO: op ←→←←←, 2662
[2026-03-06 14:42:12] INFO: op ←←→←←, 2809
[2026-03-06 14:42:12] INFO: op ←→→←←, 2802
[2026-03-06 14:42:13] INFO: op ←←←→←, 2807
[2026-03-06 14:42:13] INFO: op ←←→→←, 2917
[2026-03-06 14:42:13] INFO: op ←→→→←, 2785
[2026-03-06 14:42:13] INFO: op →←→←←, 2068
[2026-03-06 14:42:13] INFO: op →←←→←, 2212
[2026-03-06 14:42:13] INFO: op →→←→←, 2068
[2026-03-06 14:42:13] INFO: op →←→→←, 2212
[2026-03-06 14:42:13] INFO: op ←→←→←, 1636
[2026-03-06 14:42:13] INFO: [END]
