[2026-03-06 14:39:05] INFO: Logger initialized at log/log447469.log
[2026-03-06 14:39:05] INFO: Test 653th graph in data/list_1775_graphs.g6: K~?G]^NN`{~~
[2026-03-06 14:39:05] INFO: meta data: 
minimum degree >= 6
independent number >= 2
connected
Not regular
[2026-03-06 14:39:05] INFO: Orientation of K~?G]^NN`{~~ with min semidegree 3:
[0 0 0 0 0 0 0 1 1 0 0 1]
[1 0 0 0 0 0 0 0 1 0 0 1]
[1 1 0 0 0 0 0 0 0 1 0 0]
[1 1 1 0 0 0 0 0 0 0 0 0]
[0 0 0 0 0 0 0 1 0 0 1 1]
[0 0 0 0 1 0 0 0 1 0 1 0]
[0 0 0 0 1 1 0 0 0 1 0 0]
[0 1 0 0 0 1 1 0 0 0 0 0]
[0 0 0 0 1 0 1 1 0 0 0 0]
[0 0 0 1 1 1 0 0 0 0 0 0]
[0 0 1 1 0 0 1 0 0 1 0 0]
[0 0 1 1 0 1 1 1 1 1 1 0]
[2026-03-06 14:39:05] INFO: op ←←←←←, 2847
[2026-03-06 14:39:05] INFO: op →←←←←, 2096
[2026-03-06 14:39:05] INFO: op →→←←←, 2126
[2026-03-06 14:39:05] INFO: op →→→←←, 2126
[2026-03-06 14:39:06] INFO: op →→→→←, 2096
[2026-03-06 14:39:06] INFO: op ←→←←←, 1772
[2026-03-06 14:39:06] INFO: op ←←→←←, 1843
[2026-03-06 14:39:06] INFO: op ←→→←←, 1770
[2026-03-06 14:39:06] INFO: op ←←←→←, 1745
[2026-03-06 14:39:06] INFO: op ←←→→←, 1809
[2026-03-06 14:39:06] INFO: op ←→→→←, 1709
[2026-03-06 14:39:06] INFO: op →←→←←, 1354
[2026-03-06 14:39:06] INFO: op →←←→←, 1321
[2026-03-06 14:39:06] INFO: op →→←→←, 1354
[2026-03-06 14:39:06] INFO: op →←→→←, 1321
[2026-03-06 14:39:06] INFO: op ←→←→←, 1085
[2026-03-06 14:39:06] INFO: [END]
