[2026-03-06 14:41:43] INFO: Logger initialized at log/log451210.log
[2026-03-06 14:41:43] INFO: Test 714th graph in data/list_1775_graphs.g6: L`K}EF{rx}Fx{r
[2026-03-06 14:41:43] INFO: meta data: 
minimum degree >= 6
independent number >= 2
connected
Not regular
[2026-03-06 14:41:43] INFO: Orientation of L`K}EF{rx}Fx{r with min semidegree 3:
[0 0 0 0 0 0 0 0 1 1 0 0 1]
[1 0 0 0 0 0 0 0 1 1 0 0 0]
[0 0 0 0 0 0 0 0 0 0 1 1 1]
[0 0 1 0 0 0 0 0 0 0 0 1 1]
[0 0 1 1 0 0 0 0 0 1 0 0 0]
[0 0 1 1 1 0 0 0 0 0 0 0 0]
[1 1 0 0 0 0 0 0 0 1 0 0 0]
[1 1 0 0 0 0 1 0 0 0 0 0 0]
[0 0 1 1 1 1 0 0 0 0 0 0 0]
[0 0 0 0 0 1 0 1 1 0 0 0 0]
[0 0 0 1 1 1 1 1 0 0 0 0 0]
[0 0 0 0 1 1 1 1 0 0 1 0 0]
[0 1 0 0 0 0 1 1 0 0 1 1 0]
[2026-03-06 14:41:43] INFO: op ←←←←←, 4008
[2026-03-06 14:41:43] INFO: op →←←←←, 2852
[2026-03-06 14:41:43] INFO: op →→←←←, 2541
[2026-03-06 14:41:43] INFO: op →→→←←, 2541
[2026-03-06 14:41:43] INFO: op →→→→←, 2852
[2026-03-06 14:41:43] INFO: op ←→←←←, 2148
[2026-03-06 14:41:43] INFO: op ←←→←←, 2116
[2026-03-06 14:41:43] INFO: op ←→→←←, 1903
[2026-03-06 14:41:44] INFO: op ←←←→←, 2120
[2026-03-06 14:41:44] INFO: op ←←→→←, 1997
[2026-03-06 14:41:44] INFO: op ←→→→←, 2153
[2026-03-06 14:41:44] INFO: op →←→←←, 1429
[2026-03-06 14:41:44] INFO: op →←←→←, 1556
[2026-03-06 14:41:44] INFO: op →→←→←, 1429
[2026-03-06 14:41:44] INFO: op →←→→←, 1556
[2026-03-06 14:41:44] INFO: op ←→←→←, 1073
[2026-03-06 14:41:44] INFO: [END]
