[2026-03-06 14:44:25] INFO: Logger initialized at log/log459813.log
[2026-03-06 14:44:25] INFO: Test 913th graph in data/list_1775_graphs.g6: L~?GW[NB~w}]~w
[2026-03-06 14:44:25] INFO: meta data: 
minimum degree >= 6
independent number >= 2
connected
Not regular
[2026-03-06 14:44:25] INFO: Orientation of L~?GW[NB~w}]~w with min semidegree 3:
[0 0 0 0 0 0 0 0 0 0 1 1 1]
[1 0 0 0 0 0 0 0 0 0 1 1 0]
[1 1 0 0 0 0 0 0 0 0 1 0 0]
[1 1 1 0 0 0 0 0 0 0 0 0 0]
[0 0 0 0 0 0 0 0 1 1 0 0 1]
[0 0 0 0 1 0 0 0 0 1 0 0 1]
[0 0 0 0 1 1 0 0 0 0 0 1 0]
[0 0 0 0 1 1 1 0 0 0 0 0 0]
[0 0 0 0 0 1 1 1 0 0 0 0 0]
[0 0 0 0 0 0 1 1 1 0 0 0 0]
[0 0 0 1 1 1 0 0 0 1 0 0 0]
[0 0 1 1 0 0 0 1 1 1 0 0 0]
[0 1 1 1 0 0 1 1 1 0 0 0 0]
[2026-03-06 14:44:25] INFO: op ←←←←←, 2794
[2026-03-06 14:44:25] INFO: op →←←←←, 2207
[2026-03-06 14:44:25] INFO: op →→←←←, 2435
[2026-03-06 14:44:25] INFO: op →→→←←, 2435
[2026-03-06 14:44:26] INFO: op →→→→←, 2207
[2026-03-06 14:44:26] INFO: op ←→←←←, 1923
[2026-03-06 14:44:26] INFO: op ←←→←←, 2027
[2026-03-06 14:44:26] INFO: op ←→→←←, 1836
[2026-03-06 14:44:26] INFO: op ←←←→←, 1761
[2026-03-06 14:44:26] INFO: op ←←→→←, 1812
[2026-03-06 14:44:26] INFO: op ←→→→←, 1886
[2026-03-06 14:44:26] INFO: op →←→←←, 1350
[2026-03-06 14:44:26] INFO: op →←←→←, 1415
[2026-03-06 14:44:26] INFO: op →→←→←, 1350
[2026-03-06 14:44:26] INFO: op →←→→←, 1415
[2026-03-06 14:44:26] INFO: op ←→←→←, 1043
[2026-03-06 14:44:26] INFO: [END]
