[2026-03-06 14:41:35] INFO: Logger initialized at log/log450822.log
[2026-03-06 14:41:35] INFO: Test 705th graph in data/list_1775_graphs.g6: L~?GX~orm\f|~s
[2026-03-06 14:41:35] INFO: meta data: 
minimum degree >= 6
independent number >= 2
connected
Not regular
[2026-03-06 14:41:35] INFO: Orientation of L~?GX~orm\f|~s with min semidegree 3:
[0 0 0 0 0 0 0 0 0 1 1 0 1]
[1 0 0 0 0 0 0 0 0 0 1 0 1]
[1 1 0 0 0 0 0 1 0 0 0 0 0]
[1 1 1 0 0 0 0 0 0 0 0 0 0]
[0 0 0 0 0 0 0 1 0 0 0 1 1]
[0 0 0 0 1 0 0 0 0 1 0 1 0]
[0 0 0 0 1 1 0 0 0 0 0 1 0]
[0 0 0 1 0 1 1 0 0 0 0 0 0]
[1 1 1 1 0 0 0 0 0 0 0 0 0]
[0 1 0 0 1 0 1 0 1 0 0 0 0]
[0 0 0 0 1 1 1 0 1 1 0 0 0]
[0 0 1 1 0 0 0 1 1 0 1 0 0]
[0 0 1 1 0 1 1 1 0 1 0 0 0]
[2026-03-06 14:41:36] INFO: op ←←←←←, 4592
[2026-03-06 14:41:36] INFO: op →←←←←, 3445
[2026-03-06 14:41:36] INFO: op →→←←←, 3315
[2026-03-06 14:41:36] INFO: op →→→←←, 3315
[2026-03-06 14:41:36] INFO: op →→→→←, 3445
[2026-03-06 14:41:36] INFO: op ←→←←←, 2739
[2026-03-06 14:41:36] INFO: op ←←→←←, 2693
[2026-03-06 14:41:36] INFO: op ←→→←←, 2682
[2026-03-06 14:41:36] INFO: op ←←←→←, 2679
[2026-03-06 14:41:37] INFO: op ←←→→←, 2722
[2026-03-06 14:41:37] INFO: op ←→→→←, 2679
[2026-03-06 14:41:37] INFO: op →←→←←, 1960
[2026-03-06 14:41:37] INFO: op →←←→←, 2061
[2026-03-06 14:41:37] INFO: op →→←→←, 1960
[2026-03-06 14:41:37] INFO: op →←→→←, 2061
[2026-03-06 14:41:37] INFO: op ←→←→←, 1675
[2026-03-06 14:41:37] INFO: [END]
