[2026-03-06 14:42:55] INFO: Logger initialized at log/log455056.log
[2026-03-06 14:42:56] INFO: Test 804th graph in data/list_1775_graphs.g6: L}j~os\TXVi^J^
[2026-03-06 14:42:56] INFO: meta data: 
minimum degree >= 6
independent number >= 2
connected
Not regular
[2026-03-06 14:42:56] INFO: Orientation of L}j~os\TXVi^J^ with min semidegree 3:
[0 0 1 0 0 1 1 0 0 0 0 0 0]
[1 0 0 0 0 1 0 0 0 0 0 1 0]
[0 1 0 0 0 0 0 0 0 0 1 0 1]
[1 1 0 0 0 0 0 0 0 0 0 1 0]
[1 0 1 0 0 0 0 0 0 0 0 0 1]
[0 0 1 1 1 0 0 0 0 0 0 0 1]
[0 1 1 1 1 0 0 0 0 0 0 0 0]
[0 0 0 1 1 0 1 0 0 0 0 0 0]
[0 0 0 1 1 1 0 1 0 0 0 0 0]
[0 1 0 1 0 1 0 1 1 0 0 0 0]
[0 0 0 0 1 0 1 1 1 1 0 0 0]
[0 0 0 0 0 0 1 1 1 1 1 0 0]
[0 0 0 0 0 0 0 1 1 1 1 1 0]
[2026-03-06 14:42:56] INFO: op ←←←←←, 5292
[2026-03-06 14:42:56] INFO: op →←←←←, 4284
[2026-03-06 14:42:56] INFO: op →→←←←, 4221
[2026-03-06 14:42:56] INFO: op →→→←←, 4221
[2026-03-06 14:42:56] INFO: op →→→→←, 4284
[2026-03-06 14:42:56] INFO: op ←→←←←, 3493
[2026-03-06 14:42:57] INFO: op ←←→←←, 3576
[2026-03-06 14:42:57] INFO: op ←→→←←, 3422
[2026-03-06 14:42:57] INFO: op ←←←→←, 3611
[2026-03-06 14:42:57] INFO: op ←←→→←, 3480
[2026-03-06 14:42:57] INFO: op ←→→→←, 3581
[2026-03-06 14:42:57] INFO: op →←→←←, 2765
[2026-03-06 14:42:57] INFO: op →←←→←, 2816
[2026-03-06 14:42:57] INFO: op →→←→←, 2765
[2026-03-06 14:42:57] INFO: op →←→→←, 2816
[2026-03-06 14:42:57] INFO: op ←→←→←, 2139
[2026-03-06 14:42:57] INFO: [END]
