[2026-03-06 14:38:31] INFO: Logger initialized at log/log447037.log
[2026-03-06 14:38:31] INFO: Test 650th graph in data/list_1775_graphs.g6: Jv~vVL^N~~_
[2026-03-06 14:38:31] INFO: meta data: 
minimum degree >= 6
independent number >= 2
connected
Not regular
[2026-03-06 14:38:31] INFO: Orientation of Jv~vVL^N~~_ with min semidegree 4:
[0 0 0 1 1 0 0 1 0 0 1]
[1 0 0 1 0 0 0 0 1 0 1]
[1 0 0 0 0 1 0 0 0 1 1]
[0 0 1 0 0 0 0 0 1 1 1]
[0 1 1 1 0 0 0 0 0 1 0]
[1 1 0 1 0 0 0 0 0 0 1]
[1 1 1 0 1 0 0 0 0 0 0]
[0 1 1 0 0 1 1 0 0 0 0]
[0 0 0 0 1 1 1 1 0 0 0]
[0 0 0 0 0 1 1 1 1 0 0]
[0 0 0 0 1 0 1 1 1 1 0]
[2026-03-06 14:38:32] INFO: op ←←←←←←←, 24489
[2026-03-06 14:38:33] INFO: op →←←←←←←, 19075
[2026-03-06 14:38:34] INFO: op →→←←←←←, 19574
[2026-03-06 14:38:34] INFO: op →→→←←←←, 19627
[2026-03-06 14:38:35] INFO: op →→→→←←←, 19627
[2026-03-06 14:38:36] INFO: op →→→→→←←, 19574
[2026-03-06 14:38:36] INFO: op →→→→→→←, 19075
[2026-03-06 14:38:37] INFO: op ←→←←←←←, 14472
[2026-03-06 14:38:38] INFO: op ←←→←←←←, 15086
[2026-03-06 14:38:38] INFO: op ←→→←←←←, 14918
[2026-03-06 14:38:39] INFO: op ←←←→←←←, 15085
[2026-03-06 14:38:39] INFO: op ←←→→←←←, 15341
[2026-03-06 14:38:40] INFO: op ←→→→←←←, 15390
[2026-03-06 14:38:40] INFO: op ←←←←→←←, 15117
[2026-03-06 14:38:41] INFO: op ←←←→→←←, 15404
[2026-03-06 14:38:41] INFO: op ←←→→→←←, 15739
[2026-03-06 14:38:42] INFO: op ←→→→→←←, 15296
[2026-03-06 14:38:42] INFO: op ←←←←←→←, 14494
[2026-03-06 14:38:43] INFO: op ←←←←→→←, 15040
[2026-03-06 14:38:44] INFO: op ←←←→→→←, 15384
[2026-03-06 14:38:44] INFO: op ←←→→→→←, 15320
[2026-03-06 14:38:45] INFO: op ←→→→→→←, 14953
[2026-03-06 14:38:45] INFO: op →←→←←←←, 10716
[2026-03-06 14:38:46] INFO: op →←←→←←←, 11670
[2026-03-06 14:38:46] INFO: op →→←→←←←, 11216
[2026-03-06 14:38:46] INFO: op →←→→←←←, 11413
[2026-03-06 14:38:47] INFO: op →←←←→←←, 11840
[2026-03-06 14:38:47] INFO: op →→←←→←←, 11889
[2026-03-06 14:38:48] INFO: op →→→←→←←, 11216
[2026-03-06 14:38:48] INFO: op →←←→→←←, 11678
[2026-03-06 14:38:48] INFO: op →→←→→←←, 11889
[2026-03-06 14:38:49] INFO: op →←→→→←←, 11643
[2026-03-06 14:38:49] INFO: op →←←←←→←, 11292
[2026-03-06 14:38:50] INFO: op →→←←←→←, 11643
[2026-03-06 14:38:50] INFO: op →→→←←→←, 11413
[2026-03-06 14:38:50] INFO: op →→→→←→←, 10716
[2026-03-06 14:38:51] INFO: op →←←←→→←, 11818
[2026-03-06 14:38:51] INFO: op →→←←→→←, 11678
[2026-03-06 14:38:52] INFO: op →→→←→→←, 11670
[2026-03-06 14:38:52] INFO: op →←←→→→←, 11818
[2026-03-06 14:38:53] INFO: op →→←→→→←, 11840
[2026-03-06 14:38:53] INFO: op →←→→→→←, 11292
[2026-03-06 14:38:53] INFO: op ←→←→←←←, 7959
[2026-03-06 14:38:54] INFO: op ←→←←→←←, 8836
[2026-03-06 14:38:54] INFO: op ←←→←→←←, 8309
[2026-03-06 14:38:54] INFO: op ←→→←→←←, 8655
[2026-03-06 14:38:55] INFO: op ←→←→→←←, 8389
[2026-03-06 14:38:55] INFO: op ←→←←←→←, 8621
[2026-03-06 14:38:55] INFO: op ←←→←←→←, 8844
[2026-03-06 14:38:55] INFO: op ←→→←←→←, 8774
[2026-03-06 14:38:56] INFO: op ←←←→←→←, 7953
[2026-03-06 14:38:56] INFO: op ←←→→←→←, 8428
[2026-03-06 14:38:56] INFO: op ←→→→←→←, 8450
[2026-03-06 14:38:57] INFO: op ←→←←→→←, 8760
[2026-03-06 14:38:57] INFO: op ←←→←→→←, 8560
[2026-03-06 14:38:57] INFO: op ←→→←→→←, 9052
[2026-03-06 14:38:58] INFO: op ←→←→→→←, 8429
[2026-03-06 14:38:58] INFO: op →←→←→←←, 5842
[2026-03-06 14:38:58] INFO: op →←→←←→←, 6293
[2026-03-06 14:38:58] INFO: op →←←→←→←, 6141
[2026-03-06 14:38:58] INFO: op →→←→←→←, 5842
[2026-03-06 14:38:59] INFO: op →←→→←→←, 6293
[2026-03-06 14:38:59] INFO: op →←→←→→←, 6141
[2026-03-06 14:38:59] INFO: op ←→←→←→←, 4099
[2026-03-06 14:38:59] INFO: [END]
