[2026-03-06 14:44:08] INFO: Logger initialized at log/log458800.log
[2026-03-06 14:44:08] INFO: Test 889th graph in data/list_1775_graphs.g6: LwFwGsZE~F{^}^
[2026-03-06 14:44:08] INFO: meta data: 
minimum degree >= 6
independent number >= 2
connected
Not regular
[2026-03-06 14:44:08] INFO: Orientation of LwFwGsZE~F{^}^ with min semidegree 3:
[0 0 0 0 0 1 0 0 0 0 1 1 0]
[1 0 0 0 0 1 0 0 0 0 0 1 0]
[1 1 0 0 0 0 0 0 0 0 0 0 1]
[0 0 0 0 0 0 0 0 1 1 0 0 1]
[0 0 0 1 0 0 0 0 0 1 0 0 1]
[0 0 1 1 1 0 0 0 0 0 0 0 0]
[0 0 0 0 0 1 0 0 0 0 1 1 0]
[0 0 0 1 1 0 1 0 0 0 0 0 0]
[0 0 0 0 1 0 1 1 0 0 0 0 0]
[0 0 0 0 0 0 1 1 1 0 0 0 0]
[0 1 1 0 0 0 0 1 1 1 0 0 0]
[0 0 1 0 0 0 0 1 1 1 1 0 0]
[1 1 0 0 0 0 0 1 1 1 1 1 0]
[2026-03-06 14:44:08] INFO: op ←←←←←, 3718
[2026-03-06 14:44:08] INFO: op →←←←←, 2955
[2026-03-06 14:44:08] INFO: op →→←←←, 3222
[2026-03-06 14:44:09] INFO: op →→→←←, 3222
[2026-03-06 14:44:09] INFO: op →→→→←, 2955
[2026-03-06 14:44:09] INFO: op ←→←←←, 2587
[2026-03-06 14:44:09] INFO: op ←←→←←, 2815
[2026-03-06 14:44:09] INFO: op ←→→←←, 2636
[2026-03-06 14:44:09] INFO: op ←←←→←, 2641
[2026-03-06 14:44:09] INFO: op ←←→→←, 2537
[2026-03-06 14:44:09] INFO: op ←→→→←, 2487
[2026-03-06 14:44:09] INFO: op →←→←←, 2114
[2026-03-06 14:44:09] INFO: op →←←→←, 2001
[2026-03-06 14:44:09] INFO: op →→←→←, 2114
[2026-03-06 14:44:09] INFO: op →←→→←, 2001
[2026-03-06 14:44:10] INFO: op ←→←→←, 1648
[2026-03-06 14:44:10] INFO: [END]
