[2026-03-06 14:42:35] INFO: Logger initialized at log/log454056.log
[2026-03-06 14:42:36] INFO: Test 780th graph in data/list_1775_graphs.g6: L~?M\\nfq|vi^J
[2026-03-06 14:42:36] INFO: meta data: 
minimum degree >= 6
independent number >= 2
connected
Not regular
[2026-03-06 14:42:36] INFO: Orientation of L~?M\\nfq|vi^J with min semidegree 3:
[0 1 0 0 0 0 0 0 0 1 0 1 0]
[0 0 0 0 0 0 0 0 1 0 1 0 1]
[1 1 0 0 0 0 0 0 0 0 0 1 0]
[1 1 1 0 0 0 0 0 0 0 0 0 0]
[0 0 0 0 0 0 1 0 0 0 1 0 1]
[0 0 0 0 1 0 0 1 0 0 0 0 1]
[1 1 0 0 0 1 0 0 0 0 0 0 0]
[1 0 1 0 1 0 1 0 0 0 0 0 0]
[0 0 1 0 1 1 1 1 0 0 0 0 0]
[0 0 0 1 1 1 1 1 0 0 0 0 0]
[0 0 0 1 0 1 1 0 1 1 0 0 0]
[0 0 0 1 1 1 0 1 0 1 0 0 0]
[0 0 1 1 0 0 0 0 1 0 1 1 0]
[2026-03-06 14:42:36] INFO: op ←←←←←, 5083
[2026-03-06 14:42:36] INFO: op →←←←←, 4160
[2026-03-06 14:42:36] INFO: op →→←←←, 4215
[2026-03-06 14:42:36] INFO: op →→→←←, 4215
[2026-03-06 14:42:36] INFO: op →→→→←, 4160
[2026-03-06 14:42:36] INFO: op ←→←←←, 3494
[2026-03-06 14:42:37] INFO: op ←←→←←, 3495
[2026-03-06 14:42:37] INFO: op ←→→←←, 3579
[2026-03-06 14:42:37] INFO: op ←←←→←, 3447
[2026-03-06 14:42:37] INFO: op ←←→→←, 3590
[2026-03-06 14:42:37] INFO: op ←→→→←, 3390
[2026-03-06 14:42:37] INFO: op →←→←←, 2797
[2026-03-06 14:42:37] INFO: op →←←→←, 2888
[2026-03-06 14:42:37] INFO: op →→←→←, 2797
[2026-03-06 14:42:37] INFO: op →←→→←, 2888
[2026-03-06 14:42:38] INFO: op ←→←→←, 2397
[2026-03-06 14:42:38] INFO: [END]
