[2026-03-06 14:03:20] INFO: Logger initialized at log/log424036.log
[2026-03-06 14:03:20] INFO: Test 605th graph in data/list_1775_graphs.g6: J{S~~~~~~~_
[2026-03-06 14:03:20] INFO: meta data: 
minimum degree >= 6
independent number >= 2
connected
Not regular
[2026-03-06 14:03:20] INFO: Orientation of J{S~~~~~~~_ with min semidegree 4:
[0 0 0 0 0 0 0 1 1 1 1]
[1 0 0 0 0 0 0 0 1 1 1]
[1 1 0 0 0 0 0 0 0 1 1]
[1 0 0 0 0 0 1 1 0 0 1]
[0 1 0 1 0 0 1 1 0 0 0]
[0 0 1 1 1 0 0 0 1 0 0]
[1 1 1 0 0 1 0 0 0 0 0]
[0 1 1 0 0 1 1 0 0 0 0]
[0 0 1 1 1 0 1 1 0 0 0]
[0 0 0 1 1 1 1 1 1 0 0]
[0 0 0 0 1 1 1 1 1 1 0]
[2026-03-06 14:03:22] INFO: op ←←←←←←←, 38880
[2026-03-06 14:03:23] INFO: op →←←←←←←, 31624
[2026-03-06 14:03:24] INFO: op →→←←←←←, 32616
[2026-03-06 14:03:26] INFO: op →→→←←←←, 33064
[2026-03-06 14:03:27] INFO: op →→→→←←←, 33064
[2026-03-06 14:03:28] INFO: op →→→→→←←, 32616
[2026-03-06 14:03:29] INFO: op →→→→→→←, 31624
[2026-03-06 14:03:30] INFO: op ←→←←←←←, 25936
[2026-03-06 14:03:31] INFO: op ←←→←←←←, 27284
[2026-03-06 14:03:32] INFO: op ←→→←←←←, 25832
[2026-03-06 14:03:33] INFO: op ←←←→←←←, 27369
[2026-03-06 14:03:34] INFO: op ←←→→←←←, 26648
[2026-03-06 14:03:35] INFO: op ←→→→←←←, 27153
[2026-03-06 14:03:36] INFO: op ←←←←→←←, 27072
[2026-03-06 14:03:37] INFO: op ←←←→→←←, 26546
[2026-03-06 14:03:38] INFO: op ←←→→→←←, 27453
[2026-03-06 14:03:39] INFO: op ←→→→→←←, 26361
[2026-03-06 14:03:40] INFO: op ←←←←←→←, 25860
[2026-03-06 14:03:41] INFO: op ←←←←→→←, 25734
[2026-03-06 14:03:42] INFO: op ←←←→→→←, 27144
[2026-03-06 14:03:43] INFO: op ←←→→→→←, 26357
[2026-03-06 14:03:44] INFO: op ←→→→→→←, 26195
[2026-03-06 14:03:45] INFO: op →←→←←←←, 20209
[2026-03-06 14:03:46] INFO: op →←←→←←←, 21834
[2026-03-06 14:03:47] INFO: op →→←→←←←, 21032
[2026-03-06 14:03:47] INFO: op →←→→←←←, 21428
[2026-03-06 14:03:48] INFO: op →←←←→←←, 22055
[2026-03-06 14:03:49] INFO: op →→←←→←←, 22064
[2026-03-06 14:03:50] INFO: op →→→←→←←, 21032
[2026-03-06 14:03:51] INFO: op →←←→→←←, 20921
[2026-03-06 14:03:52] INFO: op →→←→→←←, 22064
[2026-03-06 14:03:52] INFO: op →←→→→←←, 21556
[2026-03-06 14:03:53] INFO: op →←←←←→←, 21249
[2026-03-06 14:03:54] INFO: op →→←←←→←, 21556
[2026-03-06 14:03:55] INFO: op →→→←←→←, 21428
[2026-03-06 14:03:56] INFO: op →→→→←→←, 20209
[2026-03-06 14:03:56] INFO: op →←←←→→←, 21340
[2026-03-06 14:03:57] INFO: op →→←←→→←, 20921
[2026-03-06 14:03:58] INFO: op →→→←→→←, 21834
[2026-03-06 14:03:59] INFO: op →←←→→→←, 21340
[2026-03-06 14:04:00] INFO: op →→←→→→←, 22055
[2026-03-06 14:04:01] INFO: op →←→→→→←, 21249
[2026-03-06 14:04:01] INFO: op ←→←→←←←, 16254
[2026-03-06 14:04:02] INFO: op ←→←←→←←, 17472
[2026-03-06 14:04:02] INFO: op ←←→←→←←, 16557
[2026-03-06 14:04:03] INFO: op ←→→←→←←, 16677
[2026-03-06 14:04:04] INFO: op ←→←→→←←, 16565
[2026-03-06 14:04:04] INFO: op ←→←←←→←, 16835
[2026-03-06 14:04:05] INFO: op ←←→←←→←, 17459
[2026-03-06 14:04:06] INFO: op ←→→←←→←, 17086
[2026-03-06 14:04:06] INFO: op ←←←→←→←, 16020
[2026-03-06 14:04:07] INFO: op ←←→→←→←, 16330
[2026-03-06 14:04:08] INFO: op ←→→→←→←, 16216
[2026-03-06 14:04:08] INFO: op ←→←←→→←, 16888
[2026-03-06 14:04:09] INFO: op ←←→←→→←, 16966
[2026-03-06 14:04:10] INFO: op ←→→←→→←, 17140
[2026-03-06 14:04:10] INFO: op ←→←→→→←, 16613
[2026-03-06 14:04:11] INFO: op →←→←→←←, 12466
[2026-03-06 14:04:11] INFO: op →←→←←→←, 12935
[2026-03-06 14:04:12] INFO: op →←←→←→←, 12647
[2026-03-06 14:04:12] INFO: op →→←→←→←, 12466
[2026-03-06 14:04:13] INFO: op →←→→←→←, 12935
[2026-03-06 14:04:13] INFO: op →←→←→→←, 12647
[2026-03-06 14:04:14] INFO: op ←→←→←→←, 9218
[2026-03-06 14:04:14] INFO: [END]
