[2026-03-06 14:42:19] INFO: Logger initialized at log/log453224.log
[2026-03-06 14:42:19] INFO: Test 761th graph in data/list_1775_graphs.g6: LtnmyLFXYffNM^
[2026-03-06 14:42:19] INFO: meta data: 
minimum degree >= 6
independent number >= 2
connected
Not regular
[2026-03-06 14:42:19] INFO: Orientation of LtnmyLFXYffNM^ with min semidegree 3:
[0 0 0 1 1 1 0 0 0 0 0 0 0]
[1 0 0 0 0 0 1 0 0 0 1 0 0]
[1 0 0 0 0 0 0 0 0 0 0 1 1]
[0 0 1 0 0 0 0 0 0 0 0 1 1]
[0 0 1 1 0 0 0 0 0 0 0 0 1]
[0 1 1 0 1 0 0 0 0 0 0 0 0]
[1 0 0 1 1 1 0 0 0 0 0 0 0]
[0 1 0 0 0 1 1 0 0 0 0 0 0]
[0 1 0 0 0 1 1 1 0 0 0 0 0]
[0 1 1 0 0 1 0 1 1 0 0 0 0]
[0 0 0 1 0 0 1 1 1 1 0 0 0]
[0 0 0 0 1 0 0 1 1 1 1 0 0]
[0 0 0 0 0 0 0 1 1 1 1 1 0]
[2026-03-06 14:42:19] INFO: op ←←←←←, 5558
[2026-03-06 14:42:19] INFO: op →←←←←, 4212
[2026-03-06 14:42:19] INFO: op →→←←←, 3614
[2026-03-06 14:42:20] INFO: op →→→←←, 3614
[2026-03-06 14:42:20] INFO: op →→→→←, 4212
[2026-03-06 14:42:20] INFO: op ←→←←←, 3097
[2026-03-06 14:42:20] INFO: op ←←→←←, 3001
[2026-03-06 14:42:20] INFO: op ←→→←←, 2873
[2026-03-06 14:42:20] INFO: op ←←←→←, 3160
[2026-03-06 14:42:20] INFO: op ←←→→←, 2936
[2026-03-06 14:42:20] INFO: op ←→→→←, 3149
[2026-03-06 14:42:20] INFO: op →←→←←, 2231
[2026-03-06 14:42:20] INFO: op →←←→←, 2344
[2026-03-06 14:42:21] INFO: op →→←→←, 2231
[2026-03-06 14:42:21] INFO: op →←→→←, 2344
[2026-03-06 14:42:21] INFO: op ←→←→←, 1794
[2026-03-06 14:42:21] INFO: [END]
