[2026-03-06 14:05:30] INFO: Logger initialized at log/log425802.log
[2026-03-06 14:05:30] INFO: Test 618th graph in data/list_1775_graphs.g6: K~?KY[nF~~~~
[2026-03-06 14:05:30] INFO: meta data: 
minimum degree >= 6
independent number >= 2
connected
Not regular
[2026-03-06 14:05:30] INFO: Orientation of K~?KY[nF~~~~ with min semidegree 3:
[0 0 1 0 0 0 0 0 0 0 1 1]
[1 0 0 0 0 0 0 0 0 0 1 1]
[0 1 0 0 0 0 0 0 0 0 1 1]
[1 1 1 0 0 0 0 0 0 0 0 0]
[0 0 0 0 0 0 0 1 1 1 0 0]
[0 0 0 0 1 0 0 0 1 1 0 0]
[1 0 0 0 1 1 0 0 0 0 0 0]
[0 1 0 0 0 1 1 0 0 0 0 0]
[0 0 1 0 0 0 1 1 0 0 0 0]
[0 0 0 1 0 0 1 1 1 0 0 0]
[0 0 0 1 1 1 1 1 1 1 0 0]
[0 0 0 1 1 1 1 1 1 1 1 0]
[2026-03-06 14:05:30] INFO: op ←←←←←, 4138
[2026-03-06 14:05:31] INFO: op →←←←←, 3410
[2026-03-06 14:05:31] INFO: op →→←←←, 3560
[2026-03-06 14:05:31] INFO: op →→→←←, 3560
[2026-03-06 14:05:31] INFO: op →→→→←, 3410
[2026-03-06 14:05:31] INFO: op ←→←←←, 3434
[2026-03-06 14:05:31] INFO: op ←←→←←, 3393
[2026-03-06 14:05:31] INFO: op ←→→←←, 3011
[2026-03-06 14:05:31] INFO: op ←←←→←, 2956
[2026-03-06 14:05:31] INFO: op ←←→→←, 2908
[2026-03-06 14:05:32] INFO: op ←→→→←, 2824
[2026-03-06 14:05:32] INFO: op →←→←←, 2512
[2026-03-06 14:05:32] INFO: op →←←→←, 2289
[2026-03-06 14:05:32] INFO: op →→←→←, 2512
[2026-03-06 14:05:32] INFO: op →←→→←, 2289
[2026-03-06 14:05:32] INFO: op ←→←→←, 2279
[2026-03-06 14:05:32] INFO: [END]
