[2026-03-06 14:43:56] INFO: Logger initialized at log/log458225.log
[2026-03-06 14:43:57] INFO: Test 876th graph in data/list_1775_graphs.g6: Lf{`h\vjulXjp~
[2026-03-06 14:43:57] INFO: meta data: 
minimum degree >= 6
independent number >= 2
connected
Not regular
[2026-03-06 14:43:57] INFO: Orientation of Lf{`h\vjulXjp~ with min semidegree 3:
[0 0 0 0 0 0 0 0 0 1 1 1 1]
[1 0 0 0 0 0 0 0 1 0 0 1 1]
[0 0 0 0 1 0 0 1 1 0 0 0 0]
[1 1 1 0 0 0 0 0 0 0 0 0 0]
[1 1 0 1 0 0 0 0 0 0 0 0 0]
[0 0 1 0 0 0 0 0 1 0 0 0 1]
[0 0 1 1 0 1 0 0 0 0 0 0 0]
[0 0 0 0 1 1 1 0 0 0 0 0 0]
[0 0 0 1 0 0 1 1 0 0 0 0 0]
[0 0 1 0 1 1 1 1 0 0 0 0 0]
[0 1 0 1 0 1 1 0 1 0 0 0 0]
[0 0 0 0 1 1 0 1 0 1 1 0 0]
[0 0 0 0 0 0 1 1 1 1 1 1 0]
[2026-03-06 14:43:57] INFO: op ←←←←←, 4775
[2026-03-06 14:43:57] INFO: op →←←←←, 4118
[2026-03-06 14:43:57] INFO: op →→←←←, 4195
[2026-03-06 14:43:57] INFO: op →→→←←, 4195
[2026-03-06 14:43:57] INFO: op →→→→←, 4118
[2026-03-06 14:43:57] INFO: op ←→←←←, 3558
[2026-03-06 14:43:57] INFO: op ←←→←←, 3589
[2026-03-06 14:43:58] INFO: op ←→→←←, 3592
[2026-03-06 14:43:58] INFO: op ←←←→←, 3438
[2026-03-06 14:43:58] INFO: op ←←→→←, 3691
[2026-03-06 14:43:58] INFO: op ←→→→←, 3605
[2026-03-06 14:43:58] INFO: op →←→←←, 2888
[2026-03-06 14:43:58] INFO: op →←←→←, 2908
[2026-03-06 14:43:58] INFO: op →→←→←, 2888
[2026-03-06 14:43:58] INFO: op →←→→←, 2908
[2026-03-06 14:43:58] INFO: op ←→←→←, 2286
[2026-03-06 14:43:58] INFO: [END]
