[2026-03-06 14:42:59] INFO: Logger initialized at log/log455236.log
[2026-03-06 14:42:59] INFO: Test 808th graph in data/list_1775_graphs.g6: L~{?GNft|^JyNr
[2026-03-06 14:42:59] INFO: meta data: 
minimum degree >= 6
independent number >= 2
connected
Not regular
[2026-03-06 14:42:59] INFO: Orientation of L~{?GNft|^JyNr with min semidegree 3:
[0 0 0 0 0 0 0 0 1 1 1 0 0]
[1 0 0 0 0 0 0 0 0 1 0 1 0]
[1 1 0 0 0 0 0 0 0 0 1 0 0]
[1 1 1 0 0 0 0 0 0 0 0 0 0]
[1 1 1 1 0 0 0 0 0 0 0 0 0]
[0 0 0 0 0 0 0 0 1 0 0 1 1]
[0 0 0 0 0 1 0 0 1 0 0 0 1]
[0 0 0 0 0 1 1 0 0 0 0 0 1]
[0 1 1 0 0 0 0 1 0 0 0 0 0]
[0 0 0 1 0 1 1 1 1 0 0 0 0]
[0 0 0 0 1 1 1 1 1 0 0 0 0]
[0 0 0 1 1 0 1 1 0 1 0 0 0]
[0 0 1 1 1 0 0 0 0 0 1 1 0]
[2026-03-06 14:42:59] INFO: op ←←←←←, 4538
[2026-03-06 14:42:59] INFO: op →←←←←, 3502
[2026-03-06 14:42:59] INFO: op →→←←←, 3380
[2026-03-06 14:43:00] INFO: op →→→←←, 3380
[2026-03-06 14:43:00] INFO: op →→→→←, 3502
[2026-03-06 14:43:00] INFO: op ←→←←←, 2734
[2026-03-06 14:43:00] INFO: op ←←→←←, 2695
[2026-03-06 14:43:00] INFO: op ←→→←←, 2718
[2026-03-06 14:43:00] INFO: op ←←←→←, 2724
[2026-03-06 14:43:00] INFO: op ←←→→←, 2739
[2026-03-06 14:43:00] INFO: op ←→→→←, 2734
[2026-03-06 14:43:00] INFO: op →←→←←, 1911
[2026-03-06 14:43:00] INFO: op →←←→←, 2115
[2026-03-06 14:43:00] INFO: op →→←→←, 1911
[2026-03-06 14:43:00] INFO: op →←→→←, 2115
[2026-03-06 14:43:00] INFO: op ←→←→←, 1580
[2026-03-06 14:43:00] INFO: [END]
