[2026-03-06 14:39:23] INFO: Logger initialized at log/log447909.log
[2026-03-06 14:39:23] INFO: Test 660th graph in data/list_1775_graphs.g6: K`rN`w|mzn^~
[2026-03-06 14:39:23] INFO: meta data: 
minimum degree >= 6
independent number >= 2
connected
Not regular
[2026-03-06 14:39:23] INFO: Orientation of K`rN`w|mzn^~ with min semidegree 3:
[0 0 0 0 0 0 1 0 0 1 0 1]
[1 0 0 0 0 0 0 0 0 0 1 1]
[0 0 0 0 0 0 0 0 0 1 1 1]
[0 0 1 0 0 0 0 1 1 0 0 0]
[1 1 0 0 0 0 0 0 1 0 0 0]
[1 1 0 0 1 0 0 0 0 0 0 0]
[0 1 1 1 0 0 0 0 0 0 0 0]
[0 0 1 0 1 1 0 0 0 0 0 0]
[0 0 1 0 0 1 0 1 0 0 0 0]
[0 0 0 1 1 0 1 1 1 0 0 0]
[0 0 0 1 0 1 1 1 1 0 0 0]
[0 0 0 1 1 1 1 1 1 1 1 0]
[2026-03-06 14:39:24] INFO: op ←←←←←, 3623
[2026-03-06 14:39:24] INFO: op →←←←←, 2956
[2026-03-06 14:39:24] INFO: op →→←←←, 2945
[2026-03-06 14:39:24] INFO: op →→→←←, 2945
[2026-03-06 14:39:24] INFO: op →→→→←, 2956
[2026-03-06 14:39:24] INFO: op ←→←←←, 2816
[2026-03-06 14:39:24] INFO: op ←←→←←, 2837
[2026-03-06 14:39:24] INFO: op ←→→←←, 2619
[2026-03-06 14:39:24] INFO: op ←←←→←, 2617
[2026-03-06 14:39:24] INFO: op ←←→→←, 2762
[2026-03-06 14:39:24] INFO: op ←→→→←, 2457
[2026-03-06 14:39:25] INFO: op →←→←←, 2307
[2026-03-06 14:39:25] INFO: op →←←→←, 2094
[2026-03-06 14:39:25] INFO: op →→←→←, 2307
[2026-03-06 14:39:25] INFO: op →←→→←, 2094
[2026-03-06 14:39:25] INFO: op ←→←→←, 2056
[2026-03-06 14:39:25] INFO: [END]
