[2026-03-06 14:41:16] INFO: Logger initialized at log/log449998.log
[2026-03-06 14:41:16] INFO: Test 687th graph in data/list_1775_graphs.g6: L~}GGKFB~nM^]|
[2026-03-06 14:41:16] INFO: meta data: 
minimum degree >= 6
independent number >= 2
connected
Not regular
[2026-03-06 14:41:16] INFO: Orientation of L~}GGKFB~nM^]| with min semidegree 3:
[0 1 0 0 1 0 0 0 0 0 1 0 0]
[0 0 0 0 0 0 0 0 0 0 1 1 1]
[1 1 0 0 0 0 0 0 0 0 0 1 0]
[1 1 1 0 0 0 0 0 0 0 0 0 0]
[0 1 1 1 0 0 0 0 0 0 0 0 0]
[1 0 0 0 1 0 0 0 0 1 0 0 0]
[0 0 0 0 0 1 0 0 0 1 0 0 1]
[0 0 0 0 0 1 1 0 0 0 0 0 1]
[0 0 0 0 0 1 1 1 0 0 0 0 0]
[0 0 0 0 1 0 0 1 1 0 0 0 0]
[0 0 1 1 0 1 1 1 1 0 0 0 0]
[0 0 0 1 0 0 1 1 1 1 1 0 0]
[0 0 1 1 1 0 0 0 1 1 0 1 0]
[2026-03-06 14:41:16] INFO: op ←←←←←, 4377
[2026-03-06 14:41:16] INFO: op →←←←←, 3251
[2026-03-06 14:41:16] INFO: op →→←←←, 3079
[2026-03-06 14:41:16] INFO: op →→→←←, 3079
[2026-03-06 14:41:17] INFO: op →→→→←, 3251
[2026-03-06 14:41:17] INFO: op ←→←←←, 2772
[2026-03-06 14:41:17] INFO: op ←←→←←, 2795
[2026-03-06 14:41:17] INFO: op ←→→←←, 2618
[2026-03-06 14:41:17] INFO: op ←←←→←, 2742
[2026-03-06 14:41:17] INFO: op ←←→→←, 2715
[2026-03-06 14:41:17] INFO: op ←→→→←, 2703
[2026-03-06 14:41:17] INFO: op →←→←←, 2072
[2026-03-06 14:41:17] INFO: op →←←→←, 2092
[2026-03-06 14:41:17] INFO: op →→←→←, 2072
[2026-03-06 14:41:17] INFO: op →←→→←, 2092
[2026-03-06 14:41:17] INFO: op ←→←→←, 1903
[2026-03-06 14:41:17] INFO: [END]
