[2026-03-06 14:39:55] INFO: Logger initialized at log/log448614.log
[2026-03-06 14:39:55] INFO: Test 671th graph in data/list_1775_graphs.g6: K}i[z`hTx^~~
[2026-03-06 14:39:55] INFO: meta data: 
minimum degree >= 6
independent number >= 2
connected
Not regular
[2026-03-06 14:39:55] INFO: Orientation of K}i[z`hTx^~~ with min semidegree 3:
[0 1 0 0 0 0 1 0 0 0 0 1]
[0 0 0 0 0 0 0 0 1 1 0 1]
[1 1 0 0 0 0 0 0 0 0 1 0]
[1 1 0 0 0 0 0 0 0 0 0 1]
[1 0 1 0 0 0 0 0 0 0 1 0]
[1 0 0 1 1 0 0 0 0 0 0 0]
[0 0 0 1 1 1 0 0 0 0 0 0]
[0 1 1 1 0 0 0 0 0 0 0 0]
[0 0 1 0 1 0 0 1 0 0 0 0]
[0 0 0 1 0 1 1 1 1 0 0 0]
[0 0 0 0 0 1 1 1 1 1 0 0]
[0 0 1 0 1 1 1 1 1 1 1 0]
[2026-03-06 14:39:55] INFO: op ←←←←←, 3764
[2026-03-06 14:39:56] INFO: op →←←←←, 2961
[2026-03-06 14:39:56] INFO: op →→←←←, 2990
[2026-03-06 14:39:56] INFO: op →→→←←, 2990
[2026-03-06 14:39:56] INFO: op →→→→←, 2961
[2026-03-06 14:39:56] INFO: op ←→←←←, 2684
[2026-03-06 14:39:56] INFO: op ←←→←←, 2743
[2026-03-06 14:39:56] INFO: op ←→→←←, 2566
[2026-03-06 14:39:56] INFO: op ←←←→←, 2732
[2026-03-06 14:39:56] INFO: op ←←→→←, 2580
[2026-03-06 14:39:56] INFO: op ←→→→←, 2734
[2026-03-06 14:39:56] INFO: op →←→←←, 1957
[2026-03-06 14:39:56] INFO: op →←←→←, 2138
[2026-03-06 14:39:57] INFO: op →→←→←, 1957
[2026-03-06 14:39:57] INFO: op →←→→←, 2138
[2026-03-06 14:39:57] INFO: op ←→←→←, 1746
[2026-03-06 14:39:57] INFO: [END]
