[2026-03-06 14:42:59] INFO: Logger initialized at log/log455234.log
[2026-03-06 14:42:59] INFO: Test 807th graph in data/list_1775_graphs.g6: L^PKZ\^k~wTzfn
[2026-03-06 14:42:59] INFO: meta data: 
minimum degree >= 6
independent number >= 2
connected
Not regular
[2026-03-06 14:42:59] INFO: Orientation of L^PKZ\^k~wTzfn with min semidegree 3:
[0 0 0 0 0 0 0 0 0 1 1 1 1]
[0 0 0 0 0 0 0 1 1 0 1 0 0]
[1 1 0 0 0 0 0 0 0 0 0 1 0]
[1 1 1 0 0 0 0 0 0 0 0 0 0]
[0 1 0 0 0 0 0 1 0 0 0 0 1]
[0 1 0 0 1 0 0 0 0 0 0 0 1]
[1 0 0 0 1 1 0 0 0 0 0 0 0]
[0 0 1 0 0 1 1 0 0 0 0 0 0]
[0 0 0 1 1 1 1 1 0 0 0 0 0]
[0 0 1 1 0 0 1 1 1 0 0 0 0]
[0 0 1 1 1 1 0 0 0 0 0 0 0]
[0 0 0 0 1 1 1 1 0 1 1 0 0]
[0 0 0 1 0 0 1 0 1 1 1 1 0]
[2026-03-06 14:42:59] INFO: op ←←←←←, 4892
[2026-03-06 14:42:59] INFO: op →←←←←, 4284
[2026-03-06 14:42:59] INFO: op →→←←←, 4542
[2026-03-06 14:43:00] INFO: op →→→←←, 4542
[2026-03-06 14:43:00] INFO: op →→→→←, 4284
[2026-03-06 14:43:00] INFO: op ←→←←←, 3924
[2026-03-06 14:43:00] INFO: op ←←→←←, 4161
[2026-03-06 14:43:00] INFO: op ←→→←←, 4119
[2026-03-06 14:43:00] INFO: op ←←←→←, 3862
[2026-03-06 14:43:00] INFO: op ←←→→←, 4190
[2026-03-06 14:43:00] INFO: op ←→→→←, 3878
[2026-03-06 14:43:01] INFO: op →←→←←, 3448
[2026-03-06 14:43:01] INFO: op →←←→←, 3349
[2026-03-06 14:43:01] INFO: op →→←→←, 3448
[2026-03-06 14:43:01] INFO: op →←→→←, 3349
[2026-03-06 14:43:01] INFO: op ←→←→←, 2967
[2026-03-06 14:43:01] INFO: [END]
