[2026-03-06 14:44:28] INFO: Logger initialized at log/log459910.log
[2026-03-06 14:44:28] INFO: Test 915th graph in data/list_1775_graphs.g6: L~z\z`pRXVa~B~
[2026-03-06 14:44:28] INFO: meta data: 
minimum degree >= 6
independent number >= 2
connected
Not regular
[2026-03-06 14:44:28] INFO: Orientation of L~z\z`pRXVa~B~ with min semidegree 3:
[0 0 0 1 1 1 0 0 0 0 0 0 0]
[1 0 0 0 0 1 0 1 0 0 0 0 0]
[1 1 0 0 0 0 0 0 0 0 1 0 0]
[0 1 1 0 0 0 0 0 0 0 0 1 0]
[0 1 1 0 0 0 0 0 0 0 0 0 1]
[0 0 0 1 1 0 0 0 0 0 0 1 1]
[1 0 1 1 1 1 0 0 0 0 0 0 0]
[0 0 1 1 0 0 0 0 0 0 0 0 1]
[0 1 1 1 0 0 0 1 0 0 0 0 0]
[0 1 0 0 1 1 0 1 1 0 0 0 0]
[0 0 0 0 1 0 1 1 1 1 0 0 0]
[0 0 0 0 0 0 1 1 1 1 1 0 0]
[0 0 0 0 0 0 1 0 1 1 1 1 0]
[2026-03-06 14:44:28] INFO: op ←←←←←, 5248
[2026-03-06 14:44:28] INFO: op →←←←←, 4547
[2026-03-06 14:44:28] INFO: op →→←←←, 4750
[2026-03-06 14:44:28] INFO: op →→→←←, 4750
[2026-03-06 14:44:29] INFO: op →→→→←, 4547
[2026-03-06 14:44:29] INFO: op ←→←←←, 3781
[2026-03-06 14:44:29] INFO: op ←←→←←, 3938
[2026-03-06 14:44:29] INFO: op ←→→←←, 4235
[2026-03-06 14:44:29] INFO: op ←←←→←, 3880
[2026-03-06 14:44:29] INFO: op ←←→→←, 4254
[2026-03-06 14:44:29] INFO: op ←→→→←, 3996
[2026-03-06 14:44:29] INFO: op →←→←←, 3210
[2026-03-06 14:44:29] INFO: op →←←→←, 3365
[2026-03-06 14:44:30] INFO: op →→←→←, 3210
[2026-03-06 14:44:30] INFO: op →←→→←, 3365
[2026-03-06 14:44:30] INFO: op ←→←→←, 2494
[2026-03-06 14:44:30] INFO: [END]
