[2026-03-06 14:45:29] INFO: Logger initialized at log/log461755.log
[2026-03-06 14:45:29] INFO: Test 950th graph in data/list_1775_graphs.g6: RwCWw?@?WB_Nw[Fb{@n?ZwB[^qw~dw
[2026-03-06 14:45:29] INFO: meta data: 
minimum degree >= 6
independent number >= 2
connected
Not regular
[2026-03-06 14:45:29] INFO: Orientation of RwCWw?@?WB_Nw[Fb{@n?ZwB[^qw~dw with min semidegree 3:
[0 0 0 0 0 0 0 0 0 0 0 0 1 0 1 0 1 0 0]
[1 0 0 0 0 0 0 0 0 0 0 0 1 0 0 0 1 0 0]
[1 1 0 0 0 0 0 0 0 0 0 0 0 0 0 0 1 0 0]
[0 0 0 0 0 0 0 0 0 0 0 0 0 1 0 0 0 1 1]
[0 0 0 1 0 0 0 0 0 0 0 0 0 0 0 0 0 1 1]
[0 0 0 1 1 0 0 0 0 0 0 0 0 0 0 0 0 0 1]
[0 0 0 1 1 1 0 0 0 0 0 0 0 0 0 0 0 0 0]
[0 0 0 0 0 0 0 0 0 0 0 1 0 0 0 0 0 1 1]
[0 0 0 0 0 0 0 1 0 0 0 0 0 0 0 0 0 1 1]
[0 0 0 0 0 0 0 1 1 0 0 0 0 0 0 0 0 1 0]
[0 0 0 0 0 0 0 1 1 1 0 0 0 0 0 0 0 0 0]
[0 0 0 0 0 0 0 0 1 1 1 0 0 0 0 0 0 0 0]
[0 0 1 0 0 0 0 1 1 1 0 0 0 0 0 0 0 0 0]
[0 0 0 0 1 1 1 0 0 0 1 1 1 0 0 0 0 0 0]
[0 1 1 0 0 0 0 0 0 0 1 1 0 1 0 0 0 0 0]
[1 1 1 0 0 0 0 0 0 0 1 1 0 1 1 0 0 0 0]
[0 0 0 0 0 0 0 0 0 0 1 1 0 1 1 1 0 0 0]
[0 0 0 0 0 1 1 0 0 0 0 0 1 0 1 1 1 0 0]
[0 0 0 0 0 0 1 0 0 1 0 0 1 0 1 1 1 1 0]
[2026-03-06 14:45:29] INFO: op ←←←←←, 14461
[2026-03-06 14:45:30] INFO: op →←←←←, 11292
[2026-03-06 14:45:30] INFO: op →→←←←, 10930
[2026-03-06 14:45:30] INFO: op →→→←←, 10930
[2026-03-06 14:45:31] INFO: op →→→→←, 11292
[2026-03-06 14:45:31] INFO: op ←→←←←, 9396
[2026-03-06 14:45:31] INFO: op ←←→←←, 9589
[2026-03-06 14:45:32] INFO: op ←→→←←, 8795
[2026-03-06 14:45:32] INFO: op ←←←→←, 8962
[2026-03-06 14:45:32] INFO: op ←←→→←, 8816
[2026-03-06 14:45:33] INFO: op ←→→→←, 9086
[2026-03-06 14:45:33] INFO: op →←→←←, 6647
[2026-03-06 14:45:33] INFO: op →←←→←, 6922
[2026-03-06 14:45:33] INFO: op →→←→←, 6647
[2026-03-06 14:45:34] INFO: op →←→→←, 6922
[2026-03-06 14:45:34] INFO: op ←→←→←, 5419
[2026-03-06 14:45:34] INFO: [END]
