[2026-03-06 14:40:16] INFO: Logger initialized at log/log449081.log
[2026-03-06 14:40:16] INFO: Test 678th graph in data/list_1775_graphs.g6: KtPN~~}~Vxf~
[2026-03-06 14:40:16] INFO: meta data: 
minimum degree >= 6
independent number >= 2
connected
Not regular
[2026-03-06 14:40:16] INFO: Orientation of KtPN~~}~Vxf~ with min semidegree 4:
[0 0 0 0 0 0 1 1 1 1 0 0]
[1 0 0 0 0 0 0 1 1 1 0 0]
[1 0 0 0 0 0 1 0 0 0 1 1]
[1 0 1 0 0 0 0 0 0 0 1 1]
[0 1 0 0 0 0 0 1 0 0 1 1]
[0 1 0 0 1 0 0 0 1 0 0 1]
[0 1 0 1 1 1 0 0 0 0 0 0]
[0 0 1 1 0 1 1 0 0 0 0 0]
[0 0 1 1 1 0 1 0 0 0 0 0]
[0 0 1 1 1 1 0 1 0 0 0 0]
[1 1 0 0 0 1 0 0 1 1 0 0]
[0 0 0 0 0 0 1 1 1 1 1 0]
[2026-03-06 14:40:18] INFO: op ←←←←←←←, 43107
[2026-03-06 14:40:19] INFO: op →←←←←←←, 34817
[2026-03-06 14:40:21] INFO: op →→←←←←←, 36431
[2026-03-06 14:40:22] INFO: op →→→←←←←, 36324
[2026-03-06 14:40:23] INFO: op →→→→←←←, 36324
[2026-03-06 14:40:25] INFO: op →→→→→←←, 36431
[2026-03-06 14:40:26] INFO: op →→→→→→←, 34817
[2026-03-06 14:40:27] INFO: op ←→←←←←←, 27423
[2026-03-06 14:40:28] INFO: op ←←→←←←←, 29204
[2026-03-06 14:40:29] INFO: op ←→→←←←←, 28868
[2026-03-06 14:40:30] INFO: op ←←←→←←←, 29154
[2026-03-06 14:40:31] INFO: op ←←→→←←←, 30778
[2026-03-06 14:40:33] INFO: op ←→→→←←←, 29504
[2026-03-06 14:40:34] INFO: op ←←←←→←←, 29426
[2026-03-06 14:40:35] INFO: op ←←←→→←←, 30822
[2026-03-06 14:40:36] INFO: op ←←→→→←←, 30791
[2026-03-06 14:40:37] INFO: op ←→→→→←←, 29389
[2026-03-06 14:40:38] INFO: op ←←←←←→←, 27583
[2026-03-06 14:40:39] INFO: op ←←←←→→←, 29046
[2026-03-06 14:40:40] INFO: op ←←←→→→←, 29588
[2026-03-06 14:40:42] INFO: op ←←→→→→←, 29393
[2026-03-06 14:40:43] INFO: op ←→→→→→←, 27564
[2026-03-06 14:40:43] INFO: op →←→←←←←, 21190
[2026-03-06 14:40:44] INFO: op →←←→←←←, 23276
[2026-03-06 14:40:45] INFO: op →→←→←←←, 23329
[2026-03-06 14:40:46] INFO: op →←→→←←←, 23332
[2026-03-06 14:40:47] INFO: op →←←←→←←, 23725
[2026-03-06 14:40:48] INFO: op →→←←→←←, 24805
[2026-03-06 14:40:49] INFO: op →→→←→←←, 23329
[2026-03-06 14:40:50] INFO: op →←←→→←←, 24084
[2026-03-06 14:40:51] INFO: op →→←→→←←, 24805
[2026-03-06 14:40:51] INFO: op →←→→→←←, 23264
[2026-03-06 14:40:52] INFO: op →←←←←→←, 21809
[2026-03-06 14:40:53] INFO: op →→←←←→←, 23264
[2026-03-06 14:40:54] INFO: op →→→←←→←, 23332
[2026-03-06 14:40:55] INFO: op →→→→←→←, 21190
[2026-03-06 14:40:56] INFO: op →←←←→→←, 23495
[2026-03-06 14:40:57] INFO: op →→←←→→←, 24084
[2026-03-06 14:40:58] INFO: op →→→←→→←, 23276
[2026-03-06 14:40:58] INFO: op →←←→→→←, 23495
[2026-03-06 14:40:59] INFO: op →→←→→→←, 23725
[2026-03-06 14:41:00] INFO: op →←→→→→←, 21809
[2026-03-06 14:41:01] INFO: op ←→←→←←←, 16563
[2026-03-06 14:41:01] INFO: op ←→←←→←←, 19014
[2026-03-06 14:41:02] INFO: op ←←→←→←←, 18480
[2026-03-06 14:41:03] INFO: op ←→→←→←←, 18275
[2026-03-06 14:41:04] INFO: op ←→←→→←←, 17472
[2026-03-06 14:41:04] INFO: op ←→←←←→←, 17237
[2026-03-06 14:41:05] INFO: op ←←→←←→←, 18937
[2026-03-06 14:41:06] INFO: op ←→→←←→←, 18276
[2026-03-06 14:41:06] INFO: op ←←←→←→←, 16680
[2026-03-06 14:41:07] INFO: op ←←→→←→←, 17738
[2026-03-06 14:41:08] INFO: op ←→→→←→←, 17424
[2026-03-06 14:41:08] INFO: op ←→←←→→←, 18214
[2026-03-06 14:41:09] INFO: op ←←→←→→←, 18080
[2026-03-06 14:41:10] INFO: op ←→→←→→←, 19088
[2026-03-06 14:41:10] INFO: op ←→←→→→←, 17250
[2026-03-06 14:41:11] INFO: op →←→←→←←, 13012
[2026-03-06 14:41:11] INFO: op →←→←←→←, 13446
[2026-03-06 14:41:12] INFO: op →←←→←→←, 13250
[2026-03-06 14:41:12] INFO: op →→←→←→←, 13012
[2026-03-06 14:41:13] INFO: op →←→→←→←, 13446
[2026-03-06 14:41:13] INFO: op →←→←→→←, 13250
[2026-03-06 14:41:14] INFO: op ←→←→←→←, 9118
[2026-03-06 14:41:14] INFO: [END]
