[2026-03-06 14:42:19] INFO: Logger initialized at log/log453257.log
[2026-03-06 14:42:19] INFO: Test 762th graph in data/list_1775_graphs.g6: L`~x`czL}Fx\pv
[2026-03-06 14:42:19] INFO: meta data: 
minimum degree >= 6
independent number >= 2
connected
Not regular
[2026-03-06 14:42:19] INFO: Orientation of L`~x`czL}Fx\pv with min semidegree 3:
[0 0 0 0 0 1 0 0 0 0 1 1 0]
[1 0 0 0 0 0 0 0 0 0 0 1 1]
[0 0 0 0 1 1 0 0 0 1 0 0 0]
[0 0 1 0 0 1 0 0 1 0 0 0 0]
[1 1 0 1 0 0 0 0 0 0 0 0 0]
[0 1 0 0 1 0 0 0 0 0 0 0 1]
[0 0 1 1 0 0 0 0 0 0 0 0 1]
[0 0 1 1 0 0 1 0 0 0 0 0 0]
[0 0 1 0 1 0 1 1 0 0 0 0 0]
[0 0 0 1 0 1 1 1 1 0 0 0 0]
[0 1 0 0 0 0 1 1 1 1 0 0 0]
[0 0 0 0 1 0 1 1 1 0 1 0 0]
[1 0 0 0 0 0 0 1 0 1 1 1 0]
[2026-03-06 14:42:19] INFO: op ←←←←←, 4368
[2026-03-06 14:42:20] INFO: op →←←←←, 3419
[2026-03-06 14:42:20] INFO: op →→←←←, 3335
[2026-03-06 14:42:20] INFO: op →→→←←, 3335
[2026-03-06 14:42:20] INFO: op →→→→←, 3419
[2026-03-06 14:42:20] INFO: op ←→←←←, 2720
[2026-03-06 14:42:20] INFO: op ←←→←←, 2822
[2026-03-06 14:42:20] INFO: op ←→→←←, 2820
[2026-03-06 14:42:20] INFO: op ←←←→←, 2725
[2026-03-06 14:42:20] INFO: op ←←→→←, 2768
[2026-03-06 14:42:20] INFO: op ←→→→←, 2696
[2026-03-06 14:42:20] INFO: op →←→←←, 2247
[2026-03-06 14:42:21] INFO: op →←←→←, 2156
[2026-03-06 14:42:21] INFO: op →→←→←, 2247
[2026-03-06 14:42:21] INFO: op →←→→←, 2156
[2026-03-06 14:42:21] INFO: op ←→←→←, 1815
[2026-03-06 14:42:21] INFO: [END]
