[2026-03-06 14:39:49] INFO: Logger initialized at log/log448484.log
[2026-03-06 14:39:50] INFO: Test 669th graph in data/list_1775_graphs.g6: K}C[y{njjZ~~
[2026-03-06 14:39:50] INFO: meta data: 
minimum degree >= 6
independent number >= 2
connected
Not regular
[2026-03-06 14:39:50] INFO: Orientation of K}C[y{njjZ~~ with min semidegree 3:
[0 0 0 0 0 0 1 0 0 1 0 1]
[1 0 0 0 0 0 0 0 0 0 1 1]
[1 1 0 0 0 0 0 0 0 0 1 0]
[1 1 0 0 0 0 0 0 0 0 0 1]
[0 0 0 1 0 0 0 1 1 0 0 0]
[0 0 0 1 1 0 0 1 0 0 0 0]
[0 0 0 1 1 1 0 0 0 0 0 0]
[0 1 0 1 0 0 1 0 0 0 0 0]
[0 0 1 0 0 1 1 1 0 0 0 0]
[0 0 1 0 1 1 1 0 1 0 0 0]
[0 0 0 0 1 1 0 1 1 1 0 0]
[0 0 1 0 1 1 1 1 1 1 1 0]
[2026-03-06 14:39:50] INFO: op ←←←←←, 4324
[2026-03-06 14:39:50] INFO: op →←←←←, 3566
[2026-03-06 14:39:50] INFO: op →→←←←, 3547
[2026-03-06 14:39:50] INFO: op →→→←←, 3547
[2026-03-06 14:39:50] INFO: op →→→→←, 3566
[2026-03-06 14:39:50] INFO: op ←→←←←, 3123
[2026-03-06 14:39:50] INFO: op ←←→←←, 3108
[2026-03-06 14:39:50] INFO: op ←→→←←, 3108
[2026-03-06 14:39:51] INFO: op ←←←→←, 3061
[2026-03-06 14:39:51] INFO: op ←←→→←, 2968
[2026-03-06 14:39:51] INFO: op ←→→→←, 2954
[2026-03-06 14:39:51] INFO: op →←→←←, 2437
[2026-03-06 14:39:51] INFO: op →←←→←, 2442
[2026-03-06 14:39:51] INFO: op →→←→←, 2437
[2026-03-06 14:39:51] INFO: op →←→→←, 2442
[2026-03-06 14:39:51] INFO: op ←→←→←, 2210
[2026-03-06 14:39:51] INFO: [END]
