[2026-03-06 14:42:06] INFO: Logger initialized at log/log452522.log
[2026-03-06 14:42:06] INFO: Test 745th graph in data/list_1775_graphs.g6: L|leqLFP{vfnN^
[2026-03-06 14:42:06] INFO: meta data: 
minimum degree >= 6
independent number >= 2
connected
Not regular
[2026-03-06 14:42:06] INFO: Orientation of L|leqLFP{vfnN^ with min semidegree 3:
[0 0 1 1 0 0 0 0 0 0 1 0 0]
[1 0 0 0 0 0 1 0 1 0 0 0 0]
[0 1 0 0 0 0 0 0 0 0 0 1 1]
[0 0 1 0 0 0 0 0 0 0 0 1 1]
[1 0 1 1 0 0 0 0 0 0 0 0 0]
[0 1 1 0 0 0 0 0 0 0 0 0 1]
[1 0 0 1 1 0 0 0 0 0 0 0 0]
[0 1 0 0 0 1 1 0 0 0 0 0 0]
[0 0 0 0 0 1 1 1 0 0 0 0 0]
[0 1 0 0 0 1 1 1 1 0 0 0 0]
[0 0 0 1 1 0 1 1 1 1 0 0 0]
[0 0 0 0 1 1 0 1 1 1 1 0 0]
[0 0 0 0 1 0 0 1 1 1 1 1 0]
[2026-03-06 14:42:06] INFO: op ←←←←←, 5269
[2026-03-06 14:42:06] INFO: op →←←←←, 4226
[2026-03-06 14:42:07] INFO: op →→←←←, 3881
[2026-03-06 14:42:07] INFO: op →→→←←, 3881
[2026-03-06 14:42:07] INFO: op →→→→←, 4226
[2026-03-06 14:42:07] INFO: op ←→←←←, 3608
[2026-03-06 14:42:07] INFO: op ←←→←←, 3495
[2026-03-06 14:42:07] INFO: op ←→→←←, 3437
[2026-03-06 14:42:07] INFO: op ←←←→←, 3555
[2026-03-06 14:42:07] INFO: op ←←→→←, 3608
[2026-03-06 14:42:08] INFO: op ←→→→←, 3484
[2026-03-06 14:42:08] INFO: op →←→←←, 2615
[2026-03-06 14:42:08] INFO: op →←←→←, 2920
[2026-03-06 14:42:08] INFO: op →→←→←, 2615
[2026-03-06 14:42:08] INFO: op →←→→←, 2920
[2026-03-06 14:42:08] INFO: op ←→←→←, 2387
[2026-03-06 14:42:08] INFO: [END]
