[2026-03-06 14:42:56] INFO: Logger initialized at log/log455096.log
[2026-03-06 14:42:56] INFO: Test 805th graph in data/list_1775_graphs.g6: L`Mztxyr]f}xzk
[2026-03-06 14:42:56] INFO: meta data: 
minimum degree >= 6
independent number >= 2
connected
Not regular
[2026-03-06 14:42:56] INFO: Orientation of L`Mztxyr]f}xzk with min semidegree 3:
[0 0 0 0 0 0 0 0 0 1 1 1 1]
[1 0 0 0 0 0 0 0 0 0 1 1 0]
[0 0 0 0 0 1 0 0 0 0 0 1 1]
[0 0 1 0 0 0 1 1 0 0 0 0 0]
[0 0 1 1 0 0 0 0 0 0 0 0 1]
[1 0 0 1 1 0 0 0 0 0 0 0 0]
[0 1 1 0 1 0 0 0 0 0 0 0 0]
[1 0 1 0 1 1 0 0 0 0 0 0 0]
[0 1 1 1 1 0 1 0 0 0 0 0 0]
[0 1 0 0 1 1 0 1 1 0 0 0 0]
[0 0 0 1 0 0 1 1 1 1 0 0 0]
[0 0 0 1 0 1 1 1 0 0 1 0 0]
[0 1 0 0 0 1 1 0 1 1 0 0 0]
[2026-03-06 14:42:56] INFO: op ←←←←←, 5206
[2026-03-06 14:42:56] INFO: op →←←←←, 4524
[2026-03-06 14:42:56] INFO: op →→←←←, 4716
[2026-03-06 14:42:56] INFO: op →→→←←, 4716
[2026-03-06 14:42:57] INFO: op →→→→←, 4524
[2026-03-06 14:42:57] INFO: op ←→←←←, 3908
[2026-03-06 14:42:57] INFO: op ←←→←←, 4017
[2026-03-06 14:42:57] INFO: op ←→→←←, 4065
[2026-03-06 14:42:57] INFO: op ←←←→←, 3798
[2026-03-06 14:42:57] INFO: op ←←→→←, 4030
[2026-03-06 14:42:57] INFO: op ←→→→←, 3898
[2026-03-06 14:42:57] INFO: op →←→←←, 3429
[2026-03-06 14:42:58] INFO: op →←←→←, 3270
[2026-03-06 14:42:58] INFO: op →→←→←, 3429
[2026-03-06 14:42:58] INFO: op →←→→←, 3270
[2026-03-06 14:42:58] INFO: op ←→←→←, 2820
[2026-03-06 14:42:58] INFO: [END]
