[2026-03-06 14:44:08] INFO: Logger initialized at log/log458802.log
[2026-03-06 14:44:08] INFO: Test 890th graph in data/list_1775_graphs.g6: L{eCJpxXzNb~F~
[2026-03-06 14:44:08] INFO: meta data: 
minimum degree >= 6
independent number >= 2
connected
Not regular
[2026-03-06 14:44:08] INFO: Orientation of L{eCJpxXzNb~F~ with min semidegree 3:
[0 1 1 0 1 0 0 0 0 0 0 0 0]
[0 0 0 0 0 0 0 1 1 0 1 0 0]
[0 1 0 0 0 0 0 0 1 1 0 0 0]
[1 0 0 0 0 0 0 0 0 0 0 1 1]
[0 0 0 1 0 0 0 0 0 0 0 1 1]
[1 0 0 0 0 0 0 0 0 1 0 0 1]
[1 0 0 0 0 1 0 0 0 0 0 0 1]
[0 0 1 1 1 0 0 0 0 0 0 0 0]
[0 0 0 1 1 0 0 1 0 0 0 0 0]
[0 1 0 0 0 0 1 1 1 0 0 0 0]
[0 0 1 0 0 1 1 1 1 1 0 0 0]
[0 0 0 0 0 1 1 1 1 1 1 0 0]
[0 0 0 0 0 0 0 1 1 1 1 1 0]
[2026-03-06 14:44:09] INFO: op ←←←←←, 4341
[2026-03-06 14:44:09] INFO: op →←←←←, 3529
[2026-03-06 14:44:09] INFO: op →→←←←, 3676
[2026-03-06 14:44:09] INFO: op →→→←←, 3676
[2026-03-06 14:44:09] INFO: op →→→→←, 3529
[2026-03-06 14:44:09] INFO: op ←→←←←, 3041
[2026-03-06 14:44:09] INFO: op ←←→←←, 3152
[2026-03-06 14:44:09] INFO: op ←→→←←, 2997
[2026-03-06 14:44:09] INFO: op ←←←→←, 2995
[2026-03-06 14:44:09] INFO: op ←←→→←, 3030
[2026-03-06 14:44:10] INFO: op ←→→→←, 2841
[2026-03-06 14:44:10] INFO: op →←→←←, 2484
[2026-03-06 14:44:10] INFO: op →←←→←, 2449
[2026-03-06 14:44:10] INFO: op →→←→←, 2484
[2026-03-06 14:44:10] INFO: op →←→→←, 2449
[2026-03-06 14:44:10] INFO: op ←→←→←, 1999
[2026-03-06 14:44:10] INFO: [END]
