[2026-03-06 14:44:54] INFO: Logger initialized at log/log460742.log
[2026-03-06 14:44:55] INFO: Test 931th graph in data/list_1775_graphs.g6: M`?M][~N~f~_~@~@_
[2026-03-06 14:44:55] INFO: meta data: 
minimum degree >= 6
independent number >= 2
connected
Not regular
[2026-03-06 14:44:55] INFO: Orientation of M`?M][~N~f~_~@~@_ with min semidegree 3:
[0 0 0 0 0 0 0 0 0 0 1 1 1 0]
[1 0 0 0 0 0 0 0 0 0 1 0 1 0]
[0 0 0 0 0 0 0 0 1 1 1 0 0 0]
[0 0 1 0 0 0 0 0 0 1 0 0 0 1]
[0 0 0 0 0 0 1 1 0 0 0 0 0 1]
[0 0 0 0 1 0 0 1 0 0 0 0 0 1]
[1 1 0 0 0 1 0 0 0 0 0 0 0 0]
[1 1 0 0 0 0 1 0 0 0 0 0 0 0]
[0 0 0 1 1 1 1 1 0 0 0 0 0 0]
[0 0 0 0 1 1 1 1 1 0 0 0 0 0]
[0 0 0 1 0 0 1 1 1 1 0 0 0 0]
[0 1 1 1 1 1 0 0 0 0 0 0 0 0]
[0 0 1 1 1 1 0 0 0 0 0 1 0 0]
[1 1 1 0 0 0 0 0 0 0 0 1 1 0]
[2026-03-06 14:44:55] INFO: op ←←←←←, 6330
[2026-03-06 14:44:55] INFO: op →←←←←, 5095
[2026-03-06 14:44:55] INFO: op →→←←←, 4777
[2026-03-06 14:44:55] INFO: op →→→←←, 4777
[2026-03-06 14:44:56] INFO: op →→→→←, 5095
[2026-03-06 14:44:56] INFO: op ←→←←←, 4190
[2026-03-06 14:44:56] INFO: op ←←→←←, 3913
[2026-03-06 14:44:56] INFO: op ←→→←←, 3722
[2026-03-06 14:44:56] INFO: op ←←←→←, 4089
[2026-03-06 14:44:56] INFO: op ←←→→←, 3665
[2026-03-06 14:44:56] INFO: op ←→→→←, 4071
[2026-03-06 14:44:56] INFO: op →←→←←, 3257
[2026-03-06 14:44:56] INFO: op →←←→←, 3099
[2026-03-06 14:44:57] INFO: op →→←→←, 3257
[2026-03-06 14:44:57] INFO: op →←→→←, 3099
[2026-03-06 14:44:57] INFO: op ←→←→←, 2800
[2026-03-06 14:44:57] INFO: [END]
