[2026-03-06 14:44:47] INFO: Logger initialized at log/log460490.log
[2026-03-06 14:44:47] INFO: Test 926th graph in data/list_1775_graphs.g6: L~wGglNJznz{nt
[2026-03-06 14:44:47] INFO: meta data: 
minimum degree >= 6
independent number >= 2
connected
Not regular
[2026-03-06 14:44:47] INFO: Orientation of L~wGglNJznz{nt with min semidegree 3:
[0 0 1 0 0 0 0 0 0 0 0 1 1]
[1 0 0 0 0 0 0 0 0 0 1 1 0]
[0 1 0 0 0 0 0 0 0 1 0 0 1]
[1 1 1 0 0 0 0 0 0 0 0 0 0]
[1 1 1 0 0 0 0 0 0 0 0 0 0]
[0 0 0 0 1 0 0 0 0 0 1 0 1]
[0 0 0 1 0 1 0 0 0 0 1 0 0]
[0 0 0 1 0 1 1 0 0 0 0 0 0]
[0 1 0 0 1 1 1 1 0 0 0 0 0]
[0 0 0 0 1 1 1 1 1 0 0 0 0]
[0 0 1 1 0 0 0 1 1 1 0 0 0]
[0 0 0 1 1 1 1 1 1 0 0 0 0]
[0 0 0 1 1 0 1 1 0 1 0 1 0]
[2026-03-06 14:44:47] INFO: op ←←←←←, 5243
[2026-03-06 14:44:47] INFO: op →←←←←, 4424
[2026-03-06 14:44:48] INFO: op →→←←←, 4426
[2026-03-06 14:44:48] INFO: op →→→←←, 4426
[2026-03-06 14:44:48] INFO: op →→→→←, 4424
[2026-03-06 14:44:48] INFO: op ←→←←←, 4025
[2026-03-06 14:44:48] INFO: op ←←→←←, 4085
[2026-03-06 14:44:48] INFO: op ←→→←←, 3952
[2026-03-06 14:44:48] INFO: op ←←←→←, 3976
[2026-03-06 14:44:48] INFO: op ←←→→←, 3992
[2026-03-06 14:44:49] INFO: op ←→→→←, 3646
[2026-03-06 14:44:49] INFO: op →←→←←, 3367
[2026-03-06 14:44:49] INFO: op →←←→←, 3396
[2026-03-06 14:44:49] INFO: op →→←→←, 3367
[2026-03-06 14:44:49] INFO: op →←→→←, 3396
[2026-03-06 14:44:49] INFO: op ←→←→←, 3249
[2026-03-06 14:44:49] INFO: [END]
