[2026-03-06 14:42:06] INFO: Logger initialized at log/log452562.log
[2026-03-06 14:42:06] INFO: Test 746th graph in data/list_1775_graphs.g6: Lt~NaLFPxffnN^
[2026-03-06 14:42:06] INFO: meta data: 
minimum degree >= 6
independent number >= 2
connected
Not regular
[2026-03-06 14:42:06] INFO: Orientation of Lt~NaLFPxffnN^ with min semidegree 3:
[0 0 1 1 1 0 0 0 0 0 0 0 0]
[1 0 0 0 1 0 1 0 0 0 0 0 0]
[0 0 0 0 0 0 0 0 0 0 1 1 1]
[0 0 1 0 0 0 0 0 0 0 0 1 1]
[0 0 1 1 0 0 0 0 0 0 0 0 1]
[1 1 0 0 1 0 0 0 0 0 0 0 0]
[1 0 1 1 0 0 0 0 0 0 0 0 0]
[0 1 0 0 0 1 1 0 0 0 0 0 0]
[0 1 0 0 0 1 1 1 0 0 0 0 0]
[0 1 0 0 0 1 1 1 1 0 0 0 0]
[0 0 0 1 0 0 1 1 1 1 0 0 0]
[0 0 0 0 1 1 0 1 1 1 1 0 0]
[0 0 0 0 0 1 0 1 1 1 1 1 0]
[2026-03-06 14:42:07] INFO: op ←←←←←, 6119
[2026-03-06 14:42:07] INFO: op →←←←←, 4903
[2026-03-06 14:42:07] INFO: op →→←←←, 3764
[2026-03-06 14:42:07] INFO: op →→→←←, 3764
[2026-03-06 14:42:07] INFO: op →→→→←, 4903
[2026-03-06 14:42:07] INFO: op ←→←←←, 3804
[2026-03-06 14:42:08] INFO: op ←←→←←, 3519
[2026-03-06 14:42:08] INFO: op ←→→←←, 2843
[2026-03-06 14:42:08] INFO: op ←←←→←, 3781
[2026-03-06 14:42:08] INFO: op ←←→→←, 3105
[2026-03-06 14:42:08] INFO: op ←→→→←, 3659
[2026-03-06 14:42:08] INFO: op →←→←←, 2384
[2026-03-06 14:42:08] INFO: op →←←→←, 2650
[2026-03-06 14:42:08] INFO: op →→←→←, 2384
[2026-03-06 14:42:08] INFO: op →←→→←, 2650
[2026-03-06 14:42:08] INFO: op ←→←→←, 2099
[2026-03-06 14:42:08] INFO: [END]
