[2026-03-06 14:41:32] INFO: Logger initialized at log/log450655.log
[2026-03-06 14:41:32] INFO: Test 701th graph in data/list_1775_graphs.g6: L`rHpsvL}^~W|L
[2026-03-06 14:41:32] INFO: meta data: 
minimum degree >= 6
independent number >= 2
connected
Not regular
[2026-03-06 14:41:32] INFO: Orientation of L`rHpsvL}^~W|L with min semidegree 3:
[0 0 0 0 0 0 0 0 0 0 1 1 1]
[1 0 0 0 0 0 0 0 0 0 1 1 0]
[0 0 0 0 0 0 0 1 0 1 0 0 1]
[0 0 1 0 0 0 0 0 1 0 0 0 1]
[1 1 0 0 0 0 0 0 0 0 1 0 0]
[1 1 0 0 1 0 0 0 0 0 0 0 0]
[0 0 1 1 1 0 0 0 0 0 0 0 0]
[0 0 0 1 1 0 1 0 0 0 0 0 0]
[0 0 1 0 0 1 1 1 0 0 0 0 0]
[0 0 0 1 0 1 1 1 1 0 0 0 0]
[0 0 0 0 0 1 1 1 1 1 0 0 0]
[0 0 1 1 1 0 1 1 0 0 0 0 0]
[0 1 0 0 0 1 0 0 1 1 0 1 0]
[2026-03-06 14:41:33] INFO: op ←←←←←, 4240
[2026-03-06 14:41:33] INFO: op →←←←←, 3374
[2026-03-06 14:41:33] INFO: op →→←←←, 3451
[2026-03-06 14:41:33] INFO: op →→→←←, 3451
[2026-03-06 14:41:33] INFO: op →→→→←, 3374
[2026-03-06 14:41:33] INFO: op ←→←←←, 2855
[2026-03-06 14:41:33] INFO: op ←←→←←, 2835
[2026-03-06 14:41:33] INFO: op ←→→←←, 2866
[2026-03-06 14:41:33] INFO: op ←←←→←, 2710
[2026-03-06 14:41:33] INFO: op ←←→→←, 2863
[2026-03-06 14:41:34] INFO: op ←→→→←, 2633
[2026-03-06 14:41:34] INFO: op →←→←←, 2151
[2026-03-06 14:41:34] INFO: op →←←→←, 2177
[2026-03-06 14:41:34] INFO: op →→←→←, 2151
[2026-03-06 14:41:34] INFO: op →←→→←, 2177
[2026-03-06 14:41:34] INFO: op ←→←→←, 1701
[2026-03-06 14:41:34] INFO: [END]
