[2026-03-06 14:43:50] INFO: Logger initialized at log/log457922.log
[2026-03-06 14:43:51] INFO: Test 870th graph in data/list_1775_graphs.g6: LrqipnMjYve~~o
[2026-03-06 14:43:51] INFO: meta data: 
minimum degree >= 6
independent number >= 2
connected
Not regular
[2026-03-06 14:43:51] INFO: Orientation of LrqipnMjYve~~o with min semidegree 3:
[0 0 0 0 0 1 0 0 0 1 0 0 1]
[1 0 0 0 0 0 0 0 0 0 1 0 1]
[1 0 0 0 0 0 0 0 0 0 0 1 1]
[0 1 1 0 0 0 0 0 0 0 1 1 0]
[1 1 0 0 0 0 0 0 1 0 0 0 0]
[0 0 1 0 1 0 0 0 0 0 0 1 0]
[0 1 0 1 1 0 0 0 0 0 0 0 0]
[0 0 1 1 0 1 1 0 0 0 0 0 0]
[1 1 0 0 0 1 1 0 0 0 0 0 0]
[0 0 1 0 1 1 0 1 1 0 0 0 0]
[0 0 0 0 1 0 1 1 1 1 0 0 0]
[0 0 0 0 0 0 1 1 1 1 1 0 0]
[0 0 0 1 1 1 1 1 0 0 0 0 0]
[2026-03-06 14:43:51] INFO: op ←←←←←, 4863
[2026-03-06 14:43:51] INFO: op →←←←←, 4038
[2026-03-06 14:43:51] INFO: op →→←←←, 4245
[2026-03-06 14:43:51] INFO: op →→→←←, 4245
[2026-03-06 14:43:51] INFO: op →→→→←, 4038
[2026-03-06 14:43:51] INFO: op ←→←←←, 3491
[2026-03-06 14:43:51] INFO: op ←←→←←, 3680
[2026-03-06 14:43:52] INFO: op ←→→←←, 3539
[2026-03-06 14:43:52] INFO: op ←←←→←, 3493
[2026-03-06 14:43:52] INFO: op ←←→→←, 3534
[2026-03-06 14:43:52] INFO: op ←→→→←, 3413
[2026-03-06 14:43:52] INFO: op →←→←←, 2909
[2026-03-06 14:43:52] INFO: op →←←→←, 2909
[2026-03-06 14:43:52] INFO: op →→←→←, 2909
[2026-03-06 14:43:52] INFO: op →←→→←, 2909
[2026-03-06 14:43:52] INFO: op ←→←→←, 2411
[2026-03-06 14:43:52] INFO: [END]
