[2026-03-06 14:45:33] INFO: Logger initialized at log/log461869.log
[2026-03-06 14:45:33] INFO: Test 952th graph in data/list_1775_graphs.g6: R~?G?CBB?W_^?~Bw@{G^B~@~o^v_~g
[2026-03-06 14:45:33] INFO: meta data: 
minimum degree >= 6
independent number >= 2
connected
Not regular
[2026-03-06 14:45:33] INFO: Orientation of R~?G?CBB?W_^?~Bw@{G^B~@~o^v_~g with min semidegree 3:
[0 0 0 0 0 0 0 0 0 0 0 0 0 0 0 0 1 1 1]
[1 0 0 0 0 0 0 0 0 0 0 0 0 0 0 0 1 1 0]
[1 1 0 0 0 0 0 0 0 0 0 0 0 0 0 0 1 0 0]
[1 1 1 0 0 0 0 0 0 0 0 0 0 0 0 0 0 0 0]
[0 0 0 0 0 0 0 0 0 0 1 0 0 1 0 0 1 0 0]
[0 0 0 0 1 0 0 0 0 0 0 0 0 1 0 0 1 0 0]
[0 0 0 0 0 0 0 0 0 0 0 1 1 0 1 0 0 0 0]
[0 0 0 0 0 0 1 0 0 0 0 1 1 0 0 0 0 0 0]
[0 0 0 0 0 0 1 1 0 0 0 0 1 0 0 0 0 0 0]
[0 0 0 0 1 1 0 0 0 0 0 0 0 0 0 0 0 0 1]
[0 0 0 0 0 1 0 0 0 1 0 0 0 0 0 0 0 0 1]
[0 0 0 0 0 0 0 0 1 1 1 0 0 0 0 0 0 0 0]
[0 0 0 0 0 0 0 0 0 1 1 1 0 0 0 0 0 0 0]
[0 0 0 0 0 0 1 1 1 0 0 0 0 0 0 0 0 0 0]
[0 0 0 0 1 1 0 1 1 0 0 0 0 1 0 0 0 0 0]
[0 0 0 0 1 1 1 1 1 0 0 0 0 1 1 0 0 0 0]
[0 0 0 1 0 0 0 0 0 0 0 1 1 1 1 1 0 0 0]
[0 0 1 1 0 0 0 0 0 1 1 1 1 1 1 1 0 0 0]
[0 1 1 1 0 0 0 0 0 0 0 1 1 1 1 1 0 1 0]
[2026-03-06 14:45:33] INFO: op ←←←←←, 11440
[2026-03-06 14:45:34] INFO: op →←←←←, 10284
[2026-03-06 14:45:34] INFO: op →→←←←, 10573
[2026-03-06 14:45:34] INFO: op →→→←←, 10573
[2026-03-06 14:45:35] INFO: op →→→→←, 10284
[2026-03-06 14:45:35] INFO: op ←→←←←, 11223
[2026-03-06 14:45:35] INFO: op ←←→←←, 11399
[2026-03-06 14:45:36] INFO: op ←→→←←, 10440
[2026-03-06 14:45:36] INFO: op ←←←→←, 10100
[2026-03-06 14:45:36] INFO: op ←←→→←, 10485
[2026-03-06 14:45:37] INFO: op ←→→→←, 10181
[2026-03-06 14:45:37] INFO: op →←→←←, 9542
[2026-03-06 14:45:37] INFO: op →←←→←, 9274
[2026-03-06 14:45:38] INFO: op →→←→←, 9542
[2026-03-06 14:45:38] INFO: op →←→→←, 9274
[2026-03-06 14:45:38] INFO: op ←→←→←, 9949
[2026-03-06 14:45:38] INFO: [END]
