[2026-03-06 14:44:31] INFO: Logger initialized at log/log459980.log
[2026-03-06 14:44:31] INFO: Test 916th graph in data/list_1775_graphs.g6: L~{?HknF~NYzrn
[2026-03-06 14:44:31] INFO: meta data: 
minimum degree >= 6
independent number >= 2
connected
Not regular
[2026-03-06 14:44:31] INFO: Orientation of L~{?HknF~NYzrn with min semidegree 3:
[0 0 0 0 0 0 0 0 0 0 1 1 1]
[1 0 0 0 0 0 0 0 0 0 0 1 1]
[1 1 0 0 1 0 0 0 0 0 0 0 0]
[1 1 1 0 0 0 0 0 0 0 0 0 0]
[1 1 0 1 0 0 0 0 0 0 0 0 0]
[0 0 0 0 0 0 0 1 0 1 0 0 1]
[0 0 0 0 0 1 0 0 1 1 0 0 0]
[0 0 1 1 0 0 1 0 0 0 0 0 0]
[0 0 1 0 1 1 0 1 0 0 0 0 0]
[0 0 0 1 1 0 0 1 1 0 0 0 0]
[0 1 1 0 0 1 1 1 1 0 0 0 0]
[0 0 0 1 0 1 1 1 0 1 1 0 0]
[0 0 0 0 1 0 1 0 1 1 1 1 0]
[2026-03-06 14:44:31] INFO: op ←←←←←, 5709
[2026-03-06 14:44:31] INFO: op →←←←←, 4348
[2026-03-06 14:44:31] INFO: op →→←←←, 3904
[2026-03-06 14:44:32] INFO: op →→→←←, 3904
[2026-03-06 14:44:32] INFO: op →→→→←, 4348
[2026-03-06 14:44:32] INFO: op ←→←←←, 3528
[2026-03-06 14:44:32] INFO: op ←←→←←, 3390
[2026-03-06 14:44:32] INFO: op ←→→←←, 3343
[2026-03-06 14:44:32] INFO: op ←←←→←, 3449
[2026-03-06 14:44:32] INFO: op ←←→→←, 3540
[2026-03-06 14:44:32] INFO: op ←→→→←, 3443
[2026-03-06 14:44:33] INFO: op →←→←←, 2598
[2026-03-06 14:44:33] INFO: op →←←→←, 2659
[2026-03-06 14:44:33] INFO: op →→←→←, 2598
[2026-03-06 14:44:33] INFO: op →←→→←, 2659
[2026-03-06 14:44:33] INFO: op ←→←→←, 2296
[2026-03-06 14:44:33] INFO: [END]
