[2026-03-06 14:44:25] INFO: Logger initialized at log/log459780.log
[2026-03-06 14:44:25] INFO: Test 912th graph in data/list_1775_graphs.g6: L~?GW[NB~x~Y|w
[2026-03-06 14:44:25] INFO: meta data: 
minimum degree >= 6
independent number >= 2
connected
Not regular
[2026-03-06 14:44:25] INFO: Orientation of L~?GW[NB~x~Y|w with min semidegree 3:
[0 0 0 0 0 0 0 0 0 0 1 1 1]
[1 0 0 0 0 0 0 0 0 0 1 1 0]
[1 1 0 0 0 0 0 0 0 0 1 0 0]
[1 1 1 0 0 0 0 0 0 0 0 0 0]
[0 0 0 0 0 0 0 0 1 1 0 1 0]
[0 0 0 0 1 0 0 0 0 1 0 0 1]
[0 0 0 0 1 1 0 0 0 0 0 0 1]
[0 0 0 0 1 1 1 0 0 0 0 0 0]
[0 0 0 0 0 1 1 1 0 0 0 0 0]
[0 0 0 0 0 0 1 1 1 0 0 0 0]
[0 0 0 1 1 1 0 0 1 1 0 0 0]
[0 0 1 1 0 0 1 1 0 1 0 0 0]
[0 1 1 1 0 0 0 1 1 0 0 0 0]
[2026-03-06 14:44:25] INFO: op ←←←←←, 2933
[2026-03-06 14:44:25] INFO: op →←←←←, 2277
[2026-03-06 14:44:25] INFO: op →→←←←, 2454
[2026-03-06 14:44:25] INFO: op →→→←←, 2454
[2026-03-06 14:44:25] INFO: op →→→→←, 2277
[2026-03-06 14:44:25] INFO: op ←→←←←, 1878
[2026-03-06 14:44:25] INFO: op ←←→←←, 1936
[2026-03-06 14:44:25] INFO: op ←→→←←, 1895
[2026-03-06 14:44:25] INFO: op ←←←→←, 1718
[2026-03-06 14:44:26] INFO: op ←←→→←, 1850
[2026-03-06 14:44:26] INFO: op ←→→→←, 1818
[2026-03-06 14:44:26] INFO: op →←→←←, 1337
[2026-03-06 14:44:26] INFO: op →←←→←, 1378
[2026-03-06 14:44:26] INFO: op →→←→←, 1337
[2026-03-06 14:44:26] INFO: op →←→→←, 1378
[2026-03-06 14:44:26] INFO: op ←→←→←, 1068
[2026-03-06 14:44:26] INFO: [END]
