[2026-03-06 14:43:23] INFO: Logger initialized at log/log456524.log
[2026-03-06 14:43:23] INFO: Test 837th graph in data/list_1775_graphs.g6: LK^{cfbYzVrz|w
[2026-03-06 14:43:23] INFO: meta data: 
minimum degree >= 6
independent number >= 2
connected
Not regular
[2026-03-06 14:43:23] INFO: Orientation of LK^{cfbYzVrz|w with min semidegree 3:
[0 0 0 0 0 1 0 0 0 0 0 1 1]
[0 0 0 0 0 0 0 0 0 1 1 0 1]
[0 1 0 0 0 0 0 0 0 0 1 0 1]
[1 0 0 0 0 1 0 0 0 0 0 1 0]
[0 1 1 1 0 0 0 0 0 0 0 0 0]
[0 1 1 0 1 0 0 0 0 0 0 0 0]
[1 0 0 1 0 0 0 0 0 0 0 1 0]
[1 0 0 1 0 0 1 0 0 0 0 0 0]
[1 1 1 0 0 0 1 1 0 0 0 0 0]
[0 0 1 0 1 0 1 1 1 0 0 0 0]
[0 0 0 0 1 0 1 1 1 1 0 0 0]
[0 0 0 0 1 1 0 1 0 1 1 0 0]
[0 0 0 1 0 1 1 1 1 0 0 0 0]
[2026-03-06 14:43:23] INFO: op ←←←←←, 4790
[2026-03-06 14:43:23] INFO: op →←←←←, 3747
[2026-03-06 14:43:23] INFO: op →→←←←, 3607
[2026-03-06 14:43:23] INFO: op →→→←←, 3607
[2026-03-06 14:43:23] INFO: op →→→→←, 3747
[2026-03-06 14:43:24] INFO: op ←→←←←, 3134
[2026-03-06 14:43:24] INFO: op ←←→←←, 3204
[2026-03-06 14:43:24] INFO: op ←→→←←, 2946
[2026-03-06 14:43:24] INFO: op ←←←→←, 3102
[2026-03-06 14:43:24] INFO: op ←←→→←, 3011
[2026-03-06 14:43:24] INFO: op ←→→→←, 3072
[2026-03-06 14:43:24] INFO: op →←→←←, 2495
[2026-03-06 14:43:24] INFO: op →←←→←, 2483
[2026-03-06 14:43:24] INFO: op →→←→←, 2495
[2026-03-06 14:43:24] INFO: op →←→→←, 2483
[2026-03-06 14:43:24] INFO: op ←→←→←, 2139
[2026-03-06 14:43:24] INFO: [END]
