[2026-03-06 14:45:07] INFO: Logger initialized at log/log461117.log
[2026-03-06 14:45:08] INFO: Test 938th graph in data/list_1775_graphs.g6: RwCWw{??G@_F?Nw?[?G}B?N~~?N@{g
[2026-03-06 14:45:08] INFO: meta data: 
minimum degree >= 6
independent number >= 2
connected
Not regular
[2026-03-06 14:45:08] INFO: Orientation of RwCWw{??G@_F?Nw?[?G}B?N~~?N@{g with min semidegree 3:
[0 0 0 0 0 0 0 0 0 0 0 0 0 0 1 0 0 1 1]
[1 0 0 0 0 0 0 0 0 0 0 0 0 0 0 0 0 1 1]
[1 1 0 0 0 0 0 0 0 0 0 0 0 0 0 0 0 0 1]
[0 0 0 0 0 0 0 1 0 0 0 0 0 0 0 1 0 1 0]
[0 0 0 1 0 0 0 0 0 0 0 0 0 0 0 1 0 1 0]
[0 0 0 1 1 0 0 0 0 0 0 0 0 0 0 0 0 1 0]
[0 0 0 1 1 1 0 0 0 0 0 0 0 0 0 0 0 0 0]
[0 0 0 0 1 1 1 0 0 0 0 0 0 0 0 0 0 0 0]
[0 0 0 0 0 0 0 0 0 0 0 0 1 0 0 0 1 0 1]
[0 0 0 0 0 0 0 0 1 0 0 0 0 0 0 0 1 0 1]
[0 0 0 0 0 0 0 0 1 1 0 0 0 0 0 0 1 0 0]
[0 0 0 0 0 0 0 0 1 1 1 0 0 0 0 0 0 0 0]
[0 0 0 0 0 0 0 0 0 1 1 1 0 0 0 0 0 0 0]
[1 1 1 0 0 0 0 0 0 0 0 0 0 0 0 0 0 0 0]
[0 1 1 0 0 0 0 0 0 0 0 0 0 1 0 0 0 0 0]
[0 0 0 0 0 1 1 1 0 0 0 0 0 1 1 0 0 0 0]
[0 0 0 0 0 0 0 0 0 0 0 1 1 1 1 1 0 0 0]
[0 0 1 0 0 0 1 1 0 0 0 0 0 0 0 0 1 0 0]
[0 0 0 0 0 0 0 0 0 0 1 1 1 0 0 1 0 1 0]
[2026-03-06 14:45:08] INFO: op ←←←←←, 5030
[2026-03-06 14:45:08] INFO: op →←←←←, 3660
[2026-03-06 14:45:08] INFO: op →→←←←, 3791
[2026-03-06 14:45:08] INFO: op →→→←←, 3791
[2026-03-06 14:45:08] INFO: op →→→→←, 3660
[2026-03-06 14:45:08] INFO: op ←→←←←, 2743
[2026-03-06 14:45:08] INFO: op ←←→←←, 3015
[2026-03-06 14:45:09] INFO: op ←→→←←, 2632
[2026-03-06 14:45:09] INFO: op ←←←→←, 2733
[2026-03-06 14:45:09] INFO: op ←←→→←, 2585
[2026-03-06 14:45:09] INFO: op ←→→→←, 2775
[2026-03-06 14:45:09] INFO: op →←→←←, 2026
[2026-03-06 14:45:09] INFO: op →←←→←, 1964
[2026-03-06 14:45:09] INFO: op →→←→←, 2026
[2026-03-06 14:45:09] INFO: op →←→→←, 1964
[2026-03-06 14:45:09] INFO: op ←→←→←, 1369
[2026-03-06 14:45:09] INFO: [END]
