[2026-03-06 14:42:35] INFO: Logger initialized at log/log454014.log
[2026-03-06 14:42:35] INFO: Test 779th graph in data/list_1775_graphs.g6: L~wGX[VT|^Yv^{
[2026-03-06 14:42:35] INFO: meta data: 
minimum degree >= 6
independent number >= 2
connected
Not regular
[2026-03-06 14:42:35] INFO: Orientation of L~wGX[VT|^Yv^{ with min semidegree 3:
[0 1 0 0 0 0 0 0 0 0 1 1 0]
[0 0 0 0 0 0 0 0 0 1 0 1 1]
[1 1 0 0 0 0 0 0 0 0 1 0 0]
[1 1 1 0 0 0 0 0 0 0 0 0 0]
[1 1 1 0 0 0 0 0 0 0 0 0 0]
[0 0 0 0 1 0 0 0 0 0 0 1 1]
[0 0 0 0 1 1 0 0 0 0 0 0 1]
[0 0 1 0 1 1 1 0 0 0 0 0 0]
[0 0 0 1 0 1 1 1 0 0 0 0 0]
[0 0 0 1 0 1 1 1 1 0 0 0 0]
[0 0 0 0 1 1 1 1 1 0 0 0 0]
[0 0 0 1 0 0 1 0 1 1 1 0 0]
[0 0 1 1 1 0 0 1 1 1 0 0 0]
[2026-03-06 14:42:35] INFO: op ←←←←←, 5439
[2026-03-06 14:42:35] INFO: op →←←←←, 4374
[2026-03-06 14:42:35] INFO: op →→←←←, 4207
[2026-03-06 14:42:35] INFO: op →→→←←, 4207
[2026-03-06 14:42:36] INFO: op →→→→←, 4374
[2026-03-06 14:42:36] INFO: op ←→←←←, 3600
[2026-03-06 14:42:36] INFO: op ←←→←←, 3555
[2026-03-06 14:42:36] INFO: op ←→→←←, 3380
[2026-03-06 14:42:36] INFO: op ←←←→←, 3538
[2026-03-06 14:42:36] INFO: op ←←→→←, 3431
[2026-03-06 14:42:36] INFO: op ←→→→←, 3472
[2026-03-06 14:42:36] INFO: op →←→←←, 2602
[2026-03-06 14:42:36] INFO: op →←←→←, 2834
[2026-03-06 14:42:37] INFO: op →→←→←, 2602
[2026-03-06 14:42:37] INFO: op →←→→←, 2834
[2026-03-06 14:42:37] INFO: op ←→←→←, 2339
[2026-03-06 14:42:37] INFO: [END]
