[2026-03-06 14:43:23] INFO: Logger initialized at log/log456568.log
[2026-03-06 14:43:24] INFO: Test 838th graph in data/list_1775_graphs.g6: LtPLaW~njz]Xrt
[2026-03-06 14:43:24] INFO: meta data: 
minimum degree >= 6
independent number >= 2
connected
Not regular
[2026-03-06 14:43:24] INFO: Orientation of LtPLaW~njz]Xrt with min semidegree 3:
[0 0 0 0 0 0 0 0 0 1 0 1 1]
[1 0 0 0 0 0 0 0 0 0 1 1 0]
[1 0 0 0 0 0 0 0 1 1 0 0 0]
[1 0 1 0 0 0 0 0 0 0 1 0 0]
[0 1 0 0 0 0 0 0 1 0 0 0 1]
[0 1 0 0 1 0 0 0 0 0 0 0 1]
[1 0 1 1 0 0 0 0 0 0 0 0 0]
[0 1 0 0 1 1 0 0 0 0 0 0 0]
[0 0 0 1 0 1 1 1 0 0 0 0 0]
[0 0 0 1 1 1 1 0 1 0 0 0 0]
[0 0 1 0 1 1 0 1 1 0 0 0 0]
[0 0 1 1 0 0 1 1 0 0 1 0 0]
[0 1 0 0 0 0 1 1 0 1 0 1 0]
[2026-03-06 14:43:24] INFO: op ←←←←←, 4381
[2026-03-06 14:43:24] INFO: op →←←←←, 3356
[2026-03-06 14:43:24] INFO: op →→←←←, 3368
[2026-03-06 14:43:24] INFO: op →→→←←, 3368
[2026-03-06 14:43:24] INFO: op →→→→←, 3356
[2026-03-06 14:43:24] INFO: op ←→←←←, 2707
[2026-03-06 14:43:24] INFO: op ←←→←←, 2730
[2026-03-06 14:43:24] INFO: op ←→→←←, 2788
[2026-03-06 14:43:24] INFO: op ←←←→←, 2644
[2026-03-06 14:43:25] INFO: op ←←→→←, 2803
[2026-03-06 14:43:25] INFO: op ←→→→←, 2633
[2026-03-06 14:43:25] INFO: op →←→←←, 2005
[2026-03-06 14:43:25] INFO: op →←←→←, 2138
[2026-03-06 14:43:25] INFO: op →→←→←, 2005
[2026-03-06 14:43:25] INFO: op →←→→←, 2138
[2026-03-06 14:43:25] INFO: op ←→←→←, 1690
[2026-03-06 14:43:25] INFO: [END]
