[2026-03-06 14:43:09] INFO: Logger initialized at log/log455741.log
[2026-03-06 14:43:09] INFO: Test 819th graph in data/list_1775_graphs.g6: L~?K]\^Nn]Vr^[
[2026-03-06 14:43:09] INFO: meta data: 
minimum degree >= 6
independent number >= 2
connected
Not regular
[2026-03-06 14:43:09] INFO: Orientation of L~?K]\^Nn]Vr^[ with min semidegree 3:
[0 1 0 0 0 0 0 0 0 0 1 1 0]
[0 0 0 0 0 0 0 0 1 0 1 0 1]
[1 1 0 0 0 0 0 0 0 1 0 0 0]
[1 1 1 0 0 0 0 0 0 0 0 0 0]
[0 0 0 0 0 0 0 1 0 0 0 1 1]
[0 0 0 0 1 0 0 0 0 0 0 1 1]
[1 0 0 0 1 1 0 0 0 0 0 0 0]
[1 1 0 0 0 1 1 0 0 0 0 0 0]
[0 0 0 1 1 1 1 1 0 0 0 0 0]
[0 0 0 1 1 1 1 0 1 0 0 0 0]
[0 0 1 0 1 1 1 1 0 0 0 0 0]
[0 0 1 1 0 0 1 0 0 1 1 0 0]
[0 0 1 1 0 0 0 1 1 1 0 0 0]
[2026-03-06 14:43:09] INFO: op ←←←←←, 4998
[2026-03-06 14:43:09] INFO: op →←←←←, 4117
[2026-03-06 14:43:09] INFO: op →→←←←, 4169
[2026-03-06 14:43:09] INFO: op →→→←←, 4169
[2026-03-06 14:43:09] INFO: op →→→→←, 4117
[2026-03-06 14:43:10] INFO: op ←→←←←, 3483
[2026-03-06 14:43:10] INFO: op ←←→←←, 3513
[2026-03-06 14:43:10] INFO: op ←→→←←, 3562
[2026-03-06 14:43:10] INFO: op ←←←→←, 3443
[2026-03-06 14:43:10] INFO: op ←←→→←, 3550
[2026-03-06 14:43:10] INFO: op ←→→→←, 3328
[2026-03-06 14:43:10] INFO: op →←→←←, 2892
[2026-03-06 14:43:10] INFO: op →←←→←, 2855
[2026-03-06 14:43:10] INFO: op →→←→←, 2892
[2026-03-06 14:43:10] INFO: op →←→→←, 2855
[2026-03-06 14:43:11] INFO: op ←→←→←, 2583
[2026-03-06 14:43:11] INFO: [END]
