[2026-03-07 10:27:14] INFO: Logger initialized at log/log588878.log
[2026-03-07 10:27:14] INFO: Test 1662th graph in data/list_1775_graphs.g6: l??????????????????????????????????????????????????_@{Fo?}Bs?N_{_@{Fa??N}C??^{C??^{A??N}?^}???B~o???N~????^}????^@{???N_}???BwN_???^@{????BwN_???Fo^????Fo^????BwN_???
[2026-03-07 10:27:14] INFO: meta data: 
minimum degree >= 6
independent number >= 2
connected
Not regular
[2026-03-07 10:27:14] INFO: Orientation of l??????????????????????????????????????????????????_@{Fo?}Bs?N_{_@{Fa??N}C??^{C??^{A??N}?^}???B~o???N~????^}????^@{???N_}???BwN_???^@{????BwN_???Fo^????Fo^????BwN_??? with min semidegree 4:
[0 0 0 0 0 0 0 0 0 0 0 0 0 0 0 0 0 0 0 0 0 0 0 0 0 1 1 1 0 0 0 0 1 0 0 0 0 0 0 0 0 0 0 0 0]
[0 0 0 0 0 0 0 0 0 0 0 0 0 0 0 0 0 0 0 0 0 0 0 0 0 0 0 0 0 0 0 0 0 1 1 1 1 0 0 0 0 0 0 0 0]
[0 0 0 0 0 0 0 0 0 0 0 0 0 0 0 0 0 0 0 0 0 0 0 0 0 0 0 0 0 0 0 0 0 1 1 1 1 0 0 0 0 0 0 0 0]
[0 0 0 0 0 0 0 0 0 0 0 0 0 0 0 0 0 0 0 0 0 0 0 0 0 0 0 0 0 0 0 0 0 1 1 1 1 0 0 0 0 0 0 0 0]
[0 0 0 0 0 0 0 0 0 0 0 0 0 0 0 0 0 0 0 0 0 0 0 0 0 0 0 0 0 0 0 0 0 1 1 1 1 0 0 0 0 0 0 0 0]
[0 0 0 0 0 0 0 0 0 0 0 0 0 0 0 0 0 0 0 0 0 0 0 0 0 0 0 0 0 0 0 0 0 0 0 0 0 1 1 1 1 0 0 0 0]
[0 0 0 0 0 0 0 0 0 0 0 0 0 0 0 0 0 0 0 0 0 0 0 0 0 0 0 0 0 0 0 0 0 0 0 0 0 0 0 0 0 1 1 1 1]
[0 0 0 0 0 0 0 0 0 0 0 0 0 0 0 0 0 0 0 0 0 0 0 0 0 0 0 0 0 0 0 0 0 0 0 0 0 0 0 0 0 1 1 1 1]
[0 0 0 0 0 0 0 0 0 0 0 0 0 0 0 0 0 0 0 0 0 0 0 0 0 0 0 0 0 0 0 0 0 0 0 0 0 0 0 0 0 1 1 1 1]
[0 0 0 0 0 0 0 0 0 0 0 0 0 0 0 0 0 0 0 0 0 0 0 0 0 0 0 0 0 0 0 0 0 0 0 0 0 0 0 0 0 1 1 1 1]
[0 0 0 0 0 0 0 0 0 0 0 0 0 0 0 0 0 0 0 0 0 0 0 0 0 0 0 0 0 0 0 0 0 1 1 1 1 0 0 0 0 0 0 0 0]
[0 0 0 0 0 0 0 0 0 0 0 0 0 0 0 0 0 0 0 0 0 0 0 0 0 0 0 0 0 0 0 0 0 0 0 0 0 1 1 1 1 0 0 0 0]
[0 0 0 0 0 0 0 0 0 0 0 0 0 0 0 0 0 0 0 0 0 0 0 0 0 0 0 0 0 0 0 0 0 0 0 0 0 1 1 1 1 0 0 0 0]
[0 0 0 0 0 0 0 0 0 0 0 0 0 0 0 0 0 0 0 0 0 0 0 0 0 0 0 0 0 0 0 0 0 0 0 0 0 1 1 1 1 0 0 0 0]
[0 0 0 0 0 0 0 0 0 0 0 0 0 0 0 0 0 0 0 0 0 0 0 0 0 1 1 1 1 0 0 0 0 0 0 0 0 0 0 0 0 0 0 0 0]
[0 0 0 0 0 0 0 0 0 0 0 0 0 0 0 0 0 0 0 0 0 0 0 0 0 1 1 1 1 0 0 0 0 0 0 0 0 0 0 0 0 0 0 0 0]
[0 0 0 0 0 0 0 0 0 0 0 0 0 0 0 0 0 0 0 0 0 0 0 0 0 0 0 0 0 1 1 1 1 0 0 0 0 0 0 0 0 0 0 0 0]
[0 0 0 0 0 0 0 0 0 0 0 0 0 0 0 0 0 0 0 0 0 0 0 0 0 0 0 0 0 1 1 1 1 0 0 0 0 0 0 0 0 0 0 0 0]
[0 0 0 0 0 0 0 0 0 0 0 0 0 0 0 0 0 0 0 0 0 0 0 0 0 0 0 0 0 1 1 1 1 0 0 0 0 0 0 0 0 0 0 0 0]
[0 0 0 0 0 0 0 0 0 0 0 0 0 0 0 0 0 0 0 0 0 0 0 0 0 0 0 0 0 1 1 1 1 0 0 0 0 0 0 0 0 0 0 0 0]
[0 0 0 0 0 0 0 0 0 0 0 0 0 0 0 0 0 0 0 0 0 0 0 0 0 0 0 0 0 0 0 0 1 0 0 0 0 0 0 0 0 1 1 1 0]
[0 0 0 0 0 0 0 0 0 0 0 0 0 0 0 0 0 0 0 0 0 0 0 0 0 1 1 1 1 0 0 0 0 0 0 0 0 0 0 0 0 0 0 0 0]
[0 0 0 0 0 0 0 0 0 0 0 0 0 0 0 0 0 0 0 0 0 0 0 0 0 1 1 1 1 0 0 0 0 0 0 0 0 0 0 0 0 0 0 0 0]
[0 0 0 0 0 0 0 0 0 0 0 0 0 0 0 0 0 0 0 0 0 0 0 0 0 1 1 1 1 0 0 0 0 0 0 0 0 0 0 0 0 0 0 0 0]
[0 0 0 0 0 0 0 0 0 0 0 0 0 0 0 0 0 0 0 0 0 0 0 0 0 0 0 0 1 1 1 1 0 0 0 0 0 0 0 0 0 0 0 0 0]
[0 0 0 0 0 0 0 0 0 0 0 1 1 1 0 0 0 0 0 0 0 0 0 0 1 0 0 0 0 0 0 0 0 0 0 0 0 0 0 0 0 0 0 0 0]
[0 0 0 0 0 0 0 0 0 0 0 1 1 1 0 0 0 0 0 0 0 0 0 0 1 0 0 0 0 0 0 0 0 0 0 0 0 0 0 0 0 0 0 0 0]
[0 0 0 0 0 0 0 0 0 0 0 1 1 1 0 0 0 0 0 0 0 0 0 0 1 0 0 0 0 0 0 0 0 0 0 0 0 0 0 0 0 0 0 0 0]
[1 0 0 0 0 0 0 0 0 0 0 1 1 1 0 0 0 0 0 0 0 0 0 0 0 0 0 0 0 0 0 0 0 0 0 0 0 0 0 0 0 0 0 0 0]
[1 0 0 0 0 0 0 0 0 0 0 0 0 0 0 0 0 0 0 0 1 1 1 1 0 0 0 0 0 0 0 0 0 0 0 0 0 0 0 0 0 0 0 0 0]
[1 0 0 0 0 0 0 0 0 0 0 0 0 0 0 0 0 0 0 0 1 1 1 1 0 0 0 0 0 0 0 0 0 0 0 0 0 0 0 0 0 0 0 0 0]
[1 0 0 0 0 0 0 0 0 0 0 0 0 0 0 0 0 0 0 0 1 1 1 1 0 0 0 0 0 0 0 0 0 0 0 0 0 0 0 0 0 0 0 0 0]
[0 0 0 0 0 0 0 0 0 0 0 0 0 0 0 0 0 0 0 0 0 1 1 1 1 0 0 0 0 0 0 0 0 0 0 0 0 0 0 0 0 0 0 0 0]
[0 0 0 0 0 1 1 1 1 1 0 0 0 0 0 0 0 0 0 0 0 0 0 0 0 0 0 0 0 0 0 0 0 0 0 0 0 0 0 0 0 0 0 0 0]
[0 0 0 0 0 1 1 1 1 1 0 0 0 0 0 0 0 0 0 0 0 0 0 0 0 0 0 0 0 0 0 0 0 0 0 0 0 0 0 0 0 0 0 0 0]
[0 0 0 0 0 1 1 1 1 1 0 0 0 0 0 0 0 0 0 0 0 0 0 0 0 0 0 0 0 0 0 0 0 0 0 0 0 0 0 0 0 0 0 0 0]
[0 0 0 0 0 1 1 1 1 1 0 0 0 0 0 0 0 0 0 0 0 0 0 0 0 0 0 0 0 0 0 0 0 0 0 0 0 0 0 0 0 0 0 0 0]
[0 1 1 1 1 0 0 0 0 0 0 0 0 0 1 1 0 0 0 0 0 0 0 0 0 0 0 0 0 0 0 0 0 0 0 0 0 0 0 0 0 0 0 0 0]
[0 1 1 1 1 0 0 0 0 0 0 0 0 0 1 1 0 0 0 0 0 0 0 0 0 0 0 0 0 0 0 0 0 0 0 0 0 0 0 0 0 0 0 0 0]
[0 1 1 1 1 0 0 0 0 0 0 0 0 0 1 1 0 0 0 0 0 0 0 0 0 0 0 0 0 0 0 0 0 0 0 0 0 0 0 0 0 0 0 0 0]
[0 1 1 1 1 0 0 0 0 0 0 0 0 0 1 1 0 0 0 0 0 0 0 0 0 0 0 0 0 0 0 0 0 0 0 0 0 0 0 0 0 0 0 0 0]
[0 0 0 0 0 0 0 0 0 0 1 0 0 0 0 0 1 1 1 1 0 0 0 0 0 0 0 0 0 0 0 0 0 0 0 0 0 0 0 0 0 0 0 0 0]
[0 0 0 0 0 0 0 0 0 0 1 0 0 0 0 0 1 1 1 1 0 0 0 0 0 0 0 0 0 0 0 0 0 0 0 0 0 0 0 0 0 0 0 0 0]
[0 0 0 0 0 0 0 0 0 0 1 0 0 0 0 0 1 1 1 1 0 0 0 0 0 0 0 0 0 0 0 0 0 0 0 0 0 0 0 0 0 0 0 0 0]
[0 0 0 0 0 0 0 0 0 0 1 0 0 0 0 0 1 1 1 1 1 0 0 0 0 0 0 0 0 0 0 0 0 0 0 0 0 0 0 0 0 0 0 0 0]
[2026-03-07 10:27:58] INFO: op ←←←←←←←, 1164755
[2026-03-07 10:28:33] INFO: op →←←←←←←, 916171
[2026-03-07 10:29:02] INFO: op →→←←←←←, 805498
[2026-03-07 10:29:31] INFO: op →→→←←←←, 787940
[2026-03-07 10:30:00] INFO: op →→→→←←←, 787940
[2026-03-07 10:30:30] INFO: op →→→→→←←, 805498
[2026-03-07 10:31:04] INFO: op →→→→→→←, 916171
[2026-03-07 10:31:30] INFO: op ←→←←←←←, 712563
[2026-03-07 10:31:58] INFO: op ←←→←←←←, 725091
[2026-03-07 10:32:19] INFO: op ←→→←←←←, 571969
[2026-03-07 10:32:47] INFO: op ←←←→←←←, 764802
[2026-03-07 10:33:08] INFO: op ←←→→←←←, 531670
[2026-03-07 10:33:30] INFO: op ←→→→←←←, 594378
[2026-03-07 10:33:57] INFO: op ←←←←→←←, 728322
[2026-03-07 10:34:17] INFO: op ←←←→→←←, 528258
[2026-03-07 10:34:36] INFO: op ←←→→→←←, 514683
[2026-03-07 10:35:02] INFO: op ←→→→→←←, 696701
[2026-03-07 10:35:29] INFO: op ←←←←←→←, 714651
[2026-03-07 10:35:50] INFO: op ←←←←→→←, 569088
[2026-03-07 10:36:13] INFO: op ←←←→→→←, 597171
[2026-03-07 10:36:39] INFO: op ←←→→→→←, 698410
[2026-03-07 10:37:06] INFO: op ←→→→→→←, 719271
[2026-03-07 10:37:23] INFO: op →←→←←←←, 458979
[2026-03-07 10:37:41] INFO: op →←←→←←←, 501342
[2026-03-07 10:37:58] INFO: op →→←→←←←, 440973
[2026-03-07 10:38:13] INFO: op →←→→←←←, 406422
[2026-03-07 10:38:37] INFO: op →←←←→←←, 629412
[2026-03-07 10:38:52] INFO: op →→←←→←←, 402264
[2026-03-07 10:39:08] INFO: op →→→←→←←, 440973
[2026-03-07 10:39:20] INFO: op →←←→→←←, 318438
[2026-03-07 10:39:35] INFO: op →→←→→←←, 402264
[2026-03-07 10:39:54] INFO: op →←→→→←←, 504636
[2026-03-07 10:40:16] INFO: op →←←←←→←, 601206
[2026-03-07 10:40:35] INFO: op →→←←←→←, 504636
[2026-03-07 10:40:50] INFO: op →→→←←→←, 406422
[2026-03-07 10:41:07] INFO: op →→→→←→←, 458979
[2026-03-07 10:41:23] INFO: op →←←←→→←, 423048
[2026-03-07 10:41:35] INFO: op →→←←→→←, 318438
[2026-03-07 10:41:54] INFO: op →→→←→→←, 501342
[2026-03-07 10:42:10] INFO: op →←←→→→←, 423048
[2026-03-07 10:42:33] INFO: op →→←→→→←, 629412
[2026-03-07 10:42:56] INFO: op →←→→→→←, 601206
[2026-03-07 10:43:07] INFO: op ←→←→←←←, 306237
[2026-03-07 10:43:22] INFO: op ←→←←→←←, 406680
[2026-03-07 10:43:33] INFO: op ←←→←→←←, 293928
[2026-03-07 10:43:42] INFO: op ←→→←→←←, 242298
[2026-03-07 10:43:51] INFO: op ←→←→→←←, 222726
[2026-03-07 10:44:10] INFO: op ←→←←←→←, 527934
[2026-03-07 10:44:26] INFO: op ←←→←←→←, 407505
[2026-03-07 10:44:35] INFO: op ←→→←←→←, 248802
[2026-03-07 10:44:47] INFO: op ←←←→←→←, 302286
[2026-03-07 10:44:55] INFO: op ←←→→←→←, 220488
[2026-03-07 10:45:10] INFO: op ←→→→←→←, 403965
[2026-03-07 10:45:20] INFO: op ←→←←→→←, 246987
[2026-03-07 10:45:29] INFO: op ←←→←→→←, 240951
[2026-03-07 10:45:41] INFO: op ←→→←→→←, 326100
[2026-03-07 10:45:56] INFO: op ←→←→→→←, 404136
[2026-03-07 10:46:01] INFO: op →←→←→←←, 144093
[2026-03-07 10:46:09] INFO: op →←→←←→←, 202035
[2026-03-07 10:46:15] INFO: op →←←→←→←, 155331
[2026-03-07 10:46:20] INFO: op →→←→←→←, 144093
[2026-03-07 10:46:28] INFO: op →←→→←→←, 202035
[2026-03-07 10:46:34] INFO: op →←→←→→←, 155331
[2026-03-07 10:46:37] INFO: op ←→←→←→←, 75618
[2026-03-07 10:46:37] INFO: [END]
