[2026-03-06 18:54:04] INFO: Logger initialized at log/log572148.log
[2026-03-06 18:54:04] INFO: Test 1184th graph in data/list_1775_graphs.g6: U????????????????????~~~~~v~~f~~b~~o~~{?
[2026-03-06 18:54:04] INFO: meta data: 
minimum degree >= 6
independent number >= 2
connected
Not regular
[2026-03-06 18:54:04] INFO: Orientation of U????????????????????~~~~~v~~f~~b~~o~~{? with min semidegree 3:
[0 0 0 0 0 0 0 0 0 0 0 0 0 0 0 0 1 1 1 0 0 0]
[0 0 0 0 0 0 0 0 0 0 0 0 0 0 0 0 1 1 1 0 0 0]
[0 0 0 0 0 0 0 0 0 0 0 0 0 0 0 0 1 1 1 0 0 0]
[0 0 0 0 0 0 0 0 0 0 0 0 0 0 0 0 0 0 0 1 1 1]
[0 0 0 0 0 0 0 0 0 0 0 0 0 0 0 0 0 0 0 1 1 1]
[0 0 0 0 0 0 0 0 0 0 0 0 0 0 0 0 0 0 0 1 1 1]
[0 0 0 0 0 0 0 0 0 0 0 0 0 0 0 0 1 1 1 0 0 0]
[0 0 0 0 0 0 0 0 0 0 0 0 0 0 0 0 1 1 1 0 0 0]
[0 0 0 0 0 0 0 0 0 0 0 0 0 0 0 0 1 1 1 0 0 0]
[0 0 0 0 0 0 0 0 0 0 0 0 0 0 0 0 1 1 1 0 0 0]
[0 0 0 0 0 0 0 0 0 0 0 0 0 0 0 0 1 1 1 0 0 0]
[0 0 0 0 0 0 0 0 0 0 0 0 0 0 0 0 1 1 1 0 0 0]
[0 0 0 0 0 0 0 0 0 0 0 0 0 0 0 0 1 1 1 0 0 0]
[0 0 0 0 0 0 0 0 0 0 0 0 0 0 0 0 1 1 1 0 0 0]
[0 0 0 0 0 0 0 0 0 0 0 0 0 0 0 0 1 1 1 0 0 0]
[0 0 0 0 0 0 0 0 0 0 0 0 0 0 0 0 1 1 1 0 0 0]
[0 0 0 1 1 1 0 0 0 0 0 0 0 0 0 0 0 0 0 0 0 0]
[0 0 0 1 1 1 0 0 0 0 0 0 0 0 0 0 0 0 0 0 0 0]
[0 0 0 1 1 1 0 0 0 0 0 0 0 0 0 0 0 0 0 0 0 0]
[1 1 1 0 0 0 1 1 1 1 1 1 1 1 1 1 0 0 0 0 0 0]
[1 1 1 0 0 0 1 1 1 1 1 1 1 1 1 1 0 0 0 0 0 0]
[1 1 1 0 0 0 1 1 1 1 1 1 1 1 1 1 0 0 0 0 0 0]
[2026-03-06 18:54:05] INFO: op ←←←←←, 19656
[2026-03-06 18:54:06] INFO: op →←←←←, 19656
[2026-03-06 18:54:07] INFO: op →→←←←, 19656
[2026-03-06 18:54:07] INFO: op →→→←←, 19656
[2026-03-06 18:54:08] INFO: op →→→→←, 19656
[2026-03-06 18:54:09] INFO: op ←→←←←, 19656
[2026-03-06 18:54:09] INFO: op ←←→←←, 19656
[2026-03-06 18:54:10] INFO: op ←→→←←, 34272
[2026-03-06 18:54:11] INFO: op ←←←→←, 19656
[2026-03-06 18:54:12] INFO: op ←←→→←, 34272
[2026-03-06 18:54:13] INFO: op ←→→→←, 19656
[2026-03-06 18:54:14] INFO: op →←→←←, 34272
[2026-03-06 18:54:15] INFO: op →←←→←, 34272
[2026-03-06 18:54:17] INFO: op →→←→←, 34272
[2026-03-06 18:54:18] INFO: op →←→→←, 34272
[2026-03-06 18:54:18] INFO: op ←→←→←, 20664
[2026-03-06 18:54:18] INFO: [END]
