[2026-03-07 14:50:29] INFO: Logger initialized at log/log592693.log
[2026-03-07 14:50:30] INFO: Test 1771th graph in data/list_1775_graphs.g6: LTiZz|}^^~~}~|
[2026-03-07 14:50:30] INFO: meta data: 
minimum degree >= 6
independent number >= 2
connected
Not regular
[2026-03-07 14:50:30] INFO: Orientation of LTiZz|}^^~~}~| with min semidegree 3:
[0 0 0 0 0 0 0 0 0 0 1 1 1]
[0 0 0 0 0 0 0 0 0 0 1 1 1]
[1 0 0 0 0 0 0 0 0 0 1 0 1]
[1 0 1 0 0 0 1 0 0 0 0 0 0]
[1 0 1 0 0 0 1 0 0 0 0 0 0]
[1 0 0 1 1 0 0 0 0 0 0 0 0]
[0 1 1 0 0 1 0 0 0 0 0 0 0]
[0 1 1 1 1 1 1 0 0 0 0 0 0]
[0 1 1 1 1 1 1 0 0 0 0 0 0]
[0 1 1 1 1 1 0 1 1 0 0 0 0]
[0 0 0 1 1 1 1 1 1 1 0 0 0]
[0 0 1 1 1 1 1 1 1 1 0 0 0]
[0 0 0 1 1 1 1 1 1 1 0 1 0]
[2026-03-07 14:50:30] INFO: op ←←←←←, 10409
[2026-03-07 14:50:30] INFO: op →←←←←, 11167
[2026-03-07 14:50:31] INFO: op →→←←←, 11407
[2026-03-07 14:50:31] INFO: op →→→←←, 11407
[2026-03-07 14:50:31] INFO: op →→→→←, 11167
[2026-03-07 14:50:32] INFO: op ←→←←←, 12848
[2026-03-07 14:50:32] INFO: op ←←→←←, 13074
[2026-03-07 14:50:33] INFO: op ←→→←←, 13141
[2026-03-07 14:50:33] INFO: op ←←←→←, 12172
[2026-03-07 14:50:34] INFO: op ←←→→←, 13249
[2026-03-07 14:50:34] INFO: op ←→→→←, 10998
[2026-03-07 14:50:35] INFO: op →←→←←, 14405
[2026-03-07 14:50:35] INFO: op →←←→←, 13235
[2026-03-07 14:50:35] INFO: op →→←→←, 14405
[2026-03-07 14:50:36] INFO: op →←→→←, 13235
[2026-03-07 14:50:36] INFO: op ←→←→←, 17461
[2026-03-07 14:50:36] INFO: [END]
