[2026-03-06 19:10:49] INFO: Logger initialized at log/log572533.log
[2026-03-06 19:10:49] INFO: Test 1195th graph in data/list_1775_graphs.g6: W????????????????????~f~|nvvnfnvbn|ov~kD~}_N~{?
[2026-03-06 19:10:49] INFO: meta data: 
minimum degree >= 6
independent number >= 2
connected
Not regular
[2026-03-06 19:10:49] INFO: Orientation of W????????????????????~f~|nvvnfnvbn|ov~kD~}_N~{? with min semidegree 3:
[0 0 0 0 0 0 0 0 0 0 0 0 0 0 0 0 1 1 1 0 0 0 0 0]
[0 0 0 0 0 0 0 0 0 0 0 0 0 0 0 0 1 1 1 0 0 0 0 0]
[0 0 0 0 0 0 0 0 0 0 0 0 0 0 0 0 1 1 1 0 0 0 0 0]
[0 0 0 0 0 0 0 0 0 0 0 0 0 0 0 0 0 0 0 1 0 1 1 0]
[0 0 0 0 0 0 0 0 0 0 0 0 0 0 0 0 0 0 0 0 1 1 1 0]
[0 0 0 0 0 0 0 0 0 0 0 0 0 0 0 0 0 0 0 1 1 1 0 0]
[0 0 0 0 0 0 0 0 0 0 0 0 0 0 0 0 0 0 0 1 1 0 1 0]
[0 0 0 0 0 0 0 0 0 0 0 0 0 0 0 0 0 1 1 0 0 0 0 1]
[0 0 0 0 0 0 0 0 0 0 0 0 0 0 0 0 0 1 1 0 0 0 0 1]
[0 0 0 0 0 0 0 0 0 0 0 0 0 0 0 0 1 0 1 0 0 0 0 1]
[0 0 0 0 0 0 0 0 0 0 0 0 0 0 0 0 1 1 0 1 0 0 0 0]
[0 0 0 0 0 0 0 0 0 0 0 0 0 0 0 0 1 1 1 0 0 0 0 0]
[0 0 0 0 0 0 0 0 0 0 0 0 0 0 0 0 1 1 1 0 0 0 0 0]
[0 0 0 0 0 0 0 0 0 0 0 0 0 0 0 0 1 1 1 0 0 0 0 0]
[0 0 0 0 0 0 0 0 0 0 0 0 0 0 0 0 1 1 1 0 0 0 0 0]
[0 0 0 0 0 0 0 0 0 0 0 0 0 0 0 0 1 1 1 0 0 0 0 0]
[0 0 0 1 1 1 1 0 0 0 0 0 0 0 0 0 0 0 0 0 0 0 0 0]
[0 0 0 1 1 1 0 0 0 0 0 0 0 0 0 0 0 0 0 0 0 0 0 0]
[0 0 0 1 1 0 1 0 0 0 0 0 0 0 0 0 0 0 0 0 0 0 0 0]
[1 1 1 0 0 0 0 1 1 1 0 0 1 1 1 1 0 0 0 0 0 0 0 0]
[1 1 1 0 0 0 0 1 1 1 1 1 0 1 1 1 0 0 0 0 0 0 0 0]
[1 1 0 0 0 0 1 1 1 1 1 1 1 0 1 1 0 0 0 0 0 0 0 0]
[1 0 1 0 0 1 0 1 1 1 1 1 1 1 0 1 0 0 0 0 0 0 0 0]
[0 1 1 1 1 1 1 0 0 0 1 1 1 1 1 0 0 0 0 0 0 0 0 0]
[2026-03-06 19:10:50] INFO: op ←←←←←, 29725
[2026-03-06 19:10:51] INFO: op →←←←←, 30882
[2026-03-06 19:10:52] INFO: op →→←←←, 29726
[2026-03-06 19:10:53] INFO: op →→→←←, 29726
[2026-03-06 19:10:54] INFO: op →→→→←, 30882
[2026-03-06 19:10:55] INFO: op ←→←←←, 31852
[2026-03-06 19:10:56] INFO: op ←←→←←, 29536
[2026-03-06 19:10:58] INFO: op ←→→←←, 44186
[2026-03-06 19:10:59] INFO: op ←←←→←, 31271
[2026-03-06 19:11:00] INFO: op ←←→→←, 35297
[2026-03-06 19:11:01] INFO: op ←→→→←, 30943
[2026-03-06 19:11:02] INFO: op →←→←←, 35735
[2026-03-06 19:11:03] INFO: op →←←→←, 41949
[2026-03-06 19:11:05] INFO: op →→←→←, 35735
[2026-03-06 19:11:06] INFO: op →←→→←, 41949
[2026-03-06 19:11:07] INFO: op ←→←→←, 38958
[2026-03-06 19:11:07] INFO: [END]
