[2026-03-06 19:39:08] INFO: Logger initialized at log/log573058.log
[2026-03-06 19:39:08] INFO: Test 1210th graph in data/list_1775_graphs.g6: X????????????????????????????F~~~~~}~~~f~~{^~~o~~~_
[2026-03-06 19:39:08] INFO: meta data: 
minimum degree >= 6
independent number >= 2
connected
Not regular
[2026-03-06 19:39:08] INFO: Orientation of X????????????????????????????F~~~~~}~~~f~~{^~~o~~~_ with min semidegree 3:
[0 0 0 0 0 0 0 0 0 0 0 0 0 0 0 0 0 0 0 1 1 1 0 0 0]
[0 0 0 0 0 0 0 0 0 0 0 0 0 0 0 0 0 0 0 1 1 1 0 0 0]
[0 0 0 0 0 0 0 0 0 0 0 0 0 0 0 0 0 0 0 1 1 1 0 0 0]
[0 0 0 0 0 0 0 0 0 0 0 0 0 0 0 0 0 0 0 0 0 0 1 1 1]
[0 0 0 0 0 0 0 0 0 0 0 0 0 0 0 0 0 0 0 0 0 0 1 1 1]
[0 0 0 0 0 0 0 0 0 0 0 0 0 0 0 0 0 0 0 0 0 0 1 1 1]
[0 0 0 0 0 0 0 0 0 0 0 0 0 0 0 0 0 0 0 1 1 1 0 0 0]
[0 0 0 0 0 0 0 0 0 0 0 0 0 0 0 0 0 0 0 1 1 1 0 0 0]
[0 0 0 0 0 0 0 0 0 0 0 0 0 0 0 0 0 0 0 1 1 1 0 0 0]
[0 0 0 0 0 0 0 0 0 0 0 0 0 0 0 0 0 0 0 1 1 1 0 0 0]
[0 0 0 0 0 0 0 0 0 0 0 0 0 0 0 0 0 0 0 1 1 1 0 0 0]
[0 0 0 0 0 0 0 0 0 0 0 0 0 0 0 0 0 0 0 1 1 1 0 0 0]
[0 0 0 0 0 0 0 0 0 0 0 0 0 0 0 0 0 0 0 1 1 1 0 0 0]
[0 0 0 0 0 0 0 0 0 0 0 0 0 0 0 0 0 0 0 1 1 1 0 0 0]
[0 0 0 0 0 0 0 0 0 0 0 0 0 0 0 0 0 0 0 1 1 1 0 0 0]
[0 0 0 0 0 0 0 0 0 0 0 0 0 0 0 0 0 0 0 1 1 1 0 0 0]
[0 0 0 0 0 0 0 0 0 0 0 0 0 0 0 0 0 0 0 1 1 1 0 0 0]
[0 0 0 0 0 0 0 0 0 0 0 0 0 0 0 0 0 0 0 1 1 1 0 0 0]
[0 0 0 0 0 0 0 0 0 0 0 0 0 0 0 0 0 0 0 1 1 1 0 0 0]
[0 0 0 1 1 1 0 0 0 0 0 0 0 0 0 0 0 0 0 0 0 0 0 0 0]
[0 0 0 1 1 1 0 0 0 0 0 0 0 0 0 0 0 0 0 0 0 0 0 0 0]
[0 0 0 1 1 1 0 0 0 0 0 0 0 0 0 0 0 0 0 0 0 0 0 0 0]
[1 1 1 0 0 0 1 1 1 1 1 1 1 1 1 1 1 1 1 0 0 0 0 0 0]
[1 1 1 0 0 0 1 1 1 1 1 1 1 1 1 1 1 1 1 0 0 0 0 0 0]
[1 1 1 0 0 0 1 1 1 1 1 1 1 1 1 1 1 1 1 0 0 0 0 0 0]
[2026-03-06 19:39:09] INFO: op ←←←←←, 29376
[2026-03-06 19:39:10] INFO: op →←←←←, 29376
[2026-03-06 19:39:11] INFO: op →→←←←, 29376
[2026-03-06 19:39:12] INFO: op →→→←←, 29376
[2026-03-06 19:39:14] INFO: op →→→→←, 29376
[2026-03-06 19:39:15] INFO: op ←→←←←, 29376
[2026-03-06 19:39:16] INFO: op ←←→←←, 29376
[2026-03-06 19:39:18] INFO: op ←→→←←, 65484
[2026-03-06 19:39:19] INFO: op ←←←→←, 29376
[2026-03-06 19:39:21] INFO: op ←←→→←, 65484
[2026-03-06 19:39:23] INFO: op ←→→→←, 29376
[2026-03-06 19:39:25] INFO: op →←→←←, 65484
[2026-03-06 19:39:27] INFO: op →←←→←, 65484
[2026-03-06 19:39:30] INFO: op →→←→←, 65484
[2026-03-06 19:39:32] INFO: op →←→→←, 65484
[2026-03-06 19:39:34] INFO: op ←→←→←, 40392
[2026-03-06 19:39:34] INFO: [END]
