[2026-03-06 18:44:54] INFO: Logger initialized at log/log571728.log
[2026-03-06 18:44:54] INFO: Test 1172th graph in data/list_1775_graphs.g6: T???????????~o~o^wF`w{NBo{?^w?^w?N{?
[2026-03-06 18:44:54] INFO: meta data: 
minimum degree >= 6
independent number >= 2
connected
Not regular
[2026-03-06 18:44:54] INFO: Orientation of T???????????~o~o^wF`w{NBo{?^w?^w?N{? with min semidegree 3:
[0 0 0 0 0 0 0 0 0 0 0 0 1 1 1 0 0 0 0 0 0]
[0 0 0 0 0 0 0 0 0 0 0 0 1 0 0 0 1 1 0 0 0]
[0 0 0 0 0 0 0 0 0 0 0 0 1 0 0 0 1 1 0 0 0]
[0 0 0 0 0 0 0 0 0 0 0 0 0 1 1 1 0 0 0 0 0]
[0 0 0 0 0 0 0 0 0 0 0 0 0 0 0 0 0 0 1 1 1]
[0 0 0 0 0 0 0 0 0 0 0 0 0 0 0 0 0 0 1 1 1]
[0 0 0 0 0 0 0 0 0 0 0 0 0 0 0 0 0 0 1 1 1]
[0 0 0 0 0 0 0 0 0 0 0 0 0 1 1 0 0 0 1 0 0]
[0 0 0 0 0 0 0 0 0 0 0 0 0 0 0 1 1 1 0 0 0]
[0 0 0 0 0 0 0 0 0 0 0 0 0 0 0 1 1 1 0 0 0]
[0 0 0 0 0 0 0 0 0 0 0 0 0 0 0 0 1 0 1 1 0]
[0 0 0 0 0 0 0 0 0 0 0 0 0 0 0 1 0 0 0 1 1]
[0 0 0 1 1 1 1 1 0 0 0 0 0 0 0 0 0 0 0 0 0]
[0 1 1 0 1 1 1 0 0 0 0 0 0 0 0 0 0 0 0 0 0]
[0 1 1 0 1 1 1 0 0 0 0 0 0 0 0 0 0 0 0 0 0]
[1 1 1 0 0 0 0 0 0 0 1 0 0 0 0 0 0 0 0 0 0]
[1 0 0 1 0 0 0 0 0 0 0 1 0 0 0 0 0 0 0 0 0]
[1 0 0 1 0 0 0 0 0 0 1 1 0 0 0 0 0 0 0 0 0]
[0 0 0 0 0 0 0 0 1 1 0 1 0 0 0 0 0 0 0 0 0]
[0 0 0 0 0 0 0 1 1 1 0 0 0 0 0 0 0 0 0 0 0]
[0 0 0 0 0 0 0 1 1 1 1 0 0 0 0 0 0 0 0 0 0]
[2026-03-06 18:44:54] INFO: op ←←←←←, 7914
[2026-03-06 18:44:55] INFO: op →←←←←, 5898
[2026-03-06 18:44:55] INFO: op →→←←←, 5711
[2026-03-06 18:44:55] INFO: op →→→←←, 5711
[2026-03-06 18:44:55] INFO: op →→→→←, 5898
[2026-03-06 18:44:55] INFO: op ←→←←←, 4387
[2026-03-06 18:44:55] INFO: op ←←→←←, 4271
[2026-03-06 18:44:56] INFO: op ←→→←←, 3979
[2026-03-06 18:44:56] INFO: op ←←←→←, 4411
[2026-03-06 18:44:56] INFO: op ←←→→←, 3973
[2026-03-06 18:44:56] INFO: op ←→→→←, 4561
[2026-03-06 18:44:56] INFO: op →←→←←, 2809
[2026-03-06 18:44:56] INFO: op →←←→←, 2834
[2026-03-06 18:44:56] INFO: op →→←→←, 2809
[2026-03-06 18:44:56] INFO: op →←→→←, 2834
[2026-03-06 18:44:56] INFO: op ←→←→←, 1984
[2026-03-06 18:44:56] INFO: [END]
