[2026-03-06 18:34:38] INFO: Logger initialized at log/log571343.log
[2026-03-06 18:34:39] INFO: Test 1161th graph in data/list_1775_graphs.g6: Q???????????~~~~^~f~w~~B~{?
[2026-03-06 18:34:39] INFO: meta data: 
minimum degree >= 6
independent number >= 2
connected
Not regular
[2026-03-06 18:34:39] INFO: Orientation of Q???????????~~~~^~f~w~~B~{? with min semidegree 3:
[0 0 0 0 0 0 0 0 0 0 0 0 1 0 0 0 1 1]
[0 0 0 0 0 0 0 0 0 0 0 0 1 0 0 0 1 1]
[0 0 0 0 0 0 0 0 0 0 0 0 1 0 0 0 1 1]
[0 0 0 0 0 0 0 0 0 0 0 0 0 1 1 1 0 0]
[0 0 0 0 0 0 0 0 0 0 0 0 0 1 1 1 0 0]
[0 0 0 0 0 0 0 0 0 0 0 0 0 1 1 1 0 0]
[0 0 0 0 0 0 0 0 0 0 0 0 1 0 0 0 1 1]
[0 0 0 0 0 0 0 0 0 0 0 0 1 0 0 0 1 1]
[0 0 0 0 0 0 0 0 0 0 0 0 1 0 0 0 1 1]
[0 0 0 0 0 0 0 0 0 0 0 0 1 0 0 0 1 1]
[0 0 0 0 0 0 0 0 0 0 0 0 1 0 0 0 1 1]
[0 0 0 0 0 0 0 0 0 0 0 0 1 0 0 0 1 1]
[0 0 0 1 1 1 0 0 0 0 0 0 0 0 0 0 0 0]
[1 1 1 0 0 0 1 1 1 1 1 1 0 0 0 0 0 0]
[1 1 1 0 0 0 1 1 1 1 1 1 0 0 0 0 0 0]
[1 1 1 0 0 0 1 1 1 1 1 1 0 0 0 0 0 0]
[0 0 0 1 1 1 0 0 0 0 0 0 0 0 0 0 0 0]
[0 0 0 1 1 1 0 0 0 0 0 0 0 0 0 0 0 0]
[2026-03-06 18:34:39] INFO: op ←←←←←, 9720
[2026-03-06 18:34:39] INFO: op →←←←←, 9720
[2026-03-06 18:34:40] INFO: op →→←←←, 9720
[2026-03-06 18:34:40] INFO: op →→→←←, 9720
[2026-03-06 18:34:40] INFO: op →→→→←, 9720
[2026-03-06 18:34:41] INFO: op ←→←←←, 9720
[2026-03-06 18:34:41] INFO: op ←←→←←, 9720
[2026-03-06 18:34:41] INFO: op ←→→←←, 10800
[2026-03-06 18:34:42] INFO: op ←←←→←, 9720
[2026-03-06 18:34:42] INFO: op ←←→→←, 10800
[2026-03-06 18:34:42] INFO: op ←→→→←, 9720
[2026-03-06 18:34:43] INFO: op →←→←←, 10800
[2026-03-06 18:34:43] INFO: op →←←→←, 10800
[2026-03-06 18:34:43] INFO: op →→←→←, 10800
[2026-03-06 18:34:44] INFO: op →←→→←, 10800
[2026-03-06 18:34:44] INFO: op ←→←→←, 6120
[2026-03-06 18:34:44] INFO: [END]
