[2026-03-06 15:16:24] INFO: Logger initialized at log/log503572.log
[2026-03-06 15:16:24] INFO: Test 1000th graph in data/list_1775_graphs.g6: L?B~~z{~Fv~]}{
[2026-03-06 15:16:24] INFO: meta data: 
minimum degree >= 6
independent number >= 2
connected
Not regular
[2026-03-06 15:16:24] INFO: Orientation of L?B~~z{~Fv~]}{ with min semidegree 4:
[0 0 0 0 0 0 1 1 1 1 0 0 0]
[0 0 0 0 0 1 0 0 0 0 1 1 1]
[0 0 0 0 0 0 1 0 0 0 1 1 1]
[0 0 0 0 0 0 0 1 0 0 1 1 1]
[0 0 0 0 0 0 0 0 1 0 1 1 1]
[1 0 1 1 1 0 0 0 0 0 0 0 0]
[0 1 0 1 1 1 0 0 0 0 0 0 0]
[0 1 1 0 1 1 0 0 0 0 0 0 0]
[0 1 1 1 0 1 0 0 0 0 0 0 0]
[0 1 1 1 1 1 0 0 0 0 0 0 0]
[1 0 0 0 0 0 1 1 1 1 0 0 0]
[1 0 0 0 0 0 1 1 1 1 0 0 0]
[1 0 0 0 0 0 1 1 1 1 0 0 0]
[2026-03-06 15:16:28] INFO: op ←←←←←←←, 58458
[2026-03-06 15:16:31] INFO: op →←←←←←←, 49614
[2026-03-06 15:16:34] INFO: op →→←←←←←, 52782
[2026-03-06 15:16:37] INFO: op →→→←←←←, 52452
[2026-03-06 15:16:39] INFO: op →→→→←←←, 52452
[2026-03-06 15:16:41] INFO: op →→→→→←←, 52782
[2026-03-06 15:16:43] INFO: op →→→→→→←, 49614
[2026-03-06 15:16:45] INFO: op ←→←←←←←, 41466
[2026-03-06 15:16:47] INFO: op ←←→←←←←, 45156
[2026-03-06 15:16:48] INFO: op ←→→←←←←, 40530
[2026-03-06 15:16:50] INFO: op ←←←→←←←, 46200
[2026-03-06 15:16:52] INFO: op ←←→→←←←, 47346
[2026-03-06 15:16:54] INFO: op ←→→→←←←, 46434
[2026-03-06 15:16:56] INFO: op ←←←←→←←, 45414
[2026-03-06 15:16:58] INFO: op ←←←→→←←, 46434
[2026-03-06 15:17:00] INFO: op ←←→→→←←, 48918
[2026-03-06 15:17:02] INFO: op ←→→→→←←, 43926
[2026-03-06 15:17:04] INFO: op ←←←←←→←, 41424
[2026-03-06 15:17:06] INFO: op ←←←←→→←, 40116
[2026-03-06 15:17:08] INFO: op ←←←→→→←, 46818
[2026-03-06 15:17:09] INFO: op ←←→→→→←, 43392
[2026-03-06 15:17:11] INFO: op ←→→→→→←, 39216
[2026-03-06 15:17:12] INFO: op →←→←←←←, 29580
[2026-03-06 15:17:14] INFO: op →←←→←←←, 36444
[2026-03-06 15:17:15] INFO: op →→←→←←←, 38598
[2026-03-06 15:17:17] INFO: op →←→→←←←, 38286
[2026-03-06 15:17:19] INFO: op →←←←→←←, 40872
[2026-03-06 15:17:21] INFO: op →→←←→←←, 41130
[2026-03-06 15:17:22] INFO: op →→→←→←←, 38598
[2026-03-06 15:17:24] INFO: op →←←→→←←, 33432
[2026-03-06 15:17:25] INFO: op →→←→→←←, 41130
[2026-03-06 15:17:27] INFO: op →←→→→←←, 40482
[2026-03-06 15:17:28] INFO: op →←←←←→←, 32298
[2026-03-06 15:17:30] INFO: op →→←←←→←, 40482
[2026-03-06 15:17:32] INFO: op →→→←←→←, 38286
[2026-03-06 15:17:33] INFO: op →→→→←→←, 29580
[2026-03-06 15:17:34] INFO: op →←←←→→←, 37176
[2026-03-06 15:17:36] INFO: op →→←←→→←, 33432
[2026-03-06 15:17:37] INFO: op →→→←→→←, 36444
[2026-03-06 15:17:39] INFO: op →←←→→→←, 37176
[2026-03-06 15:17:41] INFO: op →→←→→→←, 40872
[2026-03-06 15:17:42] INFO: op →←→→→→←, 32298
[2026-03-06 15:17:43] INFO: op ←→←→←←←, 24546
[2026-03-06 15:17:45] INFO: op ←→←←→←←, 36306
[2026-03-06 15:17:46] INFO: op ←←→←→←←, 31758
[2026-03-06 15:17:47] INFO: op ←→→←→←←, 28062
[2026-03-06 15:17:48] INFO: op ←→←→→←←, 25122
[2026-03-06 15:17:49] INFO: op ←→←←←→←, 31176
[2026-03-06 15:17:51] INFO: op ←←→←←→←, 35808
[2026-03-06 15:17:52] INFO: op ←→→←←→←, 26316
[2026-03-06 15:17:53] INFO: op ←←←→←→←, 24972
[2026-03-06 15:17:54] INFO: op ←←→→←→←, 25230
[2026-03-06 15:17:56] INFO: op ←→→→←→←, 30384
[2026-03-06 15:17:57] INFO: op ←→←←→→←, 26430
[2026-03-06 15:17:58] INFO: op ←←→←→→←, 28752
[2026-03-06 15:17:59] INFO: op ←→→←→→←, 33012
[2026-03-06 15:18:01] INFO: op ←→←→→→←, 30660
[2026-03-06 15:18:01] INFO: op →←→←→←←, 17886
[2026-03-06 15:18:02] INFO: op →←→←←→←, 23484
[2026-03-06 15:18:03] INFO: op →←←→←→←, 19944
[2026-03-06 15:18:04] INFO: op →→←→←→←, 17886
[2026-03-06 15:18:05] INFO: op →←→→←→←, 23484
[2026-03-06 15:18:06] INFO: op →←→←→→←, 19944
[2026-03-06 15:18:06] INFO: op ←→←→←→←, 10434
[2026-03-06 15:18:06] INFO: [END]
