[2026-03-06 21:03:24] INFO: Logger initialized at log/log575018.log
[2026-03-06 21:03:24] INFO: Test 1266th graph in data/list_1775_graphs.g6: ]?????????????????????????F~wF~wB~{?~~?FwFw^_^_~?~?~?~??^~_?F~w??~~??B~{??
[2026-03-06 21:03:24] INFO: meta data: 
minimum degree >= 6
independent number >= 2
connected
Not regular
[2026-03-06 21:03:24] INFO: Orientation of ]?????????????????????????F~wF~wB~{?~~?FwFw^_^_~?~?~?~??^~_?F~w??~~??B~{?? with min semidegree 4:
[0 0 0 0 0 0 0 0 0 0 0 0 0 0 0 0 0 0 1 1 1 1 0 0 0 0 0 0 0 0]
[0 0 0 0 0 0 0 0 0 0 0 0 0 0 0 0 0 0 1 1 1 1 0 0 0 0 0 0 0 0]
[0 0 0 0 0 0 0 0 0 0 0 0 0 0 0 0 0 0 1 1 1 1 0 0 0 0 0 0 0 0]
[0 0 0 0 0 0 0 0 0 0 0 0 0 0 0 0 0 0 1 1 1 1 0 0 0 0 0 0 0 0]
[0 0 0 0 0 0 0 0 0 0 0 0 0 0 0 0 0 0 0 0 0 0 1 1 1 1 0 0 0 0]
[0 0 0 0 0 0 0 0 0 0 0 0 0 0 0 0 0 0 0 0 0 0 1 1 1 1 0 0 0 0]
[0 0 0 0 0 0 0 0 0 0 0 0 0 0 0 0 0 0 0 0 0 0 0 0 0 0 1 1 1 1]
[0 0 0 0 0 0 0 0 0 0 0 0 0 0 0 0 0 0 0 0 0 0 0 0 0 0 1 1 1 1]
[0 0 0 0 0 0 0 0 0 0 0 0 0 0 0 0 0 0 0 0 0 0 0 0 0 0 1 1 1 1]
[0 0 0 0 0 0 0 0 0 0 0 0 0 0 0 0 0 0 0 0 0 0 0 0 0 0 1 1 1 1]
[0 0 0 0 0 0 0 0 0 0 0 0 0 0 0 0 0 0 1 1 1 1 0 0 0 0 0 0 0 0]
[0 0 0 0 0 0 0 0 0 0 0 0 0 0 0 0 0 0 1 1 1 1 0 0 0 0 0 0 0 0]
[0 0 0 0 0 0 0 0 0 0 0 0 0 0 0 0 0 0 0 0 0 0 1 1 1 1 0 0 0 0]
[0 0 0 0 0 0 0 0 0 0 0 0 0 0 0 0 0 0 0 0 0 0 1 1 1 1 0 0 0 0]
[0 0 0 0 0 0 0 0 0 0 0 0 0 0 0 0 0 0 0 0 0 0 1 1 1 1 0 0 0 0]
[0 0 0 0 0 0 0 0 0 0 0 0 0 0 0 0 0 0 0 0 0 0 1 1 1 1 0 0 0 0]
[0 0 0 0 0 0 0 0 0 0 0 0 0 0 0 0 0 0 0 0 0 0 1 1 1 1 0 0 0 0]
[0 0 0 0 0 0 0 0 0 0 0 0 0 0 0 0 0 0 0 0 0 0 1 1 1 1 0 0 0 0]
[0 0 0 0 1 1 1 1 1 1 0 0 0 0 0 0 0 0 0 0 0 0 0 0 0 0 0 0 0 0]
[0 0 0 0 1 1 1 1 1 1 0 0 0 0 0 0 0 0 0 0 0 0 0 0 0 0 0 0 0 0]
[0 0 0 0 1 1 1 1 1 1 0 0 0 0 0 0 0 0 0 0 0 0 0 0 0 0 0 0 0 0]
[0 0 0 0 1 1 1 1 1 1 0 0 0 0 0 0 0 0 0 0 0 0 0 0 0 0 0 0 0 0]
[1 1 1 1 0 0 0 0 0 0 0 0 0 0 0 0 0 0 0 0 0 0 0 0 0 0 0 0 0 0]
[1 1 1 1 0 0 0 0 0 0 0 0 0 0 0 0 0 0 0 0 0 0 0 0 0 0 0 0 0 0]
[1 1 1 1 0 0 0 0 0 0 0 0 0 0 0 0 0 0 0 0 0 0 0 0 0 0 0 0 0 0]
[1 1 1 1 0 0 0 0 0 0 0 0 0 0 0 0 0 0 0 0 0 0 0 0 0 0 0 0 0 0]
[0 0 0 0 0 0 0 0 0 0 1 1 1 1 1 1 1 1 0 0 0 0 0 0 0 0 0 0 0 0]
[0 0 0 0 0 0 0 0 0 0 1 1 1 1 1 1 1 1 0 0 0 0 0 0 0 0 0 0 0 0]
[0 0 0 0 0 0 0 0 0 0 1 1 1 1 1 1 1 1 0 0 0 0 0 0 0 0 0 0 0 0]
[0 0 0 0 0 0 0 0 0 0 1 1 1 1 1 1 1 1 0 0 0 0 0 0 0 0 0 0 0 0]
[2026-03-06 21:04:03] INFO: op ←←←←←←←, 998400
[2026-03-06 21:04:41] INFO: op →←←←←←←, 950784
[2026-03-06 21:05:18] INFO: op →→←←←←←, 938496
[2026-03-06 21:05:53] INFO: op →→→←←←←, 899328
[2026-03-06 21:06:27] INFO: op →→→→←←←, 899328
[2026-03-06 21:07:02] INFO: op →→→→→←←, 938496
[2026-03-06 21:07:38] INFO: op →→→→→→←, 950784
[2026-03-06 21:08:13] INFO: op ←→←←←←←, 890880
[2026-03-06 21:08:49] INFO: op ←←→←←←←, 907776
[2026-03-06 21:09:17] INFO: op ←→→←←←←, 714240
[2026-03-06 21:09:53] INFO: op ←←←→←←←, 930816
[2026-03-06 21:10:19] INFO: op ←←→→←←←, 649344
[2026-03-06 21:10:48] INFO: op ←→→→←←←, 748032
[2026-03-06 21:11:23] INFO: op ←←←←→←←, 907776
[2026-03-06 21:11:49] INFO: op ←←←→→←←, 649344
[2026-03-06 21:12:14] INFO: op ←←→→→←←, 675840
[2026-03-06 21:12:48] INFO: op ←→→→→←←, 867072
[2026-03-06 21:13:22] INFO: op ←←←←←→←, 890880
[2026-03-06 21:13:50] INFO: op ←←←←→→←, 714240
[2026-03-06 21:14:20] INFO: op ←←←→→→←, 748032
[2026-03-06 21:14:54] INFO: op ←←→→→→←, 867072
[2026-03-06 21:15:29] INFO: op ←→→→→→←, 897024
[2026-03-06 21:15:55] INFO: op →←→←←←←, 658944
[2026-03-06 21:16:21] INFO: op →←←→←←←, 678912
[2026-03-06 21:16:45] INFO: op →→←→←←←, 622080
[2026-03-06 21:17:07] INFO: op →←→→←←←, 565248
[2026-03-06 21:17:39] INFO: op →←←←→←←, 824064
[2026-03-06 21:18:01] INFO: op →→←←→←←, 554496
[2026-03-06 21:18:25] INFO: op →→→←→←←, 622080
[2026-03-06 21:18:43] INFO: op →←←→→←←, 467424
[2026-03-06 21:19:05] INFO: op →→←→→←←, 554496
[2026-03-06 21:19:32] INFO: op →←→→→←←, 689664
[2026-03-06 21:20:03] INFO: op →←←←←→←, 817920
[2026-03-06 21:20:30] INFO: op →→←←←→←, 689664
[2026-03-06 21:20:52] INFO: op →→→←←→←, 565248
[2026-03-06 21:21:17] INFO: op →→→→←→←, 658944
[2026-03-06 21:21:40] INFO: op →←←←→→←, 579840
[2026-03-06 21:21:58] INFO: op →→←←→→←, 467424
[2026-03-06 21:22:24] INFO: op →→→←→→←, 678912
[2026-03-06 21:22:47] INFO: op →←←→→→←, 579840
[2026-03-06 21:23:19] INFO: op →→←→→→←, 824064
[2026-03-06 21:23:50] INFO: op →←→→→→←, 817920
[2026-03-06 21:24:08] INFO: op ←→←→←←←, 452352
[2026-03-06 21:24:30] INFO: op ←→←←→←←, 562176
[2026-03-06 21:24:46] INFO: op ←←→←→←←, 433152
[2026-03-06 21:25:03] INFO: op ←→→←→←←, 434016
[2026-03-06 21:25:18] INFO: op ←→←→→←←, 381312
[2026-03-06 21:25:46] INFO: op ←→←←←→←, 726912
[2026-03-06 21:26:08] INFO: op ←←→←←→←, 562176
[2026-03-06 21:26:23] INFO: op ←→→←←→←, 390528
[2026-03-06 21:26:40] INFO: op ←←←→←→←, 452352
[2026-03-06 21:26:55] INFO: op ←←→→←→←, 381312
[2026-03-06 21:27:18] INFO: op ←→→→←→←, 595968
[2026-03-06 21:27:34] INFO: op ←→←←→→←, 390528
[2026-03-06 21:27:51] INFO: op ←←→←→→←, 434016
[2026-03-06 21:28:09] INFO: op ←→→←→→←, 462336
[2026-03-06 21:28:32] INFO: op ←→←→→→←, 595968
[2026-03-06 21:28:42] INFO: op →←→←→←←, 252288
[2026-03-06 21:28:56] INFO: op →←→←←→←, 382176
[2026-03-06 21:29:07] INFO: op →←←→←→←, 273024
[2026-03-06 21:29:16] INFO: op →→←→←→←, 252288
[2026-03-06 21:29:31] INFO: op →←→→←→←, 382176
[2026-03-06 21:29:41] INFO: op →←→←→→←, 273024
[2026-03-06 21:29:45] INFO: op ←→←→←→←, 99072
[2026-03-06 21:29:45] INFO: [END]
