[2026-03-06 18:30:53] INFO: Logger initialized at log/log570923.log
[2026-03-06 18:30:53] INFO: Test 1149th graph in data/list_1775_graphs.g6: H}hX~~~
[2026-03-06 18:30:53] INFO: meta data: 
minimum degree >= 6
independent number >= 2
connected
Not regular
[2026-03-06 18:30:53] INFO: Orientation of H}hX~~~ with min semidegree 3:
[0 0 1 0 0 0 0 1 1]
[1 0 0 0 0 0 0 1 1]
[0 1 0 0 0 0 1 1 0]
[1 1 0 0 0 0 0 0 1]
[1 0 1 0 0 0 0 1 0]
[0 1 0 1 1 0 0 0 0]
[0 0 0 1 1 1 0 0 0]
[0 0 0 1 0 1 1 0 0]
[0 0 1 0 1 1 1 1 0]
[2026-03-06 18:30:53] INFO: op ←←←←←, 1084
[2026-03-06 18:30:53] INFO: op →←←←←, 792
[2026-03-06 18:30:53] INFO: op →→←←←, 801
[2026-03-06 18:30:53] INFO: op →→→←←, 801
[2026-03-06 18:30:53] INFO: op →→→→←, 792
[2026-03-06 18:30:53] INFO: op ←→←←←, 564
[2026-03-06 18:30:53] INFO: op ←←→←←, 577
[2026-03-06 18:30:53] INFO: op ←→→←←, 557
[2026-03-06 18:30:53] INFO: op ←←←→←, 563
[2026-03-06 18:30:53] INFO: op ←←→→←, 558
[2026-03-06 18:30:54] INFO: op ←→→→←, 591
[2026-03-06 18:30:54] INFO: op →←→←←, 363
[2026-03-06 18:30:54] INFO: op →←←→←, 405
[2026-03-06 18:30:54] INFO: op →→←→←, 363
[2026-03-06 18:30:54] INFO: op →←→→←, 405
[2026-03-06 18:30:54] INFO: op ←→←→←, 241
[2026-03-06 18:30:54] INFO: [END]
