[2026-03-06 15:20:13] INFO: Logger initialized at log/log506310.log
[2026-03-06 15:20:13] INFO: Test 1011th graph in data/list_1775_graphs.g6: S~?GW]A_SGBCEBEDge`BXGeh@iHHaICqc
[2026-03-06 15:20:13] INFO: meta data: 
minimum degree >= 6
independent number >= 2
connected
Not regular
[2026-03-06 15:20:13] INFO: Orientation of S~?GW]A_SGBCEBEDge`BXGeh@iHHaICqc with min semidegree 3:
[0 0 1 0 0 0 0 0 1 1 0 0 0 0 0 0 0 0 0 0]
[1 0 0 0 0 0 0 0 0 0 0 0 0 0 0 0 0 1 0 1]
[0 1 0 0 0 0 0 0 0 0 0 0 0 0 0 1 1 0 0 0]
[1 1 1 0 0 0 0 0 0 0 0 0 0 0 0 0 0 0 0 0]
[0 0 0 0 0 0 1 0 0 0 0 0 1 1 0 0 0 0 0 0]
[0 0 0 0 1 0 0 0 0 0 0 0 0 0 1 0 0 0 1 0]
[0 0 0 0 0 1 0 0 0 0 0 0 0 0 0 0 1 0 0 1]
[0 0 0 0 1 1 1 0 0 0 0 0 0 0 0 0 0 0 0 0]
[0 0 0 0 0 0 1 0 0 0 0 0 0 0 0 1 0 1 0 0]
[0 0 0 0 0 0 0 1 0 0 0 0 0 0 0 0 0 0 1 1]
[1 0 0 0 0 1 0 0 0 0 0 0 0 0 0 0 0 0 0 1]
[0 0 0 1 1 0 0 0 1 0 0 0 0 0 0 0 0 0 0 0]
[0 0 0 1 0 0 0 0 0 0 1 1 0 0 0 0 0 0 0 0]
[0 0 0 1 0 0 0 0 0 1 0 1 1 0 0 0 0 0 0 0]
[0 1 0 0 0 0 0 0 1 1 0 1 0 0 0 0 0 0 0 0]
[0 0 0 0 0 0 0 1 0 0 1 1 0 0 1 0 0 0 0 0]
[0 0 0 0 0 0 0 0 0 1 1 0 1 0 1 0 0 0 0 0]
[0 0 0 0 0 0 0 1 0 0 1 0 1 0 0 0 1 0 0 0]
[0 0 1 0 0 0 0 0 1 0 0 0 0 1 0 0 0 1 0 0]
[0 0 0 0 0 0 0 0 0 0 0 0 0 1 0 1 0 0 1 0]
[2026-03-06 15:20:14] INFO: op ←←←←←, 5779
[2026-03-06 15:20:14] INFO: op →←←←←, 4166
[2026-03-06 15:20:14] INFO: op →→←←←, 4179
[2026-03-06 15:20:14] INFO: op →→→←←, 4179
[2026-03-06 15:20:14] INFO: op →→→→←, 4166
[2026-03-06 15:20:15] INFO: op ←→←←←, 3024
[2026-03-06 15:20:15] INFO: op ←←→←←, 2986
[2026-03-06 15:20:15] INFO: op ←→→←←, 2980
[2026-03-06 15:20:15] INFO: op ←←←→←, 3002
[2026-03-06 15:20:15] INFO: op ←←→→←, 3017
[2026-03-06 15:20:15] INFO: op ←→→→←, 2992
[2026-03-06 15:20:16] INFO: op →←→←←, 2140
[2026-03-06 15:20:16] INFO: op →←←→←, 2177
[2026-03-06 15:20:16] INFO: op →→←→←, 2140
[2026-03-06 15:20:16] INFO: op →←→→←, 2177
[2026-03-06 15:20:16] INFO: op ←→←→←, 1532
[2026-03-06 15:20:16] INFO: [END]
