[2026-03-06 18:46:46] INFO: Logger initialized at log/log571868.log
[2026-03-06 18:46:46] INFO: Test 1176th graph in data/list_1775_graphs.g6: T???????????~~~~^~f~w~~B~{F~wF~wB~{?
[2026-03-06 18:46:46] INFO: meta data: 
minimum degree >= 6
independent number >= 2
connected
Not regular
[2026-03-06 18:46:46] INFO: Orientation of T???????????~~~~^~f~w~~B~{F~wF~wB~{? with min semidegree 4:
[0 0 0 0 0 0 0 0 0 0 0 0 0 0 0 0 1 1 1 1 0]
[0 0 0 0 0 0 0 0 0 0 0 0 0 0 0 0 1 1 1 1 0]
[0 0 0 0 0 0 0 0 0 0 0 0 0 0 0 0 1 1 1 1 0]
[0 0 0 0 0 0 0 0 0 0 0 0 0 0 0 0 1 1 1 1 0]
[0 0 0 0 0 0 0 0 0 0 0 0 1 1 1 0 0 0 0 0 1]
[0 0 0 0 0 0 0 0 0 0 0 0 1 1 1 0 0 0 0 0 1]
[0 0 0 0 0 0 0 0 0 0 0 0 1 1 1 0 0 0 0 0 1]
[0 0 0 0 0 0 0 0 0 0 0 0 1 1 1 0 0 0 0 0 1]
[0 0 0 0 0 0 0 0 0 0 0 0 0 0 0 1 1 1 1 0 0]
[0 0 0 0 0 0 0 0 0 0 0 0 0 0 0 1 1 1 1 0 0]
[0 0 0 0 0 0 0 0 0 0 0 0 0 0 0 1 1 1 1 0 0]
[0 0 0 0 0 0 0 0 0 0 0 0 0 0 0 1 1 1 1 0 0]
[1 1 1 1 0 0 0 0 1 1 1 1 0 0 0 0 0 0 0 0 0]
[1 1 1 1 0 0 0 0 1 1 1 1 0 0 0 0 0 0 0 0 0]
[1 1 1 1 0 0 0 0 1 1 1 1 0 0 0 0 0 0 0 0 0]
[1 1 1 1 1 1 1 1 0 0 0 0 0 0 0 0 0 0 0 0 0]
[0 0 0 0 1 1 1 1 0 0 0 0 0 0 0 0 0 0 0 0 0]
[0 0 0 0 1 1 1 1 0 0 0 0 0 0 0 0 0 0 0 0 0]
[0 0 0 0 1 1 1 1 0 0 0 0 0 0 0 0 0 0 0 0 0]
[0 0 0 0 1 1 1 1 1 1 1 1 0 0 0 0 0 0 0 0 0]
[1 1 1 1 0 0 0 0 1 1 1 1 0 0 0 0 0 0 0 0 0]
[2026-03-06 18:47:13] INFO: op ←←←←←←←, 663552
[2026-03-06 18:47:37] INFO: op →←←←←←←, 611712
[2026-03-06 18:48:01] INFO: op →→←←←←←, 609408
[2026-03-06 18:48:28] INFO: op →→→←←←←, 673920
[2026-03-06 18:48:55] INFO: op →→→→←←←, 673920
[2026-03-06 18:49:19] INFO: op →→→→→←←, 609408
[2026-03-06 18:49:43] INFO: op →→→→→→←, 611712
[2026-03-06 18:50:07] INFO: op ←→←←←←←, 577728
[2026-03-06 18:50:31] INFO: op ←←→←←←←, 619776
[2026-03-06 18:50:55] INFO: op ←→→←←←←, 597888
[2026-03-06 18:51:24] INFO: op ←←←→←←←, 703296
[2026-03-06 18:51:46] INFO: op ←←→→←←←, 558720
[2026-03-06 18:52:12] INFO: op ←→→→←←←, 651456
[2026-03-06 18:52:36] INFO: op ←←←←→←←, 619776
[2026-03-06 18:53:01] INFO: op ←←←→→←←, 610560
[2026-03-06 18:53:23] INFO: op ←←→→→←←, 548352
[2026-03-06 18:53:49] INFO: op ←→→→→←←, 662400
[2026-03-06 18:54:12] INFO: op ←←←←←→←, 577728
[2026-03-06 18:54:35] INFO: op ←←←←→→←, 578880
[2026-03-06 18:55:00] INFO: op ←←←→→→←, 618624
[2026-03-06 18:55:25] INFO: op ←←→→→→←, 643392
[2026-03-06 18:55:48] INFO: op ←→→→→→←, 575424
[2026-03-06 18:56:10] INFO: op →←→←←←←, 544896
[2026-03-06 18:56:35] INFO: op →←←→←←←, 618624
[2026-03-06 18:56:58] INFO: op →→←→←←←, 588096
[2026-03-06 18:57:19] INFO: op →←→→←←←, 536832
[2026-03-06 18:57:45] INFO: op →←←←→←←, 650304
[2026-03-06 18:58:07] INFO: op →→←←→←←, 549504
[2026-03-06 18:58:30] INFO: op →→→←→←←, 588096
[2026-03-06 18:58:48] INFO: op →←←→→←←, 448704
[2026-03-06 18:59:10] INFO: op →→←→→←←, 549504
[2026-03-06 18:59:34] INFO: op →←→→→←←, 600768
[2026-03-06 18:59:58] INFO: op →←←←←→←, 605952
[2026-03-06 19:00:22] INFO: op →→←←←→←, 600768
[2026-03-06 19:00:43] INFO: op →→→←←→←, 536832
[2026-03-06 19:01:05] INFO: op →→→→←→←, 544896
[2026-03-06 19:01:28] INFO: op →←←←→→←, 549504
[2026-03-06 19:01:46] INFO: op →→←←→→←, 448704
[2026-03-06 19:02:11] INFO: op →→→←→→←, 618624
[2026-03-06 19:02:33] INFO: op →←←→→→←, 549504
[2026-03-06 19:02:59] INFO: op →→←→→→←, 650304
[2026-03-06 19:03:24] INFO: op →←→→→→←, 605952
[2026-03-06 19:03:47] INFO: op ←→←→←←←, 567936
[2026-03-06 19:04:10] INFO: op ←→←←→←←, 559872
[2026-03-06 19:04:31] INFO: op ←←→←→←←, 517824
[2026-03-06 19:04:50] INFO: op ←→→←→←←, 469440
[2026-03-06 19:05:10] INFO: op ←→←→→←←, 501120
[2026-03-06 19:05:38] INFO: op ←→←←←→←, 693504
[2026-03-06 19:06:01] INFO: op ←←→←←→←, 559872
[2026-03-06 19:06:21] INFO: op ←→→←←→←, 513792
[2026-03-06 19:06:45] INFO: op ←←←→←→←, 567936
[2026-03-06 19:07:00] INFO: op ←←→→←→←, 381888
[2026-03-06 19:07:25] INFO: op ←→→→←→←, 611136
[2026-03-06 19:07:40] INFO: op ←→←←→→←, 361728
[2026-03-06 19:07:59] INFO: op ←←→←→→←, 488448
[2026-03-06 19:08:19] INFO: op ←→→←→→←, 490752
[2026-03-06 19:08:46] INFO: op ←→←→→→←, 643968
[2026-03-06 19:09:02] INFO: op →←→←→←←, 404928
[2026-03-06 19:09:20] INFO: op →←→←←→←, 442368
[2026-03-06 19:09:38] INFO: op →←←→←→←, 455040
[2026-03-06 19:09:55] INFO: op →→←→←→←, 404928
[2026-03-06 19:10:12] INFO: op →←→→←→←, 442368
[2026-03-06 19:10:31] INFO: op →←→←→→←, 455040
[2026-03-06 19:10:48] INFO: op ←→←→←→←, 407232
[2026-03-06 19:10:48] INFO: [END]
