[2026-03-07 00:47:38] INFO: Logger initialized at log/log578868.log
[2026-03-07 00:47:38] INFO: Test 1376th graph in data/list_1775_graphs.g6: c???????????????????????????????B~o?~{?F~_?^}??}Bw?}Bw?^@{?Fo^??@{Fo?Fo^??N_}??N_}???N~???B~o???^}???@~w??
[2026-03-07 00:47:38] INFO: meta data: 
minimum degree >= 6
independent number >= 2
connected
Not regular
[2026-03-07 00:47:38] INFO: Orientation of c???????????????????????????????B~o?~{?F~_?^}??}Bw?}Bw?^@{?Fo^??@{Fo?Fo^??N_}??N_}???N~???B~o???^}???@~w?? with min semidegree 4:
[0 0 0 0 0 0 0 0 0 0 0 0 0 0 0 0 0 0 0 0 0 0 0 1 0 1 1 1 0 0 0 0 0 0 0 0]
[0 0 0 0 0 0 0 0 0 0 0 0 0 0 0 0 0 0 0 0 0 0 1 0 0 1 1 1 0 0 0 0 0 0 0 0]
[0 0 0 0 0 0 0 0 0 0 0 0 0 0 0 0 0 0 0 0 1 1 1 1 0 0 0 0 0 0 0 0 0 0 0 0]
[0 0 0 0 0 0 0 0 0 0 0 0 0 0 0 0 0 0 0 0 1 1 1 1 0 0 0 0 0 0 0 0 0 0 0 0]
[0 0 0 0 0 0 0 0 0 0 0 0 0 0 0 0 0 0 0 0 0 0 0 0 1 1 1 1 0 0 0 0 0 0 0 0]
[0 0 0 0 0 0 0 0 0 0 0 0 0 0 0 0 0 0 0 0 1 1 0 0 0 0 0 0 0 0 1 1 0 0 0 0]
[0 0 0 0 0 0 0 0 0 0 0 0 0 0 0 0 0 0 0 0 0 0 0 0 0 0 0 0 1 1 1 1 0 0 0 0]
[0 0 0 0 0 0 0 0 0 0 0 0 0 0 0 0 0 0 0 0 0 0 0 0 0 0 0 0 1 1 1 1 0 0 0 0]
[0 0 0 0 0 0 0 0 0 0 0 0 0 0 0 0 0 0 0 0 0 0 0 0 0 0 0 0 1 1 1 1 0 0 0 0]
[0 0 0 0 0 0 0 0 0 0 0 0 0 0 0 0 0 0 0 0 1 1 1 1 0 0 0 0 0 0 0 0 0 0 0 0]
[0 0 0 0 0 0 0 0 0 0 0 0 0 0 0 0 0 0 0 0 0 0 0 0 1 0 0 0 0 0 0 0 0 1 1 1]
[0 0 0 0 0 0 0 0 0 0 0 0 0 0 0 0 0 0 0 0 0 0 0 0 1 0 0 0 0 0 0 0 0 1 1 1]
[0 0 0 0 0 0 0 0 0 0 0 0 0 0 0 0 0 0 0 0 0 0 0 0 0 0 0 0 0 0 0 0 1 1 1 1]
[0 0 0 0 0 0 0 0 0 0 0 0 0 0 0 0 0 0 0 0 0 0 0 0 0 0 0 0 0 0 0 0 1 1 1 1]
[0 0 0 0 0 0 0 0 0 0 0 0 0 0 0 0 0 0 0 0 0 0 0 0 1 1 1 1 0 0 0 0 0 0 0 0]
[0 0 0 0 0 0 0 0 0 0 0 0 0 0 0 0 0 0 0 0 0 0 0 0 0 0 0 0 0 0 0 0 1 1 1 1]
[0 0 0 0 0 0 0 0 0 0 0 0 0 0 0 0 0 0 0 0 0 0 0 0 0 0 0 0 0 0 0 0 1 1 1 1]
[0 0 0 0 0 0 0 0 0 0 0 0 0 0 0 0 0 0 0 0 0 0 0 0 0 0 0 0 1 1 0 1 1 0 0 0]
[0 0 0 0 0 0 0 0 0 0 0 0 0 0 0 0 0 0 0 0 0 0 0 0 0 0 0 0 1 1 1 0 1 0 0 0]
[0 0 0 0 0 0 0 0 0 0 0 0 0 0 0 0 0 0 0 0 0 0 0 0 0 0 0 0 1 1 1 1 0 0 0 0]
[1 1 0 0 1 0 1 1 1 0 0 0 0 0 0 0 0 0 0 0 0 0 0 0 0 0 0 0 0 0 0 0 0 0 0 0]
[1 1 0 0 1 0 1 1 1 0 0 0 0 0 0 0 0 0 0 0 0 0 0 0 0 0 0 0 0 0 0 0 0 0 0 0]
[1 0 0 0 1 1 1 1 1 0 0 0 0 0 0 0 0 0 0 0 0 0 0 0 0 0 0 0 0 0 0 0 0 0 0 0]
[0 1 0 0 1 1 1 1 1 0 0 0 0 0 0 0 0 0 0 0 0 0 0 0 0 0 0 0 0 0 0 0 0 0 0 0]
[1 1 1 1 0 0 0 0 0 0 0 0 1 1 0 0 0 0 0 0 0 0 0 0 0 0 0 0 0 0 0 0 0 0 0 0]
[0 0 1 1 0 0 0 0 0 0 1 1 1 1 0 0 0 0 0 0 0 0 0 0 0 0 0 0 0 0 0 0 0 0 0 0]
[0 0 1 1 0 0 0 0 0 0 1 1 1 1 0 0 0 0 0 0 0 0 0 0 0 0 0 0 0 0 0 0 0 0 0 0]
[0 0 1 1 0 0 0 0 0 0 1 1 1 1 0 0 0 0 0 0 0 0 0 0 0 0 0 0 0 0 0 0 0 0 0 0]
[0 0 0 0 0 1 0 0 0 1 0 0 0 0 0 1 1 0 0 0 0 0 0 0 0 0 0 0 0 0 0 0 0 0 0 0]
[0 0 0 0 0 1 0 0 0 1 0 0 0 0 0 1 1 0 0 0 0 0 0 0 0 0 0 0 0 0 0 0 0 0 0 0]
[0 0 0 0 0 0 0 0 0 1 0 0 0 0 0 1 1 1 0 0 0 0 0 0 0 0 0 0 0 0 0 0 0 0 0 0]
[0 0 0 0 0 0 0 0 0 1 0 0 0 0 0 1 1 0 1 0 0 0 0 0 0 0 0 0 0 0 0 0 0 0 0 0]
[0 0 0 0 0 0 0 0 0 0 1 1 0 0 1 0 0 0 0 1 0 0 0 0 0 0 0 0 0 0 0 0 0 0 0 0]
[0 0 0 0 0 0 0 0 0 0 0 0 0 0 1 0 0 1 1 1 0 0 0 0 0 0 0 0 0 0 0 0 0 0 0 0]
[0 0 0 0 0 0 0 0 0 0 0 0 0 0 1 0 0 1 1 1 0 0 0 0 0 0 0 0 0 0 0 0 0 0 0 0]
[0 0 0 0 0 0 0 0 0 0 0 0 0 0 1 0 0 1 1 1 0 0 0 0 0 0 0 0 0 0 0 0 0 0 0 0]
[2026-03-07 00:48:06] INFO: op ←←←←←←←, 738340
[2026-03-07 00:48:30] INFO: op →←←←←←←, 608570
[2026-03-07 00:48:53] INFO: op →→←←←←←, 604594
[2026-03-07 00:49:17] INFO: op →→→←←←←, 635246
[2026-03-07 00:49:41] INFO: op →→→→←←←, 635246
[2026-03-07 00:50:04] INFO: op →→→→→←←, 604594
[2026-03-07 00:50:27] INFO: op →→→→→→←, 608570
[2026-03-07 00:50:46] INFO: op ←→←←←←←, 480054
[2026-03-07 00:51:04] INFO: op ←←→←←←←, 481148
[2026-03-07 00:51:22] INFO: op ←→→←←←←, 483414
[2026-03-07 00:51:42] INFO: op ←←←→←←←, 510852
[2026-03-07 00:52:00] INFO: op ←←→→←←←, 477000
[2026-03-07 00:52:21] INFO: op ←→→→←←←, 524790
[2026-03-07 00:52:39] INFO: op ←←←←→←←, 481148
[2026-03-07 00:52:58] INFO: op ←←←→→←←, 477000
[2026-03-07 00:53:17] INFO: op ←←→→→←←, 488588
[2026-03-07 00:53:37] INFO: op ←→→→→←←, 541110
[2026-03-07 00:53:56] INFO: op ←←←←←→←, 480054
[2026-03-07 00:54:15] INFO: op ←←←←→→←, 483414
[2026-03-07 00:54:35] INFO: op ←←←→→→←, 524790
[2026-03-07 00:54:56] INFO: op ←←→→→→←, 541110
[2026-03-07 00:55:15] INFO: op ←→→→→→←, 500176
[2026-03-07 00:55:29] INFO: op →←→←←←←, 357208
[2026-03-07 00:55:43] INFO: op →←←→←←←, 372388
[2026-03-07 00:55:57] INFO: op →→←→←←←, 362744
[2026-03-07 00:56:11] INFO: op →←→→←←←, 373634
[2026-03-07 00:56:28] INFO: op →←←←→←←, 435832
[2026-03-07 00:56:42] INFO: op →→←←→←←, 354724
[2026-03-07 00:56:56] INFO: op →→→←→←←, 362744
[2026-03-07 00:57:08] INFO: op →←←→→←←, 334650
[2026-03-07 00:57:22] INFO: op →→←→→←←, 354724
[2026-03-07 00:57:38] INFO: op →←→→→←←, 426132
[2026-03-07 00:57:54] INFO: op →←←←←→←, 423356
[2026-03-07 00:58:10] INFO: op →→←←←→←, 426132
[2026-03-07 00:58:24] INFO: op →→→←←→←, 373634
[2026-03-07 00:58:38] INFO: op →→→→←→←, 357208
[2026-03-07 00:58:53] INFO: op →←←←→→←, 392886
[2026-03-07 00:59:06] INFO: op →→←←→→←, 334650
[2026-03-07 00:59:20] INFO: op →→→←→→←, 372388
[2026-03-07 00:59:35] INFO: op →←←→→→←, 392886
[2026-03-07 00:59:52] INFO: op →→←→→→←, 435832
[2026-03-07 01:00:08] INFO: op →←→→→→←, 423356
[2026-03-07 01:00:18] INFO: op ←→←→←←←, 261618
[2026-03-07 01:00:29] INFO: op ←→←←→←←, 289278
[2026-03-07 01:00:38] INFO: op ←←→←→←←, 238016
[2026-03-07 01:00:47] INFO: op ←→→←→←←, 245874
[2026-03-07 01:00:57] INFO: op ←→←→→←←, 247034
[2026-03-07 01:01:11] INFO: op ←→←←←→←, 375376
[2026-03-07 01:01:22] INFO: op ←←→←←→←, 289278
[2026-03-07 01:01:32] INFO: op ←→→←←→←, 261664
[2026-03-07 01:01:42] INFO: op ←←←→←→←, 261618
[2026-03-07 01:01:52] INFO: op ←←→→←→←, 247034
[2026-03-07 01:02:04] INFO: op ←→→→←→←, 323648
[2026-03-07 01:02:14] INFO: op ←→←←→→←, 261664
[2026-03-07 01:02:24] INFO: op ←←→←→→←, 245874
[2026-03-07 01:02:34] INFO: op ←→→←→→←, 265252
[2026-03-07 01:02:46] INFO: op ←→←→→→←, 323648
[2026-03-07 01:02:53] INFO: op →←→←→←←, 165178
[2026-03-07 01:03:00] INFO: op →←→←←→←, 191780
[2026-03-07 01:03:06] INFO: op →←←→←→←, 168626
[2026-03-07 01:03:13] INFO: op →→←→←→←, 165178
[2026-03-07 01:03:20] INFO: op →←→→←→←, 191780
[2026-03-07 01:03:27] INFO: op →←→←→→←, 168626
[2026-03-07 01:03:31] INFO: op ←→←→←→←, 118240
[2026-03-07 01:03:31] INFO: [END]
