[2026-03-07 14:49:20] INFO: Logger initialized at log/log592658.log
[2026-03-07 14:49:20] INFO: Test 1770th graph in data/list_1775_graphs.g6: W?`@?_G@?C?GqEKUsSyhNii~Kryinxe^}izVrL]yi~Ze\vv
[2026-03-07 14:49:20] INFO: meta data: 
minimum degree >= 6
independent number >= 2
connected
Not regular
[2026-03-07 14:49:20] INFO: Orientation of W?`@?_G@?C?GqEKUsSyhNii~Kryinxe^}izVrL]yi~Ze\vv with min semidegree 3:
[0 0 0 0 0 0 0 0 0 0 0 0 0 0 0 0 1 1 0 0 0 1 0 0]
[0 0 0 0 0 0 0 0 0 0 0 0 0 0 0 0 0 1 1 0 0 0 1 0]
[0 0 0 0 0 0 0 0 0 0 0 0 0 0 0 0 1 0 0 1 0 0 0 1]
[0 0 0 0 0 0 0 0 0 0 0 0 0 0 0 0 0 0 1 0 0 0 1 1]
[1 0 0 0 0 0 0 0 0 0 0 0 0 0 0 0 1 1 0 0 0 0 0 0]
[0 1 0 0 0 0 0 0 0 0 0 0 0 0 0 0 0 1 1 0 0 0 0 0]
[0 0 1 0 0 0 0 0 0 0 0 0 0 0 0 0 1 0 0 0 0 0 0 1]
[0 0 0 1 0 0 0 0 0 0 0 0 0 0 0 0 0 0 1 1 0 0 0 0]
[0 0 0 0 1 0 0 0 0 0 0 0 0 0 0 0 1 1 0 0 0 0 0 0]
[0 0 0 0 0 1 0 0 0 0 0 0 0 0 0 0 0 1 1 0 0 0 0 0]
[0 0 0 0 0 0 1 0 0 0 0 0 0 0 0 0 1 0 0 1 0 0 0 0]
[0 0 0 0 0 0 0 1 0 0 0 0 0 0 0 0 0 0 1 1 0 0 0 0]
[1 1 0 0 1 0 0 0 0 1 1 0 0 0 0 0 0 0 0 0 0 0 0 0]
[0 0 1 1 0 0 0 1 0 1 1 0 1 0 0 0 0 0 0 0 0 0 0 0]
[1 0 1 0 0 0 1 0 1 0 0 1 1 1 0 0 0 0 0 0 0 0 0 0]
[0 1 0 1 0 1 0 0 1 0 0 1 1 1 1 0 0 0 0 0 0 0 0 0]
[0 0 0 0 0 0 0 0 0 0 0 0 1 1 1 1 0 0 0 0 0 0 0 0]
[0 0 0 0 0 0 0 0 0 0 0 0 1 1 1 1 1 0 0 0 0 0 0 0]
[0 0 0 0 0 0 0 0 0 0 0 0 1 1 1 1 1 1 0 0 0 0 0 0]
[0 0 0 1 0 0 1 0 0 0 0 0 1 1 1 1 1 1 1 0 0 0 0 0]
[1 0 1 0 1 0 1 0 1 1 1 0 1 1 0 1 0 1 1 1 0 0 0 0]
[0 1 0 0 1 1 0 0 1 1 0 1 0 1 1 1 1 0 1 1 1 0 0 0]
[0 0 0 0 0 1 0 1 0 1 1 1 1 1 1 0 1 1 0 1 1 1 0 0]
[0 0 0 0 0 0 0 1 1 0 1 1 1 0 1 1 1 1 1 0 1 1 1 0]
[2026-03-07 14:49:23] INFO: op ←←←←←, 74237
[2026-03-07 14:49:26] INFO: op →←←←←, 85178
[2026-03-07 14:49:29] INFO: op →→←←←, 95540
[2026-03-07 14:49:33] INFO: op →→→←←, 95540
[2026-03-07 14:49:36] INFO: op →→→→←, 85178
[2026-03-07 14:49:41] INFO: op ←→←←←, 120021
[2026-03-07 14:49:45] INFO: op ←←→←←, 125307
[2026-03-07 14:49:50] INFO: op ←→→←←, 123583
[2026-03-07 14:49:54] INFO: op ←←←→←, 111955
[2026-03-07 14:49:59] INFO: op ←←→→←, 119318
[2026-03-07 14:50:03] INFO: op ←→→→←, 115377
[2026-03-07 14:50:08] INFO: op →←→←←, 130515
[2026-03-07 14:50:12] INFO: op →←←→←, 125151
[2026-03-07 14:50:17] INFO: op →→←→←, 130515
[2026-03-07 14:50:22] INFO: op →←→→←, 125151
[2026-03-07 14:50:28] INFO: op ←→←→←, 157880
[2026-03-07 14:50:28] INFO: [END]
