[2026-03-07 00:50:41] INFO: Logger initialized at log/log578903.log
[2026-03-07 00:50:42] INFO: Test 1377th graph in data/list_1775_graphs.g6: c???????????????????????????????B}X?~X_FcN_]NE?r`r?r]B?WRN_EBLw?N`oo?|wB?@cre?@bLe??MXN??BXbo??CN}???NFw??
[2026-03-07 00:50:42] INFO: meta data: 
minimum degree >= 6
independent number >= 2
connected
Not regular
[2026-03-07 00:50:42] INFO: Orientation of c???????????????????????????????B}X?~X_FcN_]NE?r`r?r]B?WRN_EBLw?N`oo?|wB?@cre?@bLe??MXN??BXbo??CN}???NFw?? with min semidegree 4:
[0 0 0 0 0 0 0 0 0 0 0 0 0 0 0 0 0 0 0 0 1 1 1 1 0 0 0 0 0 0 0 0 0 0 0 0]
[0 0 0 0 0 0 0 0 0 0 0 0 0 0 0 0 0 0 0 0 1 1 1 1 0 0 0 0 0 0 0 0 0 0 0 0]
[0 0 0 0 0 0 0 0 0 0 0 0 0 0 0 0 0 0 0 0 1 1 1 1 0 0 0 0 0 0 0 0 0 0 0 0]
[0 0 0 0 0 0 0 0 0 0 0 0 0 0 0 0 0 0 0 0 1 1 1 1 0 0 0 0 0 0 0 0 0 0 0 0]
[0 0 0 0 0 0 0 0 0 0 0 0 0 0 0 0 0 0 0 0 0 0 0 0 1 1 0 0 0 0 0 0 1 1 0 0]
[0 0 0 0 0 0 0 0 0 0 0 0 0 0 0 0 0 0 0 0 0 0 0 0 1 1 0 0 0 0 0 0 1 1 0 0]
[0 0 0 0 0 0 0 0 0 0 0 0 0 0 0 0 0 0 0 0 0 0 0 0 1 0 1 0 0 0 0 0 1 0 1 0]
[0 0 0 0 0 0 0 0 0 0 0 0 0 0 0 0 0 0 0 0 0 0 0 0 0 1 0 1 0 0 0 0 0 1 0 1]
[0 0 0 0 0 0 0 0 0 0 0 0 0 0 0 0 0 0 0 0 0 0 0 0 0 1 0 1 0 0 0 0 0 1 0 1]
[0 0 0 0 0 0 0 0 0 0 0 0 0 0 0 0 0 0 0 0 0 0 0 0 0 0 1 0 0 1 0 0 1 0 0 1]
[0 0 0 0 0 0 0 0 0 0 0 0 0 0 0 0 0 0 0 0 0 0 0 0 0 0 1 0 0 1 1 0 0 0 0 1]
[0 0 0 0 0 0 0 0 0 0 0 0 0 0 0 0 0 0 0 0 0 0 0 0 1 0 0 1 1 0 0 0 0 0 1 0]
[0 0 0 0 0 0 0 0 0 0 0 0 0 0 0 0 0 0 0 0 0 0 0 0 0 0 0 1 1 0 0 1 0 0 1 0]
[0 0 0 0 0 0 0 0 0 0 0 0 0 0 0 0 0 0 0 0 0 0 0 0 0 0 1 0 1 0 1 0 0 0 1 0]
[0 0 0 0 0 0 0 0 0 0 0 0 0 0 0 0 0 0 0 0 0 0 0 0 0 0 0 0 0 0 1 1 0 0 1 1]
[0 0 0 0 0 0 0 0 0 0 0 0 0 0 0 0 0 0 0 0 0 0 0 0 0 0 0 0 0 0 1 1 0 0 1 1]
[0 0 0 0 0 0 0 0 0 0 0 0 0 0 0 0 0 0 0 0 0 0 0 0 1 1 0 0 0 0 0 0 1 1 0 0]
[0 0 0 0 0 0 0 0 0 0 0 0 0 0 0 0 0 0 0 0 0 0 0 0 1 1 0 0 0 0 0 0 1 1 0 0]
[0 0 0 0 0 0 0 0 0 0 0 0 0 0 0 0 0 0 0 0 0 0 0 0 0 0 0 0 1 1 1 1 0 0 0 0]
[0 0 0 0 0 0 0 0 0 0 0 0 0 0 0 0 0 0 0 0 0 0 0 0 0 0 0 0 1 1 1 1 0 0 0 0]
[0 0 0 0 1 1 1 0 0 1 1 0 0 1 0 0 0 0 0 0 0 0 0 0 0 0 0 0 0 0 0 0 0 0 0 0]
[0 0 0 0 1 1 0 1 1 0 0 1 1 0 0 0 0 0 0 0 0 0 0 0 0 0 0 0 0 0 0 0 0 0 0 0]
[0 0 0 0 0 0 1 0 0 0 0 1 1 1 1 1 0 0 0 0 0 0 0 0 0 0 0 0 0 0 0 0 0 0 0 0]
[0 0 0 0 0 0 0 1 1 1 1 0 0 0 1 1 0 0 0 0 0 0 0 0 0 0 0 0 0 0 0 0 0 0 0 0]
[1 1 0 0 0 0 0 0 0 0 0 0 1 1 0 0 0 0 0 0 0 0 0 0 0 0 0 0 0 0 0 0 0 0 0 0]
[1 1 0 0 0 0 0 0 0 1 1 0 0 0 0 0 0 0 0 0 0 0 0 0 0 0 0 0 0 0 0 0 0 0 0 0]
[1 1 0 0 0 0 0 0 0 0 0 0 0 0 1 1 1 1 0 0 0 0 0 0 0 0 0 0 0 0 0 0 0 0 0 0]
[1 1 0 0 0 0 0 0 0 0 0 0 0 0 1 1 1 1 0 0 0 0 0 0 0 0 0 0 0 0 0 0 0 0 0 0]
[0 0 1 1 1 1 1 0 0 0 0 0 0 0 0 0 0 0 0 0 0 0 0 0 0 0 0 0 0 0 0 0 0 0 0 0]
[0 0 1 1 1 1 0 1 1 0 0 0 0 0 0 0 0 0 0 0 0 0 0 0 0 0 0 0 0 0 0 0 0 0 0 0]
[0 0 1 1 0 0 1 0 0 1 0 0 0 0 0 0 0 0 0 0 0 0 0 0 0 0 0 0 0 0 0 0 0 0 0 0]
[0 0 1 1 0 0 0 1 1 0 0 1 0 0 0 0 0 0 0 0 0 0 0 0 0 0 0 0 0 0 0 0 0 0 0 0]
[0 0 0 0 0 0 0 0 0 0 1 0 0 1 0 0 0 0 1 1 0 0 0 0 0 0 0 0 0 0 0 0 0 0 0 0]
[0 0 0 0 0 0 0 0 0 0 0 1 1 0 0 0 0 0 1 1 0 0 0 0 0 0 0 0 0 0 0 0 0 0 0 0]
[0 0 0 0 0 0 0 0 0 0 0 0 0 0 0 0 1 1 1 1 0 0 0 0 0 0 0 0 0 0 0 0 0 0 0 0]
[0 0 0 0 0 0 0 0 0 0 0 0 0 0 0 0 1 1 1 1 0 0 0 0 0 0 0 0 0 0 0 0 0 0 0 0]
[2026-03-07 00:51:13] INFO: op ←←←←←←←, 801797
[2026-03-07 00:51:38] INFO: op →←←←←←←, 656933
[2026-03-07 00:52:03] INFO: op →→←←←←←, 653030
[2026-03-07 00:52:29] INFO: op →→→←←←←, 663683
[2026-03-07 00:52:54] INFO: op →→→→←←←, 663683
[2026-03-07 00:53:19] INFO: op →→→→→←←, 653030
[2026-03-07 00:53:44] INFO: op →→→→→→←, 656933
[2026-03-07 00:54:04] INFO: op ←→←←←←←, 540916
[2026-03-07 00:54:24] INFO: op ←←→←←←←, 538721
[2026-03-07 00:54:43] INFO: op ←→→←←←←, 521949
[2026-03-07 00:55:04] INFO: op ←←←→←←←, 556256
[2026-03-07 00:55:24] INFO: op ←←→→←←←, 523408
[2026-03-07 00:55:45] INFO: op ←→→→←←←, 552040
[2026-03-07 00:56:06] INFO: op ←←←←→←←, 540245
[2026-03-07 00:56:27] INFO: op ←←←→→←←, 525468
[2026-03-07 00:56:47] INFO: op ←←→→→←←, 535188
[2026-03-07 00:57:08] INFO: op ←→→→→←←, 540381
[2026-03-07 00:57:28] INFO: op ←←←←←→←, 538754
[2026-03-07 00:57:48] INFO: op ←←←←→→←, 524808
[2026-03-07 00:58:08] INFO: op ←←←→→→←, 557138
[2026-03-07 00:58:29] INFO: op ←←→→→→←, 541516
[2026-03-07 00:58:49] INFO: op ←→→→→→←, 544627
[2026-03-07 00:59:04] INFO: op →←→←←←←, 408775
[2026-03-07 00:59:20] INFO: op →←←→←←←, 426069
[2026-03-07 00:59:36] INFO: op →→←→←←←, 418674
[2026-03-07 00:59:52] INFO: op →←→→←←←, 419667
[2026-03-07 01:00:09] INFO: op →←←←→←←, 455801
[2026-03-07 01:00:25] INFO: op →→←←→←←, 422919
[2026-03-07 01:00:40] INFO: op →→→←→←←, 418674
[2026-03-07 01:00:56] INFO: op →←←→→←←, 415263
[2026-03-07 01:01:12] INFO: op →→←→→←←, 422919
[2026-03-07 01:01:28] INFO: op →←→→→←←, 442706
[2026-03-07 01:01:45] INFO: op →←←←←→←, 434409
[2026-03-07 01:02:01] INFO: op →→←←←→←, 442706
[2026-03-07 01:02:17] INFO: op →→→←←→←, 419667
[2026-03-07 01:02:32] INFO: op →→→→←→←, 408775
[2026-03-07 01:02:48] INFO: op →←←←→→←, 428403
[2026-03-07 01:03:04] INFO: op →→←←→→←, 415263
[2026-03-07 01:03:20] INFO: op →→→←→→←, 426069
[2026-03-07 01:03:36] INFO: op →←←→→→←, 428403
[2026-03-07 01:03:53] INFO: op →→←→→→←, 455801
[2026-03-07 01:04:09] INFO: op →←→→→→←, 434409
[2026-03-07 01:04:21] INFO: op ←→←→←←←, 319667
[2026-03-07 01:04:34] INFO: op ←→←←→←←, 343130
[2026-03-07 01:04:45] INFO: op ←←→←→←←, 307541
[2026-03-07 01:04:57] INFO: op ←→→←→←←, 322360
[2026-03-07 01:05:09] INFO: op ←→←→→←←, 316335
[2026-03-07 01:05:23] INFO: op ←→←←←→←, 377788
[2026-03-07 01:05:36] INFO: op ←←→←←→←, 338425
[2026-03-07 01:05:48] INFO: op ←→→←←→←, 341728
[2026-03-07 01:06:00] INFO: op ←←←→←→←, 315656
[2026-03-07 01:06:12] INFO: op ←←→→←→←, 323157
[2026-03-07 01:06:25] INFO: op ←→→→←→←, 350848
[2026-03-07 01:06:38] INFO: op ←→←←→→←, 342791
[2026-03-07 01:06:50] INFO: op ←←→←→→←, 315784
[2026-03-07 01:07:02] INFO: op ←→→←→→←, 331547
[2026-03-07 01:07:15] INFO: op ←→←→→→←, 340437
[2026-03-07 01:07:24] INFO: op →←→←→←←, 237852
[2026-03-07 01:07:33] INFO: op →←→←←→←, 249945
[2026-03-07 01:07:42] INFO: op →←←→←→←, 236335
[2026-03-07 01:07:51] INFO: op →→←→←→←, 237852
[2026-03-07 01:08:00] INFO: op →←→→←→←, 249945
[2026-03-07 01:08:09] INFO: op →←→←→→←, 236335
[2026-03-07 01:08:16] INFO: op ←→←→←→←, 182266
[2026-03-07 01:08:16] INFO: [END]
