[2026-03-06 15:20:26] INFO: Logger initialized at log/log506500.log
[2026-03-06 15:20:26] INFO: Test 1013th graph in data/list_1775_graphs.g6: U???CIC`AbDFIUIWIEYaiweRaaVEH?{qG]aQFpI?
[2026-03-06 15:20:26] INFO: meta data: 
minimum degree >= 6
independent number >= 2
connected
Not regular
[2026-03-06 15:20:26] INFO: Orientation of U???CIC`AbDFIUIWIEYaiweRaaVEH?{qG]aQFpI? with min semidegree 3:
[0 0 0 0 0 0 0 0 0 0 0 0 0 0 0 0 1 1 1 0 0 0]
[0 0 0 0 0 0 0 0 0 0 0 0 0 0 0 0 1 1 1 0 0 0]
[0 0 0 0 0 0 0 0 0 0 0 0 0 0 0 0 1 1 1 0 0 0]
[0 0 0 0 0 0 0 0 0 0 0 0 0 0 0 0 0 0 0 1 1 1]
[0 0 0 0 0 0 0 0 0 0 0 0 0 0 0 0 0 0 0 1 1 1]
[0 0 0 0 0 0 0 0 0 0 0 0 0 0 0 0 0 0 0 1 1 1]
[0 0 0 0 0 0 0 0 0 0 0 0 0 0 0 0 1 1 1 0 0 0]
[1 0 0 0 0 1 0 0 0 0 0 0 0 0 0 1 0 0 0 0 0 0]
[1 0 0 0 0 1 0 0 0 0 0 0 0 0 1 0 0 0 0 0 0 0]
[1 0 0 0 0 1 0 0 0 0 0 0 0 0 0 0 0 0 0 1 0 0]
[0 1 0 1 0 0 0 1 1 0 0 0 0 0 0 0 0 0 0 0 0 0]
[0 0 1 0 1 0 0 0 1 1 1 0 0 0 0 0 0 0 0 0 0 0]
[0 0 1 0 1 0 0 1 0 1 1 0 0 0 0 0 0 0 0 0 0 0]
[0 0 1 0 1 0 0 1 1 0 0 0 0 0 0 0 0 0 0 0 0 0]
[0 1 0 1 0 0 0 0 0 1 0 0 1 1 0 0 0 0 0 0 0 0]
[0 1 0 1 0 0 0 0 0 1 0 1 0 1 0 0 0 0 0 0 0 0]
[0 0 0 0 0 0 0 0 0 1 1 0 0 1 0 0 0 0 0 0 0 0]
[0 0 0 0 0 0 0 0 1 0 0 0 1 0 0 1 0 0 0 0 0 0]
[0 0 0 0 0 0 0 1 0 0 0 1 0 0 1 0 0 0 0 0 0 0]
[0 0 0 0 0 0 1 0 0 0 1 0 0 1 0 0 0 1 0 0 0 0]
[0 0 0 0 0 0 1 0 1 0 0 0 1 0 0 1 0 0 1 0 0 0]
[0 0 0 0 0 0 1 1 0 0 0 1 0 0 1 0 1 0 0 0 0 0]
[2026-03-06 15:20:26] INFO: op ←←←←←, 9861
[2026-03-06 15:20:27] INFO: op →←←←←, 8213
[2026-03-06 15:20:27] INFO: op →→←←←, 8679
[2026-03-06 15:20:28] INFO: op →→→←←, 8679
[2026-03-06 15:20:28] INFO: op →→→→←, 8213
[2026-03-06 15:20:29] INFO: op ←→←←←, 7012
[2026-03-06 15:20:29] INFO: op ←←→←←, 7183
[2026-03-06 15:20:30] INFO: op ←→→←←, 7109
[2026-03-06 15:20:30] INFO: op ←←←→←, 6860
[2026-03-06 15:20:30] INFO: op ←←→→←, 7169
[2026-03-06 15:20:31] INFO: op ←→→→←, 6799
[2026-03-06 15:20:31] INFO: op →←→←←, 5330
[2026-03-06 15:20:31] INFO: op →←←→←, 5735
[2026-03-06 15:20:32] INFO: op →→←→←, 5330
[2026-03-06 15:20:32] INFO: op →←→→←, 5735
[2026-03-06 15:20:32] INFO: op ←→←→←, 4072
[2026-03-06 15:20:32] INFO: [END]
