[2026-03-06 23:16:09] INFO: Logger initialized at log/log577363.log
[2026-03-06 23:16:09] INFO: Test 1333th graph in data/list_1775_graphs.g6: a?????????????????????????F~?F~?B~_?~w?F?~?[B{?wFw?wFw?Bbb_?www?FFF??[[[??FFw??FFw??Bb{???w~???
[2026-03-06 23:16:09] INFO: meta data: 
minimum degree >= 6
independent number >= 2
connected
Not regular
[2026-03-06 23:16:09] INFO: Orientation of a?????????????????????????F~?F~?B~_?~w?F?~?[B{?wFw?wFw?Bbb_?www?FFF??[[[??FFw??FFw??Bb{???w~??? with min semidegree 4:
[0 0 0 0 0 0 0 0 0 0 0 0 0 0 0 0 0 0 1 1 1 1 0 0 0 0 0 0 0 0 0 0 0 0]
[0 0 0 0 0 0 0 0 0 0 0 0 0 0 0 0 0 0 1 1 1 1 0 0 0 0 0 0 0 0 0 0 0 0]
[0 0 0 0 0 0 0 0 0 0 0 0 0 0 0 0 0 0 1 1 1 1 0 0 0 0 0 0 0 0 0 0 0 0]
[0 0 0 0 0 0 0 0 0 0 0 0 0 0 0 0 0 0 1 1 1 1 0 0 0 0 0 0 0 0 0 0 0 0]
[0 0 0 0 0 0 0 0 0 0 0 0 0 0 0 0 0 0 0 0 0 0 0 0 0 0 1 1 1 1 0 0 0 0]
[0 0 0 0 0 0 0 0 0 0 0 0 0 0 0 0 0 0 0 0 0 0 0 0 0 0 1 1 1 1 0 0 0 0]
[0 0 0 0 0 0 0 0 0 0 0 0 0 0 0 0 0 0 0 0 0 0 0 0 0 0 0 0 0 0 1 1 1 1]
[0 0 0 0 0 0 0 0 0 0 0 0 0 0 0 0 0 0 0 0 0 0 0 0 0 0 0 0 0 0 1 1 1 1]
[0 0 0 0 0 0 0 0 0 0 0 0 0 0 0 0 0 0 0 0 0 0 0 0 0 0 0 0 0 0 1 1 1 1]
[0 0 0 0 0 0 0 0 0 0 0 0 0 0 0 0 0 0 0 0 0 0 1 1 1 1 0 0 0 0 0 0 0 0]
[0 0 0 0 0 0 0 0 0 0 0 0 0 0 0 0 0 0 0 0 0 0 1 1 1 1 0 0 0 0 0 0 0 0]
[0 0 0 0 0 0 0 0 0 0 0 0 0 0 0 0 0 0 0 0 0 0 1 1 1 1 0 0 0 0 0 0 0 0]
[0 0 0 0 0 0 0 0 0 0 0 0 0 0 0 0 0 0 0 0 0 0 1 1 0 0 0 0 0 0 0 0 1 1]
[0 0 0 0 0 0 0 0 0 0 0 0 0 0 0 0 0 0 0 0 0 0 0 0 1 1 0 0 0 0 1 1 0 0]
[0 0 0 0 0 0 0 0 0 0 0 0 0 0 0 0 0 0 0 0 0 0 1 1 0 0 0 0 0 0 0 0 1 1]
[0 0 0 0 0 0 0 0 0 0 0 0 0 0 0 0 0 0 0 0 0 0 0 0 0 0 1 1 1 1 0 0 0 0]
[0 0 0 0 0 0 0 0 0 0 0 0 0 0 0 0 0 0 0 0 0 0 0 0 0 0 1 1 1 1 0 0 0 0]
[0 0 0 0 0 0 0 0 0 0 0 0 0 0 0 0 0 0 0 0 0 0 0 0 0 0 1 1 1 1 0 0 0 0]
[0 0 0 0 1 1 1 1 1 0 0 0 0 0 0 0 0 0 0 0 0 0 0 0 0 0 0 0 0 0 0 0 0 0]
[0 0 0 0 1 1 1 1 1 0 0 0 0 0 0 0 0 0 0 0 0 0 0 0 0 0 0 0 0 0 0 0 0 0]
[0 0 0 0 1 1 1 1 1 0 0 0 0 0 0 0 0 0 0 0 0 0 0 0 0 0 0 0 0 0 0 0 0 0]
[0 0 0 0 1 1 1 1 1 0 0 0 0 0 0 0 0 0 0 0 0 0 0 0 0 0 0 0 0 0 0 0 0 0]
[1 1 1 0 0 0 0 0 0 0 0 0 0 1 0 0 0 0 0 0 0 0 0 0 0 0 0 0 0 0 0 0 0 0]
[1 1 1 0 0 0 0 0 0 0 0 0 0 1 0 0 0 0 0 0 0 0 0 0 0 0 0 0 0 0 0 0 0 0]
[1 1 1 0 0 0 0 0 0 0 0 0 1 0 1 0 0 0 0 0 0 0 0 0 0 0 0 0 0 0 0 0 0 0]
[1 1 1 0 0 0 0 0 0 0 0 0 1 0 1 0 0 0 0 0 0 0 0 0 0 0 0 0 0 0 0 0 0 0]
[0 0 0 1 0 0 0 0 0 1 1 1 0 0 0 0 0 0 0 0 0 0 0 0 0 0 0 0 0 0 0 0 0 0]
[0 0 0 1 0 0 0 0 0 1 1 1 0 0 0 0 0 0 0 0 0 0 0 0 0 0 0 0 0 0 0 0 0 0]
[0 0 0 1 0 0 0 0 0 1 1 1 0 0 0 0 0 0 0 0 0 0 0 0 0 0 0 0 0 0 0 0 0 0]
[0 0 0 1 0 0 0 0 0 1 1 1 0 0 0 0 0 0 0 0 0 0 0 0 0 0 0 0 0 0 0 0 0 0]
[0 0 0 0 0 0 0 0 0 0 0 0 1 0 1 1 1 1 0 0 0 0 0 0 0 0 0 0 0 0 0 0 0 0]
[0 0 0 0 0 0 0 0 0 0 0 0 1 0 1 1 1 1 0 0 0 0 0 0 0 0 0 0 0 0 0 0 0 0]
[0 0 0 0 0 0 0 0 0 0 0 0 0 1 0 1 1 1 0 0 0 0 0 0 0 0 0 0 0 0 0 0 0 0]
[0 0 0 0 0 0 0 0 0 0 0 0 0 1 0 1 1 1 0 0 0 0 0 0 0 0 0 0 0 0 0 0 0 0]
[2026-03-06 23:16:33] INFO: op ←←←←←←←, 640224
[2026-03-06 23:16:52] INFO: op →←←←←←←, 517680
[2026-03-06 23:17:09] INFO: op →→←←←←←, 467088
[2026-03-06 23:17:25] INFO: op →→→←←←←, 435840
[2026-03-06 23:17:41] INFO: op →→→→←←←, 435840
[2026-03-06 23:17:59] INFO: op →→→→→←←, 467088
[2026-03-06 23:18:19] INFO: op →→→→→→←, 517680
[2026-03-06 23:18:35] INFO: op ←→←←←←←, 426672
[2026-03-06 23:18:51] INFO: op ←←→←←←←, 420912
[2026-03-06 23:19:03] INFO: op ←→→←←←←, 295488
[2026-03-06 23:19:19] INFO: op ←←←→←←←, 422784
[2026-03-06 23:19:29] INFO: op ←←→→←←←, 259632
[2026-03-06 23:19:41] INFO: op ←→→→←←←, 322848
[2026-03-06 23:19:57] INFO: op ←←←←→←←, 420912
[2026-03-06 23:20:07] INFO: op ←←←→→←←, 259632
[2026-03-06 23:20:18] INFO: op ←←→→→←←, 282048
[2026-03-06 23:20:32] INFO: op ←→→→→←←, 361080
[2026-03-06 23:20:49] INFO: op ←←←←←→←, 426672
[2026-03-06 23:21:00] INFO: op ←←←←→→←, 295488
[2026-03-06 23:21:13] INFO: op ←←←→→→←, 322848
[2026-03-06 23:21:26] INFO: op ←←→→→→←, 361080
[2026-03-06 23:21:43] INFO: op ←→→→→→←, 427488
[2026-03-06 23:21:53] INFO: op →←→←←←←, 249696
[2026-03-06 23:22:03] INFO: op →←←→←←←, 265056
[2026-03-06 23:22:11] INFO: op →→←→←←←, 225456
[2026-03-06 23:22:19] INFO: op →←→→←←←, 203232
[2026-03-06 23:22:32] INFO: op →←←←→←←, 330600
[2026-03-06 23:22:40] INFO: op →→←←→←←, 211968
[2026-03-06 23:22:49] INFO: op →→→←→←←, 225456
[2026-03-06 23:22:55] INFO: op →←←→→←←, 159816
[2026-03-06 23:23:03] INFO: op →→←→→←←, 211968
[2026-03-06 23:23:14] INFO: op →←→→→←←, 263400
[2026-03-06 23:23:26] INFO: op →←←←←→←, 322896
[2026-03-06 23:23:36] INFO: op →→←←←→←, 263400
[2026-03-06 23:23:44] INFO: op →→→←←→←, 203232
[2026-03-06 23:23:54] INFO: op →→→→←→←, 249696
[2026-03-06 23:24:02] INFO: op →←←←→→←, 216096
[2026-03-06 23:24:09] INFO: op →→←←→→←, 159816
[2026-03-06 23:24:19] INFO: op →→→←→→←, 265056
[2026-03-06 23:24:27] INFO: op →←←→→→←, 216096
[2026-03-06 23:24:40] INFO: op →→←→→→←, 330600
[2026-03-06 23:24:53] INFO: op →←→→→→←, 322896
[2026-03-06 23:24:58] INFO: op ←→←→←←←, 152688
[2026-03-06 23:25:06] INFO: op ←→←←→←←, 204600
[2026-03-06 23:25:12] INFO: op ←←→←→←←, 147168
[2026-03-06 23:25:17] INFO: op ←→→←→←←, 125448
[2026-03-06 23:25:21] INFO: op ←→←→→←←, 117144
[2026-03-06 23:25:32] INFO: op ←→←←←→←, 262560
[2026-03-06 23:25:40] INFO: op ←←→←←→←, 204600
[2026-03-06 23:25:45] INFO: op ←→→←←→←, 133776
[2026-03-06 23:25:51] INFO: op ←←←→←→←, 152688
[2026-03-06 23:25:55] INFO: op ←←→→←→←, 117144
[2026-03-06 23:26:03] INFO: op ←→→→←→←, 199440
[2026-03-06 23:26:08] INFO: op ←→←←→→←, 133776
[2026-03-06 23:26:13] INFO: op ←←→←→→←, 125448
[2026-03-06 23:26:20] INFO: op ←→→←→→←, 165504
[2026-03-06 23:26:27] INFO: op ←→←→→→←, 199440
[2026-03-06 23:26:30] INFO: op →←→←→←←, 72168
[2026-03-06 23:26:34] INFO: op →←→←←→←, 100704
[2026-03-06 23:26:37] INFO: op →←←→←→←, 79968
[2026-03-06 23:26:40] INFO: op →→←→←→←, 72168
[2026-03-06 23:26:44] INFO: op →←→→←→←, 100704
[2026-03-06 23:26:47] INFO: op →←→←→→←, 79968
[2026-03-06 23:26:49] INFO: op ←→←→←→←, 41184
[2026-03-06 23:26:49] INFO: [END]
