[2026-03-06 18:20:52] INFO: Logger initialized at log/log570608.log
[2026-03-06 18:20:53] INFO: Test 1140th graph in data/list_1775_graphs.g6: HqN~~zz
[2026-03-06 18:20:53] INFO: meta data: 
minimum degree >= 6
independent number >= 2
connected
Not regular
[2026-03-06 18:20:53] INFO: Orientation of HqN~~zz with min semidegree 3:
[0 0 0 0 0 1 1 1 0]
[1 0 0 0 0 0 1 1 0]
[1 0 0 0 0 1 0 0 1]
[0 1 0 0 0 0 1 0 1]
[0 0 1 1 0 0 0 0 1]
[0 1 0 1 1 0 0 0 0]
[0 0 1 0 1 1 0 0 0]
[0 0 1 1 1 1 0 0 0]
[1 1 0 0 0 0 1 1 0]
[2026-03-06 18:20:53] INFO: op ←←←←←, 1070
[2026-03-06 18:20:53] INFO: op →←←←←, 794
[2026-03-06 18:20:53] INFO: op →→←←←, 835
[2026-03-06 18:20:53] INFO: op →→→←←, 835
[2026-03-06 18:20:53] INFO: op →→→→←, 794
[2026-03-06 18:20:53] INFO: op ←→←←←, 580
[2026-03-06 18:20:53] INFO: op ←←→←←, 609
[2026-03-06 18:20:53] INFO: op ←→→←←, 574
[2026-03-06 18:20:53] INFO: op ←←←→←, 586
[2026-03-06 18:20:53] INFO: op ←←→→←, 568
[2026-03-06 18:20:53] INFO: op ←→→→←, 606
[2026-03-06 18:20:53] INFO: op →←→←←, 359
[2026-03-06 18:20:53] INFO: op →←←→←, 421
[2026-03-06 18:20:53] INFO: op →→←→←, 359
[2026-03-06 18:20:53] INFO: op →←→→←, 421
[2026-03-06 18:20:53] INFO: op ←→←→←, 209
[2026-03-06 18:20:53] INFO: [END]
