[2026-03-06 19:52:11] INFO: Logger initialized at log/log573303.log
[2026-03-06 19:52:11] INFO: Test 1217th graph in data/list_1775_graphs.g6: Y???????????????????????????????B~~~~~~v~~}^~~w~~~o~~~o?
[2026-03-06 19:52:11] INFO: meta data: 
minimum degree >= 6
independent number >= 2
connected
Not regular
[2026-03-06 19:52:11] INFO: Orientation of Y???????????????????????????????B~~~~~~v~~}^~~w~~~o~~~o? with min semidegree 3:
[0 0 0 0 0 0 0 0 0 0 0 0 0 0 0 0 0 0 0 0 1 1 1 0 0 0]
[0 0 0 0 0 0 0 0 0 0 0 0 0 0 0 0 0 0 0 0 1 1 1 0 0 0]
[0 0 0 0 0 0 0 0 0 0 0 0 0 0 0 0 0 0 0 0 1 1 1 0 0 0]
[0 0 0 0 0 0 0 0 0 0 0 0 0 0 0 0 0 0 0 0 0 0 0 1 1 1]
[0 0 0 0 0 0 0 0 0 0 0 0 0 0 0 0 0 0 0 0 0 0 0 1 1 1]
[0 0 0 0 0 0 0 0 0 0 0 0 0 0 0 0 0 0 0 0 0 0 0 1 1 1]
[0 0 0 0 0 0 0 0 0 0 0 0 0 0 0 0 0 0 0 0 1 1 1 0 0 0]
[0 0 0 0 0 0 0 0 0 0 0 0 0 0 0 0 0 0 0 0 1 1 1 0 0 0]
[0 0 0 0 0 0 0 0 0 0 0 0 0 0 0 0 0 0 0 0 1 1 1 0 0 0]
[0 0 0 0 0 0 0 0 0 0 0 0 0 0 0 0 0 0 0 0 1 1 1 0 0 0]
[0 0 0 0 0 0 0 0 0 0 0 0 0 0 0 0 0 0 0 0 1 1 1 0 0 0]
[0 0 0 0 0 0 0 0 0 0 0 0 0 0 0 0 0 0 0 0 1 1 1 0 0 0]
[0 0 0 0 0 0 0 0 0 0 0 0 0 0 0 0 0 0 0 0 1 1 1 0 0 0]
[0 0 0 0 0 0 0 0 0 0 0 0 0 0 0 0 0 0 0 0 1 1 1 0 0 0]
[0 0 0 0 0 0 0 0 0 0 0 0 0 0 0 0 0 0 0 0 1 1 1 0 0 0]
[0 0 0 0 0 0 0 0 0 0 0 0 0 0 0 0 0 0 0 0 1 1 1 0 0 0]
[0 0 0 0 0 0 0 0 0 0 0 0 0 0 0 0 0 0 0 0 1 1 1 0 0 0]
[0 0 0 0 0 0 0 0 0 0 0 0 0 0 0 0 0 0 0 0 1 1 1 0 0 0]
[0 0 0 0 0 0 0 0 0 0 0 0 0 0 0 0 0 0 0 0 1 1 1 0 0 0]
[0 0 0 0 0 0 0 0 0 0 0 0 0 0 0 0 0 0 0 0 1 1 1 0 0 0]
[0 0 0 1 1 1 0 0 0 0 0 0 0 0 0 0 0 0 0 0 0 0 0 0 0 0]
[0 0 0 1 1 1 0 0 0 0 0 0 0 0 0 0 0 0 0 0 0 0 0 0 0 0]
[0 0 0 1 1 1 0 0 0 0 0 0 0 0 0 0 0 0 0 0 0 0 0 0 0 0]
[1 1 1 0 0 0 1 1 1 1 1 1 1 1 1 1 1 1 1 1 0 0 0 0 0 0]
[1 1 1 0 0 0 1 1 1 1 1 1 1 1 1 1 1 1 1 1 0 0 0 0 0 0]
[1 1 1 0 0 0 1 1 1 1 1 1 1 1 1 1 1 1 1 1 0 0 0 0 0 0]
[2026-03-06 19:52:13] INFO: op ←←←←←, 33048
[2026-03-06 19:52:14] INFO: op →←←←←, 33048
[2026-03-06 19:52:15] INFO: op →→←←←, 33048
[2026-03-06 19:52:16] INFO: op →→→←←, 33048
[2026-03-06 19:52:17] INFO: op →→→→←, 33048
[2026-03-06 19:52:18] INFO: op ←→←←←, 33048
[2026-03-06 19:52:20] INFO: op ←←→←←, 33048
[2026-03-06 19:52:23] INFO: op ←→→←←, 79056
[2026-03-06 19:52:24] INFO: op ←←←→←, 33048
[2026-03-06 19:52:26] INFO: op ←←→→←, 79056
[2026-03-06 19:52:28] INFO: op ←→→→←, 33048
[2026-03-06 19:52:30] INFO: op →←→←←, 79056
[2026-03-06 19:52:33] INFO: op →←←→←, 79056
[2026-03-06 19:52:36] INFO: op →→←→←, 79056
[2026-03-06 19:52:39] INFO: op →←→→←, 79056
[2026-03-06 19:52:40] INFO: op ←→←→←, 49032
[2026-03-06 19:52:40] INFO: [END]
