[2026-03-06 15:16:06] INFO: Logger initialized at log/log503334.log
[2026-03-06 15:16:07] INFO: Test 997th graph in data/list_1775_graphs.g6: Num?g\eXQadTlfrZN]?
[2026-03-06 15:16:07] INFO: meta data: 
minimum degree >= 6
independent number >= 2
connected
Not regular
[2026-03-06 15:16:07] INFO: Orientation of Num?g\eXQadTlfrZN]? with min semidegree 3:
[0 0 1 0 0 0 0 0 0 0 0 0 1 1 0]
[1 0 0 0 0 0 0 0 0 0 0 0 0 1 1]
[0 0 0 0 0 0 0 0 0 0 0 1 1 0 1]
[1 1 0 0 0 0 0 0 0 0 0 0 1 0 0]
[1 0 1 1 0 0 0 0 0 0 0 0 0 0 0]
[1 0 0 0 0 0 0 0 1 0 0 0 0 1 0]
[0 0 0 1 0 1 0 0 0 0 0 0 0 0 1]
[0 0 0 0 1 1 1 0 0 0 0 0 0 0 0]
[0 1 1 0 0 0 1 0 0 0 0 0 0 0 0]
[0 1 1 0 0 1 0 1 0 0 0 0 0 0 0]
[0 1 0 1 0 0 0 1 0 1 0 0 0 0 0]
[0 0 0 0 1 0 1 0 1 0 1 0 0 0 0]
[0 0 0 0 0 1 1 0 0 1 1 1 0 0 0]
[0 0 0 0 1 0 0 1 1 0 1 1 0 0 0]
[0 0 0 1 1 0 0 1 1 1 0 0 0 0 0]
[2026-03-06 15:16:07] INFO: op ←←←←←, 5171
[2026-03-06 15:16:07] INFO: op →←←←←, 3999
[2026-03-06 15:16:07] INFO: op →→←←←, 4054
[2026-03-06 15:16:07] INFO: op →→→←←, 4054
[2026-03-06 15:16:07] INFO: op →→→→←, 3999
[2026-03-06 15:16:07] INFO: op ←→←←←, 3136
[2026-03-06 15:16:08] INFO: op ←←→←←, 3196
[2026-03-06 15:16:08] INFO: op ←→→←←, 3274
[2026-03-06 15:16:08] INFO: op ←←←→←, 3095
[2026-03-06 15:16:08] INFO: op ←←→→←, 3224
[2026-03-06 15:16:08] INFO: op ←→→→←, 3137
[2026-03-06 15:16:08] INFO: op →←→←←, 2394
[2026-03-06 15:16:08] INFO: op →←←→←, 2453
[2026-03-06 15:16:08] INFO: op →→←→←, 2394
[2026-03-06 15:16:08] INFO: op →←→→←, 2453
[2026-03-06 15:16:08] INFO: op ←→←→←, 1927
[2026-03-06 15:16:08] INFO: [END]
