[2026-03-06 18:49:33] INFO: Logger initialized at log/log571973.log
[2026-03-06 18:49:33] INFO: Test 1179th graph in data/list_1775_graphs.g6: T?????????????????F~~~~z~~f~~F~~B~~_
[2026-03-06 18:49:33] INFO: meta data: 
minimum degree >= 6
independent number >= 2
connected
Not regular
[2026-03-06 18:49:33] INFO: Orientation of T?????????????????F~~~~z~~f~~F~~B~~_ with min semidegree 3:
[0 0 0 0 0 0 0 0 0 0 0 0 0 0 0 0 1 1 1 0 0]
[0 0 0 0 0 0 0 0 0 0 0 0 0 0 0 0 1 1 1 0 0]
[0 0 0 0 0 0 0 0 0 0 0 0 0 0 0 0 1 1 1 0 0]
[0 0 0 0 0 0 0 0 0 0 0 0 0 0 0 1 0 0 0 1 1]
[0 0 0 0 0 0 0 0 0 0 0 0 0 0 0 1 0 0 0 1 1]
[0 0 0 0 0 0 0 0 0 0 0 0 0 0 0 1 0 0 0 1 1]
[0 0 0 0 0 0 0 0 0 0 0 0 0 0 0 0 1 1 1 0 0]
[0 0 0 0 0 0 0 0 0 0 0 0 0 0 0 0 1 1 1 0 0]
[0 0 0 0 0 0 0 0 0 0 0 0 0 0 0 0 1 1 1 0 0]
[0 0 0 0 0 0 0 0 0 0 0 0 0 0 0 0 1 1 1 0 0]
[0 0 0 0 0 0 0 0 0 0 0 0 0 0 0 0 1 1 1 0 0]
[0 0 0 0 0 0 0 0 0 0 0 0 0 0 0 0 1 1 1 0 0]
[0 0 0 0 0 0 0 0 0 0 0 0 0 0 0 0 1 1 1 0 0]
[0 0 0 0 0 0 0 0 0 0 0 0 0 0 0 0 1 1 1 0 0]
[0 0 0 0 0 0 0 0 0 0 0 0 0 0 0 0 1 1 1 0 0]
[1 1 1 0 0 0 1 1 1 1 1 1 1 1 1 0 0 0 0 0 0]
[0 0 0 1 1 1 0 0 0 0 0 0 0 0 0 0 0 0 0 0 0]
[0 0 0 1 1 1 0 0 0 0 0 0 0 0 0 0 0 0 0 0 0]
[0 0 0 1 1 1 0 0 0 0 0 0 0 0 0 0 0 0 0 0 0]
[1 1 1 0 0 0 1 1 1 1 1 1 1 1 1 0 0 0 0 0 0]
[1 1 1 0 0 0 1 1 1 1 1 1 1 1 1 0 0 0 0 0 0]
[2026-03-06 18:49:33] INFO: op ←←←←←, 16848
[2026-03-06 18:49:34] INFO: op →←←←←, 16848
[2026-03-06 18:49:35] INFO: op →→←←←, 16848
[2026-03-06 18:49:35] INFO: op →→→←←, 16848
[2026-03-06 18:49:36] INFO: op →→→→←, 16848
[2026-03-06 18:49:36] INFO: op ←→←←←, 16848
[2026-03-06 18:49:37] INFO: op ←←→←←, 16848
[2026-03-06 18:49:38] INFO: op ←→→←←, 26676
[2026-03-06 18:49:38] INFO: op ←←←→←, 16848
[2026-03-06 18:49:39] INFO: op ←←→→←, 26676
[2026-03-06 18:49:40] INFO: op ←→→→←, 16848
[2026-03-06 18:49:41] INFO: op →←→←←, 26676
[2026-03-06 18:49:42] INFO: op →←←→←, 26676
[2026-03-06 18:49:43] INFO: op →→←→←, 26676
[2026-03-06 18:49:44] INFO: op →←→→←, 26676
[2026-03-06 18:49:44] INFO: op ←→←→←, 15912
[2026-03-06 18:49:44] INFO: [END]
