[2026-03-06 18:44:50] INFO: Logger initialized at log/log571693.log
[2026-03-06 18:44:50] INFO: Test 1171th graph in data/list_1775_graphs.g6: T???????????}izd]keyoe|AfwBRwAlw?~K?
[2026-03-06 18:44:50] INFO: meta data: 
minimum degree >= 6
independent number >= 2
connected
Not regular
[2026-03-06 18:44:50] INFO: Orientation of T???????????}izd]keyoe|AfwBRwAlw?~K? with min semidegree 3:
[0 0 0 0 0 0 0 0 0 0 0 0 1 0 0 0 1 1 0 0 0]
[0 0 0 0 0 0 0 0 0 0 0 0 1 0 0 0 0 0 1 1 0]
[0 0 0 0 0 0 0 0 0 0 0 0 0 0 0 0 0 1 1 0 1]
[0 0 0 0 0 0 0 0 0 0 0 0 0 0 0 0 1 0 0 1 1]
[0 0 0 0 0 0 0 0 0 0 0 0 0 0 0 0 1 0 1 0 1]
[0 0 0 0 0 0 0 0 0 0 0 0 0 1 0 0 0 1 0 1 0]
[0 0 0 0 0 0 0 0 0 0 0 0 1 1 0 0 1 0 0 0 0]
[0 0 0 0 0 0 0 0 0 0 0 0 0 0 1 1 1 0 0 0 0]
[0 0 0 0 0 0 0 0 0 0 0 0 0 0 1 0 0 1 1 0 0]
[0 0 0 0 0 0 0 0 0 0 0 0 0 1 0 1 0 1 0 0 0]
[0 0 0 0 0 0 0 0 0 0 0 0 0 0 0 1 0 0 1 1 0]
[0 0 0 0 0 0 0 0 0 0 0 0 0 0 1 0 0 0 0 1 1]
[0 0 1 1 1 0 0 0 1 0 1 0 0 0 0 0 0 0 0 0 0]
[1 1 1 0 1 0 0 0 0 0 0 1 0 0 0 0 0 0 0 0 0]
[1 1 1 1 0 1 0 0 0 0 0 0 0 0 0 0 0 0 0 0 0]
[1 1 0 1 1 1 0 0 0 0 0 0 0 0 0 0 0 0 0 0 0]
[0 0 0 0 0 0 0 0 1 1 0 1 0 0 0 0 0 0 0 0 0]
[0 0 0 0 0 0 1 1 0 0 1 0 0 0 0 0 0 0 0 0 0]
[0 0 0 0 0 0 0 1 0 1 0 1 0 0 0 0 0 0 0 0 0]
[0 0 0 0 0 0 1 0 1 1 0 0 0 0 0 0 0 0 0 0 0]
[0 0 0 0 0 1 1 1 0 0 1 0 0 0 0 0 0 0 0 0 0]
[2026-03-06 18:44:51] INFO: op ←←←←←, 7584
[2026-03-06 18:44:51] INFO: op →←←←←, 5676
[2026-03-06 18:44:51] INFO: op →→←←←, 5928
[2026-03-06 18:44:51] INFO: op →→→←←, 5928
[2026-03-06 18:44:51] INFO: op →→→→←, 5676
[2026-03-06 18:44:51] INFO: op ←→←←←, 4228
[2026-03-06 18:44:52] INFO: op ←←→←←, 4174
[2026-03-06 18:44:52] INFO: op ←→→←←, 4640
[2026-03-06 18:44:52] INFO: op ←←←→←, 4344
[2026-03-06 18:44:52] INFO: op ←←→→←, 4572
[2026-03-06 18:44:52] INFO: op ←→→→←, 4394
[2026-03-06 18:44:52] INFO: op →←→←←, 3086
[2026-03-06 18:44:52] INFO: op →←←→←, 3256
[2026-03-06 18:44:52] INFO: op →→←→←, 3086
[2026-03-06 18:44:53] INFO: op →←→→←, 3256
[2026-03-06 18:44:53] INFO: op ←→←→←, 2532
[2026-03-06 18:44:53] INFO: [END]
