[2026-02-24 12:00:50] INFO: Logger initialized at log/log1042.log
[2026-02-24 12:00:50] INFO: k 3, n 12, seed 174
[2026-02-24 12:00:50] INFO: op ←←←←←, 1510
[2026-02-24 12:00:50] INFO: op →←←←←, 1081
[2026-02-24 12:00:50] INFO: op ←→←←←, 726
[2026-02-24 12:00:50] INFO: op →→←←←, 1129
[2026-02-24 12:00:50] INFO: op ←←→←←, 785
[2026-02-24 12:00:50] INFO: op →←→←←, 513
[2026-02-24 12:00:50] INFO: op ←→→←←, 794
[2026-02-24 12:00:50] INFO: op →→→←←, 1129
[2026-02-24 12:00:50] INFO: op ←←←→←, 725
[2026-02-24 12:00:50] INFO: op →←←→←, 507
[2026-02-24 12:00:50] INFO: op ←→←→←, 331
[2026-02-24 12:00:50] INFO: op →→←→←, 513
[2026-02-24 12:00:50] INFO: op ←←→→←, 793
[2026-02-24 12:00:50] INFO: op →←→→←, 507
[2026-02-24 12:00:50] INFO: op ←→→→←, 766
[2026-02-24 12:00:51] INFO: op →→→→←, 1081
[2026-02-24 12:00:51] INFO: op ←←←←→, 1083
[2026-02-24 12:00:51] INFO: op →←←←→, 766
[2026-02-24 12:00:51] INFO: op ←→←←→, 506
[2026-02-24 12:00:51] INFO: op →→←←→, 794
[2026-02-24 12:00:51] INFO: op ←←→←→, 511
[2026-02-24 12:00:51] INFO: op →←→←→, 331
[2026-02-24 12:00:51] INFO: op ←→→←→, 506
[2026-02-24 12:00:51] INFO: op →→→←→, 726
[2026-02-24 12:00:51] INFO: op ←←←→→, 1130
[2026-02-24 12:00:51] INFO: op →←←→→, 793
[2026-02-24 12:00:51] INFO: op ←→←→→, 511
[2026-02-24 12:00:51] INFO: op →→←→→, 785
[2026-02-24 12:00:51] INFO: op ←←→→→, 1130
[2026-02-24 12:00:51] INFO: op →←→→→, 725
[2026-02-24 12:00:51] INFO: op ←→→→→, 1083
[2026-02-24 12:00:51] INFO: op →→→→→, 1510
