[2026-02-26 12:02:57] INFO: Logger initialized at log/log1710.log
[2026-02-26 12:02:57] INFO: Test 17th graph in data/list_1662_graphs.g6: H~~~~~~
[2026-02-26 12:02:58] INFO: op ←←←←←←←, 5661
[2026-02-26 12:02:58] INFO: op →←←←←←←, 4311
[2026-02-26 12:02:58] INFO: op →→←←←←←, 4437
[2026-02-26 12:02:58] INFO: op →→→←←←←, 4995
[2026-02-26 12:02:58] INFO: op →→→→←←←, 4995
[2026-02-26 12:02:59] INFO: op →→→→→←←, 4437
[2026-02-26 12:02:59] INFO: op →→→→→→←, 4311
[2026-02-26 12:02:59] INFO: op ←→←←←←←, 3087
[2026-02-26 12:02:59] INFO: op ←←→←←←←, 3771
[2026-02-26 12:02:59] INFO: op ←→→←←←←, 3249
[2026-02-26 12:02:59] INFO: op ←←←→←←←, 4329
[2026-02-26 12:02:59] INFO: op ←←→→←←←, 3519
[2026-02-26 12:03:00] INFO: op ←→→→←←←, 4041
[2026-02-26 12:03:00] INFO: op ←←←←→←←, 3771
[2026-02-26 12:03:00] INFO: op ←←←→→←←, 3519
[2026-02-26 12:03:00] INFO: op ←←→→→←←, 3753
[2026-02-26 12:03:00] INFO: op ←→→→→←←, 3807
[2026-02-26 12:03:00] INFO: op ←←←←←→←, 3087
[2026-02-26 12:03:01] INFO: op ←←←←→→←, 3249
[2026-02-26 12:03:01] INFO: op ←←←→→→←, 4041
[2026-02-26 12:03:01] INFO: op ←←→→→→←, 3807
[2026-02-26 12:03:01] INFO: op ←→→→→→←, 3213
[2026-02-26 12:03:01] INFO: op →←→←←←←, 2025
[2026-02-26 12:03:01] INFO: op →←←→←←←, 2979
[2026-02-26 12:03:01] INFO: op →→←→←←←, 2853
[2026-02-26 12:03:01] INFO: op →←→→←←←, 2565
[2026-02-26 12:03:02] INFO: op →←←←→←←, 3537
[2026-02-26 12:03:02] INFO: op →→←←→←←, 2835
[2026-02-26 12:03:02] INFO: op →→→←→←←, 2853
[2026-02-26 12:03:02] INFO: op →←←→→←←, 2133
[2026-02-26 12:03:02] INFO: op →→←→→←←, 2835
[2026-02-26 12:03:02] INFO: op →←→→→←←, 3123
[2026-02-26 12:03:02] INFO: op →←←←←→←, 2709
[2026-02-26 12:03:02] INFO: op →→←←←→←, 3123
[2026-02-26 12:03:02] INFO: op →→→←←→←, 2565
[2026-02-26 12:03:03] INFO: op →→→→←→←, 2025
[2026-02-26 12:03:03] INFO: op →←←←→→←, 2835
[2026-02-26 12:03:03] INFO: op →→←←→→←, 2133
[2026-02-26 12:03:03] INFO: op →→→←→→←, 2979
[2026-02-26 12:03:03] INFO: op →←←→→→←, 2835
[2026-02-26 12:03:03] INFO: op →→←→→→←, 3537
[2026-02-26 12:03:03] INFO: op →←→→→→←, 2709
[2026-02-26 12:03:03] INFO: op ←→←→←←←, 1503
[2026-02-26 12:03:03] INFO: op ←→←←→←←, 2601
[2026-02-26 12:03:04] INFO: op ←←→←→←←, 1917
[2026-02-26 12:03:04] INFO: op ←→→←→←←, 1863
[2026-02-26 12:03:04] INFO: op ←→←→→←←, 1449
[2026-02-26 12:03:04] INFO: op ←→←←←→←, 2745
[2026-02-26 12:03:04] INFO: op ←←→←←→←, 2601
[2026-02-26 12:03:04] INFO: op ←→→←←→←, 1719
[2026-02-26 12:03:04] INFO: op ←←←→←→←, 1503
[2026-02-26 12:03:04] INFO: op ←←→→←→←, 1449
[2026-02-26 12:03:04] INFO: op ←→→→←→←, 2331
[2026-02-26 12:03:04] INFO: op ←→←←→→←, 1719
[2026-02-26 12:03:04] INFO: op ←←→←→→←, 1863
[2026-02-26 12:03:04] INFO: op ←→→←→→←, 2457
[2026-02-26 12:03:04] INFO: op ←→←→→→←, 2331
[2026-02-26 12:03:05] INFO: op →←→←→←←, 927
[2026-02-26 12:03:05] INFO: op →←→←←→←, 1755
[2026-02-26 12:03:05] INFO: op →←←→←→←, 1341
[2026-02-26 12:03:05] INFO: op →→←→←→←, 927
[2026-02-26 12:03:05] INFO: op →←→→←→←, 1755
[2026-02-26 12:03:05] INFO: op →←→←→→←, 1341
[2026-02-26 12:03:05] INFO: op ←→←→←→←, 765
