[2026-02-26 12:02:54] INFO: Logger initialized at log/log1153.log
[2026-02-26 12:02:54] INFO: Test 5th graph in data/list_1662_graphs.g6: I^~~~~~~w
[2026-02-26 12:02:55] INFO: op ←←←←←←←, 21233
[2026-02-26 12:02:56] INFO: op →←←←←←←, 17023
[2026-02-26 12:02:56] INFO: op →→←←←←←, 17625
[2026-02-26 12:02:57] INFO: op →→→←←←←, 18850
[2026-02-26 12:02:58] INFO: op →→→→←←←, 18850
[2026-02-26 12:02:59] INFO: op →→→→→←←, 17625
[2026-02-26 12:03:00] INFO: op →→→→→→←, 17023
[2026-02-26 12:03:00] INFO: op ←→←←←←←, 13334
[2026-02-26 12:03:01] INFO: op ←←→←←←←, 15185
[2026-02-26 12:03:02] INFO: op ←→→←←←←, 13692
[2026-02-26 12:03:03] INFO: op ←←←→←←←, 16435
[2026-02-26 12:03:03] INFO: op ←←→→←←←, 14742
[2026-02-26 12:03:04] INFO: op ←→→→←←←, 15709
[2026-02-26 12:03:05] INFO: op ←←←←→←←, 15185
[2026-02-26 12:03:05] INFO: op ←←←→→←←, 14742
[2026-02-26 12:03:06] INFO: op ←←→→→←←, 15253
[2026-02-26 12:03:07] INFO: op ←→→→→←←, 15006
[2026-02-26 12:03:07] INFO: op ←←←←←→←, 13334
[2026-02-26 12:03:08] INFO: op ←←←←→→←, 13692
[2026-02-26 12:03:09] INFO: op ←←←→→→←, 15709
[2026-02-26 12:03:09] INFO: op ←←→→→→←, 15006
[2026-02-26 12:03:10] INFO: op ←→→→→→←, 13607
[2026-02-26 12:03:10] INFO: op →←→←←←←, 9946
[2026-02-26 12:03:11] INFO: op →←←→←←←, 12308
[2026-02-26 12:03:12] INFO: op →→←→←←←, 12270
[2026-02-26 12:03:12] INFO: op →←→→←←←, 11478
[2026-02-26 12:03:13] INFO: op →←←←→←←, 13647
[2026-02-26 12:03:13] INFO: op →→←←→←←, 12235
[2026-02-26 12:03:14] INFO: op →→→←→←←, 12270
[2026-02-26 12:03:14] INFO: op →←←→→←←, 10399
[2026-02-26 12:03:15] INFO: op →→←→→←←, 12235
[2026-02-26 12:03:15] INFO: op →←→→→←←, 12565
[2026-02-26 12:03:16] INFO: op →←←←←→←, 11557
[2026-02-26 12:03:16] INFO: op →→←←←→←, 12565
[2026-02-26 12:03:17] INFO: op →→→←←→←, 11478
[2026-02-26 12:03:17] INFO: op →→→→←→←, 9946
[2026-02-26 12:03:18] INFO: op →←←←→→←, 11869
[2026-02-26 12:03:18] INFO: op →→←←→→←, 10399
[2026-02-26 12:03:19] INFO: op →→→←→→←, 12308
[2026-02-26 12:03:20] INFO: op →←←→→→←, 11869
[2026-02-26 12:03:20] INFO: op →→←→→→←, 13647
[2026-02-26 12:03:21] INFO: op →←→→→→←, 11557
[2026-02-26 12:03:21] INFO: op ←→←→←←←, 8020
[2026-02-26 12:03:22] INFO: op ←→←←→←←, 10586
[2026-02-26 12:03:22] INFO: op ←←→←→←←, 9185
[2026-02-26 12:03:22] INFO: op ←→→←→←←, 8970
[2026-02-26 12:03:23] INFO: op ←→←→→←←, 7823
[2026-02-26 12:03:23] INFO: op ←→←←←→←, 10767
[2026-02-26 12:03:24] INFO: op ←←→←←→←, 10586
[2026-02-26 12:03:24] INFO: op ←→→←←→←, 8429
[2026-02-26 12:03:24] INFO: op ←←←→←→←, 8020
[2026-02-26 12:03:25] INFO: op ←←→→←→←, 7823
[2026-02-26 12:03:25] INFO: op ←→→→←→←, 9774
[2026-02-26 12:03:26] INFO: op ←→←←→→←, 8429
[2026-02-26 12:03:26] INFO: op ←←→←→→←, 8970
[2026-02-26 12:03:26] INFO: op ←→→←→→←, 9943
[2026-02-26 12:03:27] INFO: op ←→←→→→←, 9774
[2026-02-26 12:03:27] INFO: op →←→←→←←, 5774
[2026-02-26 12:03:28] INFO: op →←→←←→←, 7516
[2026-02-26 12:03:28] INFO: op →←←→←→←, 6458
[2026-02-26 12:03:28] INFO: op →→←→←→←, 5774
[2026-02-26 12:03:28] INFO: op →←→→←→←, 7516
[2026-02-26 12:03:29] INFO: op →←→←→→←, 6458
[2026-02-26 12:03:29] INFO: op ←→←→←→←, 4077
