[2026-02-24 20:56:38] INFO: Logger initialized at log/log8570.log
[2026-02-24 20:56:38] INFO: k 3, n 14, seed 540
[2026-02-24 20:56:38] INFO: op ←←←←←, 2044
[2026-02-24 20:56:38] INFO: op →←←←←, 1425
[2026-02-24 20:56:38] INFO: op ←→←←←, 977
[2026-02-24 20:56:38] INFO: op →→←←←, 1465
[2026-02-24 20:56:38] INFO: op ←←→←←, 1002
[2026-02-24 20:56:38] INFO: op →←→←←, 637
[2026-02-24 20:56:39] INFO: op ←→→←←, 936
[2026-02-24 20:56:39] INFO: op →→→←←, 1465
[2026-02-24 20:56:39] INFO: op ←←←→←, 977
[2026-02-24 20:56:39] INFO: op →←←→←, 632
[2026-02-24 20:56:39] INFO: op ←→←→←, 399
[2026-02-24 20:56:39] INFO: op →→←→←, 637
[2026-02-24 20:56:39] INFO: op ←←→→←, 936
[2026-02-24 20:56:39] INFO: op →←→→←, 632
[2026-02-24 20:56:39] INFO: op ←→→→←, 1021
[2026-02-24 20:56:39] INFO: op →→→→←, 1425
[2026-02-24 20:56:39] INFO: op ←←←←→, 1425
[2026-02-24 20:56:39] INFO: op →←←←→, 1021
[2026-02-24 20:56:39] INFO: op ←→←←→, 632
[2026-02-24 20:56:39] INFO: op →→←←→, 936
[2026-02-24 20:56:39] INFO: op ←←→←→, 637
[2026-02-24 20:56:39] INFO: op →←→←→, 399
[2026-02-24 20:56:39] INFO: op ←→→←→, 632
[2026-02-24 20:56:39] INFO: op →→→←→, 977
[2026-02-24 20:56:40] INFO: op ←←←→→, 1465
[2026-02-24 20:56:40] INFO: op →←←→→, 936
[2026-02-24 20:56:40] INFO: op ←→←→→, 637
[2026-02-24 20:56:40] INFO: op →→←→→, 1002
[2026-02-24 20:56:40] INFO: op ←←→→→, 1465
[2026-02-24 20:56:40] INFO: op →←→→→, 977
[2026-02-24 20:56:40] INFO: op ←→→→→, 1425
[2026-02-24 20:56:40] INFO: op →→→→→, 2044
