[2026-02-24 12:00:47] INFO: Logger initialized at log/log902.log
[2026-02-24 12:00:47] INFO: k 3, n 11, seed 935
[2026-02-24 12:00:47] INFO: op ←←←←←, 1222
[2026-02-24 12:00:47] INFO: op →←←←←, 881
[2026-02-24 12:00:47] INFO: op ←→←←←, 623
[2026-02-24 12:00:47] INFO: op →→←←←, 956
[2026-02-24 12:00:47] INFO: op ←←→←←, 695
[2026-02-24 12:00:47] INFO: op →←→←←, 410
[2026-02-24 12:00:47] INFO: op ←→→←←, 666
[2026-02-24 12:00:47] INFO: op →→→←←, 956
[2026-02-24 12:00:47] INFO: op ←←←→←, 621
[2026-02-24 12:00:47] INFO: op →←←→←, 442
[2026-02-24 12:00:47] INFO: op ←→←→←, 241
[2026-02-24 12:00:47] INFO: op →→←→←, 410
[2026-02-24 12:00:47] INFO: op ←←→→←, 664
[2026-02-24 12:00:47] INFO: op →←→→←, 442
[2026-02-24 12:00:48] INFO: op ←→→→←, 648
[2026-02-24 12:00:48] INFO: op →→→→←, 881
[2026-02-24 12:00:48] INFO: op ←←←←→, 885
[2026-02-24 12:00:48] INFO: op →←←←→, 648
[2026-02-24 12:00:48] INFO: op ←→←←→, 446
[2026-02-24 12:00:48] INFO: op →→←←→, 666
[2026-02-24 12:00:48] INFO: op ←←→←→, 412
[2026-02-24 12:00:48] INFO: op →←→←→, 241
[2026-02-24 12:00:48] INFO: op ←→→←→, 446
[2026-02-24 12:00:48] INFO: op →→→←→, 623
[2026-02-24 12:00:48] INFO: op ←←←→→, 958
[2026-02-24 12:00:48] INFO: op →←←→→, 664
[2026-02-24 12:00:48] INFO: op ←→←→→, 412
[2026-02-24 12:00:48] INFO: op →→←→→, 695
[2026-02-24 12:00:48] INFO: op ←←→→→, 958
[2026-02-24 12:00:48] INFO: op →←→→→, 621
[2026-02-24 12:00:48] INFO: op ←→→→→, 885
[2026-02-24 12:00:48] INFO: op →→→→→, 1222
