[2026-02-26 12:58:33] INFO: Logger initialized at log/log48857.log
[2026-02-26 12:58:33] INFO: Test 848th graph in data/list_1662_graphs.g6: Pti[w?@GABgNO]O\GMX{?N_C
[2026-02-26 12:58:33] INFO: Orientation of Pti[w?@GABgNO]O\GMX{?N_C with min semidegree 3:
[0 1 0 1 0 0 1 0 0 0 0 0 0 0 0 0 0]
[0 0 0 0 0 0 0 0 0 0 1 1 0 0 1 0 0]
[1 0 0 0 0 0 0 0 0 0 0 0 0 0 0 1 1]
[0 0 1 0 0 0 0 0 0 0 0 0 0 0 0 1 1]
[1 0 1 0 0 0 0 0 0 0 0 0 0 0 0 0 1]
[1 0 0 1 1 0 0 0 0 0 0 0 0 0 0 0 0]
[0 0 0 1 1 1 0 0 0 0 0 0 0 0 0 0 0]
[0 0 0 0 0 0 0 0 0 0 0 0 1 1 1 0 0]
[0 0 0 0 0 0 0 1 0 0 0 0 1 1 0 0 0]
[0 0 1 0 0 0 0 0 0 0 0 1 0 0 1 0 0]
[0 0 0 0 0 0 0 1 1 1 0 0 0 0 0 0 0]
[0 0 0 0 0 0 0 1 1 0 1 0 0 0 0 0 0]
[0 1 0 0 0 0 0 0 0 1 1 0 0 0 0 0 0]
[0 1 0 0 0 0 0 0 0 1 0 1 0 0 0 0 0]
[0 0 0 0 0 0 0 0 1 0 0 0 1 1 0 0 0]
[0 0 0 0 1 1 1 0 0 0 0 0 0 0 0 0 0]
[0 0 0 0 0 1 1 0 0 0 0 0 0 0 0 1 0]
[2026-02-26 12:58:33] INFO: [COUNTER] No Hamiltonian antidirected path found
