[2026-02-26 12:59:21] INFO: Logger initialized at log/log63066.log
[2026-02-26 12:59:22] INFO: Test 1230th graph in data/list_1662_graphs.g6: SsaCCA?_C?N~^}^}N~B~o^}@~wB~oB~o?
[2026-02-26 12:59:22] INFO: Orientation of SsaCCA?_C?N~^}^}N~B~o^}@~wB~oB~o? with min semidegree 5:
[0 1 1 1 1 1 0 0 0 0 0 0 0 0 0 0 0 0 0 0]
[0 0 0 0 0 0 0 0 0 0 0 0 0 0 0 1 1 1 1 1]
[0 0 0 0 0 0 0 0 0 0 0 0 0 0 0 1 1 1 1 1]
[0 0 0 0 0 0 0 0 0 0 0 0 0 0 0 1 1 1 1 1]
[0 0 0 0 0 0 0 0 0 0 0 0 0 0 0 1 1 1 1 1]
[0 0 0 0 0 0 0 0 0 0 0 0 0 0 0 1 1 1 1 1]
[1 0 0 0 0 0 0 0 0 0 0 1 1 1 1 0 0 0 0 0]
[1 0 0 0 0 0 0 0 0 0 0 1 1 1 1 0 0 0 0 0]
[1 0 0 0 0 0 0 0 0 0 0 1 1 1 1 0 0 0 0 0]
[1 0 0 0 0 0 0 0 0 0 0 1 1 1 1 0 0 0 0 0]
[1 0 0 0 0 0 0 0 0 0 0 1 1 1 1 0 0 0 0 0]
[0 1 1 1 1 1 0 0 0 0 0 0 0 0 0 0 0 0 0 0]
[0 1 1 1 1 1 0 0 0 0 0 0 0 0 0 0 0 0 0 0]
[0 1 1 1 1 1 0 0 0 0 0 0 0 0 0 0 0 0 0 0]
[0 1 1 1 1 1 0 0 0 0 0 0 0 0 0 0 0 0 0 0]
[0 0 0 0 0 0 1 1 1 1 1 0 0 0 0 0 0 0 0 0]
[0 0 0 0 0 0 1 1 1 1 1 0 0 0 0 0 0 0 0 0]
[0 0 0 0 0 0 1 1 1 1 1 0 0 0 0 0 0 0 0 0]
[0 0 0 0 0 0 1 1 1 1 1 0 0 0 0 0 0 0 0 0]
[0 0 0 0 0 0 1 1 1 1 1 0 0 0 0 0 0 0 0 0]
[2026-02-26 12:59:22] INFO: [COUNTER] No Hamiltonian antidirected path found
