[2026-02-26 12:59:56] INFO: Logger initialized at log/log71278.log
[2026-02-26 12:59:56] INFO: Test 1449th graph in data/list_1662_graphs.g6: R?????????^~~}~}^~F~o~}B~wF~o?
[2026-02-26 12:59:57] INFO: Orientation of R?????????^~~}~}^~F~o~}B~wF~o? with min semidegree 4:
[0 0 0 0 0 0 0 0 0 0 0 1 0 0 0 0 1 1 1]
[0 0 0 0 0 0 0 0 0 0 0 1 0 0 0 0 1 1 1]
[0 0 0 0 0 0 0 0 0 0 0 1 0 0 0 0 1 1 1]
[0 0 0 0 0 0 0 0 0 0 0 1 0 0 0 0 1 1 1]
[0 0 0 0 0 0 0 0 0 0 0 0 1 1 1 1 0 0 0]
[0 0 0 0 0 0 0 0 0 0 0 0 1 1 1 1 0 0 0]
[0 0 0 0 0 0 0 0 0 0 0 0 1 1 1 1 0 0 0]
[0 0 0 0 0 0 0 0 0 0 0 0 1 1 1 1 0 0 0]
[0 0 0 0 0 0 0 0 0 0 0 1 0 0 0 0 1 1 1]
[0 0 0 0 0 0 0 0 0 0 0 1 0 0 0 0 1 1 1]
[0 0 0 0 0 0 0 0 0 0 0 1 0 0 0 0 1 1 1]
[0 0 0 0 1 1 1 1 0 0 0 0 0 0 0 0 0 0 0]
[1 1 1 1 0 0 0 0 1 1 1 0 0 0 0 0 0 0 0]
[1 1 1 1 0 0 0 0 1 1 1 0 0 0 0 0 0 0 0]
[1 1 1 1 0 0 0 0 1 1 1 0 0 0 0 0 0 0 0]
[1 1 1 1 0 0 0 0 1 1 1 0 0 0 0 0 0 0 0]
[0 0 0 0 1 1 1 1 0 0 0 0 0 0 0 0 0 0 0]
[0 0 0 0 1 1 1 1 0 0 0 0 0 0 0 0 0 0 0]
[0 0 0 0 1 1 1 1 0 0 0 0 0 0 0 0 0 0 0]
[2026-02-26 12:59:57] INFO: [COUNTER] No Hamiltonian antidirected path found
