[2026-02-26 12:59:58] INFO: Logger initialized at log/log71733.log
[2026-02-26 12:59:59] INFO: Test 1461th graph in data/list_1662_graphs.g6: T???????????~o~o^wF`w{NBo{?^w?^w?N{?
[2026-02-26 12:59:59] INFO: Orientation of T???????????~o~o^wF`w{NBo{?^w?^w?N{? with min semidegree 3:
[0 0 0 0 0 0 0 0 0 0 0 0 1 1 1 0 0 0 0 0 0]
[0 0 0 0 0 0 0 0 0 0 0 0 1 0 0 0 1 1 0 0 0]
[0 0 0 0 0 0 0 0 0 0 0 0 1 0 0 0 1 1 0 0 0]
[0 0 0 0 0 0 0 0 0 0 0 0 0 1 1 1 0 0 0 0 0]
[0 0 0 0 0 0 0 0 0 0 0 0 0 0 0 0 0 0 1 1 1]
[0 0 0 0 0 0 0 0 0 0 0 0 0 0 0 0 0 0 1 1 1]
[0 0 0 0 0 0 0 0 0 0 0 0 0 0 0 0 0 0 1 1 1]
[0 0 0 0 0 0 0 0 0 0 0 0 0 1 1 0 0 0 1 0 0]
[0 0 0 0 0 0 0 0 0 0 0 0 0 0 0 1 1 1 0 0 0]
[0 0 0 0 0 0 0 0 0 0 0 0 0 0 0 1 1 1 0 0 0]
[0 0 0 0 0 0 0 0 0 0 0 0 0 0 0 0 1 0 1 1 0]
[0 0 0 0 0 0 0 0 0 0 0 0 0 0 0 1 0 0 0 1 1]
[0 0 0 1 1 1 1 1 0 0 0 0 0 0 0 0 0 0 0 0 0]
[0 1 1 0 1 1 1 0 0 0 0 0 0 0 0 0 0 0 0 0 0]
[0 1 1 0 1 1 1 0 0 0 0 0 0 0 0 0 0 0 0 0 0]
[1 1 1 0 0 0 0 0 0 0 1 0 0 0 0 0 0 0 0 0 0]
[1 0 0 1 0 0 0 0 0 0 0 1 0 0 0 0 0 0 0 0 0]
[1 0 0 1 0 0 0 0 0 0 1 1 0 0 0 0 0 0 0 0 0]
[0 0 0 0 0 0 0 0 1 1 0 1 0 0 0 0 0 0 0 0 0]
[0 0 0 0 0 0 0 1 1 1 0 0 0 0 0 0 0 0 0 0 0]
[0 0 0 0 0 0 0 1 1 1 1 0 0 0 0 0 0 0 0 0 0]
[2026-02-26 13:00:00] INFO: [COUNTER] No Hamiltonian antidirected path found
