[2026-02-27 03:47:53] INFO: Logger initialized at log/log124402.log
[2026-02-27 03:47:53] INFO: Test 1449th graph in data/list_1662_graphs.g6: R?????????^~~}~}^~F~o~}B~wF~o?
[2026-02-27 03:47:53] INFO: Orientation of R?????????^~~}~}^~F~o~}B~wF~o? with min semidegree 4:
[0 0 0 0 0 0 0 0 0 0 0 1 0 0 0 0 1 1 1]
[0 0 0 0 0 0 0 0 0 0 0 1 0 0 0 0 1 1 1]
[0 0 0 0 0 0 0 0 0 0 0 1 0 0 0 0 1 1 1]
[0 0 0 0 0 0 0 0 0 0 0 1 0 0 0 0 1 1 1]
[0 0 0 0 0 0 0 0 0 0 0 0 1 1 1 1 0 0 0]
[0 0 0 0 0 0 0 0 0 0 0 0 1 1 1 1 0 0 0]
[0 0 0 0 0 0 0 0 0 0 0 0 1 1 1 1 0 0 0]
[0 0 0 0 0 0 0 0 0 0 0 0 1 1 1 1 0 0 0]
[0 0 0 0 0 0 0 0 0 0 0 1 0 0 0 0 1 1 1]
[0 0 0 0 0 0 0 0 0 0 0 1 0 0 0 0 1 1 1]
[0 0 0 0 0 0 0 0 0 0 0 1 0 0 0 0 1 1 1]
[0 0 0 0 1 1 1 1 0 0 0 0 0 0 0 0 0 0 0]
[1 1 1 1 0 0 0 0 1 1 1 0 0 0 0 0 0 0 0]
[1 1 1 1 0 0 0 0 1 1 1 0 0 0 0 0 0 0 0]
[1 1 1 1 0 0 0 0 1 1 1 0 0 0 0 0 0 0 0]
[1 1 1 1 0 0 0 0 1 1 1 0 0 0 0 0 0 0 0]
[0 0 0 0 1 1 1 1 0 0 0 0 0 0 0 0 0 0 0]
[0 0 0 0 1 1 1 1 0 0 0 0 0 0 0 0 0 0 0]
[0 0 0 0 1 1 1 1 0 0 0 0 0 0 0 0 0 0 0]
[2026-02-27 03:49:11] INFO: [COUNTER] No Hamiltonian cycle found
