[2026-02-27 03:45:50] INFO: Logger initialized at log/log101605.log
[2026-02-27 03:45:50] INFO: Test 854th graph in data/list_1662_graphs.g6: Q}m|~{???@_F?N?N_Fy@bONd}?O
[2026-02-27 03:45:50] INFO: Orientation of Q}m|~{???@_F?N?N_Fy@bONd}?O with min semidegree 3:
[0 1 0 0 0 0 1 1 0 0 0 0 0 0 0 0 0 0]
[0 0 0 0 0 0 0 1 0 0 0 0 0 0 0 0 1 1]
[1 1 0 0 0 0 0 1 0 0 0 0 0 0 0 0 0 1]
[1 1 0 0 0 0 0 0 0 0 0 0 0 0 0 0 0 1]
[1 0 1 1 0 0 0 0 0 0 0 0 0 0 0 0 0 0]
[1 0 1 1 1 0 0 0 0 0 0 0 0 0 0 0 0 0]
[0 0 1 1 1 1 0 0 0 0 0 0 0 0 0 0 0 0]
[0 0 0 1 1 1 1 0 0 0 0 0 0 0 0 0 0 0]
[0 0 0 0 0 0 0 0 0 0 0 0 0 1 1 0 1 0]
[0 0 0 0 0 0 0 0 0 0 0 0 0 0 1 1 1 0]
[0 0 0 0 0 0 0 0 1 1 0 0 0 0 0 0 1 0]
[0 0 0 0 0 0 0 0 1 1 1 0 0 0 0 0 0 0]
[0 0 0 0 0 0 0 0 1 1 1 1 0 0 0 0 0 0]
[0 0 0 0 0 0 0 0 0 1 1 1 1 0 0 0 0 0]
[0 0 0 0 0 0 0 0 0 0 1 1 1 1 0 0 0 0]
[0 1 0 0 0 0 0 0 1 0 0 0 0 1 1 0 0 0]
[0 0 0 0 0 0 0 0 0 0 0 1 1 0 0 1 0 0]
[0 0 0 0 1 1 1 0 0 0 0 0 0 0 0 1 0 0]
[2026-02-27 03:45:51] INFO: [COUNTER] No Hamiltonian cycle found
