[2026-02-27 03:43:32] INFO: Logger initialized at log/log70795.log
[2026-02-27 03:43:32] INFO: Test 41th graph in data/list_1662_graphs.g6: R?CO__OBw^@{Bw{F}Bv_{zwBn_F^??
[2026-02-27 03:43:32] INFO: Orientation of R?CO__OBw^@{Bw{F}Bv_{zwBn_F^?? with min semidegree 3:
[0 0 0 0 0 0 0 0 0 0 0 0 0 1 0 0 0 1 1]
[0 0 0 0 0 0 0 0 0 0 0 0 0 1 0 0 0 1 1]
[0 0 0 0 0 0 0 0 0 0 0 0 0 0 0 0 1 1 1]
[0 0 0 0 0 0 0 0 0 0 0 0 0 1 1 1 0 0 0]
[0 0 0 1 0 0 0 0 0 1 1 0 0 0 0 0 1 1 0]
[0 0 0 1 0 0 0 0 0 0 0 0 0 0 0 0 1 1 0]
[0 0 0 1 0 0 0 0 0 0 0 0 0 0 0 0 1 0 1]
[0 0 0 1 0 0 0 0 0 0 0 0 0 0 0 0 1 0 1]
[0 0 0 1 0 0 0 0 0 1 1 0 0 0 0 0 0 0 0]
[0 0 0 0 0 1 1 1 0 0 0 0 0 0 1 1 0 0 0]
[0 0 0 0 0 1 1 1 0 0 0 0 0 0 1 1 0 0 0]
[0 0 0 0 1 1 1 1 1 0 0 0 0 0 0 0 0 0 0]
[0 0 0 0 1 1 1 1 1 0 0 0 0 0 0 0 0 0 0]
[0 0 1 0 0 0 0 0 0 1 1 1 1 0 0 0 0 0 0]
[1 1 1 0 0 0 0 0 0 0 0 1 1 0 0 0 0 0 0]
[1 1 1 0 0 0 0 0 0 0 0 1 1 0 0 0 0 0 0]
[1 1 0 0 0 0 0 0 1 0 0 0 0 0 0 0 0 0 0]
[0 0 0 0 0 0 1 1 1 0 0 0 0 0 0 0 0 0 0]
[0 0 0 0 1 1 0 0 1 0 0 0 0 0 0 0 0 0 0]
[2026-02-27 03:43:43] INFO: [COUNTER] No Hamiltonian cycle found
