[2026-02-27 03:44:33] INFO: Logger initialized at log/log85976.log
[2026-02-27 03:44:33] INFO: Test 443th graph in data/list_1662_graphs.g6: T??????Bw^@{BwBw]B~_}{Fro^F~?F~?B~_?
[2026-02-27 03:44:33] INFO: Orientation of T??????Bw^@{BwBw]B~_}{Fro^F~?F~?B~_? with min semidegree 3:
[0 0 0 0 0 0 0 0 0 0 0 0 0 0 1 1 1 1 0 0 0]
[0 0 0 0 0 0 0 0 0 0 0 0 0 0 1 0 1 1 1 0 0]
[0 0 0 0 0 0 0 0 0 0 0 0 0 0 0 1 1 1 1 0 0]
[0 0 0 0 0 0 0 0 0 0 0 0 0 0 1 1 0 0 0 1 1]
[0 0 0 0 0 0 0 0 0 0 0 0 0 0 0 0 0 0 1 1 1]
[0 0 0 0 0 0 0 0 0 0 0 0 0 0 0 0 0 0 1 1 1]
[0 0 0 0 0 0 0 0 0 0 0 0 0 0 0 0 0 0 1 1 1]
[0 0 0 0 0 0 0 0 0 0 0 0 0 0 0 0 0 0 1 1 1]
[0 0 0 0 0 0 0 0 0 1 0 0 0 0 0 0 0 0 0 1 1]
[0 0 0 0 1 1 1 1 0 0 0 0 0 0 0 0 0 0 0 0 0]
[0 0 0 0 1 1 1 1 1 0 0 0 0 0 0 0 0 0 0 0 0]
[0 0 0 0 1 1 1 1 1 0 0 0 0 0 0 0 0 0 0 0 0]
[0 0 0 0 1 1 1 1 1 0 0 0 0 0 0 0 0 0 0 0 0]
[0 0 0 0 1 1 1 1 1 0 0 0 0 0 0 0 0 0 0 0 0]
[0 0 1 0 0 0 0 0 0 1 1 1 1 1 0 0 0 0 0 0 0]
[0 1 0 0 0 0 0 0 0 1 1 1 1 1 0 0 0 0 0 0 0]
[0 0 0 1 0 0 0 0 0 1 1 1 1 1 0 0 0 0 0 0 0]
[0 0 0 1 0 0 0 0 0 1 1 1 1 1 0 0 0 0 0 0 0]
[1 0 0 1 0 0 0 0 1 0 0 0 0 0 0 0 0 0 0 0 0]
[1 1 1 0 0 0 0 0 0 0 0 0 0 0 0 0 0 0 0 0 0]
[1 1 1 0 0 0 0 0 0 0 0 0 0 0 0 0 0 0 0 0 0]
[2026-02-27 03:46:29] INFO: [COUNTER] No Hamiltonian cycle found
