[2026-03-18 16:07:11] INFO: Logger initialized at log_ex/log1827874.log
[2026-03-18 16:07:11] INFO: Test 0th graph in data/list_179_graphs.g6: C^
[2026-03-18 16:07:11] INFO: meta data: 
2-connected
minimum degree δ = 2
maximum degree Δ = 3
|V(G)| <= 30
[2026-03-18 16:07:11] INFO: graph of order 4 s.t.
mindegree 2
maxdegree 3
# 2-vertices 2
# 3-vertices 2
[2026-03-18 16:07:11] INFO: 
============================================================
[MAX-DEGREE COUNTER] init=2, deg=3, reachable_size=2
reachable   :
  - v=0, deg=2
  - v=1, deg=2
unreachable :
  - v=2, deg=3
  - v=3, deg=3
============================================================
[2026-03-18 16:07:11] INFO: 
============================================================
[MAX-DEGREE COUNTER] init=3, deg=3, reachable_size=2
reachable   :
  - v=0, deg=2
  - v=1, deg=2
unreachable :
  - v=2, deg=3
  - v=3, deg=3
============================================================
[2026-03-18 16:07:11] INFO: [COUNTER] 2/4
