[2026-03-08 16:34:50] INFO: Logger initialized at log3/log632087.log
[2026-03-08 16:34:50] INFO: Test 912th graph in data/list_1775_graphs.g6: L~?GW[NB~x~Y|w
[2026-03-08 16:34:50] INFO: meta data: 
minimum degree >= 6
independent number >= 2
connected
Not regular
[2026-03-08 16:34:50] INFO: Orientation of L~?GW[NB~x~Y|w with min semidegree 3:
[0 0 0 0 0 0 0 0 0 0 1 1 1]
[1 0 0 0 0 0 0 0 0 0 1 1 0]
[1 1 0 0 0 0 0 0 0 0 1 0 0]
[1 1 1 0 0 0 0 0 0 0 0 0 0]
[0 0 0 0 0 0 0 0 1 1 0 1 0]
[0 0 0 0 1 0 0 0 0 1 0 0 1]
[0 0 0 0 1 1 0 0 0 0 0 0 1]
[0 0 0 0 1 1 1 0 0 0 0 0 0]
[0 0 0 0 0 1 1 1 0 0 0 0 0]
[0 0 0 0 0 0 1 1 1 0 0 0 0]
[0 0 0 1 1 1 0 0 1 1 0 0 0]
[0 0 1 1 0 0 1 1 0 1 0 0 0]
[0 1 1 1 0 0 0 1 1 0 0 0 0]
[2026-03-08 16:34:50] INFO: Any vertex can be a start vertex of a directed path of length 2k-1
