[2026-03-08 16:34:13] INFO: Logger initialized at log3/log628943.log
[2026-03-08 16:34:13] INFO: Test 824th graph in data/list_1775_graphs.g6: L}i[z`hTynd~J~
[2026-03-08 16:34:13] INFO: meta data: 
minimum degree >= 6
independent number >= 2
connected
Not regular
[2026-03-08 16:34:13] INFO: Orientation of L}i[z`hTynd~J~ with min semidegree 3:
[0 0 1 0 1 1 0 0 0 0 0 0 0]
[1 0 0 0 0 0 0 0 1 0 1 0 0]
[0 1 0 0 0 0 0 0 0 0 0 1 1]
[1 1 0 0 0 0 1 0 0 0 0 0 0]
[0 0 1 0 0 0 0 0 0 0 0 1 1]
[0 0 0 1 1 0 0 0 0 0 0 0 1]
[1 0 0 0 1 1 0 0 0 0 0 0 0]
[0 1 1 1 0 0 0 0 0 0 0 0 0]
[0 0 1 0 1 0 0 1 0 0 0 0 0]
[0 1 0 1 0 1 1 1 1 0 0 0 0]
[0 0 0 1 0 1 1 1 1 1 0 0 0]
[0 0 0 0 0 1 1 1 1 1 1 0 0]
[0 0 0 0 0 0 1 1 1 1 1 1 0]
[2026-03-08 16:34:13] INFO: Any vertex can be a start vertex of a directed path of length 2k-1
