[2026-03-08 16:36:13] INFO: Logger initialized at log3/log634924.log
[2026-03-08 16:36:13] INFO: Test 993th graph in data/list_1775_graphs.g6: Q}i[A[vUhuKrphhpRBw{u]W|`zo
[2026-03-08 16:36:13] INFO: meta data: 
minimum degree >= 6
independent number >= 2
connected
Not regular
[2026-03-08 16:36:13] INFO: Orientation of Q}i[A[vUhuKrphhpRBw{u]W|`zo with min semidegree 4:
[0 1 0 0 0 0 0 0 0 0 0 0 1 1 1 0 0 0]
[0 0 0 0 0 0 0 0 0 0 0 1 1 0 0 0 1 1]
[1 1 0 0 0 0 0 0 0 0 0 0 0 0 0 0 1 1]
[1 1 0 0 0 0 0 0 0 0 0 0 0 0 1 0 1 0]
[1 0 1 0 0 0 0 0 0 0 0 0 0 0 0 1 1 0]
[1 0 0 1 1 0 0 0 0 0 0 0 0 0 0 1 0 0]
[1 0 0 0 0 0 0 1 1 1 0 0 0 0 0 0 0 0]
[0 1 0 0 1 1 0 0 0 0 0 0 0 0 0 0 0 1]
[0 0 1 1 0 1 0 1 0 0 0 0 0 0 0 0 0 1]
[0 1 0 1 1 0 0 0 1 0 0 0 0 0 0 0 0 0]
[0 0 1 1 1 0 1 1 0 0 0 0 0 0 0 0 0 0]
[0 0 1 0 0 1 1 0 0 1 1 0 0 0 0 0 0 0]
[0 0 0 0 0 1 1 0 1 0 0 1 0 0 0 0 0 0]
[0 0 1 0 0 1 1 1 0 0 0 1 0 0 0 0 0 0]
[0 0 0 0 1 0 0 0 0 1 1 1 1 1 0 0 0 0]
[0 0 0 1 0 0 1 0 0 1 1 0 1 1 0 0 0 0]
[0 0 0 0 0 0 0 1 1 0 0 0 1 1 1 1 0 0]
[0 0 0 0 0 0 0 0 0 1 1 0 1 1 1 1 0 0]
[2026-03-08 16:36:14] INFO: Any vertex can be a start vertex of a directed path of length 2k-1
