[2026-03-08 16:41:18] INFO: Logger initialized at log3/log635309.log
[2026-03-08 16:41:18] INFO: Test 1004th graph in data/list_1775_graphs.g6: OsHHirKdlp[IFVI|KpqfR
[2026-03-08 16:41:18] INFO: meta data: 
minimum degree >= 6
independent number >= 2
connected
Not regular
[2026-03-08 16:41:18] INFO: Orientation of OsHHirKdlp[IFVI|KpqfR with min semidegree 3:
[0 0 0 0 0 0 0 0 1 1 1 0 0 0 0 0]
[1 0 0 0 0 0 0 0 0 0 0 0 0 0 1 1]
[1 0 0 0 0 0 0 0 0 0 0 0 0 1 1 0]
[1 0 0 0 0 0 0 0 0 0 0 0 1 0 0 1]
[0 0 1 0 0 0 0 0 0 0 0 0 1 1 0 0]
[0 1 0 0 1 0 1 0 0 0 0 0 0 0 0 0]
[0 0 1 1 0 0 0 0 0 0 0 0 0 0 0 1]
[0 1 0 1 1 0 0 0 0 0 0 0 0 0 0 0]
[0 1 0 0 1 1 0 0 0 0 0 0 0 0 0 0]
[0 0 0 1 0 1 1 0 1 0 0 0 0 0 0 0]
[0 0 1 1 1 0 0 0 1 0 0 0 0 0 0 0]
[1 1 1 0 0 0 0 1 0 1 0 0 0 0 0 0]
[0 0 0 0 0 1 0 1 0 1 1 1 0 0 0 0]
[0 0 0 0 0 0 1 1 1 1 0 1 0 0 0 0]
[0 0 0 0 0 1 1 0 0 0 1 1 1 0 0 0]
[0 0 0 0 0 0 0 1 1 0 1 0 0 1 1 0]
[2026-03-08 16:41:18] INFO: Any vertex can be a start vertex of a directed path of length 2k-1
