[2026-03-08 16:33:53] INFO: Logger initialized at log3/log627263.log
[2026-03-08 16:33:53] INFO: Test 776th graph in data/list_1775_graphs.g6: L~uGW[fF~NM^[~
[2026-03-08 16:33:53] INFO: meta data: 
minimum degree >= 6
independent number >= 2
connected
Not regular
[2026-03-08 16:33:53] INFO: Orientation of L~uGW[fF~NM^[~ with min semidegree 3:
[0 1 1 0 0 0 0 0 0 0 1 0 0]
[0 0 0 0 0 0 0 0 0 0 1 1 1]
[0 1 0 0 0 0 0 0 0 0 0 1 1]
[1 1 1 0 0 0 0 0 0 0 0 0 0]
[1 1 0 1 0 0 0 0 0 0 0 0 0]
[1 0 0 0 1 0 0 0 0 1 0 0 0]
[0 0 0 0 1 1 0 0 0 0 0 0 1]
[0 0 0 0 1 1 1 0 0 0 0 0 0]
[0 0 1 0 0 1 1 1 0 0 0 0 0]
[0 0 0 1 1 0 1 1 1 0 0 0 0]
[0 0 1 0 0 1 1 1 1 0 0 0 0]
[0 0 0 1 0 0 1 1 1 1 1 0 0]
[0 0 0 1 0 0 0 1 1 1 1 1 0]
[2026-03-08 16:33:53] INFO: Any vertex can be a start vertex of a directed path of length 2k-1
