[2026-03-08 16:34:35] INFO: Logger initialized at log3/log630860.log
[2026-03-08 16:34:35] INFO: Test 877th graph in data/list_1775_graphs.g6: L`Mztxzr]f}pzd
[2026-03-08 16:34:35] INFO: meta data: 
minimum degree >= 6
independent number >= 2
connected
Not regular
[2026-03-08 16:34:35] INFO: Orientation of L`Mztxzr]f}pzd with min semidegree 3:
[0 0 0 0 0 0 0 0 0 1 1 1 1]
[1 0 0 0 0 0 0 0 1 0 1 0 0]
[0 0 0 0 0 1 0 0 0 0 0 1 1]
[0 0 1 0 0 0 1 1 0 0 0 0 0]
[0 0 1 1 0 0 0 0 0 0 0 0 1]
[1 0 0 1 1 0 0 0 0 0 0 0 0]
[0 1 1 0 1 0 0 0 0 0 0 0 0]
[1 0 1 0 1 1 0 0 0 0 0 0 0]
[0 0 1 1 1 0 1 1 0 0 0 0 0]
[0 1 0 0 1 1 0 1 1 0 0 0 0]
[0 0 0 1 0 0 1 1 1 1 0 0 0]
[0 1 0 1 0 1 1 0 0 0 1 0 0]
[0 1 0 0 0 1 1 0 0 1 0 1 0]
[2026-03-08 16:34:36] INFO: Any vertex can be a start vertex of a directed path of length 2k-1
