[2026-03-08 16:34:46] INFO: Logger initialized at log3/log631739.log
[2026-03-08 16:34:46] INFO: Test 902th graph in data/list_1775_graphs.g6: L~?GW^o{G^`~~o
[2026-03-08 16:34:46] INFO: meta data: 
minimum degree >= 6
independent number >= 2
connected
Not regular
[2026-03-08 16:34:46] INFO: Orientation of L~?GW^o{G^`~~o with min semidegree 3:
[0 0 0 0 0 0 0 0 1 1 0 0 1]
[1 0 0 0 0 0 0 0 0 1 0 0 1]
[1 1 0 0 0 0 0 0 0 0 0 0 1]
[1 1 1 0 0 0 0 0 0 0 0 0 0]
[0 0 0 0 0 0 0 0 0 0 1 1 1]
[0 0 0 0 1 0 0 0 0 0 1 1 0]
[0 0 0 0 1 1 0 0 0 0 0 1 0]
[0 0 0 0 1 1 1 0 0 0 0 0 0]
[0 1 1 1 0 0 0 0 0 0 0 0 0]
[0 0 1 1 0 0 0 0 1 0 0 0 0]
[0 0 0 0 0 0 1 1 1 1 0 0 0]
[0 0 0 0 0 0 0 1 1 1 1 0 0]
[0 0 0 1 0 1 1 1 0 0 0 0 0]
[2026-03-08 16:34:46] INFO: Any vertex can be a start vertex of a directed path of length 2k-1
