[2026-03-08 17:11:37] INFO: Logger initialized at log3/log641224.log
[2026-03-08 17:11:37] INFO: Test 1173th graph in data/list_1775_graphs.g6: T???????????{x{u\kfYovhB]W@fw@Zw?]{?
[2026-03-08 17:11:37] INFO: meta data: 
minimum degree >= 6
independent number >= 2
connected
Not regular
[2026-03-08 17:11:37] INFO: Orientation of T???????????{x{u\kfYovhB]W@fw@Zw?]{? with min semidegree 3:
[0 0 0 0 0 0 0 0 0 0 0 0 1 0 0 0 1 1 0 0 0]
[0 0 0 0 0 0 0 0 0 0 0 0 1 0 0 0 1 1 0 0 0]
[0 0 0 0 0 0 0 0 0 0 0 0 1 0 0 0 0 0 1 1 0]
[0 0 0 0 0 0 0 0 0 0 0 0 0 0 0 0 1 1 1 0 0]
[0 0 0 0 0 0 0 0 0 0 0 0 0 0 1 0 0 0 0 1 1]
[0 0 0 0 0 0 0 0 0 0 0 0 0 0 1 0 0 0 0 1 1]
[0 0 0 0 0 0 0 0 0 0 0 0 0 1 0 0 0 0 1 0 1]
[0 0 0 0 0 0 0 0 0 0 0 0 0 1 1 1 0 0 0 0 0]
[0 0 0 0 0 0 0 0 0 0 0 0 0 0 0 0 1 0 1 1 0]
[0 0 0 0 0 0 0 0 0 0 0 0 0 1 0 1 0 1 0 0 0]
[0 0 0 0 0 0 0 0 0 0 0 0 0 0 0 1 0 1 1 0 0]
[0 0 0 0 0 0 0 0 0 0 0 0 0 0 0 0 1 0 0 1 1]
[0 0 0 1 0 0 1 1 1 0 0 1 0 0 0 0 0 0 0 0 0]
[1 1 1 1 0 0 0 0 0 0 1 0 0 0 0 0 0 0 0 0 0]
[1 1 1 0 0 0 0 0 1 0 0 1 0 0 0 0 0 0 0 0 0]
[1 1 1 0 1 1 0 0 0 0 0 0 0 0 0 0 0 0 0 0 0]
[0 0 0 0 1 1 1 0 0 0 0 0 0 0 0 0 0 0 0 0 0]
[0 0 0 0 1 1 1 0 0 0 0 0 0 0 0 0 0 0 0 0 0]
[0 0 0 0 0 0 0 1 0 1 0 1 0 0 0 0 0 0 0 0 0]
[0 0 0 0 0 0 0 1 0 1 1 0 0 0 0 0 0 0 0 0 0]
[0 0 0 1 0 0 0 0 1 1 1 0 0 0 0 0 0 0 0 0 0]
[2026-03-08 17:11:37] INFO: Any vertex can be a start vertex of a directed path of length 2k-1
