[2026-03-08 16:33:53] INFO: Logger initialized at log3/log627260.log
[2026-03-08 16:33:53] INFO: Test 775th graph in data/list_1775_graphs.g6: L}{PXMVZujB~x}
[2026-03-08 16:33:53] INFO: meta data: 
minimum degree >= 6
independent number >= 2
connected
Not regular
[2026-03-08 16:33:53] INFO: Orientation of L}{PXMVZujB~x} with min semidegree 3:
[0 0 0 0 1 0 0 0 0 0 1 0 1]
[1 0 0 0 0 0 0 0 0 1 0 0 1]
[1 1 0 0 0 0 0 0 0 0 0 0 1]
[1 1 0 0 0 0 0 0 0 0 0 1 0]
[0 1 1 1 0 0 0 0 0 0 0 1 0]
[0 0 0 1 0 0 0 0 1 0 0 1 0]
[0 0 1 0 1 1 0 0 0 0 0 0 0]
[0 0 1 0 0 1 1 0 0 0 0 0 0]
[1 0 0 1 0 0 1 1 0 0 0 0 0]
[0 0 1 0 1 1 1 1 0 0 0 0 0]
[0 1 0 1 0 1 0 1 1 0 0 0 0]
[0 0 0 0 0 0 1 1 1 1 1 0 0]
[0 0 0 0 0 1 1 1 1 1 1 0 0]
[2026-03-08 16:33:53] INFO: Any vertex can be a start vertex of a directed path of length 2k-1
