[2026-03-08 16:34:15] INFO: Logger initialized at log3/log629184.log
[2026-03-08 16:34:15] INFO: Test 829th graph in data/list_1775_graphs.g6: L`N@}Gzp~{^h}\
[2026-03-08 16:34:15] INFO: meta data: 
minimum degree >= 6
independent number >= 2
connected
Not regular
[2026-03-08 16:34:16] INFO: Orientation of L`N@}Gzp~{^h}\ with min semidegree 3:
[0 0 0 0 0 0 0 0 0 1 1 1 0]
[1 0 0 0 0 0 0 0 0 1 1 0 0]
[0 0 0 0 0 0 0 0 1 0 0 1 1]
[0 0 1 0 0 0 1 0 0 0 0 0 1]
[0 0 1 1 0 0 0 0 0 0 0 0 1]
[1 1 0 0 0 0 0 0 0 1 0 0 0]
[0 0 1 0 1 1 0 0 0 0 0 0 0]
[1 1 0 0 0 1 0 0 0 0 0 0 0]
[0 0 0 1 1 0 1 1 0 0 0 0 0]
[0 0 0 0 0 0 1 1 1 0 0 0 0]
[0 0 1 1 1 1 1 0 0 0 0 0 0]
[0 1 0 1 1 1 0 1 0 0 1 0 0]
[1 1 0 0 0 0 0 1 1 1 0 1 0]
[2026-03-08 16:34:16] INFO: Any vertex can be a start vertex of a directed path of length 2k-1
