[2026-03-08 16:35:03] INFO: Logger initialized at log3/log633454.log
[2026-03-08 16:35:04] INFO: Test 951th graph in data/list_1775_graphs.g6: RwCW?CB?~??^?~FBb`ww^~@bbp~Fbw
[2026-03-08 16:35:04] INFO: meta data: 
minimum degree >= 6
independent number >= 2
connected
Not regular
[2026-03-08 16:35:04] INFO: Orientation of RwCW?CB?~??^?~FBb`ww^~@bbp~Fbw with min semidegree 3:
[0 0 0 0 0 0 0 0 0 0 0 0 0 0 0 0 1 1 1]
[1 0 0 0 0 0 0 0 0 0 0 0 0 0 0 0 0 1 1]
[1 1 0 0 0 0 0 0 0 0 0 0 0 0 0 0 0 0 1]
[0 0 0 0 0 0 0 0 0 0 0 0 0 1 0 1 1 0 0]
[0 0 0 1 0 0 0 0 0 0 0 0 0 1 0 0 1 0 0]
[0 0 0 1 1 0 0 0 0 0 0 0 0 0 0 0 1 0 0]
[0 0 0 0 0 0 0 0 0 0 0 1 0 0 0 0 0 1 1]
[0 0 0 0 0 0 1 0 0 0 0 0 0 0 0 0 0 1 1]
[0 0 0 0 0 0 1 1 0 0 0 0 0 0 0 0 0 1 0]
[0 0 0 0 0 0 1 1 1 0 0 0 0 0 0 0 0 0 0]
[1 1 1 0 0 0 0 0 0 0 0 0 0 0 0 0 0 0 0]
[0 0 0 0 0 0 0 1 1 1 1 0 0 0 0 0 0 0 0]
[0 0 0 0 0 0 1 1 1 1 1 1 0 0 0 0 0 0 0]
[0 0 0 0 0 1 0 0 0 0 1 1 1 0 0 0 0 0 0]
[0 0 0 1 1 1 0 0 0 0 1 1 1 1 0 0 0 0 0]
[0 0 0 0 1 1 0 0 0 0 1 1 1 1 1 0 0 0 0]
[0 1 1 0 0 0 0 0 0 0 0 1 1 0 0 0 0 0 0]
[0 0 1 0 0 0 0 0 0 1 0 0 0 1 1 1 1 0 0]
[0 0 0 0 0 0 0 0 1 1 0 0 0 1 1 1 1 1 0]
[2026-03-08 16:35:04] INFO: Any vertex can be a start vertex of a directed path of length 2k-1
