[2026-03-08 16:33:00] INFO: Logger initialized at log3/log623794.log
[2026-03-08 16:33:00] INFO: Test 676th graph in data/list_1775_graphs.g6: KwF]|yz^Rt~~
[2026-03-08 16:33:00] INFO: meta data: 
minimum degree >= 6
independent number >= 2
connected
Not regular
[2026-03-08 16:33:00] INFO: Orientation of KwF]|yz^Rt~~ with min semidegree 3:
[0 0 0 0 0 1 0 0 1 0 0 1]
[1 0 0 0 0 0 0 0 0 1 1 0]
[1 1 0 0 0 0 0 0 0 0 1 0]
[0 0 0 0 0 0 1 1 0 0 0 1]
[0 0 0 1 0 0 1 0 0 0 0 1]
[0 1 0 1 1 0 0 0 0 0 0 0]
[1 1 0 0 0 1 0 0 0 0 0 0]
[1 0 1 0 1 1 0 0 0 0 0 0]
[0 0 1 1 1 0 1 1 0 0 0 0]
[0 0 1 1 1 1 0 1 0 0 0 0]
[0 0 0 1 1 0 1 0 1 1 0 0]
[0 1 1 0 0 1 1 1 1 1 1 0]
[2026-03-08 16:33:00] INFO: Any vertex can be a start vertex of a directed path of length 2k-1
