[2026-03-08 16:34:55] INFO: Logger initialized at log3/log632583.log
[2026-03-08 16:34:55] INFO: Test 928th graph in data/list_1775_graphs.g6: M~?G?F~Bo]`z~F{v_
[2026-03-08 16:34:55] INFO: meta data: 
minimum degree >= 6
independent number >= 2
connected
Not regular
[2026-03-08 16:34:55] INFO: Orientation of M~?G?F~Bo]`z~F{v_ with min semidegree 3:
[0 0 0 0 0 0 0 0 1 0 0 0 1 1]
[1 0 0 0 0 0 0 0 1 0 0 0 1 0]
[1 1 0 0 0 0 0 0 1 0 0 0 0 0]
[1 1 1 0 0 0 0 0 0 0 0 0 0 0]
[0 0 0 0 0 0 0 0 1 1 0 1 0 0]
[0 0 0 0 1 0 0 0 1 0 1 0 0 0]
[0 0 0 0 0 0 0 0 0 0 1 1 0 1]
[0 0 0 0 0 0 1 0 0 0 0 1 0 1]
[0 0 0 1 0 0 1 1 0 0 0 0 0 0]
[0 0 0 0 0 1 1 1 0 0 0 0 0 0]
[0 0 0 0 1 0 0 1 0 1 0 0 0 0]
[0 0 0 0 0 1 0 0 0 1 1 0 0 0]
[0 0 1 1 1 1 0 0 0 1 1 1 0 0]
[0 1 1 1 0 0 0 0 0 1 1 1 1 0]
[2026-03-08 16:34:55] INFO: Any vertex can be a start vertex of a directed path of length 2k-1
