[2026-03-08 16:35:07] INFO: Logger initialized at log3/log633808.log
[2026-03-08 16:35:07] INFO: Test 963th graph in data/list_1775_graphs.g6: R~{?GKF???_~?E?E_BW?v@w~wF~~N_
[2026-03-08 16:35:07] INFO: meta data: 
minimum degree >= 6
independent number >= 2
connected
Not regular
[2026-03-08 16:35:07] INFO: Orientation of R~{?GKF???_~?E?E_BW?v@w~wF~~N_ with min semidegree 3:
[0 0 0 0 1 0 0 0 0 0 0 0 0 0 0 0 0 1 1]
[1 0 0 0 0 0 0 0 0 0 0 0 0 0 0 0 0 1 1]
[1 1 0 0 0 0 0 0 0 0 0 0 0 0 0 0 0 1 0]
[1 1 1 0 0 0 0 0 0 0 0 0 0 0 0 0 0 0 0]
[0 1 1 1 0 0 0 0 0 0 0 0 0 0 0 0 0 0 0]
[0 0 0 0 0 0 0 0 0 0 0 1 0 0 0 0 1 0 1]
[0 0 0 0 0 1 0 0 0 0 0 0 0 0 0 0 1 0 1]
[0 0 0 0 0 1 1 0 0 0 0 0 0 0 0 0 1 0 0]
[0 0 0 0 0 1 1 1 0 0 0 0 0 0 0 0 0 0 0]
[0 0 0 0 0 0 0 0 0 0 0 1 0 0 1 1 0 0 0]
[0 0 0 0 0 0 0 0 0 1 0 1 0 0 0 1 0 0 0]
[0 0 0 0 0 0 1 1 1 0 0 0 0 0 0 0 0 0 0]
[0 0 0 0 0 0 0 0 0 1 1 0 0 0 0 0 1 0 0]
[0 0 0 0 0 0 0 0 0 1 1 0 1 0 0 0 0 0 0]
[0 0 0 0 0 0 0 0 0 0 1 0 1 1 0 0 0 0 0]
[0 0 0 0 0 0 0 0 0 0 0 0 1 1 1 0 0 0 0]
[0 0 0 0 0 0 0 0 1 0 0 0 0 1 1 1 0 0 0]
[0 0 0 1 1 0 0 0 0 0 0 1 1 1 1 1 1 0 0]
[0 0 1 1 1 0 0 1 1 0 0 1 1 1 1 1 0 0 0]
[2026-03-08 16:35:07] INFO: Any vertex can be a start vertex of a directed path of length 2k-1
