[2026-03-08 16:35:10] INFO: Logger initialized at log3/log634154.log
[2026-03-08 16:35:10] INFO: Test 971th graph in data/list_1775_graphs.g6: R`Kx}?@?WB_F?N?Nw?}?No@{~w~|po
[2026-03-08 16:35:10] INFO: meta data: 
minimum degree >= 6
independent number >= 2
connected
Not regular
[2026-03-08 16:35:10] INFO: Orientation of R`Kx}?@?WB_F?N?Nw?}?No@{~w~|po with min semidegree 3:
[0 0 0 0 0 0 0 0 0 0 0 0 0 0 1 0 1 0 1]
[1 0 0 0 0 0 0 0 0 0 0 0 0 0 0 0 1 0 1]
[0 0 0 0 0 0 1 0 0 0 0 0 0 0 0 0 0 1 1]
[0 0 1 0 0 0 0 0 0 0 0 0 0 0 0 0 0 1 1]
[0 0 1 1 0 0 0 0 0 0 0 0 0 0 0 0 0 1 0]
[0 0 1 1 1 0 0 0 0 0 0 0 0 0 0 0 0 0 0]
[0 0 0 1 1 1 0 0 0 0 0 0 0 0 0 0 0 0 0]
[1 1 0 0 0 0 0 0 0 0 0 0 0 0 0 0 0 1 0]
[0 0 0 0 0 0 0 1 0 0 0 0 0 0 0 0 0 1 1]
[0 0 0 0 0 0 0 1 1 0 0 0 0 0 0 0 0 1 0]
[0 0 0 0 0 0 0 1 1 1 0 0 0 0 0 0 0 0 0]
[0 0 0 0 0 0 0 0 1 1 1 0 0 0 0 0 0 0 0]
[0 0 0 0 0 0 0 0 1 1 1 1 0 0 0 0 0 0 0]
[0 0 0 0 0 0 0 0 1 1 1 1 1 0 0 0 0 0 0]
[0 1 0 0 0 0 0 0 0 0 0 1 1 1 0 0 0 0 0]
[1 1 0 0 0 0 0 0 0 0 0 1 1 1 1 0 0 0 0]
[0 0 0 0 0 0 0 0 0 0 0 1 1 1 1 1 0 0 0]
[0 0 0 0 0 1 1 0 0 0 1 0 0 0 1 1 1 0 0]
[0 0 0 0 1 1 1 0 0 1 1 0 0 0 1 1 1 0 0]
[2026-03-08 16:35:11] INFO: Any vertex can be a start vertex of a directed path of length 2k-1
