[2026-03-08 16:35:21] INFO: Logger initialized at log3/log634539.log
[2026-03-08 16:35:21] INFO: Test 982th graph in data/list_1775_graphs.g6: K`zV]yvmzynt
[2026-03-08 16:35:21] INFO: meta data: 
minimum degree >= 6
independent number >= 2
connected
Not regular
[2026-03-08 16:35:21] INFO: Orientation of K`zV]yvmzynt with min semidegree 3:
[0 0 0 0 0 0 1 0 1 1 0 0]
[1 0 0 0 0 0 0 0 0 0 1 1]
[0 0 0 0 0 0 0 0 0 1 1 1]
[0 0 1 0 0 0 0 1 0 0 0 1]
[1 1 1 0 0 0 0 0 0 0 0 0]
[1 1 0 1 0 0 0 0 0 0 0 0]
[0 1 1 0 1 1 0 0 0 0 0 0]
[1 1 0 0 1 1 0 0 0 0 0 0]
[0 0 1 1 0 1 1 1 0 0 0 0]
[0 0 0 1 1 0 1 1 1 0 0 0]
[0 0 0 1 1 1 0 1 0 1 0 0]
[0 0 0 0 1 1 1 0 1 0 1 0]
[2026-03-08 16:35:21] INFO: Any vertex can be a start vertex of a directed path of length 2k-1
