[2026-03-08 16:32:51] INFO: Logger initialized at log3/log623234.log
[2026-03-08 16:32:52] INFO: Test 659th graph in data/list_1775_graphs.g6: KtPLa^{Np}~~
[2026-03-08 16:32:52] INFO: meta data: 
minimum degree >= 6
independent number >= 2
connected
Not regular
[2026-03-08 16:32:52] INFO: Orientation of KtPLa^{Np}~~ with min semidegree 3:
[0 0 1 0 0 0 0 0 1 0 0 1]
[1 0 0 0 0 0 0 0 1 0 0 1]
[0 0 0 0 0 0 0 0 0 1 1 1]
[1 0 1 0 0 0 0 0 0 0 1 0]
[0 1 0 0 0 0 0 1 0 0 0 1]
[0 1 0 0 1 0 0 0 1 0 0 0]
[1 0 1 1 0 0 0 0 0 0 0 0]
[0 1 0 0 0 1 1 0 0 0 0 0]
[0 0 1 1 1 0 0 0 0 0 0 0]
[0 0 0 1 1 1 1 1 0 0 0 0]
[0 0 0 0 1 1 1 1 0 1 0 0]
[0 0 0 1 0 1 1 1 1 1 1 0]
[2026-03-08 16:32:52] INFO: Any vertex can be a start vertex of a directed path of length 2k-1
