[2026-03-08 16:34:31] INFO: Logger initialized at log3/log630512.log
[2026-03-08 16:34:32] INFO: Test 867th graph in data/list_1775_graphs.g6: L^aIY\^jrfvj~g
[2026-03-08 16:34:32] INFO: meta data: 
minimum degree >= 6
independent number >= 2
connected
Not regular
[2026-03-08 16:34:32] INFO: Orientation of L^aIY\^jrfvj~g with min semidegree 3:
[0 0 0 0 0 0 0 0 0 1 0 1 1]
[0 0 0 0 0 0 0 0 1 0 1 0 1]
[1 1 0 0 0 0 0 0 0 0 1 0 0]
[1 1 1 0 0 0 0 0 0 0 0 0 0]
[1 0 0 0 0 0 0 0 0 0 0 1 1]
[1 0 0 0 1 0 0 0 0 0 0 1 0]
[0 1 0 0 1 1 0 0 0 0 0 0 0]
[0 1 0 0 1 1 1 0 0 0 0 0 0]
[0 0 0 1 1 1 1 1 0 0 0 0 0]
[0 0 1 0 1 1 1 1 0 0 0 0 0]
[0 0 0 1 0 0 1 1 1 1 0 0 0]
[0 0 1 1 0 0 0 1 0 1 1 0 0]
[0 0 1 1 0 1 1 0 1 0 0 0 0]
[2026-03-08 16:34:32] INFO: Any vertex can be a start vertex of a directed path of length 2k-1
