[2026-03-08 16:33:41] INFO: Logger initialized at log3/log626386.log
[2026-03-08 16:33:41] INFO: Test 750th graph in data/list_1775_graphs.g6: L~wOg[NLy^u}ry
[2026-03-08 16:33:41] INFO: meta data: 
minimum degree >= 6
independent number >= 2
connected
Not regular
[2026-03-08 16:33:41] INFO: Orientation of L~wOg[NLy^u}ry with min semidegree 3:
[0 0 0 0 1 0 0 0 0 0 0 1 1]
[1 0 0 0 0 0 0 0 0 0 1 0 1]
[1 1 0 0 0 0 0 0 0 1 0 0 0]
[1 1 1 0 0 0 0 0 0 0 0 0 0]
[0 1 1 0 0 0 0 0 0 0 0 0 1]
[0 0 0 1 0 0 0 0 0 0 1 1 0]
[0 0 0 1 0 1 0 0 0 0 0 1 0]
[0 0 0 0 1 1 1 0 0 0 0 0 0]
[0 0 0 0 1 1 1 1 0 0 0 0 0]
[0 0 0 1 0 1 1 1 1 0 0 0 0]
[0 0 0 0 1 0 1 1 1 1 0 0 0]
[0 0 1 1 0 0 0 1 1 1 0 0 0]
[0 0 0 0 0 1 1 1 1 0 1 0 0]
[2026-03-08 16:33:41] INFO: Any vertex can be a start vertex of a directed path of length 2k-1
