[2026-03-08 16:35:06] INFO: Logger initialized at log3/log633734.log
[2026-03-08 16:35:06] INFO: Test 959th graph in data/list_1775_graphs.g6: RwCWw?@?WB{KwXwE[BG~NFx{]^_{~G
[2026-03-08 16:35:06] INFO: meta data: 
minimum degree >= 6
independent number >= 2
connected
Not regular
[2026-03-08 16:35:06] INFO: Orientation of RwCWw?@?WB{KwXwE[BG~NFx{]^_{~G with min semidegree 3:
[0 0 0 0 0 0 0 0 0 0 0 1 1 1 0 0 0 0 0]
[1 0 0 0 0 0 0 0 0 0 0 1 1 0 0 0 0 0 0]
[1 1 0 0 0 0 0 0 0 0 0 1 0 0 0 0 0 0 0]
[0 0 0 0 0 0 0 0 0 0 0 0 0 0 0 0 1 1 1]
[0 0 0 1 0 0 0 0 0 0 0 0 0 0 0 0 1 1 0]
[0 0 0 1 1 0 0 0 0 0 0 0 0 0 0 0 1 0 0]
[0 0 0 1 1 1 0 0 0 0 0 0 0 0 0 0 0 0 0]
[0 0 0 0 0 0 0 0 0 0 0 0 1 0 0 1 1 0 0]
[0 0 0 0 0 0 0 1 0 0 0 0 0 0 0 1 1 0 0]
[0 0 0 0 0 0 0 1 1 0 0 0 0 0 0 0 0 0 1]
[0 0 0 0 0 0 0 1 1 1 0 0 0 0 0 0 0 0 0]
[0 0 0 0 0 0 0 1 1 0 0 0 0 0 0 0 0 0 1]
[0 0 1 0 0 0 0 0 1 0 0 1 0 0 0 0 0 0 0]
[0 1 1 0 0 0 0 0 0 1 1 0 0 0 0 0 0 0 0]
[1 1 1 0 0 0 0 0 0 1 1 0 0 1 0 0 0 0 0]
[0 0 0 1 1 1 1 0 0 0 0 1 1 1 1 0 0 0 0]
[0 0 0 0 0 0 1 0 0 0 0 1 1 1 1 1 0 0 0]
[0 0 0 0 0 1 1 0 0 1 1 1 1 1 1 0 0 0 0]
[0 0 0 0 1 1 1 0 0 0 1 0 1 1 1 0 0 1 0]
[2026-03-08 16:35:06] INFO: Any vertex can be a start vertex of a directed path of length 2k-1
