[2026-03-08 16:33:20] INFO: Logger initialized at log3/log625054.log
[2026-03-08 16:33:20] INFO: Test 712th graph in data/list_1775_graphs.g6: LxKWw{^|fRW~p~
[2026-03-08 16:33:20] INFO: meta data: 
minimum degree >= 6
independent number >= 2
connected
Not regular
[2026-03-08 16:33:20] INFO: Orientation of LxKWw{^|fRW~p~ with min semidegree 3:
[0 0 0 0 0 0 0 0 0 1 1 1 0]
[1 0 0 0 0 0 0 0 0 0 0 1 1]
[1 1 0 0 0 0 0 0 0 1 0 0 0]
[0 0 1 0 0 0 1 1 0 0 0 0 0]
[0 0 1 1 0 0 0 0 1 0 0 0 0]
[0 0 0 1 1 0 0 0 0 0 0 0 1]
[0 0 0 0 1 1 0 0 0 0 0 0 1]
[0 0 0 0 1 1 1 0 0 0 0 0 0]
[0 0 0 1 0 1 1 1 0 0 0 0 0]
[0 1 0 1 0 1 1 0 0 0 0 0 0]
[0 1 1 0 1 0 0 1 1 0 0 0 0]
[0 0 0 0 0 1 1 1 1 1 1 0 0]
[1 0 0 0 0 0 0 1 1 1 1 1 0]
[2026-03-08 16:33:20] INFO: Any vertex can be a start vertex of a directed path of length 2k-1
