[2026-03-08 16:34:21] INFO: Logger initialized at log3/log629673.log
[2026-03-08 16:34:22] INFO: Test 844th graph in data/list_1775_graphs.g6: L`rx`c~M}Ux^|q
[2026-03-08 16:34:22] INFO: meta data: 
minimum degree >= 6
independent number >= 2
connected
Not regular
[2026-03-08 16:34:22] INFO: Orientation of L`rx`c~M}Ux^|q with min semidegree 3:
[0 0 0 0 0 1 0 0 0 0 1 1 0]
[1 0 0 0 0 0 0 0 0 0 0 1 1]
[0 0 0 0 0 0 0 0 1 1 0 0 1]
[0 0 1 0 0 1 0 0 0 0 0 0 1]
[1 1 0 0 0 0 0 0 0 0 0 1 0]
[0 1 1 0 1 0 0 0 0 0 0 0 0]
[0 0 1 1 0 0 0 0 1 0 0 0 0]
[0 0 1 1 0 0 1 0 0 0 0 0 0]
[0 0 0 1 1 1 0 1 0 0 0 0 0]
[0 0 0 1 1 0 1 1 1 0 0 0 0]
[0 1 0 0 1 0 1 1 0 1 0 0 0]
[0 0 0 0 0 0 1 1 1 1 1 0 0]
[1 0 0 0 0 1 1 1 0 0 1 0 0]
[2026-03-08 16:34:22] INFO: Any vertex can be a start vertex of a directed path of length 2k-1
