[2026-03-08 16:35:08] INFO: Logger initialized at log3/log633942.log
[2026-03-08 16:35:08] INFO: Test 965th graph in data/list_1775_graphs.g6: R~{?GKF???_f@N@N_Z?Ep?uN{f~uNo
[2026-03-08 16:35:08] INFO: meta data: 
minimum degree >= 6
independent number >= 2
connected
Not regular
[2026-03-08 16:35:08] INFO: Orientation of R~{?GKF???_f@N@N_Z?Ep?uN{f~uNo with min semidegree 3:
[0 0 0 0 1 0 0 0 0 0 0 0 0 0 0 0 0 1 1]
[1 0 0 0 0 0 0 0 0 0 0 0 0 0 0 0 0 1 1]
[1 1 0 0 0 0 0 0 0 0 0 0 0 0 0 0 0 1 0]
[1 1 1 0 0 0 0 0 0 0 0 0 0 0 0 0 0 0 0]
[0 1 1 1 0 0 0 0 0 0 0 0 0 0 0 0 0 0 0]
[0 0 0 0 0 0 0 0 0 0 0 1 0 1 0 0 0 1 0]
[0 0 0 0 0 1 0 0 0 0 0 0 0 0 0 0 1 0 1]
[0 0 0 0 0 1 1 0 0 0 0 0 0 0 0 0 1 0 0]
[0 0 0 0 0 1 1 1 0 0 0 0 0 0 0 0 0 0 0]
[0 0 0 0 0 0 0 0 0 0 0 0 1 1 0 0 1 0 0]
[0 0 0 0 0 0 0 0 0 1 0 0 1 1 0 0 0 0 0]
[0 0 0 0 0 0 0 0 1 1 1 0 0 0 0 0 0 0 0]
[0 0 0 0 0 1 0 0 1 0 0 1 0 0 0 0 0 0 0]
[0 0 0 0 0 0 0 0 1 0 0 1 1 0 0 0 0 0 0]
[0 0 0 0 0 0 1 1 0 1 1 0 0 0 0 0 0 0 0]
[0 0 0 0 0 0 1 1 0 1 1 0 0 0 1 0 0 0 0]
[0 0 0 0 0 0 0 0 0 0 1 0 0 0 1 1 0 0 0]
[0 0 0 1 1 0 0 0 1 0 0 1 1 1 1 1 1 0 0]
[0 0 1 1 1 0 0 1 0 0 0 1 1 1 1 1 1 0 0]
[2026-03-08 16:35:08] INFO: Any vertex can be a start vertex of a directed path of length 2k-1
