[2026-03-08 16:33:36] INFO: Logger initialized at log3/log626071.log
[2026-03-08 16:33:36] INFO: Test 741th graph in data/list_1775_graphs.g6: L}whWkVD}rd~|{
[2026-03-08 16:33:36] INFO: meta data: 
minimum degree >= 6
independent number >= 2
connected
Not regular
[2026-03-08 16:33:36] INFO: Orientation of L}whWkVD}rd~|{ with min semidegree 3:
[0 0 0 0 1 0 0 0 0 0 1 0 1]
[1 0 0 0 0 0 0 0 0 0 1 0 1]
[1 1 0 0 0 0 0 0 0 0 0 1 0]
[1 1 0 0 0 0 0 0 0 0 0 0 1]
[0 1 1 0 0 0 0 0 0 0 0 1 0]
[0 0 1 0 1 0 0 0 0 0 0 1 0]
[0 0 1 0 1 1 0 0 0 0 0 0 0]
[0 0 0 1 0 1 1 0 0 0 0 0 0]
[0 0 0 1 0 1 1 1 0 0 0 0 0]
[0 0 0 1 0 1 1 1 1 0 0 0 0]
[0 0 0 1 1 0 0 1 1 1 0 0 0]
[0 0 0 0 0 0 1 1 1 1 1 0 0]
[0 0 1 0 0 1 1 1 1 1 0 0 0]
[2026-03-08 16:33:36] INFO: Any vertex can be a start vertex of a directed path of length 2k-1
