[2026-03-08 17:10:37] INFO: Logger initialized at log3/log640839.log
[2026-03-08 17:10:37] INFO: Test 1162th graph in data/list_1775_graphs.g6: R???????F~~}~{~{^}F~_~{B~oF~_?
[2026-03-08 17:10:37] INFO: meta data: 
minimum degree >= 6
independent number >= 2
connected
Not regular
[2026-03-08 17:10:37] INFO: Orientation of R???????F~~}~{~{^}F~_~{B~oF~_? with min semidegree 4:
[0 0 0 0 0 0 0 0 0 0 1 0 0 0 0 1 1 1 1]
[0 0 0 0 0 0 0 0 0 0 1 0 0 0 0 1 1 1 1]
[0 0 0 0 0 0 0 0 0 0 1 0 0 0 0 0 1 1 1]
[0 0 0 0 0 0 0 0 0 0 1 0 0 0 0 0 1 1 1]
[0 0 0 0 0 0 0 0 0 0 0 1 1 1 1 0 0 0 0]
[0 0 0 0 0 0 0 0 0 0 0 1 1 1 1 0 0 0 0]
[0 0 0 0 0 0 0 0 0 0 0 1 1 1 1 0 0 0 0]
[0 0 0 0 0 0 0 0 0 0 0 1 1 1 1 0 0 0 0]
[0 0 0 0 0 0 0 0 0 0 0 0 0 0 0 1 1 1 1]
[0 0 0 0 0 0 0 0 0 0 0 0 0 0 0 1 1 1 1]
[0 0 0 0 1 1 1 1 1 1 0 0 0 0 0 0 0 0 0]
[1 1 1 1 0 0 0 0 1 1 0 0 0 0 0 0 0 0 0]
[1 1 1 1 0 0 0 0 1 1 0 0 0 0 0 0 0 0 0]
[1 1 1 1 0 0 0 0 1 1 0 0 0 0 0 0 0 0 0]
[1 1 1 1 0 0 0 0 1 1 0 0 0 0 0 0 0 0 0]
[0 0 1 1 1 1 1 1 0 0 0 0 0 0 0 0 0 0 0]
[0 0 0 0 1 1 1 1 0 0 0 0 0 0 0 0 0 0 0]
[0 0 0 0 1 1 1 1 0 0 0 0 0 0 0 0 0 0 0]
[0 0 0 0 1 1 1 1 0 0 0 0 0 0 0 0 0 0 0]
[2026-03-08 17:10:46] INFO: Any vertex can be a start vertex of a directed path of length 2k-1
