[2026-03-06 14:53:50] INFO: Logger initialized at log2/log480066.log
[2026-03-06 14:53:50] INFO: Test 318th graph in data/list_660_graphs.g6: Ktsph|NR~L~~
[2026-03-06 14:53:50] INFO: meta data: 
minimum degree >= 4
independent number <= 2
connected
[2026-03-06 14:53:51] INFO: Orientation of Ktsph|NR~L~~ with min semidegree 3:
[0 1 0 0 0 0 0 0 0 0 1 1]
[0 0 0 0 0 0 0 0 1 1 1 0]
[1 0 0 0 0 0 0 1 0 0 0 1]
[1 0 1 0 0 0 0 0 0 0 0 1]
[1 1 0 1 0 0 0 0 0 0 0 0]
[0 0 1 1 0 0 0 1 0 0 0 0]
[0 0 1 1 0 1 0 0 0 0 0 0]
[0 0 0 1 1 0 1 0 0 0 0 0]
[0 0 0 0 1 1 1 1 0 0 0 0]
[0 0 0 0 1 1 1 1 1 0 0 0]
[0 0 1 0 0 1 1 0 1 1 0 0]
[0 1 0 0 1 1 1 1 1 1 1 0]
[2026-03-06 14:53:51] INFO: Any vertex can be a start vertex of a directed path of length 2k-1
