[2026-03-06 14:54:26] INFO: Logger initialized at log2/log486209.log
[2026-03-06 14:54:26] INFO: Test 484th graph in data/list_660_graphs.g6: L`l}EFNmznVY\r
[2026-03-06 14:54:26] INFO: meta data: 
minimum degree >= 4
independent number <= 2
connected
[2026-03-06 14:54:26] INFO: Orientation of L`l}EFNmznVY\r with min semidegree 3:
[0 0 0 0 0 0 0 0 1 1 0 1 0]
[1 0 0 0 0 0 0 0 0 0 1 0 1]
[0 0 0 0 0 0 0 0 0 1 1 1 0]
[0 0 1 0 0 1 0 0 0 0 0 0 1]
[1 0 1 1 0 0 0 0 0 0 0 0 0]
[0 1 1 0 1 0 0 0 0 0 0 0 0]
[1 1 0 0 0 0 0 0 0 0 0 0 1]
[1 1 0 0 0 0 1 0 0 0 0 0 0]
[0 1 0 0 1 1 1 1 0 0 0 0 0]
[0 0 0 1 1 0 1 1 1 0 0 0 0]
[0 0 0 1 0 1 1 1 1 0 0 0 0]
[0 0 0 1 1 0 1 1 0 1 0 0 0]
[0 0 1 0 0 1 0 1 0 0 1 1 0]
[2026-03-06 14:54:26] INFO: Any vertex can be a start vertex of a directed path of length 2k-1
