[2026-03-06 14:54:34] INFO: Logger initialized at log2/log487619.log
[2026-03-06 14:54:34] INFO: Test 522th graph in data/list_660_graphs.g6: L`N}@szw}f|yvi
[2026-03-06 14:54:34] INFO: meta data: 
minimum degree >= 4
independent number <= 2
connected
[2026-03-06 14:54:34] INFO: Orientation of L`N}@szw}f|yvi with min semidegree 3:
[0 0 0 0 0 1 0 0 0 1 1 0 1]
[1 0 0 0 0 0 0 0 0 0 1 1 0]
[0 0 0 0 0 1 0 1 0 0 0 1 0]
[0 0 1 0 0 0 0 0 1 0 0 0 1]
[0 0 1 1 0 0 0 0 0 0 0 1 0]
[0 1 0 1 1 0 0 0 0 0 0 0 0]
[1 1 0 0 0 0 0 0 0 0 0 0 1]
[0 0 0 1 1 0 1 0 0 0 0 0 0]
[0 0 1 0 1 0 1 1 0 0 0 0 0]
[0 1 1 0 0 0 1 1 1 0 0 0 0]
[0 0 0 1 0 0 1 1 1 1 0 0 0]
[1 0 0 0 0 1 1 1 0 1 0 0 0]
[0 1 0 0 1 1 0 0 1 0 1 0 0]
[2026-03-06 14:54:34] INFO: Any vertex can be a start vertex of a directed path of length 2k-1
