[2026-03-06 14:54:43] INFO: Logger initialized at log2/log489210.log
[2026-03-06 14:54:43] INFO: Test 564th graph in data/list_660_graphs.g6: L~zX`cNBzVi~n{
[2026-03-06 14:54:43] INFO: meta data: 
minimum degree >= 4
independent number <= 2
connected
[2026-03-06 14:54:43] INFO: Orientation of L~zX`cNBzVi~n{ with min semidegree 3:
[0 0 1 1 0 0 0 0 0 0 0 0 1]
[1 0 0 0 0 0 0 0 0 0 1 1 0]
[0 1 0 0 0 0 0 0 0 0 1 0 1]
[0 1 1 0 0 0 0 0 0 0 0 1 0]
[1 1 1 0 0 0 0 0 0 0 0 0 1]
[1 1 0 1 1 0 0 0 0 0 0 0 0]
[0 0 1 1 0 0 0 0 0 0 0 1 0]
[0 0 1 1 0 0 1 0 0 0 0 0 0]
[0 0 0 0 1 1 1 1 0 0 0 0 0]
[0 0 0 0 1 1 1 1 1 0 0 0 0]
[0 0 0 0 1 0 1 1 1 1 0 0 0]
[0 0 0 0 0 1 0 1 1 1 1 0 0]
[0 0 0 1 0 1 1 1 1 1 0 0 0]
[2026-03-06 14:54:43] INFO: Any vertex can be a start vertex of a directed path of length 2k-1
