[2026-03-06 14:54:02] INFO: Logger initialized at log2/log481918.log
[2026-03-06 14:54:02] INFO: Test 367th graph in data/list_660_graphs.g6: LKfzBEZez}[}]}
[2026-03-06 14:54:02] INFO: meta data: 
minimum degree >= 4
independent number <= 2
connected
[2026-03-06 14:54:02] INFO: Orientation of LKfzBEZez}[}]} with min semidegree 3:
[0 0 0 0 0 1 0 0 0 1 0 1 0]
[0 0 0 0 0 0 0 0 0 0 1 1 1]
[0 1 0 0 0 0 0 0 0 0 1 1 0]
[1 0 0 0 0 1 0 0 0 0 0 0 1]
[1 0 0 1 0 0 0 0 0 0 0 0 1]
[0 1 1 0 1 0 0 0 0 0 0 0 0]
[0 1 1 0 0 0 0 0 1 0 0 0 0]
[0 1 1 0 0 0 1 0 0 0 0 0 0]
[1 0 0 1 1 0 0 1 0 0 0 0 0]
[0 0 0 1 1 0 1 1 1 0 0 0 0]
[0 0 0 1 1 1 1 1 0 0 0 0 0]
[0 0 0 0 0 1 1 1 1 1 0 0 0]
[0 0 1 0 0 0 1 1 1 1 1 0 0]
[2026-03-06 14:54:02] INFO: Any vertex can be a start vertex of a directed path of length 2k-1
