[2026-03-06 14:54:12] INFO: Logger initialized at log2/log483881.log
[2026-03-06 14:54:13] INFO: Test 420th graph in data/list_660_graphs.g6: L}wjWkVd]rd~|{
[2026-03-06 14:54:13] INFO: meta data: 
minimum degree >= 4
independent number <= 2
connected
[2026-03-06 14:54:13] INFO: Orientation of L}wjWkVd]rd~|{ with min semidegree 3:
[0 0 0 0 1 0 0 0 0 0 1 0 1]
[1 0 0 0 0 0 0 0 0 0 1 0 1]
[1 1 0 0 0 0 0 0 0 0 0 1 0]
[1 1 0 0 0 0 0 0 0 0 0 0 1]
[0 1 1 0 0 0 0 0 0 0 0 1 0]
[0 0 1 0 1 0 0 0 0 0 0 1 0]
[0 1 1 0 1 1 0 0 0 0 0 0 0]
[0 0 0 1 0 1 1 0 0 0 0 0 0]
[0 0 0 1 0 1 1 1 0 0 0 0 0]
[1 0 0 1 0 1 0 1 1 0 0 0 0]
[0 0 0 1 1 0 0 1 1 1 0 0 0]
[0 0 0 0 0 0 1 1 1 1 1 0 0]
[0 0 1 0 0 1 1 1 1 1 0 0 0]
[2026-03-06 14:54:13] INFO: Any vertex can be a start vertex of a directed path of length 2k-1
