[2026-03-06 14:54:40] INFO: Logger initialized at log2/log488656.log
[2026-03-06 14:54:40] INFO: Test 549th graph in data/list_660_graphs.g6: LwCWw{^~Fw{[wx
[2026-03-06 14:54:40] INFO: meta data: 
minimum degree >= 4
independent number <= 2
connected
[2026-03-06 14:54:40] INFO: Orientation of LwCWw{^~Fw{[wx with min semidegree 3:
[0 0 0 0 0 0 0 0 0 1 1 1 0]
[1 0 0 0 0 0 0 0 0 1 1 0 0]
[1 1 0 0 0 0 0 0 0 0 1 0 0]
[0 0 0 0 0 0 1 1 1 0 0 0 0]
[0 0 0 1 0 0 1 1 0 0 0 0 0]
[0 0 0 1 1 0 0 0 1 0 0 0 0]
[0 0 0 0 0 1 0 0 0 0 0 1 1]
[0 0 0 0 0 1 1 0 0 0 0 0 1]
[0 0 0 0 1 0 1 1 0 0 0 0 1]
[0 0 1 1 1 1 0 0 0 0 0 0 0]
[0 0 0 1 1 1 0 0 0 1 0 0 0]
[0 1 1 0 0 0 0 1 1 0 0 0 0]
[1 1 1 0 0 0 0 0 0 0 0 1 0]
[2026-03-06 14:54:40] INFO: Any vertex can be a start vertex of a directed path of length 2k-1
