[2026-03-06 14:53:57] INFO: Logger initialized at log2/log481068.log
[2026-03-06 14:53:57] INFO: Test 346th graph in data/list_660_graphs.g6: L~C^?[NB~Ffnv{
[2026-03-06 14:53:57] INFO: meta data: 
minimum degree >= 4
independent number <= 2
connected
[2026-03-06 14:53:57] INFO: Orientation of L~C^?[NB~Ffnv{ with min semidegree 3:
[0 0 1 0 0 0 0 0 0 0 1 0 1]
[1 0 0 0 0 0 0 0 0 0 1 0 1]
[0 1 0 0 0 0 0 0 0 0 1 1 0]
[1 1 1 0 0 0 0 0 0 0 0 0 0]
[0 0 0 1 0 0 0 0 0 0 0 1 1]
[0 0 0 1 1 0 0 0 0 0 0 1 0]
[1 1 1 0 0 0 0 0 0 0 0 0 0]
[0 0 0 0 1 1 1 0 0 0 0 0 0]
[0 0 0 0 1 1 1 1 0 0 0 0 0]
[0 0 0 0 1 1 1 1 1 0 0 0 0]
[0 0 0 0 0 0 1 1 1 1 0 0 0]
[0 0 0 1 0 0 0 1 1 1 1 0 0]
[0 0 0 1 0 1 1 1 1 1 0 0 0]
[2026-03-06 14:53:57] INFO: Any vertex can be a start vertex of a directed path of length 2k-1
