[2026-03-06 14:54:32] INFO: Logger initialized at log2/log487280.log
[2026-03-06 14:54:32] INFO: Test 512th graph in data/list_660_graphs.g6: L~wGW[Vdz^E~v{
[2026-03-06 14:54:32] INFO: meta data: 
minimum degree >= 4
independent number <= 2
connected
[2026-03-06 14:54:32] INFO: Orientation of L~wGW[Vdz^E~v{ with min semidegree 3:
[0 0 1 0 0 0 0 0 0 1 0 0 1]
[1 0 0 0 0 0 0 0 0 0 1 0 1]
[0 1 0 0 0 0 0 0 0 0 1 1 0]
[1 1 1 0 0 0 0 0 0 0 0 0 0]
[1 1 1 0 0 0 0 0 0 0 0 0 0]
[0 0 0 0 1 0 0 0 0 0 0 1 1]
[0 0 0 0 1 1 0 0 0 0 0 1 0]
[0 0 0 0 1 1 1 0 0 0 0 0 0]
[0 0 0 1 0 1 1 1 0 0 0 0 0]
[0 0 0 1 0 1 1 1 1 0 0 0 0]
[0 0 0 0 1 1 1 1 1 0 0 0 0]
[0 0 0 1 0 0 0 1 1 1 1 0 0]
[0 0 0 1 1 0 1 1 1 1 0 0 0]
[2026-03-06 14:54:32] INFO: Any vertex can be a start vertex of a directed path of length 2k-1
