[2026-03-06 14:53:27] INFO: Logger initialized at log2/log476261.log
[2026-03-06 14:53:27] INFO: Test 217th graph in data/list_660_graphs.g6: K{~~~rt{y~f~
[2026-03-06 14:53:27] INFO: meta data: 
minimum degree >= 4
independent number <= 2
connected
[2026-03-06 14:53:27] INFO: Orientation of K{~~~rt{y~f~ with min semidegree 4:
[0 0 0 0 1 0 1 0 1 1 0 0]
[1 0 0 0 0 1 0 0 0 1 1 0]
[1 1 0 0 0 1 0 0 0 0 0 1]
[1 0 0 0 0 0 1 0 0 0 1 1]
[0 1 1 1 0 0 0 0 0 0 1 0]
[1 0 0 1 1 0 0 0 0 0 0 1]
[0 1 1 0 1 1 0 0 0 0 0 1]
[1 1 1 1 1 0 0 0 0 0 0 0]
[0 1 1 1 0 1 0 1 0 0 0 0]
[0 0 1 1 0 0 1 1 1 0 0 0]
[0 0 0 0 0 1 1 1 1 1 0 0]
[0 0 0 0 1 0 0 1 1 1 1 0]
[2026-03-06 14:53:27] INFO: Any vertex can be a start vertex of a directed path of length 2k-1
