[2026-03-06 14:54:06] INFO: Logger initialized at log2/log482698.log
[2026-03-06 14:54:06] INFO: Test 389th graph in data/list_660_graphs.g6: LwC^~B`FWzfnve
[2026-03-06 14:54:06] INFO: meta data: 
minimum degree >= 4
independent number <= 2
connected
[2026-03-06 14:54:06] INFO: Orientation of LwC^~B`FWzfnve with min semidegree 3:
[0 0 0 0 0 0 1 0 1 0 0 0 1]
[1 0 0 0 0 0 1 0 0 0 0 0 1]
[1 1 0 0 0 0 0 0 0 0 0 1 0]
[0 0 0 0 0 0 0 0 0 0 1 1 1]
[0 0 0 1 0 0 1 0 0 0 0 1 0]
[0 0 0 1 1 0 0 0 0 1 0 0 0]
[0 0 1 1 0 1 0 0 0 0 0 0 0]
[1 1 1 0 0 0 0 0 0 0 0 0 0]
[0 1 1 0 0 0 0 1 0 0 0 0 0]
[0 0 0 1 1 0 0 1 1 0 0 0 0]
[0 0 0 0 1 1 0 1 1 1 0 0 0]
[0 0 0 0 0 1 0 1 1 1 1 0 0]
[0 0 0 0 1 1 1 0 0 1 1 0 0]
[2026-03-06 14:54:06] INFO: Any vertex can be a start vertex of a directed path of length 2k-1
