[2026-03-06 17:25:01] INFO: Logger initialized at log2/log569349.log
[2026-03-06 17:25:01] INFO: Test 646th graph in data/list_660_graphs.g6: Krh^eZjtpzfv
[2026-03-06 17:25:01] INFO: meta data: 
minimum degree >= 4
independent number <= 2
connected
[2026-03-06 17:25:01] INFO: Orientation of Krh^eZjtpzfv with min semidegree 3:
[0 0 0 0 0 0 1 0 1 1 0 0]
[1 0 0 1 0 0 0 1 0 0 0 0]
[1 0 0 0 0 0 0 0 0 0 1 1]
[0 0 1 0 0 0 0 0 0 0 1 1]
[1 0 1 0 0 0 0 0 0 0 0 1]
[0 1 0 1 1 0 0 0 0 0 0 0]
[0 1 1 1 0 0 0 0 0 0 0 0]
[1 0 0 0 1 1 0 0 0 0 0 0]
[0 1 1 0 1 0 1 1 0 0 0 0]
[0 1 0 1 0 1 1 1 0 0 0 0]
[0 0 0 0 1 1 0 1 1 1 0 0]
[0 0 0 0 0 1 1 0 1 1 1 0]
[2026-03-06 17:25:01] INFO: Any vertex can be a start vertex of a directed path of length 2k-1
