[2026-03-06 17:25:05] INFO: Logger initialized at log2/log569631.log
[2026-03-06 17:25:05] INFO: Test 655th graph in data/list_660_graphs.g6: K~}u^jiFxnh~
[2026-03-06 17:25:05] INFO: meta data: 
minimum degree >= 4
independent number <= 2
connected
[2026-03-06 17:25:05] INFO: Orientation of K~}u^jiFxnh~ with min semidegree 4:
[0 0 0 1 1 0 0 1 1 0 0 0]
[1 0 0 0 0 0 1 1 0 0 0 1]
[1 1 0 0 0 1 0 0 0 0 1 0]
[0 1 1 0 0 0 0 0 0 1 1 0]
[0 1 1 1 0 0 0 0 0 0 0 1]
[1 0 0 1 0 0 0 0 0 1 0 1]
[1 0 0 0 1 1 0 0 0 0 1 0]
[0 0 1 1 0 1 0 0 0 0 0 1]
[0 1 1 0 1 0 1 0 0 0 0 0]
[0 0 0 0 1 0 1 1 1 0 0 0]
[0 0 0 0 0 1 0 1 1 1 0 0]
[0 0 0 0 0 0 1 0 1 1 1 0]
[2026-03-06 17:25:05] INFO: Any vertex can be a start vertex of a directed path of length 2k-1
