[2026-02-24 12:00:50] INFO: Logger initialized at log/log1042.log
[2026-02-24 12:00:50] INFO: k 3, n 12, seed 174
[2026-02-24 12:00:50] INFO: op ←←←←←, 1510
[2026-02-24 12:00:50] INFO: op →←←←←, 1081
[2026-02-24 12:00:50] INFO: op ←→←←←, 726
[2026-02-24 12:00:50] INFO: op →→←←←, 1129
[2026-02-24 12:00:50] INFO: op ←←→←←, 785
[2026-02-24 12:00:50] INFO: op →←→←←, 513
[2026-02-24 12:00:50] INFO: op ←→→←←, 794
[2026-02-24 12:00:50] INFO: op →→→←←, 1129
[2026-02-24 12:00:50] INFO: op ←←←→←, 725
[2026-02-24 12:00:50] INFO: op →←←→←, 507
[2026-02-24 12:00:50] INFO: op ←→←→←, 331
[2026-02-24 12:00:50] INFO: op →→←→←, 513
[2026-02-24 12:00:50] INFO: op ←←→→←, 793
[2026-02-24 12:00:50] INFO: op →←→→←, 507
[2026-02-24 12:00:50] INFO: op ←→→→←, 766
[2026-02-24 12:00:51] INFO: op →→→→←, 1081
[2026-02-24 12:00:51] INFO: op ←←←←→, 1083
[2026-02-24 12:00:51] INFO: op →←←←→, 766
[2026-02-24 12:00:51] INFO: op ←→←←→, 506
[2026-02-24 12:00:51] INFO: op →→←←→, 794
[2026-02-24 12:00:51] INFO: op ←←→←→, 511
[2026-02-24 12:00:51] INFO: op →←→←→, 331
[2026-02-24 12:00:51] INFO: op ←→→←→, 506
[2026-02-24 12:00:51] INFO: op →→→←→, 726
[2026-02-24 12:00:51] INFO: op ←←←→→, 1130
[2026-02-24 12:00:51] INFO: op →←←→→, 793
[2026-02-24 12:00:51] INFO: op ←→←→→, 511
[2026-02-24 12:00:51] INFO: op →→←→→, 785
[2026-02-24 12:00:51] INFO: op ←←→→→, 1130
[2026-02-24 12:00:51] INFO: op →←→→→, 725
[2026-02-24 12:00:51] INFO: op ←→→→→, 1083
[2026-02-24 12:00:51] INFO: op →→→→→, 1510


1510 (1)
←←←←←
→→→→→

1130 (2)
←←←→→
←←→→→

1129 (2)
→→←←←
→→→←←

1083 (2)
←←←←→
←→→→→

1081 (2)
→←←←←
→→→→←

794 (3)
←→→←←
→→←←→

793 (3)
←←→→←
→←←→→

785 (3)
←←→←←
→→←→→

766 (3)
←→→→←
→←←←→

726 (3)
←→←←←
→→→←→

725 (3)
←←←→←
→←→→→

513 (4)
→←→←←
→→←→←

511 (4)
←←→←→
←→←→→

507 (4)
→←←→←
→←→→←

506 (4)
←→←←→
←→→←→

331 (5)
←→←→←
→←→←→