[2026-03-18 16:09:08] INFO: Logger initialized at log_ex/log1852018.log
[2026-03-18 16:09:08] INFO: Test 470th graph in data/list_589_graphs.g6: H??WvFc
[2026-03-18 16:09:08] INFO: meta data: 
2-connected
minimum degree δ = 2
maximum degree Δ = 4
|V(G)| <= 30
[2026-03-18 16:09:08] INFO: graph of order 9 s.t.
mindegree 2
maxdegree 4
# 2-vertices 5
# 3-vertices 2
[2026-03-18 16:09:08] INFO: 
----------------------------------------
(counter) init=5, deg=3, reachable_size=7
reachable   :
  - v=0, deg=2
  - v=1, deg=2
  - v=2, deg=2
  - v=3, deg=2
  - v=4, deg=2
  - v=6, deg=3
  - v=7, deg=4
unreachable :
  - v=5, deg=3
  - v=8, deg=4
----------------------------------------
[2026-03-18 16:09:08] INFO: 
----------------------------------------
(counter) init=6, deg=3, reachable_size=7
reachable   :
  - v=0, deg=2
  - v=1, deg=2
  - v=2, deg=2
  - v=3, deg=2
  - v=4, deg=2
  - v=5, deg=3
  - v=8, deg=4
unreachable :
  - v=6, deg=3
  - v=7, deg=4
----------------------------------------
[2026-03-18 16:09:08] INFO: 
============================================================
[MAX-DEGREE COUNTER] init=7, deg=4, reachable_size=7
reachable   :
  - v=0, deg=2
  - v=1, deg=2
  - v=2, deg=2
  - v=3, deg=2
  - v=4, deg=2
  - v=5, deg=3
  - v=8, deg=4
unreachable :
  - v=6, deg=3
  - v=7, deg=4
============================================================
[2026-03-18 16:09:08] INFO: 
============================================================
[MAX-DEGREE COUNTER] init=8, deg=4, reachable_size=7
reachable   :
  - v=0, deg=2
  - v=1, deg=2
  - v=2, deg=2
  - v=3, deg=2
  - v=4, deg=2
  - v=6, deg=3
  - v=7, deg=4
unreachable :
  - v=5, deg=3
  - v=8, deg=4
============================================================
[2026-03-18 16:09:08] INFO: [COUNTER] 4/9
