[2026-03-18 16:08:17] INFO: Logger initialized at log_ex/log1835099.log
[2026-03-18 16:08:17] INFO: Test 2th graph in data/list_589_graphs.g6: DN{
[2026-03-18 16:08:17] INFO: meta data: 
2-connected
minimum degree δ = 2
maximum degree Δ = 4
|V(G)| <= 30
[2026-03-18 16:08:17] INFO: graph of order 5 s.t.
mindegree 2
maxdegree 4
# 2-vertices 1
# 3-vertices 2
[2026-03-18 16:08:17] INFO: 
============================================================
[MAX-DEGREE COUNTER] init=3, deg=4, reachable_size=3
reachable   :
  - v=0, deg=2
  - v=1, deg=3
  - v=2, deg=3
unreachable :
  - v=3, deg=4
  - v=4, deg=4
============================================================
[2026-03-18 16:08:17] INFO: 
============================================================
[MAX-DEGREE COUNTER] init=4, deg=4, reachable_size=3
reachable   :
  - v=0, deg=2
  - v=1, deg=3
  - v=2, deg=3
unreachable :
  - v=3, deg=4
  - v=4, deg=4
============================================================
[2026-03-18 16:08:17] INFO: [COUNTER] 2/5
