[2026-03-18 16:10:13] INFO: Logger initialized at log_ex/log1859370.log
[2026-03-18 16:10:13] INFO: Test 64th graph in data/list_304_graphs.g6: FBZDw
[2026-03-18 16:10:13] INFO: meta data: 
2-connected
minimum degree δ = 2
maximum degree Δ = 5
|V(G)| <= 30
[2026-03-18 16:10:13] INFO: graph of order 7 s.t.
mindegree 2
maxdegree 5
# 2-vertices 1
# 3-vertices 5
[2026-03-18 16:10:13] INFO: 
----------------------------------------
(counter) init=5, deg=3, reachable_size=5
reachable   :
  - v=0, deg=2
  - v=1, deg=3
  - v=2, deg=3
  - v=3, deg=3
  - v=4, deg=3
unreachable :
  - v=5, deg=3
  - v=6, deg=5
----------------------------------------
[2026-03-18 16:10:13] INFO: 
============================================================
[MAX-DEGREE COUNTER] init=6, deg=5, reachable_size=5
reachable   :
  - v=0, deg=2
  - v=1, deg=3
  - v=2, deg=3
  - v=3, deg=3
  - v=4, deg=3
unreachable :
  - v=5, deg=3
  - v=6, deg=5
============================================================
[2026-03-18 16:10:13] INFO: [COUNTER] 2/7
