[2026-03-18 16:10:06] INFO: Logger initialized at log_ex/log1857165.log
[2026-03-18 16:10:06] INFO: Test 1th graph in data/list_304_graphs.g6: EJ~w
[2026-03-18 16:10:06] INFO: meta data: 
2-connected
minimum degree δ = 2
maximum degree Δ = 5
|V(G)| <= 30
[2026-03-18 16:10:06] INFO: graph of order 6 s.t.
mindegree 2
maxdegree 5
# 2-vertices 1
# 3-vertices 0
[2026-03-18 16:10:06] INFO: 
============================================================
[MAX-DEGREE COUNTER] init=4, deg=5, reachable_size=4
reachable   :
  - v=0, deg=2
  - v=1, deg=4
  - v=2, deg=4
  - v=3, deg=4
unreachable :
  - v=4, deg=5
  - v=5, deg=5
============================================================
[2026-03-18 16:10:06] INFO: 
============================================================
[MAX-DEGREE COUNTER] init=5, deg=5, reachable_size=4
reachable   :
  - v=0, deg=2
  - v=1, deg=4
  - v=2, deg=4
  - v=3, deg=4
unreachable :
  - v=4, deg=5
  - v=5, deg=5
============================================================
[2026-03-18 16:10:06] INFO: [COUNTER] 2/6
