[2026-03-18 16:10:11] INFO: Logger initialized at log_ex/log1858735.log
[2026-03-18 16:10:11] INFO: Test 47th graph in data/list_304_graphs.g6: F_@|w
[2026-03-18 16:10:11] INFO: meta data: 
2-connected
minimum degree δ = 2
maximum degree Δ = 5
|V(G)| <= 30
[2026-03-18 16:10:11] INFO: graph of order 7 s.t.
mindegree 2
maxdegree 5
# 2-vertices 5
# 3-vertices 0
[2026-03-18 16:10:11] INFO: 
----------------------------------------
(counter) init=0, deg=2, reachable_size=3
reachable   :
  - v=2, deg=2
  - v=3, deg=2
  - v=4, deg=2
unreachable :
  - v=0, deg=2
  - v=1, deg=2
  - v=5, deg=5
  - v=6, deg=5
----------------------------------------
[2026-03-18 16:10:11] INFO: 
----------------------------------------
(counter) init=1, deg=2, reachable_size=3
reachable   :
  - v=2, deg=2
  - v=3, deg=2
  - v=4, deg=2
unreachable :
  - v=0, deg=2
  - v=1, deg=2
  - v=5, deg=5
  - v=6, deg=5
----------------------------------------
[2026-03-18 16:10:11] INFO: 
----------------------------------------
(counter) init=2, deg=2, reachable_size=4
reachable   :
  - v=0, deg=2
  - v=1, deg=2
  - v=3, deg=2
  - v=4, deg=2
unreachable :
  - v=2, deg=2
  - v=5, deg=5
  - v=6, deg=5
----------------------------------------
[2026-03-18 16:10:11] INFO: 
----------------------------------------
(counter) init=3, deg=2, reachable_size=4
reachable   :
  - v=0, deg=2
  - v=1, deg=2
  - v=2, deg=2
  - v=4, deg=2
unreachable :
  - v=3, deg=2
  - v=5, deg=5
  - v=6, deg=5
----------------------------------------
[2026-03-18 16:10:11] INFO: 
----------------------------------------
(counter) init=4, deg=2, reachable_size=4
reachable   :
  - v=0, deg=2
  - v=1, deg=2
  - v=2, deg=2
  - v=3, deg=2
unreachable :
  - v=4, deg=2
  - v=5, deg=5
  - v=6, deg=5
----------------------------------------
[2026-03-18 16:10:11] INFO: 
============================================================
[MAX-DEGREE COUNTER] init=5, deg=5, reachable_size=0
reachable   :

unreachable :
  - v=0, deg=2
  - v=1, deg=2
  - v=2, deg=2
  - v=3, deg=2
  - v=4, deg=2
  - v=5, deg=5
  - v=6, deg=5
============================================================
[2026-03-18 16:10:11] INFO: 
============================================================
[MAX-DEGREE COUNTER] init=6, deg=5, reachable_size=0
reachable   :

unreachable :
  - v=0, deg=2
  - v=1, deg=2
  - v=2, deg=2
  - v=3, deg=2
  - v=4, deg=2
  - v=5, deg=5
  - v=6, deg=5
============================================================
[2026-03-18 16:10:11] INFO: [COUNTER] 7/7
