[2026-03-18 16:10:17] INFO: Logger initialized at log_ex/log1860884.log
[2026-03-18 16:10:17] INFO: Test 105th graph in data/list_304_graphs.g6: Go?@y{
[2026-03-18 16:10:17] INFO: meta data: 
2-connected
minimum degree δ = 2
maximum degree Δ = 5
|V(G)| <= 30
[2026-03-18 16:10:17] INFO: graph of order 8 s.t.
mindegree 2
maxdegree 5
# 2-vertices 6
# 3-vertices 0
[2026-03-18 16:10:17] INFO: 
----------------------------------------
(counter) init=0, deg=2, reachable_size=5
reachable   :
  - v=1, deg=2
  - v=2, deg=2
  - v=3, deg=2
  - v=4, deg=2
  - v=5, deg=2
unreachable :
  - v=0, deg=2
  - v=6, deg=5
  - v=7, deg=5
----------------------------------------
[2026-03-18 16:10:17] INFO: 
----------------------------------------
(counter) init=1, deg=2, reachable_size=5
reachable   :
  - v=0, deg=2
  - v=3, deg=2
  - v=4, deg=2
  - v=5, deg=2
  - v=6, deg=5
unreachable :
  - v=1, deg=2
  - v=2, deg=2
  - v=7, deg=5
----------------------------------------
[2026-03-18 16:10:17] INFO: 
----------------------------------------
(counter) init=2, deg=2, reachable_size=5
reachable   :
  - v=0, deg=2
  - v=3, deg=2
  - v=4, deg=2
  - v=5, deg=2
  - v=7, deg=5
unreachable :
  - v=1, deg=2
  - v=2, deg=2
  - v=6, deg=5
----------------------------------------
[2026-03-18 16:10:17] INFO: 
============================================================
[MAX-DEGREE COUNTER] init=6, deg=5, reachable_size=4
reachable   :
  - v=1, deg=2
  - v=3, deg=2
  - v=4, deg=2
  - v=5, deg=2
unreachable :
  - v=0, deg=2
  - v=2, deg=2
  - v=6, deg=5
  - v=7, deg=5
============================================================
[2026-03-18 16:10:17] INFO: 
============================================================
[MAX-DEGREE COUNTER] init=7, deg=5, reachable_size=4
reachable   :
  - v=2, deg=2
  - v=3, deg=2
  - v=4, deg=2
  - v=5, deg=2
unreachable :
  - v=0, deg=2
  - v=1, deg=2
  - v=6, deg=5
  - v=7, deg=5
============================================================
[2026-03-18 16:10:17] INFO: [COUNTER] 5/8
