[2026-03-18 16:10:38] INFO: Logger initialized at log_ex/log1867878.log
[2026-03-18 16:10:38] INFO: Test 297th graph in data/list_304_graphs.g6: F@`~o
[2026-03-18 16:10:38] INFO: meta data: 
2-connected
minimum degree δ = 2
maximum degree Δ = 5
|V(G)| <= 30
[2026-03-18 16:10:38] INFO: graph of order 7 s.t.
mindegree 2
maxdegree 5
# 2-vertices 2
# 3-vertices 3
[2026-03-18 16:10:38] INFO: 
----------------------------------------
(counter) init=1, deg=2, reachable_size=4
reachable   :
  - v=0, deg=2
  - v=2, deg=3
  - v=3, deg=3
  - v=4, deg=3
unreachable :
  - v=1, deg=2
  - v=5, deg=4
  - v=6, deg=5
----------------------------------------
[2026-03-18 16:10:38] INFO: 
----------------------------------------
(counter) init=4, deg=3, reachable_size=5
reachable   :
  - v=0, deg=2
  - v=1, deg=2
  - v=2, deg=3
  - v=3, deg=3
  - v=5, deg=4
unreachable :
  - v=4, deg=3
  - v=6, deg=5
----------------------------------------
[2026-03-18 16:10:38] INFO: 
----------------------------------------
(counter) init=5, deg=4, reachable_size=4
reachable   :
  - v=0, deg=2
  - v=2, deg=3
  - v=3, deg=3
  - v=4, deg=3
unreachable :
  - v=1, deg=2
  - v=5, deg=4
  - v=6, deg=5
----------------------------------------
[2026-03-18 16:10:38] INFO: 
============================================================
[MAX-DEGREE COUNTER] init=6, deg=5, reachable_size=3
reachable   :
  - v=0, deg=2
  - v=2, deg=3
  - v=3, deg=3
unreachable :
  - v=1, deg=2
  - v=4, deg=3
  - v=5, deg=4
  - v=6, deg=5
============================================================
[2026-03-18 16:10:38] INFO: [COUNTER] 4/7
