[2026-03-18 16:10:10] INFO: Logger initialized at log_ex/log1858613.log
[2026-03-18 16:10:10] INFO: Test 41th graph in data/list_304_graphs.g6: GJaHy{
[2026-03-18 16:10:10] INFO: meta data: 
2-connected
minimum degree δ = 2
maximum degree Δ = 5
|V(G)| <= 30
[2026-03-18 16:10:10] INFO: graph of order 8 s.t.
mindegree 2
maxdegree 5
# 2-vertices 1
# 3-vertices 2
[2026-03-18 16:10:10] INFO: 
============================================================
[MAX-DEGREE COUNTER] init=6, deg=5, reachable_size=6
reachable   :
  - v=0, deg=2
  - v=1, deg=3
  - v=2, deg=3
  - v=3, deg=4
  - v=4, deg=4
  - v=5, deg=4
unreachable :
  - v=6, deg=5
  - v=7, deg=5
============================================================
[2026-03-18 16:10:10] INFO: 
============================================================
[MAX-DEGREE COUNTER] init=7, deg=5, reachable_size=6
reachable   :
  - v=0, deg=2
  - v=1, deg=3
  - v=2, deg=3
  - v=3, deg=4
  - v=4, deg=4
  - v=5, deg=4
unreachable :
  - v=6, deg=5
  - v=7, deg=5
============================================================
[2026-03-18 16:10:10] INFO: [COUNTER] 2/8
