[2026-03-18 16:10:06] INFO: Logger initialized at log_ex/log1857182.log
[2026-03-18 16:10:06] INFO: Test 13th graph in data/list_304_graphs.g6: H`K?I]u
[2026-03-18 16:10:06] INFO: meta data: 
2-connected
minimum degree δ = 2
maximum degree Δ = 5
|V(G)| <= 30
[2026-03-18 16:10:06] INFO: graph of order 9 s.t.
mindegree 2
maxdegree 5
# 2-vertices 2
# 3-vertices 5
[2026-03-18 16:10:06] INFO: 
----------------------------------------
(counter) init=6, deg=3, reachable_size=7
reachable   :
  - v=0, deg=2
  - v=1, deg=2
  - v=2, deg=3
  - v=3, deg=3
  - v=4, deg=3
  - v=5, deg=3
  - v=7, deg=4
unreachable :
  - v=6, deg=3
  - v=8, deg=5
----------------------------------------
[2026-03-18 16:10:06] INFO: 
----------------------------------------
(counter) init=7, deg=4, reachable_size=7
reachable   :
  - v=0, deg=2
  - v=1, deg=2
  - v=2, deg=3
  - v=3, deg=3
  - v=4, deg=3
  - v=5, deg=3
  - v=6, deg=3
unreachable :
  - v=7, deg=4
  - v=8, deg=5
----------------------------------------
[2026-03-18 16:10:06] INFO: 
============================================================
[MAX-DEGREE COUNTER] init=8, deg=5, reachable_size=6
reachable   :
  - v=0, deg=2
  - v=1, deg=2
  - v=2, deg=3
  - v=3, deg=3
  - v=4, deg=3
  - v=5, deg=3
unreachable :
  - v=6, deg=3
  - v=7, deg=4
  - v=8, deg=5
============================================================
[2026-03-18 16:10:06] INFO: [COUNTER] 3/9
