[2026-03-18 16:10:13] INFO: Logger initialized at log_ex/log1859669.log
[2026-03-18 16:10:13] INFO: Test 71th graph in data/list_304_graphs.g6: GC?ZVK
[2026-03-18 16:10:13] INFO: meta data: 
2-connected
minimum degree δ = 2
maximum degree Δ = 5
|V(G)| <= 30
[2026-03-18 16:10:13] INFO: graph of order 8 s.t.
mindegree 2
maxdegree 5
# 2-vertices 5
# 3-vertices 1
[2026-03-18 16:10:13] INFO: 
----------------------------------------
(counter) init=4, deg=2, reachable_size=6
reachable   :
  - v=0, deg=2
  - v=1, deg=2
  - v=2, deg=2
  - v=3, deg=2
  - v=5, deg=3
  - v=6, deg=4
unreachable :
  - v=4, deg=2
  - v=7, deg=5
----------------------------------------
[2026-03-18 16:10:13] INFO: 
----------------------------------------
(counter) init=5, deg=3, reachable_size=6
reachable   :
  - v=0, deg=2
  - v=1, deg=2
  - v=2, deg=2
  - v=3, deg=2
  - v=4, deg=2
  - v=6, deg=4
unreachable :
  - v=5, deg=3
  - v=7, deg=5
----------------------------------------
[2026-03-18 16:10:13] INFO: 
============================================================
[MAX-DEGREE COUNTER] init=7, deg=5, reachable_size=5
reachable   :
  - v=0, deg=2
  - v=1, deg=2
  - v=2, deg=2
  - v=3, deg=2
  - v=6, deg=4
unreachable :
  - v=4, deg=2
  - v=5, deg=3
  - v=7, deg=5
============================================================
[2026-03-18 16:10:13] INFO: [COUNTER] 3/8
