[2026-03-18 16:10:27] INFO: Logger initialized at log_ex/log1864146.log
[2026-03-18 16:10:27] INFO: Test 197th graph in data/list_304_graphs.g6: GIa@x{
[2026-03-18 16:10:27] INFO: meta data: 
2-connected
minimum degree δ = 2
maximum degree Δ = 5
|V(G)| <= 30
[2026-03-18 16:10:27] INFO: graph of order 8 s.t.
mindegree 2
maxdegree 5
# 2-vertices 2
# 3-vertices 4
[2026-03-18 16:10:27] INFO: 
============================================================
[MAX-DEGREE COUNTER] init=6, deg=5, reachable_size=6
reachable   :
  - v=0, deg=2
  - v=1, deg=2
  - v=2, deg=3
  - v=3, deg=3
  - v=4, deg=3
  - v=5, deg=3
unreachable :
  - v=6, deg=5
  - v=7, deg=5
============================================================
[2026-03-18 16:10:27] INFO: 
============================================================
[MAX-DEGREE COUNTER] init=7, deg=5, reachable_size=6
reachable   :
  - v=0, deg=2
  - v=1, deg=2
  - v=2, deg=3
  - v=3, deg=3
  - v=4, deg=3
  - v=5, deg=3
unreachable :
  - v=6, deg=5
  - v=7, deg=5
============================================================
[2026-03-18 16:10:27] INFO: [COUNTER] 2/8
