[2026-03-05 21:05:00] INFO: Logger initialized at log/log173141.log
[2026-03-05 21:05:00] INFO: Test 2th graph in data/list_43_graphs.g6: G~~~~{
[2026-03-05 21:05:00] INFO: meta data: 
minimum degree >= 4
independent number = 1
connected

[2026-03-05 21:05:00] INFO: Orientation of G~~~~{ with min semidegree 3:
[0 0 0 0 0 1 1 1]
[1 0 0 0 0 0 1 1]
[1 1 0 0 0 0 0 1]
[1 1 1 0 0 0 0 0]
[1 1 1 1 0 0 0 0]
[0 1 1 1 1 0 0 0]
[0 0 1 1 1 1 0 0]
[0 0 0 1 1 1 1 0]
[2026-03-05 21:05:00] INFO: op ←←←←←, 972
[2026-03-05 21:05:00] INFO: op →←←←←, 780
[2026-03-05 21:05:00] INFO: op →→←←←, 840
[2026-03-05 21:05:00] INFO: op →→→←←, 840
[2026-03-05 21:05:00] INFO: op →→→→←, 780
[2026-03-05 21:05:00] INFO: op ←→←←←, 648
[2026-03-05 21:05:00] INFO: op ←←→←←, 708
[2026-03-05 21:05:00] INFO: op ←→→←←, 552
[2026-03-05 21:05:00] INFO: op ←←←→←, 648
[2026-03-05 21:05:00] INFO: op ←←→→←, 552
[2026-03-05 21:05:00] INFO: op ←→→→←, 708
[2026-03-05 21:05:00] INFO: op →←→←←, 420
[2026-03-05 21:05:00] INFO: op →←←→←, 480
[2026-03-05 21:05:00] INFO: op →→←→←, 420
[2026-03-05 21:05:00] INFO: op →←→→←, 480
[2026-03-05 21:05:00] INFO: op ←→←→←, 252
[2026-03-05 21:05:00] INFO: [END]
