[2026-02-26 12:56:52] INFO: Logger initialized at log/log19177.log
[2026-02-26 12:56:52] INFO: Test 44th graph in data/list_1662_graphs.g6: S@?YOCDcSdLEYKXQZGEo?h_Ae??@bwA[w
[2026-02-26 12:56:52] INFO: Orientation of S@?YOCDcSdLEYKXQZGEo?h_Ae??@bwA[w with min semidegree 3:
[0 0 0 0 0 0 0 0 0 0 1 0 0 0 0 0 1 1 0 0]
[0 0 0 0 0 0 0 0 0 0 0 1 1 1 0 0 0 0 0 0]
[0 0 0 0 0 0 0 0 0 0 0 1 1 1 0 0 0 0 0 0]
[0 0 1 0 0 0 0 0 0 0 0 0 0 0 1 1 0 0 0 0]
[0 0 0 0 0 0 0 0 0 0 0 1 1 0 1 0 0 0 0 0]
[0 0 0 1 1 0 0 0 0 0 0 0 0 0 0 0 1 0 0 0]
[0 1 0 0 1 0 0 0 0 0 0 0 0 0 0 0 0 1 0 0]
[0 0 0 0 0 0 1 0 0 1 0 0 0 0 0 0 0 0 0 1]
[0 0 0 0 0 1 0 1 0 0 0 0 0 0 0 0 0 0 1 0]
[1 0 0 1 0 0 0 0 0 0 0 0 0 0 0 0 0 0 1 0]
[0 0 0 1 0 0 1 0 1 0 0 0 0 0 0 0 0 0 0 0]
[0 0 0 0 0 0 0 0 1 1 0 0 0 0 0 0 0 0 0 1]
[0 0 0 0 0 0 0 0 1 1 0 0 0 0 0 0 0 0 0 1]
[0 0 0 0 0 1 0 1 0 0 1 0 0 0 0 0 0 0 0 0]
[1 1 0 0 0 0 0 1 0 0 0 0 0 0 0 0 0 0 0 0]
[1 1 0 0 1 0 0 0 0 0 0 0 0 0 0 0 0 0 0 0]
[0 0 1 0 0 0 1 0 0 0 0 0 0 0 0 0 0 0 1 0]
[0 0 1 0 0 1 0 0 0 0 0 0 0 0 0 0 0 0 1 0]
[0 0 0 0 0 0 0 0 0 0 0 0 0 1 1 1 0 0 0 0]
[0 0 0 0 0 0 0 0 0 0 1 0 0 0 0 1 1 1 0 0]
[2026-02-26 12:56:52] INFO: Found Hamiltonian antidirected path
