[2026-02-26 12:56:52] INFO: Logger initialized at log/log19328.log
[2026-02-26 12:56:52] INFO: Test 54th graph in data/list_1662_graphs.g6: S??W?IB_s?BFEMXMKfFEKeoZeEBuOBuO?
[2026-02-26 12:56:52] INFO: Orientation of S??W?IB_s?BFEMXMKfFEKeoZeEBuOBuO? with min semidegree 3:
[0 0 0 0 0 0 0 0 0 0 0 0 0 0 0 1 1 1 0 0]
[0 0 0 0 0 0 0 0 0 0 0 0 0 0 0 0 0 1 1 1]
[0 0 0 0 0 0 0 0 0 0 0 0 0 0 0 0 0 1 1 1]
[0 0 0 0 0 0 0 0 0 0 0 0 0 0 0 0 1 0 1 1]
[0 0 0 0 0 0 0 0 0 0 0 1 1 0 0 0 1 0 0 0]
[0 0 0 1 1 0 0 0 0 0 0 0 0 1 0 0 0 0 0 0]
[0 0 0 0 0 0 0 0 0 0 0 0 0 0 0 1 1 1 0 0]
[0 0 0 0 0 1 0 0 0 0 0 0 0 0 0 1 0 0 1 0]
[1 0 0 0 0 0 1 1 0 0 0 0 0 0 1 0 0 0 0 0]
[1 0 0 0 0 0 1 1 0 0 0 0 0 0 0 0 0 0 0 0]
[1 0 0 0 0 0 0 0 0 0 0 0 0 1 1 0 0 0 0 0]
[0 0 0 1 0 0 0 0 1 1 1 0 0 0 0 0 0 0 0 0]
[0 0 0 1 0 0 0 0 1 1 1 0 0 0 0 0 0 0 0 0]
[0 1 1 0 0 0 0 0 1 1 0 0 0 0 0 0 0 0 0 0]
[0 1 1 0 0 1 0 0 0 1 0 0 0 0 0 0 0 0 0 0]
[0 1 1 0 0 0 0 0 0 0 0 1 1 0 0 0 0 0 0 0]
[0 0 0 0 0 0 0 1 0 0 0 0 0 1 1 0 0 0 0 0]
[0 0 0 0 0 1 0 0 0 0 0 1 1 0 0 0 0 0 0 0]
[0 0 0 0 1 0 1 0 0 0 1 0 0 0 0 0 0 0 0 0]
[0 0 0 0 1 0 1 1 0 0 1 0 0 0 0 0 0 0 0 0]
[2026-02-26 12:56:52] INFO: Found Hamiltonian antidirected path
