[2026-02-26 12:56:52] INFO: Logger initialized at log/log19428.log
[2026-02-26 12:56:52] INFO: Test 56th graph in data/list_1662_graphs.g6: SsaCADAOaCEKBFBFEKX_oKE?L_WZ?r{??
[2026-02-26 12:56:52] INFO: Orientation of SsaCADAOaCEKBFBFEKX_oKE?L_WZ?r{?? with min semidegree 3:
[0 0 1 1 1 0 0 0 0 0 0 0 0 0 0 0 0 0 0 0]
[1 0 0 0 0 0 0 1 0 0 0 0 0 0 0 0 0 0 0 1]
[0 0 0 0 0 0 0 0 0 0 0 0 0 0 1 1 1 0 0 0]
[0 0 0 0 0 0 0 0 0 0 0 1 0 0 1 0 0 0 0 1]
[0 0 0 0 0 0 0 0 0 0 0 0 0 1 0 0 0 1 1 0]
[1 0 0 0 0 0 0 0 0 0 0 0 0 0 0 0 0 1 1 0]
[1 0 0 0 0 0 0 0 0 1 0 0 0 0 0 0 0 0 0 1]
[0 0 0 0 0 0 1 0 0 0 0 0 0 0 1 0 0 1 0 0]
[0 1 0 0 0 0 1 0 0 0 0 0 0 0 0 0 0 0 1 0]
[0 1 0 0 0 0 0 0 0 0 0 0 1 1 0 0 0 0 0 0]
[0 1 0 0 0 0 1 0 0 0 0 0 1 0 0 0 0 0 0 0]
[0 0 1 0 0 0 0 1 1 0 0 0 0 0 0 0 0 0 0 0]
[0 0 0 0 1 1 0 0 0 0 0 1 0 0 0 0 0 0 0 0]
[0 0 0 0 0 1 0 0 0 0 1 1 0 0 0 0 0 0 0 0]
[0 0 0 0 0 0 0 0 1 0 0 0 1 1 0 0 0 0 0 0]
[0 0 0 1 0 0 0 0 0 1 1 0 0 0 0 0 0 0 0 0]
[0 0 0 1 0 0 0 0 0 1 1 0 0 0 0 0 0 0 0 0]
[0 0 0 0 0 0 0 0 1 0 0 0 0 0 0 1 1 0 0 0]
[0 0 0 0 0 0 0 1 0 0 0 0 0 0 0 1 1 0 0 0]
[0 0 1 0 1 1 0 0 0 0 0 0 0 0 0 0 0 0 0 0]
[2026-02-26 12:56:52] INFO: Found Hamiltonian antidirected path
