[2026-02-26 12:56:52] INFO: Logger initialized at log/log19318.log
[2026-02-26 12:56:52] INFO: Test 50th graph in data/list_1662_graphs.g6: S?????N?pa@oKPMo^aE[SpErosE@yF}??
[2026-02-26 12:56:52] INFO: Orientation of S?????N?pa@oKPMo^aE[SpErosE@yF}?? with min semidegree 3:
[0 0 0 0 0 0 0 0 0 0 0 0 0 0 0 0 1 1 1 0]
[0 0 0 0 0 0 0 0 0 0 0 0 0 0 0 0 1 1 1 0]
[0 0 0 0 0 0 0 0 0 0 0 0 1 0 0 0 0 1 0 1]
[0 0 0 0 0 0 0 0 0 0 0 0 0 1 1 0 0 0 0 1]
[0 0 0 0 0 0 0 0 0 0 0 0 0 0 1 1 0 0 0 1]
[0 0 0 0 0 0 0 0 0 0 0 0 0 0 1 1 1 0 0 0]
[0 0 0 0 0 0 0 0 1 0 0 0 0 0 0 1 0 0 0 1]
[0 0 0 0 0 0 0 0 1 0 0 0 0 1 0 0 0 0 0 1]
[0 0 0 0 1 1 0 0 0 0 0 0 0 0 0 0 0 1 0 0]
[0 0 0 0 0 0 1 1 0 0 0 0 0 0 0 0 0 0 1 0]
[0 0 1 1 0 0 0 1 0 0 0 0 0 0 0 0 0 0 0 0]
[0 0 0 0 1 1 1 0 0 0 0 0 0 0 0 0 0 0 0 0]
[0 0 0 1 0 0 0 1 0 0 0 1 0 0 0 0 0 0 0 0]
[0 0 1 0 1 0 1 0 0 0 0 0 0 0 0 0 0 0 0 0]
[1 1 1 0 0 0 0 0 0 1 0 0 0 0 0 0 0 0 0 0]
[1 1 0 0 0 0 0 0 0 0 1 0 1 0 0 0 0 0 0 0]
[0 0 0 0 0 0 0 0 0 1 1 0 1 1 0 0 0 0 0 0]
[0 0 0 1 0 0 0 0 0 1 0 1 0 0 0 0 0 0 0 0]
[0 0 0 0 0 0 0 0 1 0 1 1 0 1 0 0 0 0 0 0]
[1 1 0 0 0 1 0 0 0 0 0 0 0 0 0 0 0 0 0 0]
[2026-02-26 12:56:52] INFO: Found Hamiltonian antidirected path
