[2026-02-26 12:56:51] INFO: Logger initialized at log/log19175.log
[2026-02-26 12:56:51] INFO: Test 43th graph in data/list_1662_graphs.g6: Ss?PP@o_sMPcBKPoJGBo??B{?xoeKJW_S
[2026-02-26 12:56:51] INFO: Orientation of Ss?PP@o_sMPcBKPoJGBo??B{?xoeKJW_S with min semidegree 3:
[0 0 0 0 0 0 0 0 0 1 1 1 0 0 0 0 0 0 0 0]
[1 0 0 0 0 0 0 0 0 0 0 0 0 1 0 0 0 0 0 1]
[1 0 0 0 0 0 0 0 0 0 0 0 0 0 0 1 0 0 0 1]
[1 0 0 0 0 0 0 0 0 0 0 0 0 0 1 0 0 0 1 0]
[0 0 0 0 0 0 0 0 0 0 0 1 1 0 0 0 0 0 0 1]
[0 0 0 1 0 0 0 0 0 0 1 0 0 0 0 0 0 0 0 1]
[0 0 1 0 1 0 0 0 0 0 0 0 0 0 0 0 0 0 1 0]
[0 0 1 0 0 0 0 0 0 0 0 0 0 1 0 0 0 0 1 0]
[0 1 1 1 0 0 0 0 0 0 0 0 0 0 0 0 0 0 0 0]
[0 0 0 0 0 0 1 1 0 0 0 0 0 0 0 0 0 1 0 0]
[0 0 0 0 0 0 1 1 0 0 0 0 0 0 0 0 1 0 0 0]
[0 0 0 0 0 1 0 0 1 0 0 0 0 0 0 0 1 0 0 0]
[0 0 0 0 0 1 0 0 1 1 0 0 0 0 0 0 0 0 0 0]
[0 0 0 0 0 1 1 0 0 0 0 0 0 0 0 0 0 1 0 0]
[0 1 0 0 1 0 0 1 0 0 0 0 0 0 0 0 0 0 0 0]
[0 1 0 1 1 0 0 0 0 0 0 0 0 0 0 0 0 0 0 0]
[0 0 0 0 0 0 0 0 0 0 0 0 1 1 1 1 0 0 0 0]
[0 0 0 0 0 0 0 0 1 0 1 0 0 0 1 1 0 0 0 0]
[0 0 0 0 0 0 0 0 0 0 0 1 1 0 0 0 0 1 0 0]
[0 0 0 0 0 0 0 0 0 1 0 0 0 0 0 0 1 0 1 0]
[2026-02-26 12:56:51] INFO: Found Hamiltonian antidirected path
