[2026-02-26 12:56:52] INFO: Logger initialized at log/log19321.log
[2026-02-26 12:56:52] INFO: Test 52th graph in data/list_1662_graphs.g6: S_SccXpkBEGqk?b?I_@S??M{@Fo?^_\_K
[2026-02-26 12:56:52] INFO: Orientation of S_SccXpkBEGqk?b?I_@S??M{@Fo?^_\_K with min semidegree 3:
[0 0 0 0 0 0 0 1 0 1 0 0 1 0 0 0 0 0 0 0]
[1 0 0 0 0 0 0 0 1 0 1 0 0 0 0 0 0 0 0 0]
[0 0 0 0 0 0 0 0 1 0 1 0 0 0 0 1 0 0 0 0]
[0 0 0 0 0 0 1 0 1 0 0 0 0 0 1 0 0 0 0 0]
[0 1 0 1 0 0 0 0 0 0 0 0 0 0 0 0 0 0 0 1]
[0 0 1 0 0 0 0 0 0 0 0 1 0 0 0 0 0 0 0 1]
[1 0 0 0 0 0 0 0 0 0 0 1 0 0 0 0 0 0 0 1]
[0 0 0 0 1 1 0 0 0 0 0 0 0 0 0 0 0 1 0 0]
[0 0 0 0 0 0 0 1 0 0 0 0 0 0 0 0 1 0 0 1]
[0 0 1 1 0 0 0 0 0 0 0 0 0 0 0 0 1 0 0 0]
[0 0 0 0 0 0 1 1 0 0 0 0 0 0 0 0 0 0 1 0]
[0 1 0 0 0 0 0 0 0 1 0 0 0 0 0 0 0 1 0 0]
[0 0 1 1 0 0 0 0 0 0 0 0 0 0 0 0 1 0 0 0]
[1 0 0 0 1 1 0 0 0 0 0 0 0 0 0 0 0 0 0 0]
[0 1 0 0 0 1 0 0 0 0 0 0 0 0 0 0 0 0 1 0]
[0 0 0 0 1 0 1 0 0 0 0 0 0 0 0 0 0 1 0 0]
[0 0 0 0 0 0 0 0 0 0 1 0 0 1 1 1 0 0 0 0]
[0 0 0 0 0 0 0 0 0 0 0 0 1 1 1 0 0 0 0 0]
[0 0 0 0 0 0 0 0 0 0 0 1 1 1 0 1 0 0 0 0]
[0 0 0 0 0 0 0 0 0 1 0 0 0 0 0 0 0 1 1 0]
[2026-02-26 12:56:52] INFO: Found Hamiltonian antidirected path
