[2026-02-26 12:56:49] INFO: Logger initialized at log/log18624.log
[2026-02-26 12:56:49] INFO: Test 32th graph in data/list_1662_graphs.g6: RAM?gWPA`ghcwKwK[WDaGqa?CowE]G
[2026-02-26 12:56:49] INFO: Orientation of RAM?gWPA`ghcwKwK[WDaGqa?CowE]G with min semidegree 3:
[0 0 0 0 0 0 0 0 0 0 0 0 1 1 0 0 1 0 0]
[0 0 0 0 0 0 0 0 0 0 0 1 1 0 0 0 1 0 0]
[0 0 0 0 0 0 0 0 0 0 1 0 0 1 1 0 0 0 0]
[0 1 0 0 0 0 1 0 0 0 0 0 0 0 0 1 0 0 0]
[0 0 1 1 0 0 0 1 0 0 0 0 0 0 0 0 0 0 0]
[1 0 0 0 0 0 0 0 0 0 1 0 0 0 0 0 0 1 0]
[0 0 0 0 0 1 0 0 0 0 0 0 0 0 1 0 0 0 1]
[0 0 0 0 0 1 0 0 0 0 0 0 0 0 0 1 0 0 1]
[0 0 0 1 0 0 0 1 0 0 0 0 0 0 0 0 0 1 0]
[0 0 0 0 1 0 1 0 0 0 0 0 0 0 0 0 0 1 0]
[0 0 0 1 0 0 0 0 0 1 0 0 0 0 0 0 0 0 1]
[0 0 0 0 1 1 0 0 1 0 0 0 0 0 0 0 0 0 0]
[0 0 1 0 0 0 0 0 1 1 0 0 0 0 0 0 0 0 0]
[0 1 0 0 0 0 0 0 1 1 0 0 0 0 0 0 0 0 0]
[1 1 0 0 0 0 0 1 0 0 0 0 0 0 0 0 0 0 0]
[1 0 1 0 0 0 0 0 0 0 0 1 0 0 0 0 0 0 0]
[0 0 0 0 1 0 1 0 0 0 1 0 0 0 0 0 0 0 0]
[0 0 0 0 0 0 0 0 0 0 0 0 0 0 1 1 1 0 0]
[0 0 0 0 0 0 0 0 0 0 0 1 1 1 0 0 0 1 0]
[2026-02-26 12:56:49] INFO: Found Hamiltonian antidirected path
