[2026-02-26 12:56:57] INFO: Logger initialized at log/log21259.log
[2026-02-26 12:56:57] INFO: Test 98th graph in data/list_1662_graphs.g6: UsaCADAOaCEKBFBF@k?Z?KWooWp_pa[G\qBoN]??
[2026-02-26 12:56:57] INFO: Orientation of UsaCADAOaCEKBFBF@k?Z?KWooWp_pa[G\qBoN]?? with min semidegree 3:
[0 0 1 1 1 0 0 0 0 0 0 0 0 0 0 0 0 0 0 0 0 0]
[1 0 0 0 0 0 0 0 0 0 0 0 0 0 0 0 0 0 0 1 1 0]
[0 0 0 0 0 0 0 0 0 0 0 0 0 0 0 0 1 1 0 0 1 0]
[0 0 0 0 0 0 0 0 0 0 0 0 0 0 0 0 1 1 1 0 0 0]
[0 0 0 0 0 0 0 0 0 0 0 0 1 1 0 0 0 0 0 1 0 1]
[1 0 0 0 0 0 0 0 0 0 0 0 0 0 0 0 0 0 0 1 0 1]
[1 0 0 0 0 0 0 0 0 0 0 0 0 0 0 0 0 0 0 1 1 0]
[0 1 0 0 0 0 1 0 0 0 0 0 0 0 0 0 0 0 0 0 0 1]
[0 1 0 0 0 0 1 0 0 0 0 0 0 0 0 0 1 0 0 0 0 0]
[0 1 0 0 0 0 1 0 0 0 0 0 0 0 0 0 0 0 1 0 0 0]
[0 1 0 0 0 0 1 0 0 0 0 0 0 0 0 0 0 0 1 0 0 0]
[0 0 1 1 0 0 0 1 1 0 0 0 0 0 0 0 0 0 0 0 0 0]
[0 0 0 0 0 1 0 0 0 1 1 1 0 0 0 0 0 0 0 0 0 0]
[0 0 0 0 0 1 0 0 0 1 1 1 0 0 0 0 0 0 0 0 0 0]
[0 0 0 0 1 1 0 1 1 0 0 0 0 0 0 0 0 0 0 0 0 0]
[0 0 0 0 1 1 0 1 1 0 0 0 0 0 0 0 0 0 0 0 0 0]
[0 0 0 0 0 0 0 1 0 0 0 0 1 1 0 0 0 0 0 0 0 0]
[0 0 0 0 0 0 0 0 0 1 1 0 0 0 1 1 0 0 0 0 0 0]
[0 0 1 0 0 0 0 0 0 0 0 0 0 0 1 1 0 0 0 0 0 0]
[0 0 0 0 0 0 0 0 0 0 0 1 0 0 0 0 1 1 1 0 0 0]
[0 0 0 1 0 0 0 0 0 0 0 0 1 1 1 1 0 0 0 0 0 0]
[0 0 1 1 0 0 0 0 1 1 1 0 0 0 0 0 0 0 0 0 0 0]
[2026-02-26 12:56:57] INFO: Found Hamiltonian antidirected path
