[2026-02-26 12:57:41] INFO: Logger initialized at log/log34193.log
[2026-02-26 12:57:41] INFO: Test 452th graph in data/list_1662_graphs.g6: U_??WWoKBeMWRKkoPeCX_?B{?Ntw?QF_LBoEn?AW
[2026-02-26 12:57:41] INFO: Orientation of U_??WWoKBeMWRKkoPeCX_?B{?Ntw?QF_LBoEn?AW with min semidegree 3:
[0 0 0 0 0 0 0 0 0 0 0 0 0 1 0 0 0 0 1 0 0 1]
[1 0 0 0 0 0 0 0 0 0 0 0 0 0 0 0 0 0 0 1 1 0]
[0 0 0 0 0 0 0 0 0 0 1 1 0 0 0 0 0 0 0 0 0 1]
[0 0 0 0 0 0 0 0 0 0 1 0 0 0 0 0 0 0 1 0 0 1]
[0 0 0 0 0 0 0 0 0 0 0 0 1 0 1 1 0 0 0 0 0 0]
[0 0 0 0 0 0 0 0 0 0 0 0 1 0 0 0 0 0 1 0 0 1]
[0 0 0 0 1 1 0 0 0 0 0 0 0 0 0 0 0 0 0 1 0 0]
[0 0 0 0 1 1 0 0 0 0 0 0 0 0 0 0 0 0 0 0 1 0]
[0 0 1 1 0 0 0 0 0 0 0 0 0 0 0 0 0 0 0 1 0 0]
[0 0 1 1 0 0 0 0 0 0 0 0 0 0 0 0 0 0 0 1 0 0]
[0 1 0 0 0 0 1 1 0 0 0 0 0 0 0 0 1 0 0 0 0 0]
[0 1 0 1 0 0 1 1 0 0 0 0 0 0 0 0 0 0 0 0 0 0]
[0 1 0 0 0 0 0 0 1 1 0 0 0 0 0 0 0 1 0 0 0 0]
[0 0 1 1 0 0 1 1 0 0 0 0 0 0 0 0 0 0 0 0 0 0]
[1 0 0 0 0 1 0 0 1 1 0 0 0 0 0 0 0 0 0 0 0 0]
[1 0 0 0 0 1 0 0 1 1 0 0 0 0 0 0 0 0 0 0 0 0]
[0 0 0 0 0 0 0 0 0 0 0 1 1 1 1 1 0 0 0 0 0 0]
[0 0 0 0 0 0 0 0 0 0 1 1 0 1 1 1 0 0 0 0 0 0]
[0 0 1 0 1 0 0 0 0 0 0 0 0 0 0 0 1 0 0 0 0 0]
[0 0 0 0 0 0 0 1 0 0 0 0 0 0 0 0 0 1 1 0 0 0]
[0 0 0 0 0 0 1 0 1 1 0 0 0 0 0 0 0 1 1 0 0 0]
[0 0 0 0 1 0 0 0 0 0 0 0 0 0 0 0 1 0 0 1 1 0]
[2026-02-26 12:57:41] INFO: Found Hamiltonian antidirected path
