[2026-02-26 12:57:39] INFO: Logger initialized at log/log33842.log
[2026-02-26 12:57:39] INFO: Test 441th graph in data/list_1662_graphs.g6: S??????Bw^@{Bw{F}Bv_{~wB~_F~?F~??
[2026-02-26 12:57:39] INFO: Orientation of S??????Bw^@{Bw{F}Bv_{~wB~_F~?F~?? with min semidegree 3:
[0 0 0 0 0 0 0 0 0 0 0 0 0 1 1 1 0 1 0 0]
[0 0 0 0 0 0 0 0 0 0 0 0 0 1 0 0 1 1 1 0]
[0 0 0 0 0 0 0 0 0 0 0 0 0 0 1 1 0 1 1 0]
[0 0 0 0 0 0 0 0 0 0 0 0 0 1 1 1 0 0 0 1]
[0 0 0 0 0 0 0 0 0 0 0 0 0 0 0 0 1 1 0 1]
[0 0 0 0 0 0 0 0 0 0 0 0 0 0 0 0 1 1 0 1]
[0 0 0 0 0 0 0 0 0 0 0 0 0 0 0 0 1 1 1 0]
[0 0 0 0 0 0 0 0 0 0 0 0 0 0 0 0 1 0 1 1]
[0 0 0 0 0 0 0 0 0 0 0 0 0 0 0 0 1 0 1 1]
[0 0 0 0 1 1 1 1 1 0 0 0 0 0 0 0 0 0 0 0]
[0 0 0 0 1 1 1 1 1 0 0 0 0 0 0 0 0 0 0 0]
[0 0 0 0 1 1 1 1 1 0 0 0 0 0 0 0 0 0 0 0]
[0 0 0 0 1 1 1 1 1 0 0 0 0 0 0 0 0 0 0 0]
[0 0 1 0 0 0 0 0 0 1 1 1 1 0 0 0 0 0 0 0]
[0 1 0 0 0 0 0 0 0 1 1 1 1 0 0 0 0 0 0 0]
[0 1 0 0 0 0 0 0 0 1 1 1 1 0 0 0 0 0 0 0]
[1 0 1 1 0 0 0 0 0 0 0 0 0 0 0 0 0 0 0 0]
[0 0 0 1 0 0 0 1 1 0 0 0 0 0 0 0 0 0 0 0]
[1 0 0 1 1 1 0 0 0 0 0 0 0 0 0 0 0 0 0 0]
[1 1 1 0 0 0 1 0 0 0 0 0 0 0 0 0 0 0 0 0]
[2026-02-26 12:57:40] INFO: Found Hamiltonian antidirected path
