[2026-02-26 12:57:41] INFO: Logger initialized at log/log34461.log
[2026-02-26 12:57:41] INFO: Test 457th graph in data/list_1662_graphs.g6: U??H`_oKCUGfPMaKPEAMBPoYJEFg?Fo???w^?pwo
[2026-02-26 12:57:41] INFO: Orientation of U??H`_oKCUGfPMaKPEAMBPoYJEFg?Fo???w^?pwo with min semidegree 3:
[0 0 0 0 0 0 0 0 0 0 0 0 0 0 0 0 0 1 1 1 0 0]
[0 0 0 0 0 0 0 0 0 0 0 1 1 0 0 0 1 0 0 0 0 0]
[0 0 0 0 0 0 1 0 0 0 0 0 0 0 0 0 0 0 1 1 0 0]
[0 0 0 0 0 0 0 1 1 0 0 0 0 0 0 0 0 0 1 0 0 0]
[0 0 0 0 0 0 0 0 0 0 1 0 0 1 0 0 0 1 0 0 0 0]
[0 0 0 0 1 0 0 0 0 0 0 0 0 0 0 1 1 0 0 0 0 0]
[0 0 0 1 0 0 0 0 0 0 0 0 0 0 0 1 0 0 0 0 0 1]
[0 0 1 0 0 0 0 0 0 0 0 0 0 0 0 0 1 0 0 0 0 1]
[0 0 1 0 0 0 0 0 0 0 0 1 0 0 0 0 0 0 0 0 1 0]
[0 0 1 1 0 0 0 0 0 0 0 0 0 0 0 0 0 0 0 0 1 0]
[1 0 0 0 0 0 1 1 0 0 0 0 0 0 0 0 0 0 0 0 0 0]
[0 0 0 0 0 1 0 0 0 1 1 0 0 0 0 0 0 0 0 0 0 0]
[0 0 0 0 0 1 0 0 1 1 1 0 0 0 0 0 0 0 0 0 0 0]
[1 0 0 0 0 0 0 0 1 1 0 0 0 0 0 0 0 0 0 0 0 0]
[1 0 0 0 1 0 0 0 1 1 0 0 0 0 0 0 0 0 0 0 0 0]
[0 1 0 0 0 0 0 1 0 0 0 0 0 1 1 0 0 0 0 0 0 0]
[0 0 0 0 0 0 1 0 0 0 0 0 0 1 1 0 0 0 0 0 0 0]
[0 0 0 0 0 0 1 1 0 0 0 1 1 0 0 0 0 0 0 0 0 0]
[0 1 0 0 0 1 0 0 0 0 0 0 0 0 0 0 0 0 0 0 1 1]
[0 1 0 1 1 0 0 0 0 0 0 0 0 0 0 0 0 0 0 0 0 0]
[0 0 0 0 0 0 0 0 0 0 1 0 0 0 0 1 1 1 0 1 0 0]
[0 0 0 0 0 0 0 0 0 0 0 1 1 1 1 0 0 0 0 1 0 0]
[2026-02-26 12:57:41] INFO: Found Hamiltonian antidirected path
