[2026-02-26 12:57:40] INFO: Logger initialized at log/log34152.log
[2026-02-26 12:57:41] INFO: Test 448th graph in data/list_1662_graphs.g6: UqP@xw{_C?O?_?_?G^yF}O~pB~@w}@w}?{^?NFo?
[2026-02-26 12:57:41] INFO: Orientation of UqP@xw{_C?O?_?_?G^yF}O~pB~@w}@w}?{^?NFo? with min semidegree 3:
[0 1 1 0 0 0 0 0 0 1 0 0 0 0 0 0 0 0 0 0 0 0]
[0 0 0 0 0 0 0 0 0 0 0 0 0 0 1 1 1 1 0 0 0 0]
[0 0 0 0 0 0 0 0 0 0 0 0 0 0 0 0 0 0 1 1 1 0]
[0 1 0 0 0 0 0 0 0 0 0 0 0 0 0 0 0 0 1 1 0 0]
[0 1 0 0 0 0 0 0 0 0 0 0 0 0 0 0 0 0 1 1 0 0]
[0 1 0 0 0 0 0 0 0 0 0 0 0 0 0 0 0 0 0 0 1 1]
[0 0 1 1 1 1 0 0 0 0 0 0 0 0 0 0 0 0 0 0 0 0]
[0 0 1 1 1 1 0 0 0 0 0 0 0 0 0 0 0 0 0 0 0 0]
[0 0 1 1 1 1 0 0 0 0 0 0 0 0 0 0 0 0 0 0 0 0]
[0 0 0 0 0 0 0 0 0 0 0 0 0 0 1 1 1 1 0 0 0 0]
[1 0 0 0 0 0 0 0 0 0 0 0 0 0 0 0 1 1 0 0 0 0]
[1 0 0 0 0 0 0 0 0 0 0 0 0 0 0 0 0 0 0 0 1 1]
[1 0 0 0 0 0 0 0 0 0 0 0 0 0 0 0 0 0 0 0 1 1]
[1 0 0 0 0 0 0 0 0 0 0 0 0 0 1 1 0 0 0 0 0 0]
[0 0 0 0 0 0 1 1 1 0 1 1 1 0 0 0 0 0 0 0 0 0]
[0 0 0 0 0 0 1 1 1 0 1 1 1 0 0 0 0 0 0 0 0 0]
[0 0 0 0 0 0 1 1 1 0 0 1 1 1 0 0 0 0 0 0 0 0]
[0 0 0 0 0 0 1 1 1 0 0 1 1 1 0 0 0 0 0 0 0 0]
[0 0 0 0 0 1 0 0 0 1 1 1 1 1 0 0 0 0 0 0 0 0]
[0 0 0 0 0 1 0 0 0 1 1 1 1 1 0 0 0 0 0 0 0 0]
[0 0 0 1 1 0 0 0 0 1 1 0 0 1 0 0 0 0 0 0 0 0]
[0 0 1 1 1 0 0 0 0 1 1 0 0 1 0 0 0 0 0 0 0 0]
[2026-02-26 12:58:31] INFO: Found Hamiltonian antidirected path
