[2026-02-26 12:57:41] INFO: Logger initialized at log/log34481.log
[2026-02-26 12:57:41] INFO: Test 460th graph in data/list_1662_graphs.g6: U`??WWOC@?C?RN_~TeAeXSrI[KCwWDX_pboEW{@_
[2026-02-26 12:57:41] INFO: Orientation of U`??WWOC@?C?RN_~TeAeXSrI[KCwWDX_pboEW{@_ with min semidegree 3:
[0 0 0 0 0 0 0 0 0 0 0 0 0 0 0 0 0 1 1 1 0 0]
[1 0 0 0 0 0 0 0 0 0 0 0 0 0 0 0 1 0 0 0 1 0]
[0 0 0 0 0 0 0 0 0 0 0 0 0 0 0 0 0 0 0 1 1 1]
[0 0 1 0 0 0 0 0 0 0 0 0 0 0 0 1 1 0 0 0 0 0]
[0 0 0 0 0 0 0 0 0 0 0 0 1 0 1 0 0 0 0 1 0 0]
[0 0 0 0 0 0 0 0 0 0 0 0 1 0 0 0 0 1 1 0 0 0]
[0 0 0 0 1 1 0 0 0 0 0 0 0 0 0 0 0 0 0 0 1 0]
[0 0 0 0 1 1 0 0 0 0 0 0 0 0 0 0 0 0 0 0 0 1]
[0 0 0 1 0 0 0 0 0 0 0 0 1 0 0 0 0 0 0 0 0 1]
[0 0 0 1 0 0 0 0 0 0 0 0 0 1 0 0 0 0 0 1 0 0]
[0 0 1 0 0 0 0 0 0 0 0 0 0 1 0 1 0 0 0 0 0 0]
[0 0 1 0 0 0 0 0 0 0 0 0 0 1 0 0 1 0 0 0 0 0]
[0 1 0 0 0 0 0 0 0 1 1 1 0 0 0 0 0 0 0 0 0 0]
[1 0 0 0 0 0 1 1 1 0 0 0 0 0 0 0 0 0 0 0 0 0]
[1 0 1 0 0 1 0 0 1 1 0 0 0 0 0 0 0 0 0 0 0 0]
[0 1 0 0 0 0 1 1 0 0 0 1 0 0 1 0 0 0 0 0 0 0]
[0 0 0 0 0 0 1 1 0 0 1 0 0 0 1 0 0 0 0 0 0 0]
[0 0 0 1 1 0 0 0 0 0 1 1 0 0 0 0 0 0 0 0 0 0]
[0 0 0 1 1 0 0 0 0 0 1 1 0 0 0 0 0 0 0 0 0 0]
[0 0 0 0 0 1 0 0 1 0 0 0 0 0 0 1 1 0 0 0 0 0]
[0 0 0 0 0 0 0 1 1 1 0 0 0 0 0 0 0 1 1 0 0 0]
[0 1 0 0 0 0 1 0 0 1 0 0 0 0 0 0 0 1 1 0 0 0]
[2026-02-26 12:57:41] INFO: Found Hamiltonian antidirected path
