[2026-02-26 12:58:29] INFO: Logger initialized at log/log47663.log
[2026-02-26 12:58:29] INFO: Test 813th graph in data/list_1662_graphs.g6: Q~~~~it}VwXS?~?~_^wF~RJ{{Vw
[2026-02-26 12:58:29] INFO: Orientation of Q~~~~it}VwXS?~?~_^wF~RJ{{Vw with min semidegree 5:
[0 0 0 0 1 1 1 1 1 0 1 0 0 0 0 0 0 0]
[1 0 0 0 0 1 1 1 0 0 0 0 0 0 0 0 1 0]
[1 1 0 0 0 0 0 1 0 1 0 0 0 0 0 0 0 1]
[1 1 1 0 0 0 0 0 0 1 0 0 0 0 0 0 0 1]
[0 1 1 1 0 0 0 0 0 0 0 0 0 0 0 0 1 1]
[0 0 1 1 1 0 0 0 0 0 0 0 0 0 0 0 1 1]
[0 0 1 1 1 1 0 0 0 0 0 0 0 0 1 0 0 0]
[0 0 0 1 0 1 0 0 0 0 0 0 0 1 1 1 0 0]
[0 0 1 1 0 1 0 1 0 0 0 0 0 0 0 0 1 0]
[1 1 0 0 1 0 0 1 0 0 0 0 0 0 0 0 0 1]
[0 1 1 1 1 1 0 0 0 0 0 0 0 0 0 1 0 0]
[1 1 0 0 1 0 1 0 1 0 0 0 0 0 0 1 0 0]
[0 0 0 0 0 0 1 1 1 1 1 1 0 0 0 0 0 0]
[0 0 0 0 0 0 1 0 1 1 1 1 1 0 0 0 0 0]
[0 0 0 0 0 0 0 0 1 1 1 1 1 1 0 0 0 0]
[0 0 0 0 0 0 1 0 1 1 0 0 1 1 1 0 0 0]
[0 0 0 0 0 0 0 0 0 0 1 1 1 1 1 1 0 0]
[0 0 0 0 0 0 0 0 0 0 0 1 1 1 1 1 1 0]
[2026-02-26 12:58:29] INFO: Found Hamiltonian antidirected path
