[2026-02-26 12:58:27] INFO: Logger initialized at log/log47116.log
[2026-02-26 12:58:27] INFO: Test 801th graph in data/list_1662_graphs.g6: S~~~~~}bv_@k?YK__Bw?~?F{?^w?~y@N{
[2026-02-26 12:58:27] INFO: Orientation of S~~~~~}bv_@k?YK__Bw?~?F{?^w?~y@N{ with min semidegree 5:
[0 0 0 0 0 1 1 1 1 1 0 0 0 0 0 0 0 0 0 0]
[1 0 0 0 0 0 0 1 1 0 1 0 0 0 0 0 0 0 0 1]
[1 1 0 0 0 0 0 1 1 0 0 0 0 1 0 0 0 0 0 0]
[1 1 1 0 1 0 0 0 0 0 0 0 0 1 0 0 0 0 0 0]
[1 1 1 0 0 0 0 0 0 1 0 1 0 0 0 0 0 0 0 0]
[0 1 1 1 1 0 0 0 0 1 0 0 0 0 0 0 0 0 0 0]
[0 1 1 1 1 1 0 0 0 0 0 0 0 0 0 0 0 0 0 0]
[0 0 0 1 1 1 1 0 0 0 0 1 0 0 0 0 0 0 0 0]
[0 0 0 1 1 1 1 0 0 0 0 0 0 0 0 0 0 0 0 1]
[0 0 0 0 0 0 1 1 0 0 0 0 0 0 0 1 0 1 1 0]
[1 0 1 1 0 0 0 0 0 0 0 0 0 0 0 0 1 0 1 0]
[0 0 0 0 0 1 0 0 1 0 0 0 0 0 0 0 1 1 0 1]
[0 0 0 0 0 0 0 1 1 0 1 0 0 0 0 0 0 1 1 0]
[0 0 0 0 0 0 1 0 0 0 0 0 1 0 0 0 0 1 1 1]
[0 0 0 0 0 0 0 0 0 1 1 1 1 1 0 0 0 0 0 0]
[0 0 0 0 0 0 0 0 0 0 1 1 1 1 1 0 0 0 0 0]
[0 0 0 0 0 0 0 0 0 1 0 0 1 1 1 1 0 0 0 0]
[0 0 0 0 0 0 0 0 0 0 1 0 0 0 1 1 1 0 0 1]
[0 0 0 0 0 0 0 0 0 0 0 1 0 0 1 1 1 1 0 0]
[0 0 0 0 0 0 0 0 0 0 0 0 1 0 1 1 1 0 1 0]
[2026-02-26 12:58:27] INFO: Found Hamiltonian antidirected path
