[2026-02-26 12:58:33] INFO: Logger initialized at log/log48959.log
[2026-02-26 12:58:33] INFO: Test 849th graph in data/list_1662_graphs.g6: QtaLw?@?YBgNO[O[gPxw?N?C{?W
[2026-02-26 12:58:33] INFO: Orientation of QtaLw?@?YBgNO[O[gPxw?N?C{?W with min semidegree 3:
[0 1 1 0 0 0 1 0 0 0 0 0 0 0 0 0 0 0]
[0 0 0 0 0 0 0 0 0 0 1 1 0 0 1 0 0 0]
[0 0 0 0 0 0 0 0 0 0 0 0 0 0 0 1 1 1]
[1 0 1 0 0 0 0 0 0 0 0 0 0 0 0 0 1 0]
[1 0 0 0 0 0 1 0 0 0 0 0 0 0 0 0 0 1]
[1 0 0 0 1 0 0 0 0 0 0 0 0 0 0 0 0 1]
[0 0 1 1 0 1 0 0 0 0 0 0 0 0 0 0 0 0]
[0 0 0 0 0 0 0 0 0 0 0 1 1 1 0 0 0 0]
[0 0 0 0 0 0 0 1 0 0 1 0 0 1 0 0 0 0]
[0 0 0 0 0 0 0 1 1 0 0 1 0 0 0 0 0 0]
[0 0 0 0 0 0 0 1 0 1 0 0 0 0 1 0 0 0]
[0 0 0 0 0 0 0 0 1 0 1 0 0 0 1 0 0 0]
[0 1 0 0 0 0 0 0 1 1 0 0 0 0 0 0 0 0]
[0 1 0 0 0 0 0 0 0 1 0 0 1 0 0 0 0 0]
[0 0 0 0 0 0 1 0 0 0 0 0 1 1 0 0 0 0]
[0 0 0 1 1 1 0 0 0 0 0 0 0 0 0 0 0 0]
[0 0 0 0 1 1 0 0 0 0 0 0 0 0 0 1 0 0]
[0 0 0 1 0 0 0 0 0 0 0 0 0 0 0 1 1 0]
[2026-02-26 12:58:33] INFO: Found Hamiltonian antidirected path
