[2026-02-26 12:58:28] INFO: Logger initialized at log/log47670.log
[2026-02-26 12:58:29] INFO: Test 814th graph in data/list_1662_graphs.g6: S~v~~zf}U[VO^OFoCXg@~?N{?~w@~w@~{
[2026-02-26 12:58:29] INFO: Orientation of S~v~~zf}U[VO^OFoCXg@~?N{?~w@~w@~{ with min semidegree 5:
[0 0 0 0 0 0 1 1 1 1 1 0 0 0 0 0 0 0 0 0]
[1 0 0 0 0 0 1 1 1 1 0 0 0 0 0 0 0 0 0 0]
[1 1 0 0 0 0 1 0 1 0 0 1 0 0 1 0 0 0 0 0]
[1 1 1 0 0 0 0 0 0 0 0 1 1 1 0 0 0 0 0 0]
[1 1 0 1 0 0 0 0 0 0 0 1 1 0 0 0 0 0 0 0]
[1 1 1 1 1 0 0 0 0 0 0 0 0 0 0 0 0 0 0 0]
[0 0 0 1 1 1 0 0 1 0 0 1 0 0 0 0 0 0 0 0]
[0 0 1 1 1 1 0 0 1 0 0 0 0 0 0 0 0 0 0 0]
[0 0 0 0 0 1 0 0 0 0 0 0 0 0 0 1 1 1 1 1]
[0 0 1 1 1 0 0 1 0 0 0 0 0 0 0 0 0 1 0 0]
[0 1 0 0 1 1 1 0 0 0 0 0 0 0 0 0 1 0 0 0]
[1 0 0 0 0 0 0 0 0 0 0 0 0 0 0 1 0 1 1 1]
[0 1 1 0 0 1 0 1 0 0 0 0 0 0 0 0 0 0 1 0]
[0 0 0 0 1 1 1 1 0 0 0 0 0 0 0 0 0 0 1 1]
[0 0 0 0 0 0 1 1 0 0 1 1 0 1 0 0 0 0 0 1]
[0 0 0 0 0 0 0 0 0 1 1 0 1 1 1 0 0 0 0 1]
[0 0 0 0 0 0 0 0 0 1 0 1 1 1 1 1 0 0 0 0]
[0 0 0 0 0 0 0 0 0 0 1 0 1 1 1 1 1 0 0 0]
[0 0 0 0 0 0 0 0 0 1 1 0 0 0 1 1 1 1 0 0]
[0 0 0 0 0 0 0 0 0 1 1 0 1 0 0 0 1 1 1 0]
[2026-02-26 12:58:29] INFO: Found Hamiltonian antidirected path
