[2026-02-26 12:58:31] INFO: Logger initialized at log/log48369.log
[2026-02-26 12:58:31] INFO: Test 834th graph in data/list_1662_graphs.g6: O~zmumyl[^nS\TRrdfwf~
[2026-02-26 12:58:31] INFO: Orientation of O~zmumyl[^nS\TRrdfwf~ with min semidegree 5:
[0 0 0 0 1 1 0 1 0 1 1 0 0 0 0 0]
[1 0 1 0 0 0 0 0 0 0 0 1 1 1 0 0]
[1 0 0 0 0 0 0 0 1 1 0 0 1 0 1 0]
[1 1 1 0 0 0 0 0 1 0 0 0 0 0 0 1]
[0 1 1 0 0 0 0 0 0 0 1 0 0 1 1 0]
[0 1 1 0 1 0 0 0 0 0 0 0 0 1 1 0]
[1 1 0 1 1 0 0 0 0 0 0 0 0 0 0 1]
[0 1 0 1 0 1 1 0 0 0 0 0 0 0 0 1]
[1 0 0 0 1 0 1 0 0 0 0 0 0 0 1 1]
[0 0 0 1 0 1 0 1 1 0 0 0 0 0 0 1]
[0 0 0 0 0 1 1 1 1 1 0 0 0 0 0 0]
[0 0 1 1 1 0 1 0 1 0 0 0 0 0 0 0]
[0 0 0 1 0 1 0 1 0 1 0 1 0 0 0 0]
[0 0 0 0 0 0 1 1 0 0 1 1 1 0 0 0]
[0 0 0 0 0 0 0 0 0 1 1 1 1 1 0 0]
[0 0 0 0 0 0 0 0 0 0 1 1 1 1 1 0]
[2026-02-26 12:58:31] INFO: Found Hamiltonian antidirected path
