[2026-02-26 12:58:21] INFO: Logger initialized at log/log45520.log
[2026-02-26 12:58:21] INFO: Test 758th graph in data/list_1662_graphs.g6: Qt~~w?@?G@?F?R?V_MY?{OUGp_W
[2026-02-26 12:58:21] INFO: Orientation of Qt~~w?@?G@?F?R?V_MY?{OUGp_W with min semidegree 3:
[0 0 0 0 1 1 1 0 0 0 0 0 0 0 0 0 0 0]
[1 0 0 0 0 1 0 0 0 0 0 0 0 0 0 0 1 0]
[1 0 0 0 0 0 1 0 0 0 0 0 0 0 0 0 0 1]
[1 0 1 0 0 0 1 0 0 0 0 0 0 0 0 0 0 0]
[0 1 1 1 0 0 0 0 0 0 0 0 0 0 0 0 0 0]
[0 0 1 1 1 0 0 0 0 0 0 0 0 0 0 0 0 0]
[0 1 0 0 1 1 0 0 0 0 0 0 0 0 0 0 0 0]
[0 0 0 0 0 0 0 0 0 0 0 0 0 1 0 0 1 1]
[0 0 0 0 0 0 0 1 0 0 0 0 0 0 1 0 0 1]
[0 0 0 0 0 0 0 0 1 0 0 0 0 1 1 0 0 0]
[0 0 0 0 0 0 0 0 1 0 0 1 0 0 0 1 0 0]
[0 0 0 0 0 0 0 0 1 1 0 0 0 0 0 1 0 0]
[0 0 0 0 0 0 0 1 0 0 1 1 0 0 0 0 0 0]
[0 0 0 0 0 0 0 0 0 0 1 1 1 0 0 0 0 0]
[0 0 0 0 0 0 0 1 0 0 0 0 1 1 0 0 0 0]
[0 1 0 0 0 0 0 0 0 1 0 0 1 0 0 0 0 0]
[0 0 0 0 0 0 0 0 0 1 1 0 0 0 1 0 0 0]
[0 0 0 1 0 0 0 0 0 0 0 0 0 0 0 1 1 0]
[2026-02-26 12:58:21] INFO: Found Hamiltonian antidirected path
