[2026-02-26 12:58:22] INFO: Logger initialized at log/log45872.log
[2026-02-26 12:58:22] INFO: Test 766th graph in data/list_1662_graphs.g6: Ose[|[OWJ@kFWZWVBuI|C
[2026-02-26 12:58:22] INFO: Orientation of Ose[|[OWJ@kFWZWVBuI|C with min semidegree 3:
[0 1 0 0 0 0 1 1 0 0 0 0 0 0 0 0]
[0 0 0 0 0 0 0 0 0 0 0 1 1 1 0 1]
[1 0 0 0 0 0 0 0 0 0 0 0 1 1 0 0]
[1 0 0 0 0 0 0 0 0 0 0 0 0 0 1 1]
[1 0 0 1 0 0 0 0 0 0 0 0 0 0 1 0]
[1 0 0 1 1 0 0 0 0 0 0 0 0 0 0 0]
[0 0 0 1 1 1 0 0 0 0 0 0 0 0 0 0]
[0 0 1 0 1 1 1 0 0 0 0 0 0 0 0 0]
[0 0 0 1 0 0 0 0 0 0 0 0 0 0 1 1]
[0 1 1 0 0 0 0 0 1 0 0 0 0 0 0 0]
[0 1 1 0 0 0 0 0 1 1 0 0 0 0 0 0]
[0 0 1 0 0 0 0 0 1 1 1 0 0 0 0 0]
[0 0 0 0 0 0 0 1 1 0 1 1 0 0 0 0]
[0 0 0 0 0 0 0 1 0 1 1 1 0 0 0 0]
[0 0 0 0 0 1 1 0 0 1 0 0 0 1 0 0]
[0 0 0 0 1 1 1 0 0 0 0 0 1 0 0 0]
[2026-02-26 12:58:22] INFO: Found Hamiltonian antidirected path
