[2026-02-26 12:58:29] INFO: Logger initialized at log/log47630.log
[2026-02-26 12:58:29] INFO: Test 812th graph in data/list_1662_graphs.g6: O~~{vNfvds{\\~J~J^gz~
[2026-02-26 12:58:29] INFO: Orientation of O~~{vNfvds{\\~J~J^gz~ with min semidegree 5:
[0 0 0 1 1 1 1 0 0 0 0 1 0 0 0 0]
[1 0 0 0 1 0 0 1 0 0 0 0 1 0 1 0]
[1 1 0 0 0 0 0 0 1 0 0 0 1 1 0 0]
[0 1 1 0 0 0 0 0 0 0 0 0 1 0 1 1]
[0 0 1 1 0 0 0 0 0 0 0 0 0 1 1 1]
[0 1 1 1 1 0 0 0 0 0 0 0 0 0 0 1]
[0 0 0 1 1 0 0 0 0 0 0 0 1 1 1 0]
[1 0 1 0 0 1 1 0 0 0 0 0 0 0 0 1]
[1 1 0 0 0 1 1 1 0 0 0 0 0 0 0 1]
[1 1 0 1 1 1 1 0 0 0 0 0 0 0 0 0]
[1 0 1 1 1 0 1 0 0 1 0 0 0 0 0 0]
[0 1 1 0 0 0 1 1 1 0 1 0 0 0 0 0]
[0 0 0 0 0 1 0 1 1 1 1 1 0 0 0 0]
[0 0 0 0 0 1 0 1 1 1 1 1 0 0 0 0]
[0 0 0 0 0 0 0 1 1 1 1 1 0 1 0 0]
[0 0 0 0 0 0 0 0 0 1 1 1 1 1 1 0]
[2026-02-26 12:58:29] INFO: Found Hamiltonian antidirected path
