[2026-02-26 12:58:29] INFO: Logger initialized at log/log47736.log
[2026-02-26 12:58:29] INFO: Test 815th graph in data/list_1662_graphs.g6: U~~~~zz}SL{oTKMP@YGNA?Mk?]w?^w?^{?N~?B~w
[2026-02-26 12:58:29] INFO: Orientation of U~~~~zz}SL{oTKMP@YGNA?Mk?]w?^w?^{?N~?B~w with min semidegree 5:
[0 0 0 0 0 0 1 1 1 1 1 0 0 0 0 0 0 0 0 0 0 0]
[1 0 0 0 0 0 1 0 1 0 0 1 1 0 0 0 0 0 0 0 0 0]
[1 1 0 0 0 0 1 0 0 0 0 1 0 1 0 0 0 0 0 0 0 0]
[1 1 1 0 1 0 0 0 0 0 0 0 0 1 0 0 0 0 0 0 0 0]
[1 1 1 0 0 0 0 0 0 0 0 0 0 1 1 0 0 0 0 0 0 0]
[1 1 1 1 1 0 0 0 0 0 0 0 0 0 0 0 0 0 0 0 0 0]
[0 0 0 1 1 1 0 0 0 0 0 1 0 0 0 1 0 0 0 0 0 0]
[0 1 1 1 1 1 0 0 0 0 0 0 0 0 0 0 0 0 0 0 0 0]
[0 0 1 1 1 0 1 1 0 0 0 0 0 0 0 0 0 0 0 0 0 0]
[0 1 1 1 1 0 0 1 0 0 0 0 0 0 0 0 0 0 0 0 0 0]
[0 0 0 0 0 1 1 0 1 1 0 0 0 0 0 0 0 1 0 0 0 1]
[1 0 0 0 0 1 0 0 0 0 0 0 0 0 0 0 0 0 1 1 1 1]
[0 0 0 1 0 1 0 0 1 1 0 0 0 0 0 0 0 0 1 0 0 0]
[0 0 0 0 0 0 0 1 0 0 0 1 0 0 0 0 0 0 1 1 1 1]
[0 0 0 0 0 0 1 1 0 1 0 0 0 1 0 0 0 0 0 1 1 0]
[0 0 0 0 0 1 0 1 1 0 0 0 0 1 0 0 0 0 0 0 1 1]
[0 0 0 0 0 0 0 0 1 1 1 0 1 0 1 1 0 0 0 0 0 0]
[0 0 0 0 0 0 0 0 0 1 0 1 1 0 1 1 1 0 0 0 0 0]
[0 0 0 0 0 0 0 0 0 0 1 0 0 0 1 1 1 1 0 0 0 1]
[0 0 0 0 0 0 0 0 0 0 1 0 1 0 0 1 1 1 1 0 0 0]
[0 0 0 0 0 0 0 0 0 0 1 0 1 0 0 0 1 1 1 1 0 0]
[0 0 0 0 0 0 0 0 0 0 0 0 1 0 1 0 1 1 0 1 1 0]
[2026-02-26 12:58:29] INFO: Found Hamiltonian antidirected path
