[2026-02-26 12:58:31] INFO: Logger initialized at log/log48262.log
[2026-02-26 12:58:31] INFO: Test 829th graph in data/list_1662_graphs.g6: S~zmtvUl[UOe]p\MbFiS|IZlDlhKzgm[{
[2026-02-26 12:58:31] INFO: Orientation of S~zmtvUl[UOe]p\MbFiS|IZlDlhKzgm[{ with min semidegree 5:
[0 1 0 0 0 1 1 1 0 1 0 0 0 0 0 0 0 0 0 0]
[0 0 0 0 0 1 0 0 0 0 0 0 1 1 0 1 0 1 0 0]
[1 1 0 0 0 0 0 0 0 0 0 0 0 1 0 0 1 0 1 0]
[1 1 1 0 0 0 0 0 0 0 0 0 0 0 1 0 0 0 0 1]
[1 1 1 0 0 0 0 0 0 0 0 0 0 0 0 1 1 0 0 0]
[0 0 1 0 1 0 0 0 0 0 0 0 0 0 0 0 0 1 1 1]
[0 1 0 1 1 0 0 0 0 0 0 0 0 0 0 0 0 0 1 1]
[0 0 1 1 1 0 1 0 0 0 0 0 0 0 0 0 0 0 0 1]
[1 1 0 1 0 1 1 0 0 0 0 0 0 0 0 0 0 0 0 0]
[0 0 1 1 0 1 0 1 1 0 0 0 0 0 0 0 0 0 1 0]
[1 0 0 0 1 0 1 1 0 0 0 0 0 0 0 0 1 0 0 1]
[1 0 0 0 0 1 0 0 1 1 0 0 0 0 0 0 0 1 0 0]
[0 0 1 1 1 0 1 1 0 0 0 1 0 0 0 0 0 0 0 0]
[0 0 0 1 0 1 0 0 1 1 1 0 1 0 0 0 0 0 0 0]
[0 0 0 0 1 0 0 0 1 1 1 1 0 1 0 0 0 0 0 0]
[0 0 0 0 0 0 1 0 0 1 1 1 1 0 1 0 0 0 0 0]
[0 0 0 0 0 0 0 1 1 0 0 1 1 0 1 1 0 0 0 0]
[0 0 0 0 0 0 0 1 1 0 1 0 0 1 1 0 1 0 0 0]
[0 0 0 0 0 0 0 0 0 0 1 1 0 1 1 1 0 1 0 0]
[0 0 0 0 0 0 0 0 0 0 0 1 1 0 0 1 1 1 1 0]
[2026-02-26 12:58:31] INFO: Found Hamiltonian antidirected path
