[2026-02-26 12:58:23] INFO: Logger initialized at log/log45945.log
[2026-02-26 12:58:23] INFO: Test 767th graph in data/list_1662_graphs.g6: Qun~~{??G@_F?J?Ng@x?fILdOwo
[2026-02-26 12:58:23] INFO: Orientation of Qun~~{??G@_F?J?Ng@x?fILdOwo with min semidegree 3:
[0 0 0 0 0 1 1 1 0 0 0 0 0 0 0 0 0 0]
[1 0 0 0 0 0 1 1 0 0 0 0 0 0 0 0 0 1]
[1 0 0 0 0 0 0 1 0 0 0 0 0 0 0 0 1 0]
[1 1 0 0 0 0 0 0 0 0 0 0 0 0 0 0 0 1]
[1 0 1 1 0 0 0 0 0 0 0 0 0 0 0 0 0 0]
[0 1 1 1 1 0 0 0 0 0 0 0 0 0 0 0 0 0]
[0 0 1 1 1 1 0 0 0 0 0 0 0 0 0 0 0 0]
[0 0 0 1 1 1 1 0 0 0 0 0 0 0 0 0 0 0]
[0 0 0 0 0 0 0 0 0 0 0 0 0 1 0 0 1 1]
[0 0 0 0 0 0 0 0 1 0 0 0 0 0 0 1 1 0]
[0 0 0 0 0 0 0 0 1 1 0 0 0 0 1 0 0 0]
[0 0 0 0 0 0 0 0 1 1 1 0 0 0 0 0 0 0]
[0 0 0 0 0 0 0 0 1 0 1 1 0 0 0 0 0 0]
[0 0 0 0 0 0 0 0 0 1 1 1 1 0 0 0 0 0]
[0 1 0 0 0 0 0 0 0 0 0 1 1 1 0 0 0 0]
[0 0 1 0 0 0 0 0 0 0 0 0 1 1 1 0 0 0]
[0 0 0 0 1 0 0 0 0 0 0 1 1 0 0 1 0 0]
[0 0 0 0 0 0 0 0 0 1 1 0 0 0 1 1 0 0]
[2026-02-26 12:58:23] INFO: Found Hamiltonian antidirected path
