[2026-02-26 12:58:33] INFO: Logger initialized at log/log48842.log
[2026-02-26 12:58:33] INFO: Test 844th graph in data/list_1662_graphs.g6: Otm|w???IBgNO]O\GMX}?
[2026-02-26 12:58:33] INFO: Orientation of Otm|w???IBgNO]O\GMX}? with min semidegree 3:
[0 1 0 0 0 1 1 0 0 0 0 0 0 0 0 0]
[0 0 0 0 0 0 0 0 0 0 1 1 0 0 1 0]
[1 0 0 0 0 0 1 0 0 0 0 0 0 0 0 1]
[1 0 1 0 0 0 0 0 0 0 0 0 0 0 0 1]
[1 0 1 1 0 0 0 0 0 0 0 0 0 0 0 0]
[0 0 1 1 1 0 0 0 0 0 0 0 0 0 0 0]
[0 0 0 1 1 1 0 0 0 0 0 0 0 0 0 0]
[0 0 0 0 0 0 0 0 0 0 0 0 1 1 0 1]
[0 0 0 0 0 0 0 0 0 0 0 0 1 1 1 0]
[0 0 0 0 0 0 0 0 1 0 0 1 0 0 1 0]
[0 0 0 0 0 0 0 1 1 1 0 0 0 0 0 0]
[0 0 0 0 0 0 0 1 1 0 1 0 0 0 0 0]
[0 1 0 0 0 0 0 0 0 1 1 0 0 0 0 0]
[0 1 0 0 0 0 0 0 0 1 0 1 0 0 0 0]
[0 0 0 0 0 0 0 1 0 0 0 0 1 1 0 0]
[0 0 0 0 1 1 1 0 0 0 0 0 0 0 0 0]
[2026-02-26 12:58:33] INFO: Found Hamiltonian antidirected path
