[2026-02-26 12:58:30] INFO: Logger initialized at log/log48037.log
[2026-02-26 12:58:30] INFO: Test 823th graph in data/list_1662_graphs.g6: S`?GO[NBo\_~~`~`^of{G{]rpzFbpfbp_
[2026-02-26 12:58:30] INFO: Orientation of S`?GO[NBo\_~~`~`^of{G{]rpzFbpfbp_ with min semidegree 4:
[0 0 0 0 0 0 0 0 0 0 0 0 0 0 0 0 1 1 1 1]
[1 0 0 0 0 0 0 0 0 0 0 0 0 0 0 0 1 1 1 1]
[0 0 0 0 0 0 0 0 0 0 0 0 0 0 0 0 1 1 1 1]
[0 0 1 0 0 0 0 0 0 0 0 0 0 0 0 0 1 1 1 0]
[0 0 0 0 0 0 0 0 0 0 0 0 1 1 1 1 0 0 0 0]
[0 0 0 0 1 0 0 0 0 0 0 0 1 1 1 0 0 0 0 0]
[0 0 0 0 1 0 0 0 0 0 1 1 0 0 0 1 0 0 0 0]
[0 0 0 0 1 1 1 0 0 0 0 0 0 0 0 0 0 0 0 1]
[0 0 0 0 1 1 1 1 0 0 0 0 0 0 0 0 0 0 0 0]
[0 0 0 0 1 1 1 1 0 0 0 0 0 0 0 0 0 0 0 0]
[0 0 0 0 1 1 0 0 1 1 0 0 0 0 0 0 0 0 0 0]
[0 0 0 0 0 1 0 1 1 1 1 0 0 0 0 0 0 0 0 0]
[1 1 1 1 0 0 1 0 0 0 0 1 0 0 0 0 0 0 0 0]
[1 1 1 1 0 0 1 0 0 0 0 1 0 0 0 0 0 0 0 0]
[1 1 1 1 0 0 1 0 0 0 0 1 0 0 0 0 0 0 0 0]
[1 1 1 1 0 1 0 0 0 0 0 1 0 0 0 0 0 0 0 0]
[0 0 0 0 0 0 0 1 1 1 1 0 1 1 0 0 0 0 0 0]
[0 0 0 0 0 0 0 1 1 1 1 0 1 1 0 0 0 0 0 0]
[0 0 0 0 0 0 0 1 1 1 1 0 0 0 1 1 0 0 0 0]
[0 0 0 1 0 0 0 0 1 1 1 0 0 0 1 1 0 0 0 0]
[2026-02-26 12:58:30] INFO: Found Hamiltonian antidirected path
