[2026-02-26 12:59:12] INFO: Logger initialized at log/log60377.log
[2026-02-26 12:59:13] INFO: Test 1159th graph in data/list_1662_graphs.g6: R`Kx}?@?WB_No?o?w?W@~?N{~~f|~?
[2026-02-26 12:59:13] INFO: Orientation of R`Kx}?@?WB_No?o?w?W@~?N{~~f|~? with min semidegree 3:
[0 0 0 0 0 0 0 0 0 0 0 0 1 0 1 0 0 0 1]
[1 0 0 0 0 0 0 1 0 0 0 0 0 0 0 0 0 0 1]
[0 0 0 0 0 0 1 0 0 0 0 0 0 0 0 0 0 1 1]
[0 0 1 0 0 0 0 0 0 0 0 0 0 0 0 0 0 1 1]
[0 0 1 1 0 0 0 0 0 0 0 0 0 0 0 0 0 1 0]
[0 0 1 1 1 0 0 0 0 0 0 0 0 0 0 0 0 0 0]
[0 0 0 1 1 1 0 0 0 0 0 0 0 0 0 0 0 0 0]
[1 0 0 0 0 0 0 0 0 0 0 1 0 0 0 0 0 1 0]
[0 0 0 0 0 0 0 1 0 0 0 0 0 0 0 1 1 0 0]
[0 0 0 0 0 0 0 1 1 0 0 0 0 0 0 0 1 0 0]
[0 0 0 0 0 0 0 1 1 1 0 0 0 0 0 0 0 0 0]
[0 0 0 0 0 0 0 0 1 1 1 0 0 0 0 0 0 0 0]
[0 1 0 0 0 0 0 0 0 0 0 0 0 0 0 1 1 0 0]
[1 1 0 0 0 0 0 0 0 0 0 0 1 0 0 0 0 0 0]
[0 1 0 0 0 0 0 0 0 0 0 0 1 1 0 0 0 0 0]
[0 0 0 0 0 0 0 0 0 1 1 1 0 1 1 0 0 0 0]
[0 0 0 0 0 0 0 0 0 0 1 1 0 1 1 1 0 0 0]
[0 0 0 0 0 1 1 0 1 1 1 1 1 1 1 0 0 0 0]
[0 0 0 0 1 1 1 0 1 1 1 1 1 1 1 0 0 0 0]
[2026-02-26 12:59:13] INFO: Found Hamiltonian antidirected path
