[2026-02-26 12:59:40] INFO: Logger initialized at log/log67262.log
[2026-02-26 12:59:40] INFO: Test 1343th graph in data/list_1662_graphs.g6: O~y~U}}t~y]UB~Yzffym~
[2026-02-26 12:59:40] INFO: Orientation of O~y~U}}t~y]UB~Yzffym~ with min semidegree 5:
[0 0 0 0 1 1 0 0 0 1 1 1 0 0 0 0]
[1 0 0 0 0 0 0 1 0 1 0 0 0 1 0 1]
[1 1 0 0 0 0 0 0 1 0 0 0 0 1 1 0]
[1 1 1 0 0 0 0 0 0 0 0 0 0 0 1 1]
[0 1 1 0 0 0 0 0 0 0 0 0 1 1 1 0]
[0 0 1 1 1 0 0 0 0 0 0 0 1 0 1 0]
[1 1 1 0 1 0 0 0 0 0 0 0 0 0 0 1]
[1 0 0 1 1 1 1 0 0 0 0 0 0 0 0 1]
[1 0 0 1 1 1 1 0 0 0 0 0 0 0 0 0]
[0 0 0 1 0 1 1 1 1 0 0 0 0 0 0 1]
[0 1 1 1 1 1 0 1 0 0 0 0 0 0 0 0]
[0 1 1 1 0 0 1 0 1 1 0 0 0 0 0 0]
[0 0 0 0 0 0 1 1 1 1 1 1 0 0 0 0]
[0 0 0 0 0 0 1 1 1 0 1 1 1 0 0 0]
[0 0 0 0 0 0 0 0 1 1 1 1 1 1 0 0]
[0 0 0 0 0 1 0 0 0 0 1 1 1 1 1 0]
[2026-02-26 12:59:40] INFO: Found Hamiltonian antidirected path
