[2026-02-26 12:59:13] INFO: Logger initialized at log/log60484.log
[2026-02-26 12:59:13] INFO: Test 1163th graph in data/list_1662_graphs.g6: R~{?G?@?WB_o@`@`_~?B}?^v}?~oNo
[2026-02-26 12:59:13] INFO: Orientation of R~{?G?@?WB_o@`@`_~?B}?^v}?~oNo with min semidegree 3:
[0 0 0 0 1 0 0 0 0 0 0 0 0 0 0 0 0 1 1]
[1 0 0 0 0 0 0 0 0 0 0 0 0 0 0 0 0 1 1]
[1 1 0 0 0 0 0 0 0 0 0 0 0 0 0 0 0 1 0]
[1 1 1 0 0 0 0 0 0 0 0 0 0 0 0 0 0 0 0]
[0 1 1 1 0 0 0 0 0 0 0 0 0 0 0 0 0 0 0]
[0 0 0 0 0 0 0 0 0 0 0 0 0 1 1 0 0 1 0]
[0 0 0 0 0 1 0 0 0 0 0 0 0 0 1 0 0 1 0]
[0 0 0 0 0 0 0 0 0 0 0 0 0 0 1 1 1 0 0]
[0 0 0 0 0 0 0 1 0 0 0 0 0 0 0 1 1 0 0]
[0 0 0 0 0 0 0 1 1 0 0 0 0 0 0 0 1 0 0]
[0 0 0 0 0 0 0 1 1 1 0 0 0 0 0 0 0 0 0]
[0 0 0 0 0 1 1 0 0 0 0 0 0 0 0 0 0 0 1]
[0 0 0 0 0 1 1 0 0 0 0 1 0 0 0 0 0 0 0]
[0 0 0 0 0 0 1 0 0 0 0 1 1 0 0 0 0 0 0]
[0 0 0 0 0 0 0 0 1 1 1 0 0 0 0 0 0 0 0]
[0 0 0 0 0 0 0 0 0 1 1 1 1 1 0 0 0 0 0]
[0 0 0 0 0 0 0 0 0 0 1 1 1 1 0 1 0 0 0]
[0 0 0 1 1 0 0 0 0 0 0 0 0 0 1 1 1 0 0]
[0 0 1 1 1 0 0 0 0 0 0 0 1 1 1 1 1 0 0]
[2026-02-26 12:59:13] INFO: Found Hamiltonian antidirected path
