[2026-02-26 12:59:12] INFO: Logger initialized at log/log60301.log
[2026-02-26 12:59:12] INFO: Test 1156th graph in data/list_1662_graphs.g6: O~?GW[??G@_F~o{N`~~~w
[2026-02-26 12:59:12] INFO: Orientation of O~?GW[??G@_F~o{N`~~~w with min semidegree 3:
[0 0 0 0 0 0 0 0 0 0 0 0 1 1 0 1]
[1 0 0 0 0 0 0 0 0 0 0 0 0 1 0 1]
[1 1 0 0 0 0 0 0 0 0 0 0 0 0 0 1]
[1 1 1 0 0 0 0 0 0 0 0 0 0 0 0 0]
[0 0 0 0 0 0 0 0 0 0 0 0 1 0 1 1]
[0 0 0 0 1 0 0 0 0 0 0 0 1 0 1 0]
[0 0 0 0 1 1 0 0 0 0 0 0 0 0 1 0]
[0 0 0 0 1 1 1 0 0 0 0 0 0 0 0 0]
[0 0 0 0 0 0 0 0 0 0 0 0 0 1 1 1]
[0 0 0 0 0 0 0 0 1 0 0 0 0 1 1 0]
[0 0 0 0 0 0 0 0 1 1 0 0 0 1 0 0]
[0 0 0 0 0 0 0 0 1 1 1 0 0 0 0 0]
[0 1 1 1 0 0 1 1 0 0 0 0 0 0 0 0]
[0 0 1 1 0 0 0 0 0 0 0 1 1 0 0 0]
[0 0 0 0 0 0 0 1 0 0 1 1 1 1 0 0]
[0 0 0 1 0 1 1 1 0 1 1 1 0 0 0 0]
[2026-02-26 12:59:12] INFO: Found Hamiltonian antidirected path
