[2026-02-26 12:59:44] INFO: Logger initialized at log/log68220.log
[2026-02-26 12:59:44] INFO: Test 1368th graph in data/list_1662_graphs.g6: U?FDJM]fizjnM~M~{~}~~v~}~~|~~z~~|~~~~~~w
[2026-02-26 12:59:44] INFO: Orientation of U?FDJM]fizjnM~M~{~}~~v~}~~|~~z~~|~~~~~~w with min semidegree 5:
[0 0 0 0 0 0 0 0 0 1 0 0 0 0 0 0 1 1 1 0 0 1]
[0 0 0 0 0 0 0 0 0 0 1 0 0 0 0 0 1 0 0 1 1 1]
[0 0 0 0 0 0 0 0 0 0 0 0 0 0 0 0 0 1 1 1 1 1]
[0 0 0 0 0 0 0 0 0 0 0 0 0 0 0 0 1 1 0 1 1 1]
[0 0 0 1 0 0 0 0 0 0 0 0 0 0 0 0 1 1 0 0 1 1]
[1 1 0 0 0 0 0 0 0 0 0 0 0 0 0 0 1 1 1 0 0 0]
[1 0 1 0 0 1 0 0 0 0 0 0 0 0 0 0 1 1 0 0 0 0]
[0 1 1 0 0 1 1 0 0 0 0 0 0 0 0 0 1 0 0 0 0 0]
[1 0 0 1 1 1 1 0 0 0 0 0 0 0 0 0 0 0 0 0 0 0]
[0 0 0 1 1 1 1 0 1 0 0 0 0 0 0 0 0 0 0 0 0 0]
[0 0 0 1 1 1 0 1 1 1 0 0 0 0 0 0 0 0 0 0 0 0]
[0 1 0 1 1 1 0 1 1 1 1 0 0 0 0 0 0 0 0 0 0 0]
[0 0 1 1 1 0 1 1 1 1 1 1 0 0 0 0 0 0 0 0 0 0]
[0 0 1 1 1 0 1 1 1 1 1 1 1 0 0 0 0 0 0 0 0 0]
[1 1 1 0 0 1 1 1 1 1 1 1 1 1 0 0 0 0 0 0 0 0]
[1 1 0 1 1 1 1 1 1 1 1 1 1 1 1 0 0 0 0 0 0 0]
[0 0 0 0 0 0 0 0 1 1 1 1 1 1 1 1 0 0 0 0 0 0]
[0 0 0 0 0 0 0 1 1 1 1 1 1 1 1 1 1 0 0 0 0 0]
[0 0 0 1 1 0 1 1 1 1 1 1 1 1 1 1 1 1 0 0 0 0]
[0 0 0 0 1 1 1 1 1 1 1 1 1 1 1 1 1 1 1 0 0 0]
[0 0 0 0 0 1 1 1 1 1 1 1 1 1 1 1 1 1 1 1 0 0]
[0 0 0 0 0 1 1 1 1 1 1 1 1 1 1 1 1 1 1 1 1 0]
[2026-02-26 12:59:44] INFO: Found Hamiltonian antidirected path
