[2026-02-26 12:59:21] INFO: Logger initialized at log/log62791.log
[2026-02-26 12:59:21] INFO: Test 1225th graph in data/list_1662_graphs.g6: SsaC???PIPAXGuBHEIIWLKePV_BV?@z??
[2026-02-26 12:59:21] INFO: Orientation of SsaC???PIPAXGuBHEIIWLKePV_BV?@z?? with min semidegree 3:
[0 1 1 1 0 0 0 0 0 0 0 0 0 0 0 0 0 0 0 0]
[0 0 0 0 0 0 0 0 0 0 0 0 0 0 0 1 0 1 1 0]
[0 0 0 0 0 0 0 0 0 0 0 0 1 0 0 0 1 0 1 0]
[0 0 0 0 0 0 0 0 0 0 0 0 0 0 1 0 1 1 0 0]
[1 0 0 0 0 0 0 0 0 0 0 0 0 0 0 1 0 0 0 1]
[1 0 0 0 0 0 0 0 0 0 0 0 0 0 0 1 0 0 0 1]
[1 0 0 0 0 0 0 0 0 0 0 1 0 0 0 0 1 0 0 0]
[0 0 0 0 0 0 0 0 0 0 0 0 1 0 1 0 0 0 0 1]
[0 0 0 0 0 0 0 0 0 0 0 0 0 1 0 0 0 1 1 0]
[0 1 0 0 0 1 0 0 1 0 0 0 0 0 0 0 0 0 0 0]
[0 1 0 0 1 0 0 0 1 0 0 0 0 0 0 0 0 0 0 0]
[0 0 0 1 0 0 0 1 0 0 1 0 0 0 0 0 0 0 0 0]
[0 0 0 0 0 0 1 0 0 1 1 0 0 0 0 0 0 0 0 0]
[0 0 0 0 1 1 0 0 0 0 0 1 0 0 0 0 0 0 0 0]
[0 0 1 0 0 0 0 0 0 1 0 0 0 1 0 0 0 0 0 0]
[0 0 0 0 0 0 0 0 0 0 0 1 1 0 1 0 0 0 0 0]
[0 0 0 0 0 0 0 0 0 1 1 0 0 1 0 0 0 0 0 0]
[0 0 0 0 0 1 1 1 0 0 0 0 0 0 0 0 0 0 0 0]
[0 0 0 0 1 0 1 1 0 0 0 0 0 0 0 0 0 0 0 0]
[0 0 1 1 0 0 0 0 1 0 0 0 0 0 0 0 0 0 0 0]
[2026-02-26 12:59:21] INFO: Found Hamiltonian antidirected path
