[2026-02-26 12:59:16] INFO: Logger initialized at log/log61452.log
[2026-02-26 12:59:16] INFO: Test 1188th graph in data/list_1662_graphs.g6: R~{?GK??G@_F?N@p_wwNo@}FwF~pro
[2026-02-26 12:59:16] INFO: Orientation of R~{?GK??G@_F?N@p_wwNo@}FwF~pro with min semidegree 3:
[0 0 0 0 1 0 0 0 0 0 0 0 0 0 0 0 0 1 1]
[1 0 0 0 0 0 0 0 0 0 0 0 0 0 0 0 0 1 1]
[1 1 0 0 0 0 0 0 0 0 0 0 0 0 0 0 0 1 0]
[1 1 1 0 0 0 0 0 0 0 0 0 0 0 0 0 0 0 0]
[0 1 1 1 0 0 0 0 0 0 0 0 0 0 0 0 0 0 0]
[0 0 0 0 0 0 0 0 0 0 0 0 0 1 1 0 1 0 0]
[0 0 0 0 0 1 0 0 0 0 0 0 0 1 0 0 1 0 0]
[0 0 0 0 0 1 1 0 0 0 0 0 0 0 0 0 1 0 0]
[0 0 0 0 0 0 0 0 0 0 0 0 1 0 0 0 1 0 1]
[0 0 0 0 0 0 0 0 1 0 0 0 0 0 0 1 0 0 1]
[0 0 0 0 0 0 0 0 1 1 0 0 0 0 0 0 0 0 1]
[0 0 0 0 0 0 0 0 1 1 1 0 0 0 0 0 0 0 0]
[0 0 0 0 0 0 0 0 0 1 1 1 0 0 0 0 0 0 0]
[0 0 0 0 0 0 0 1 0 0 0 1 1 0 0 0 0 0 0]
[0 0 0 0 0 0 1 1 0 0 0 1 1 1 0 0 0 0 0]
[0 0 0 0 0 1 1 1 1 0 1 0 0 0 0 0 0 0 0]
[0 0 0 0 0 0 0 0 0 1 1 0 0 0 0 1 0 0 0]
[0 0 0 1 1 0 0 0 0 0 0 1 1 1 1 1 1 0 0]
[0 0 1 1 1 0 0 0 0 0 0 0 0 1 1 1 1 0 0]
[2026-02-26 12:59:16] INFO: Found Hamiltonian antidirected path
