[2026-02-26 12:59:23] INFO: Logger initialized at log/log63431.log
[2026-02-26 12:59:23] INFO: Test 1242th graph in data/list_1662_graphs.g6: U~~~~~~~~~~}~z~v~v~z~}~~v~~^~}~~}~~~^~~w
[2026-02-26 12:59:23] INFO: Orientation of U~~~~~~~~~~}~z~v~v~z~}~~v~~^~}~~}~~~^~~w with min semidegree 10:
[0 0 0 0 0 0 1 0 0 0 0 0 1 1 1 1 1 1 1 1 1 0]
[1 0 0 0 0 0 0 1 0 0 0 0 0 1 1 1 1 1 1 1 0 1]
[1 1 0 0 0 0 0 0 1 0 0 0 0 0 1 1 1 1 1 0 1 1]
[1 1 1 0 0 0 0 0 0 1 0 0 0 0 0 1 1 1 0 1 1 1]
[1 1 1 1 0 0 0 0 0 0 1 0 0 0 0 0 1 0 1 1 1 1]
[1 1 1 1 1 0 0 0 0 0 0 0 0 0 0 0 0 1 1 1 1 1]
[0 1 1 1 1 1 0 0 0 0 0 0 0 0 0 0 0 1 1 1 1 1]
[1 0 1 1 1 1 1 0 0 0 0 0 0 0 0 0 0 0 1 1 1 1]
[1 1 0 1 1 1 1 1 0 0 0 0 0 0 0 0 0 0 0 1 1 1]
[1 1 1 0 1 1 1 1 1 0 0 0 0 0 0 0 0 0 0 0 1 1]
[1 1 1 1 0 1 1 1 1 1 0 0 0 0 0 0 0 0 0 0 0 1]
[1 1 1 1 1 1 1 1 1 1 0 0 0 0 0 0 0 0 0 0 0 0]
[0 1 1 1 1 1 1 1 1 0 1 1 0 0 0 0 0 0 0 0 0 0]
[0 0 1 1 1 1 1 1 0 1 1 1 1 0 0 0 0 0 0 0 0 0]
[0 0 0 1 1 1 1 0 1 1 1 1 1 1 0 0 0 0 0 0 0 0]
[0 0 0 0 1 1 0 1 1 1 1 1 1 1 1 0 0 0 0 0 0 0]
[0 0 0 0 0 0 1 1 1 1 1 1 1 1 1 1 0 0 0 0 0 0]
[0 0 0 0 0 0 0 1 1 1 1 1 1 1 1 1 1 0 0 0 0 0]
[0 0 0 0 0 0 0 0 1 1 1 1 1 1 1 1 1 1 0 0 0 0]
[0 0 0 0 0 0 0 0 0 1 1 1 1 1 1 1 1 1 1 0 0 0]
[0 0 0 0 0 0 0 0 0 0 1 1 1 1 1 1 1 1 1 1 0 0]
[0 0 0 0 0 0 0 0 0 0 0 1 1 1 1 1 1 1 1 1 1 0]
[2026-02-26 12:59:23] INFO: Found Hamiltonian antidirected path
