[2026-02-26 12:59:46] INFO: Logger initialized at log/log68609.log
[2026-02-26 12:59:46] INFO: Test 1377th graph in data/list_1662_graphs.g6: U???CIC`AbDFIUIWIEYaiweRaaVEH?{qG]aQFpI?
[2026-02-26 12:59:46] INFO: Orientation of U???CIC`AbDFIUIWIEYaiweRaaVEH?{qG]aQFpI? with min semidegree 3:
[0 0 0 0 0 0 0 0 0 0 0 0 0 0 0 0 1 1 1 0 0 0]
[0 0 0 0 0 0 0 0 0 0 0 0 0 0 0 0 1 1 1 0 0 0]
[0 0 0 0 0 0 0 0 0 0 0 0 0 0 0 0 1 1 1 0 0 0]
[0 0 0 0 0 0 0 0 0 0 0 0 0 0 0 0 0 0 0 1 1 1]
[0 0 0 0 0 0 0 0 0 0 0 0 0 0 0 0 0 0 0 1 1 1]
[0 0 0 0 0 0 0 0 0 0 0 0 0 0 0 0 0 0 0 1 1 1]
[0 0 0 0 0 0 0 0 0 0 0 0 0 0 0 0 1 1 1 0 0 0]
[1 0 0 0 0 1 0 0 0 0 0 0 0 0 0 1 0 0 0 0 0 0]
[1 0 0 0 0 1 0 0 0 0 0 0 0 0 1 0 0 0 0 0 0 0]
[1 0 0 0 0 1 0 0 0 0 0 0 0 0 0 0 0 0 0 1 0 0]
[0 1 0 1 0 0 0 1 1 0 0 0 0 0 0 0 0 0 0 0 0 0]
[0 0 1 0 1 0 0 0 1 1 1 0 0 0 0 0 0 0 0 0 0 0]
[0 0 1 0 1 0 0 1 0 1 1 0 0 0 0 0 0 0 0 0 0 0]
[0 0 1 0 1 0 0 1 1 0 0 0 0 0 0 0 0 0 0 0 0 0]
[0 1 0 1 0 0 0 0 0 1 0 0 1 1 0 0 0 0 0 0 0 0]
[0 1 0 1 0 0 0 0 0 1 0 1 0 1 0 0 0 0 0 0 0 0]
[0 0 0 0 0 0 0 0 0 1 1 0 0 1 0 0 0 0 0 0 0 0]
[0 0 0 0 0 0 0 0 1 0 0 0 1 0 0 1 0 0 0 0 0 0]
[0 0 0 0 0 0 0 1 0 0 0 1 0 0 1 0 0 0 0 0 0 0]
[0 0 0 0 0 0 1 0 0 0 1 0 0 1 0 0 0 1 0 0 0 0]
[0 0 0 0 0 0 1 0 1 0 0 0 1 0 0 1 0 0 1 0 0 0]
[0 0 0 0 0 0 1 1 0 0 0 1 0 0 1 0 1 0 0 0 0 0]
[2026-02-26 12:59:46] INFO: Found Hamiltonian antidirected path
