[2026-02-26 12:59:19] INFO: Logger initialized at log/log62409.log
[2026-02-26 12:59:19] INFO: Test 1213th graph in data/list_1662_graphs.g6: QsaCCA?_B~n}^{^{N}B~_^{@~o?
[2026-02-26 12:59:19] INFO: Orientation of QsaCCA?_B~n}^{^{N}B~_^{@~o? with min semidegree 4:
[0 1 1 1 1 0 0 0 0 0 0 0 0 0 0 0 0 0]
[0 0 0 0 0 0 0 0 0 0 1 0 0 0 1 1 1 1]
[0 0 0 0 0 0 0 0 0 0 1 0 0 0 1 1 1 1]
[0 0 0 0 0 0 0 0 0 0 1 0 0 0 1 1 1 1]
[0 0 0 0 0 0 0 0 0 0 1 1 0 0 0 0 1 1]
[1 0 0 0 0 0 0 0 0 0 0 1 1 1 0 0 0 0]
[1 0 0 0 0 0 0 0 0 0 0 1 1 1 0 0 0 0]
[1 0 0 0 0 0 0 0 0 0 0 1 1 1 0 0 0 0]
[1 0 0 0 0 0 0 0 0 0 0 1 1 1 0 0 0 0]
[1 0 0 0 0 0 0 0 0 0 0 0 0 0 1 1 1 0]
[0 0 0 0 0 1 1 1 1 1 0 0 0 0 0 0 0 0]
[0 1 1 1 0 0 0 0 0 1 0 0 0 0 0 0 0 0]
[0 1 1 1 1 0 0 0 0 1 0 0 0 0 0 0 0 0]
[0 1 1 1 1 0 0 0 0 1 0 0 0 0 0 0 0 0]
[0 0 0 0 1 1 1 1 1 0 0 0 0 0 0 0 0 0]
[0 0 0 0 1 1 1 1 1 0 0 0 0 0 0 0 0 0]
[0 0 0 0 0 1 1 1 1 0 0 0 0 0 0 0 0 0]
[0 0 0 0 0 1 1 1 1 1 0 0 0 0 0 0 0 0]
[2026-02-26 12:59:19] INFO: Found Hamiltonian antidirected path
