[2026-02-26 12:59:40] INFO: Logger initialized at log/log67264.log
[2026-02-26 12:59:40] INFO: Test 1344th graph in data/list_1662_graphs.g6: Qv}}~v||n]]]zZ~eI^xZ~Ln|N^w
[2026-02-26 12:59:40] INFO: Orientation of Qv}}~v||n]]]zZ~eI^xZ~Ln|N^w with min semidegree 6:
[0 0 0 0 0 1 1 1 0 0 0 1 1 1 0 0 0 0]
[1 0 0 0 0 0 1 0 0 0 0 0 1 1 1 0 0 1]
[1 0 0 0 0 0 0 0 1 1 1 0 0 0 0 1 1 0]
[1 1 1 0 0 0 0 0 1 0 0 0 0 0 1 0 1 0]
[1 1 1 1 0 0 0 0 0 0 0 0 0 0 0 1 0 1]
[0 0 1 1 1 0 0 0 0 0 0 0 0 0 0 1 1 1]
[0 0 0 1 1 1 0 0 0 0 0 0 0 0 1 0 1 1]
[0 1 1 1 1 0 1 0 0 0 0 0 0 0 0 0 0 1]
[1 1 0 0 1 1 0 1 0 0 0 0 0 0 0 0 1 0]
[1 1 0 1 0 1 1 0 1 0 0 0 0 0 0 0 0 1]
[1 1 0 0 1 1 1 1 0 0 0 0 0 0 0 1 0 0]
[0 1 1 1 0 0 1 1 1 1 0 0 0 0 0 0 0 0]
[0 0 1 0 1 1 0 1 1 0 1 1 0 0 0 0 0 0]
[0 0 1 1 1 1 1 0 0 1 1 0 0 0 0 0 0 0]
[0 0 0 0 0 0 0 1 1 1 1 1 1 1 0 0 0 0]
[0 0 0 0 0 0 0 1 1 1 0 1 1 1 1 0 0 0]
[0 0 0 0 0 0 0 0 0 1 1 1 1 1 1 1 0 0]
[0 0 0 0 0 0 0 0 0 0 1 1 1 1 1 1 1 0]
[2026-02-26 12:59:40] INFO: Found Hamiltonian antidirected path
