[2026-02-26 12:59:15] INFO: Logger initialized at log/log61169.log
[2026-02-26 12:59:15] INFO: Test 1182th graph in data/list_1662_graphs.g6: RwCWw?@?WBfoN`G^cN}{Bv_^@}]B{w
[2026-02-26 12:59:15] INFO: Orientation of RwCWw?@?WBfoN`G^cN}{Bv_^@}]B{w with min semidegree 3:
[0 0 0 0 0 0 0 0 0 0 0 0 0 0 0 0 1 1 1]
[1 0 0 0 0 0 0 0 0 0 0 0 0 0 0 0 0 1 1]
[1 1 0 0 0 0 0 0 0 0 0 0 0 0 1 0 0 0 0]
[0 0 0 0 0 0 0 0 0 0 0 1 1 0 0 0 1 0 0]
[0 0 0 1 0 0 0 0 0 0 0 1 0 0 0 0 1 0 0]
[0 0 0 1 1 0 0 0 0 0 0 0 0 0 0 0 1 0 0]
[0 0 0 1 1 1 0 0 0 0 0 0 0 0 0 0 0 0 0]
[0 0 0 0 0 0 0 0 0 0 0 0 0 1 0 0 0 1 1]
[0 0 0 0 0 0 0 1 0 0 0 0 0 0 0 0 0 1 1]
[0 0 0 0 0 0 0 1 1 0 0 0 0 0 0 0 0 1 0]
[0 0 0 0 0 0 0 1 1 1 0 0 0 0 0 0 0 0 0]
[0 0 1 0 0 1 1 0 0 0 0 0 0 0 0 0 0 0 0]
[0 0 1 0 1 1 1 0 0 0 0 1 0 0 0 0 0 0 0]
[0 0 1 0 0 0 0 0 1 1 1 1 1 0 0 0 0 0 0]
[0 0 0 0 0 0 0 1 1 1 1 1 1 1 0 0 0 0 0]
[1 1 0 1 1 1 1 0 0 0 0 0 0 1 1 0 0 0 0]
[0 1 0 0 0 0 1 0 0 0 0 0 0 1 1 1 0 0 0]
[0 0 0 0 0 0 0 0 0 0 1 1 1 0 0 1 1 0 0]
[0 0 0 0 0 0 0 0 0 1 1 1 1 0 0 1 1 1 0]
[2026-02-26 12:59:15] INFO: Found Hamiltonian antidirected path
