[2026-02-26 12:59:23] INFO: Logger initialized at log/log63429.log
[2026-02-26 12:59:23] INFO: Test 1241th graph in data/list_1662_graphs.g6: UsaCCA?_C?O?^~^~N~b~w^~@~{B~wB~w@~{?^~??
[2026-02-26 12:59:23] INFO: Orientation of UsaCCA?_C?O?^~^~N~b~w^~@~{B~wB~w@~{?^~?? with min semidegree 5:
[0 1 1 1 1 1 0 0 0 0 0 0 0 0 0 0 0 0 0 0 0 0]
[0 0 0 0 0 0 0 0 0 0 0 0 0 0 1 1 1 1 1 1 0 0]
[0 0 0 0 0 0 0 0 0 0 0 0 0 0 1 1 1 1 1 1 0 0]
[0 0 0 0 0 0 0 0 0 0 0 0 0 0 1 1 1 1 1 1 0 0]
[0 0 0 0 0 0 0 0 0 0 0 0 0 0 1 1 1 1 1 1 0 0]
[0 0 0 0 0 0 0 0 0 0 0 0 0 0 0 0 1 1 1 1 1 0]
[1 0 0 0 0 0 0 0 0 0 0 0 1 1 0 0 0 0 0 0 1 1]
[1 0 0 0 0 0 0 0 0 0 0 0 1 1 0 0 0 0 0 0 1 1]
[1 0 0 0 0 0 0 0 0 0 0 0 1 1 0 0 0 0 0 0 1 1]
[1 0 0 0 0 0 0 0 0 0 0 0 1 1 0 0 0 0 0 0 1 1]
[1 0 0 0 0 0 0 0 0 0 0 0 1 1 0 0 0 0 0 0 1 1]
[1 0 0 0 0 0 0 0 0 0 0 0 0 0 1 1 1 1 0 0 0 0]
[0 1 1 1 1 1 0 0 0 0 0 1 0 0 0 0 0 0 0 0 0 0]
[0 1 1 1 1 1 0 0 0 0 0 1 0 0 0 0 0 0 0 0 0 0]
[0 0 0 0 0 1 1 1 1 1 1 0 0 0 0 0 0 0 0 0 0 0]
[0 0 0 0 0 1 1 1 1 1 1 0 0 0 0 0 0 0 0 0 0 0]
[0 0 0 0 0 0 1 1 1 1 1 0 0 0 0 0 0 0 0 0 0 0]
[0 0 0 0 0 0 1 1 1 1 1 0 0 0 0 0 0 0 0 0 0 0]
[0 0 0 0 0 0 1 1 1 1 1 1 0 0 0 0 0 0 0 0 0 0]
[0 0 0 0 0 0 1 1 1 1 1 1 0 0 0 0 0 0 0 0 0 0]
[0 1 1 1 1 0 0 0 0 0 0 1 0 0 0 0 0 0 0 0 0 0]
[0 1 1 1 1 1 0 0 0 0 0 1 0 0 0 0 0 0 0 0 0 0]
[2026-02-26 12:59:23] INFO: Found Hamiltonian antidirected path
