[2026-02-26 12:59:14] INFO: Logger initialized at log/log60965.log
[2026-02-26 12:59:14] INFO: Test 1173th graph in data/list_1662_graphs.g6: R`Kw?CBo?F_^?~owW[Hw~NF~{Nfw^G
[2026-02-26 12:59:14] INFO: Orientation of R`Kw?CBo?F_^?~owW[Hw~NF~{Nfw^G with min semidegree 3:
[0 0 0 0 0 0 0 0 0 0 0 0 0 1 0 0 0 1 1]
[1 0 0 0 0 0 0 0 0 0 0 0 0 0 0 0 0 1 1]
[0 0 0 0 0 0 0 0 0 0 0 0 0 0 0 1 1 0 1]
[0 0 1 0 0 0 0 0 0 0 0 0 0 0 0 1 1 0 0]
[0 0 1 1 0 0 0 0 0 0 0 0 0 0 0 0 1 0 0]
[0 0 1 1 1 0 0 0 0 0 0 0 0 0 0 0 0 0 0]
[0 0 0 0 0 0 0 0 0 0 1 1 1 0 0 0 0 0 0]
[0 0 0 0 0 0 1 0 0 0 0 1 1 0 0 0 0 0 0]
[0 0 0 0 0 0 1 1 0 0 0 0 1 0 0 0 0 0 0]
[1 1 0 0 0 0 0 0 0 0 0 0 0 0 0 0 1 0 0]
[0 0 0 0 0 0 0 1 1 1 0 0 0 0 0 0 0 0 0]
[0 0 0 0 0 0 0 0 1 1 1 0 0 0 0 0 0 0 0]
[0 0 0 0 0 0 0 0 0 1 1 1 0 0 0 0 0 0 0]
[0 1 0 0 0 0 1 1 1 0 0 0 0 0 0 0 0 0 0]
[1 1 0 0 0 0 1 1 1 0 0 0 0 1 0 0 0 0 0]
[0 0 0 0 1 1 0 0 0 1 1 1 1 1 1 0 0 0 0]
[0 0 0 0 0 1 0 0 0 0 1 1 1 1 1 1 0 0 0]
[0 0 1 1 1 1 0 0 0 0 1 1 1 1 1 0 0 0 0]
[0 0 0 1 1 1 0 0 0 0 1 1 1 1 1 0 0 1 0]
[2026-02-26 12:59:14] INFO: Found Hamiltonian antidirected path
