[2026-02-26 12:59:19] INFO: Logger initialized at log/log62411.log
[2026-02-26 12:59:20] INFO: Test 1214th graph in data/list_1662_graphs.g6: Q}aKSMoQYRGvPmMUFJ@kNL`x~_?
[2026-02-26 12:59:20] INFO: Orientation of Q}aKSMoQYRGvPmMUFJ@kNL`x~_? with min semidegree 4:
[0 1 1 1 0 1 0 0 0 0 0 0 0 0 0 0 0 0]
[0 0 1 0 0 0 0 0 0 0 0 1 1 0 0 0 0 1]
[0 0 0 0 0 0 0 0 0 0 0 0 0 0 1 1 1 1]
[0 1 0 0 0 0 0 0 0 0 0 0 0 0 0 1 1 1]
[1 0 0 0 0 0 0 0 0 0 0 0 0 1 1 0 0 1]
[0 0 0 0 1 0 0 0 0 0 0 1 0 0 0 1 1 0]
[1 0 0 0 1 0 0 0 0 0 0 0 1 0 0 0 1 0]
[1 0 0 0 0 1 1 0 0 0 0 0 0 1 0 0 0 0]
[1 0 1 1 0 0 0 0 0 0 0 1 0 0 0 0 0 0]
[0 1 0 0 1 0 0 1 1 0 0 0 0 0 0 0 0 0]
[0 1 0 0 1 0 0 1 1 0 0 0 0 0 0 0 0 0]
[0 0 0 0 0 0 1 0 0 1 1 0 0 0 0 1 0 0]
[0 0 0 0 0 1 0 0 1 1 1 0 0 0 0 0 0 0]
[0 0 1 1 0 0 0 0 0 1 1 0 0 0 0 0 0 0]
[0 0 0 1 0 0 0 1 0 1 1 0 0 0 0 0 0 0]
[0 0 0 0 0 0 1 0 0 0 0 0 1 1 1 0 0 0]
[0 0 0 0 0 0 0 0 0 0 0 1 1 1 1 0 0 0]
[0 0 0 0 0 1 1 1 1 0 0 0 0 0 0 0 0 0]
[2026-02-26 12:59:20] INFO: Found Hamiltonian antidirected path
