[2026-02-26 12:59:21] INFO: Logger initialized at log/log63034.log
[2026-02-26 12:59:21] INFO: Test 1229th graph in data/list_1662_graphs.g6: SsaCCA?_??N|^u^mNnBvo\}@nwA~o@~o?
[2026-02-26 12:59:21] INFO: Orientation of SsaCCA?_??N|^u^mNnBvo\}@nwA~o@~o? with min semidegree 4:
[0 1 1 1 1 0 0 0 0 0 0 0 0 0 0 0 0 0 0 0]
[0 0 0 0 0 0 0 0 0 0 0 0 0 1 0 1 1 1 1 0]
[0 0 0 0 0 0 0 0 0 0 0 0 0 0 0 1 1 1 0 1]
[0 0 0 0 0 0 0 0 0 0 0 0 0 0 0 1 1 0 1 1]
[0 0 0 0 0 0 0 0 0 0 0 0 0 0 0 1 0 1 1 1]
[1 0 0 0 0 0 0 0 0 0 0 0 0 0 0 0 1 1 1 0]
[1 0 0 0 0 0 0 0 0 0 0 1 1 0 0 0 0 0 0 1]
[1 0 0 0 0 0 0 0 0 0 0 1 1 0 1 0 0 0 0 0]
[1 0 0 0 0 0 0 0 0 0 0 1 0 1 1 0 0 0 0 0]
[1 0 0 0 0 0 0 0 0 0 0 0 1 1 1 0 0 0 0 0]
[0 0 0 0 0 0 0 0 0 0 0 1 1 1 1 0 0 0 0 0]
[0 1 1 1 1 1 0 0 0 0 0 0 0 0 0 0 0 0 0 0]
[0 1 1 1 1 1 0 0 0 0 0 0 0 0 0 0 0 0 0 0]
[0 0 1 1 1 1 1 0 0 0 0 0 0 0 0 0 0 0 0 0]
[0 1 1 1 1 1 0 0 0 0 0 0 0 0 0 0 0 0 0 0]
[0 0 0 0 0 0 1 1 1 1 1 0 0 0 0 0 0 0 0 0]
[0 0 0 0 0 0 1 1 1 1 1 0 0 0 0 0 0 0 0 0]
[0 0 0 0 0 0 1 1 1 1 1 0 0 0 0 0 0 0 0 0]
[0 0 0 0 0 0 1 1 1 1 1 0 0 0 0 0 0 0 0 0]
[0 0 0 0 0 1 0 1 1 1 1 0 0 0 0 0 0 0 0 0]
[2026-02-26 12:59:21] INFO: Found Hamiltonian antidirected path
