[2026-02-26 12:59:12] INFO: Logger initialized at log/log60344.log
[2026-02-26 12:59:12] INFO: Test 1158th graph in data/list_1662_graphs.g6: RwCWw{??G@_F?Nw?[?G}B?N~~?N@{g
[2026-02-26 12:59:12] INFO: Orientation of RwCWw{??G@_F?Nw?[?G}B?N~~?N@{g with min semidegree 3:
[0 0 0 0 0 0 0 0 0 0 0 0 0 0 1 0 0 1 1]
[1 0 0 0 0 0 0 0 0 0 0 0 0 0 0 0 0 1 1]
[1 1 0 0 0 0 0 0 0 0 0 0 0 0 0 0 0 0 1]
[0 0 0 0 0 0 0 1 0 0 0 0 0 0 0 1 0 1 0]
[0 0 0 1 0 0 0 0 0 0 0 0 0 0 0 1 0 1 0]
[0 0 0 1 1 0 0 0 0 0 0 0 0 0 0 0 0 1 0]
[0 0 0 1 1 1 0 0 0 0 0 0 0 0 0 0 0 0 0]
[0 0 0 0 1 1 1 0 0 0 0 0 0 0 0 0 0 0 0]
[0 0 0 0 0 0 0 0 0 0 0 0 1 0 0 0 1 0 1]
[0 0 0 0 0 0 0 0 1 0 0 0 0 0 0 0 1 0 1]
[0 0 0 0 0 0 0 0 1 1 0 0 0 0 0 0 1 0 0]
[0 0 0 0 0 0 0 0 1 1 1 0 0 0 0 0 0 0 0]
[0 0 0 0 0 0 0 0 0 1 1 1 0 0 0 0 0 0 0]
[1 1 1 0 0 0 0 0 0 0 0 0 0 0 0 0 0 0 0]
[0 1 1 0 0 0 0 0 0 0 0 0 0 1 0 0 0 0 0]
[0 0 0 0 0 1 1 1 0 0 0 0 0 1 1 0 0 0 0]
[0 0 0 0 0 0 0 0 0 0 0 1 1 1 1 1 0 0 0]
[0 0 1 0 0 0 1 1 0 0 0 0 0 0 0 0 1 0 0]
[0 0 0 0 0 0 0 0 0 0 1 1 1 0 0 1 0 1 0]
[2026-02-26 12:59:12] INFO: Found Hamiltonian antidirected path
