[2026-02-26 12:59:42] INFO: Logger initialized at log/log67827.log
[2026-02-26 12:59:42] INFO: Test 1356th graph in data/list_1662_graphs.g6: O@KpOkNxvL]WzHuqzeero
[2026-02-26 12:59:42] INFO: Orientation of O@KpOkNxvL]WzHuqzeero with min semidegree 3:
[0 0 0 0 0 0 0 0 0 1 1 1 0 0 0 1]
[0 0 0 0 0 0 0 0 0 0 0 0 1 1 1 1]
[0 0 0 1 0 0 0 0 0 1 0 0 1 0 0 0]
[0 0 0 0 0 0 0 0 0 0 0 0 0 1 1 1]
[0 0 1 1 0 0 0 0 0 0 0 0 0 1 0 0]
[0 0 1 1 0 0 0 0 0 0 0 0 0 0 1 0]
[0 0 1 0 1 0 0 0 1 0 0 0 0 0 0 0]
[0 0 0 1 0 1 1 0 0 0 0 0 0 0 0 0]
[0 0 0 0 1 1 0 1 0 0 0 0 0 0 0 0]
[0 1 0 0 0 1 1 1 0 0 0 0 0 0 0 0]
[0 1 1 0 0 1 1 0 1 0 0 0 0 0 0 0]
[0 1 1 1 0 0 1 1 0 0 0 0 0 0 0 0]
[1 0 0 0 1 1 0 0 1 0 0 1 0 0 0 0]
[1 0 0 0 0 0 1 1 0 0 1 0 1 0 0 0]
[1 0 0 0 1 0 0 0 1 1 0 1 0 0 0 0]
[0 0 0 0 1 0 0 1 1 1 1 0 0 0 0 0]
[2026-02-26 12:59:42] INFO: Found Hamiltonian antidirected path
