[2026-02-26 12:59:15] INFO: Logger initialized at log/log61090.log
[2026-02-26 12:59:15] INFO: Test 1178th graph in data/list_1662_graphs.g6: R~?GW?@?WB_NBbBb`}?^`{B~oN~bf_
[2026-02-26 12:59:15] INFO: Orientation of R~?GW?@?WB_NBbBb`}?^`{B~oN~bf_ with min semidegree 3:
[0 0 0 0 0 0 0 0 0 0 0 0 0 0 0 0 1 1 1]
[1 0 0 0 0 0 0 0 0 0 0 0 0 0 0 0 1 1 0]
[1 1 0 0 0 0 0 0 0 0 0 0 0 0 0 0 0 1 0]
[1 1 1 0 0 0 0 0 0 0 0 0 0 0 0 0 0 0 0]
[0 0 0 0 0 0 0 0 0 0 0 0 1 1 1 0 0 0 0]
[0 0 0 0 1 0 0 0 0 0 0 0 1 1 0 0 0 0 0]
[0 0 0 0 1 1 0 0 0 0 0 0 0 1 0 0 0 0 0]
[0 0 0 0 0 0 0 0 0 0 0 1 0 0 1 0 0 0 1]
[0 0 0 0 0 0 0 1 0 0 0 0 0 0 1 0 0 0 1]
[0 0 0 0 0 0 0 1 1 0 0 0 0 0 0 0 0 0 1]
[0 0 0 0 0 0 0 1 1 1 0 0 0 0 0 0 0 0 0]
[0 0 0 0 0 0 0 0 1 1 1 0 0 0 0 0 0 0 0]
[0 0 0 0 0 0 1 0 0 0 1 1 0 0 0 0 0 0 0]
[0 0 0 0 0 0 0 0 0 0 1 1 1 0 0 0 0 0 0]
[0 0 0 0 0 1 1 0 0 1 0 0 0 0 0 0 0 0 0]
[0 0 0 0 1 1 1 1 1 1 0 0 0 0 1 0 0 0 0]
[0 0 1 1 0 0 0 0 0 0 1 1 1 1 1 1 0 0 0]
[0 0 0 1 0 0 0 0 0 0 1 1 1 1 1 1 1 0 0]
[0 1 1 1 0 0 0 0 0 0 0 0 1 1 1 1 0 0 0]
[2026-02-26 12:59:15] INFO: Found Hamiltonian antidirected path
