[2026-02-26 12:59:35] INFO: Logger initialized at log/log66401.log
[2026-02-26 12:59:35] INFO: Test 1318th graph in data/list_1662_graphs.g6: P{aK`_hSIQ_u@qTPHSXSWLCc
[2026-02-26 12:59:35] INFO: Orientation of P{aK`_hSIQ_u@qTPHSXSWLCc with min semidegree 3:
[0 1 1 0 0 0 1 0 0 0 0 0 0 0 0 0 0]
[0 0 0 0 0 0 0 0 0 0 1 0 0 1 1 0 0]
[0 1 0 0 0 0 0 0 0 0 0 0 0 0 0 1 1]
[1 0 0 0 0 0 0 0 0 0 0 0 0 1 0 0 1]
[1 0 0 0 0 0 0 0 0 0 0 0 0 0 1 1 0]
[1 0 0 0 1 0 0 0 0 0 0 0 0 0 0 0 1]
[0 0 0 1 0 0 0 0 0 0 0 1 0 0 1 0 0]
[0 0 1 1 0 0 0 0 0 0 0 0 1 0 0 0 0]
[0 0 1 0 1 0 0 1 0 0 0 0 0 0 0 0 0]
[0 1 0 1 0 0 0 0 1 0 0 0 0 0 0 0 0]
[0 0 0 0 1 0 0 1 0 1 0 0 0 0 0 0 0]
[0 0 0 0 0 1 0 0 1 1 0 0 0 0 0 0 0]
[0 0 0 0 0 1 1 0 0 0 1 0 0 0 0 0 0]
[0 0 0 0 0 1 0 1 0 0 0 1 0 0 0 0 0]
[0 0 0 0 0 0 0 0 1 0 0 0 1 1 0 0 0]
[0 0 0 0 0 0 1 0 0 0 1 1 0 0 0 0 0]
[0 0 0 0 0 0 0 0 0 1 0 0 1 0 0 1 0]
[2026-02-26 12:59:35] INFO: Found Hamiltonian antidirected path
