[2026-02-26 12:59:42] INFO: Logger initialized at log/log67832.log
[2026-02-26 12:59:42] INFO: Test 1359th graph in data/list_1662_graphs.g6: T}accYIQ@@aI@bP]G]ahTWpo{SPsoOxMCjIc
[2026-02-26 12:59:42] INFO: Orientation of T}accYIQ@@aI@bP]G]ahTWpo{SPsoOxMCjIc with min semidegree 4:
[0 1 1 1 1 0 0 0 0 0 0 0 0 0 0 0 0 0 0 0 0]
[0 0 0 0 0 0 0 0 0 0 0 0 0 1 1 1 1 0 0 0 0]
[0 1 0 0 0 0 0 0 0 0 0 0 0 0 0 0 1 1 0 0 1]
[0 1 0 0 0 0 0 0 0 0 0 0 0 0 0 1 0 1 1 0 0]
[0 0 0 0 0 0 0 0 0 0 0 0 0 0 0 0 0 1 1 1 1]
[1 0 1 0 0 0 0 0 0 0 0 0 0 1 0 0 0 0 0 1 0]
[1 0 0 1 0 0 0 0 0 0 0 0 0 0 0 0 1 0 1 0 0]
[1 0 0 0 1 1 0 0 0 0 0 0 0 0 0 0 0 0 0 0 1]
[1 0 0 0 1 0 1 0 0 0 0 0 0 0 0 0 0 0 0 1 0]
[0 1 0 0 1 0 0 0 0 0 1 0 0 0 1 0 0 0 0 0 0]
[0 0 1 0 0 0 0 0 1 0 0 0 0 0 0 1 0 0 0 0 1]
[0 0 0 1 0 0 0 1 0 1 0 0 0 0 0 0 0 0 0 1 0]
[0 0 0 0 0 1 1 0 0 0 1 1 0 0 0 0 0 0 0 0 0]
[0 0 0 0 0 0 0 1 1 1 1 0 0 0 0 0 0 0 0 0 0]
[0 0 0 0 0 0 1 1 1 0 0 1 0 0 0 0 0 0 0 0 0]
[0 0 0 0 0 1 0 0 1 0 0 0 1 0 1 0 0 0 0 0 0]
[0 0 0 0 0 0 0 1 0 0 0 1 1 1 0 0 0 0 0 0 0]
[0 0 0 0 0 1 0 0 0 1 0 1 0 0 0 1 0 0 0 0 0]
[0 0 1 0 0 0 0 0 0 1 1 0 0 0 0 0 1 0 0 0 0]
[0 0 0 1 0 0 0 0 0 0 0 0 1 1 0 0 0 0 1 0 0]
[0 0 0 0 0 0 1 0 0 0 0 0 1 0 1 0 0 1 0 0 0]
[2026-02-26 12:59:42] INFO: Found Hamiltonian antidirected path
