[2026-02-26 12:59:13] INFO: Logger initialized at log/log60553.log
[2026-02-26 12:59:13] INFO: Test 1164th graph in data/list_1662_graphs.g6: R~{?GK??G@_F@o@o_~_@}?NvwB~}@o
[2026-02-26 12:59:13] INFO: Orientation of R~{?GK??G@_F@o@o_~_@}?NvwB~}@o with min semidegree 3:
[0 0 0 0 1 0 0 0 0 0 0 0 0 0 0 0 0 1 1]
[1 0 0 0 0 0 0 0 0 0 0 0 0 0 0 0 0 1 1]
[1 1 0 0 0 0 0 0 0 0 0 0 0 0 0 0 0 1 0]
[1 1 1 0 0 0 0 0 0 0 0 0 0 0 0 0 0 0 0]
[0 1 1 1 0 0 0 0 0 0 0 0 0 0 0 0 0 0 0]
[0 0 0 0 0 0 0 0 0 0 0 0 0 1 1 0 0 0 1]
[0 0 0 0 0 1 0 0 0 0 0 0 0 0 1 0 0 0 1]
[0 0 0 0 0 1 1 0 0 0 0 0 0 0 0 0 0 0 1]
[0 0 0 0 0 0 0 0 0 0 0 0 0 0 1 1 1 0 0]
[0 0 0 0 0 0 0 0 1 0 0 0 0 0 1 0 1 0 0]
[0 0 0 0 0 0 0 0 1 1 0 0 0 0 0 0 1 0 0]
[0 0 0 0 0 0 0 0 1 1 1 0 0 0 0 0 0 0 0]
[0 0 0 0 0 1 1 1 0 0 0 0 0 0 0 0 0 0 0]
[0 0 0 0 0 0 1 1 0 0 0 0 1 0 0 0 0 0 0]
[0 0 0 0 0 0 0 1 0 0 1 1 0 0 0 0 0 0 0]
[0 0 0 0 0 0 0 0 0 1 1 1 1 1 0 0 0 0 0]
[0 0 0 0 0 0 0 0 0 0 0 1 1 1 0 1 0 0 0]
[0 0 0 1 1 0 0 0 0 0 0 0 1 1 1 1 1 0 0]
[0 0 1 1 1 0 0 0 0 0 0 0 0 0 1 1 1 0 0]
[2026-02-26 12:59:13] INFO: Found Hamiltonian antidirected path
