[2026-02-26 12:59:34] INFO: Logger initialized at log/log66206.log
[2026-02-26 12:59:34] INFO: Test 1315th graph in data/list_1662_graphs.g6: SsaC??????KNC}B]MXBd_ZQ@ko?}O?|_?
[2026-02-26 12:59:34] INFO: Orientation of SsaC??????KNC}B]MXBd_ZQ@ko?}O?|_? with min semidegree 3:
[0 1 1 1 0 0 0 0 0 0 0 0 0 0 0 0 0 0 0 0]
[0 0 0 0 0 0 0 0 0 0 0 0 0 0 1 1 0 1 0 0]
[0 0 0 0 0 0 0 0 0 0 0 0 0 0 1 0 1 1 0 0]
[0 0 0 0 0 0 0 0 0 0 0 0 0 0 0 1 0 0 1 1]
[1 0 0 0 0 0 0 0 0 0 0 0 0 0 0 0 1 1 0 0]
[1 0 0 0 0 0 0 0 0 0 0 0 0 0 0 0 0 0 1 1]
[1 0 0 0 0 0 0 0 0 0 0 0 0 0 0 1 0 0 0 1]
[0 0 0 0 0 0 0 0 0 0 0 1 1 1 0 0 0 0 0 0]
[0 0 0 0 0 0 0 0 0 0 0 1 1 1 0 0 0 0 0 0]
[0 0 0 0 0 0 0 0 0 0 0 1 1 1 0 0 0 0 0 0]
[0 0 0 0 0 0 0 0 0 0 0 0 0 0 1 0 1 0 1 0]
[0 1 1 0 0 0 0 0 0 0 1 0 0 0 0 0 0 0 0 0]
[0 0 0 1 0 0 1 0 0 0 1 0 0 0 0 0 0 0 0 0]
[0 0 0 0 1 1 0 0 0 0 1 0 0 0 0 0 0 0 0 0]
[0 0 0 1 0 0 1 1 0 0 0 0 0 0 0 0 0 0 0 0]
[0 0 1 0 0 0 0 0 1 1 0 0 0 0 0 0 0 0 0 0]
[0 1 0 0 0 1 0 1 0 0 0 0 0 0 0 0 0 0 0 0]
[0 0 0 0 0 1 0 0 1 1 0 0 0 0 0 0 0 0 0 0]
[0 0 0 0 1 0 1 1 0 0 0 0 0 0 0 0 0 0 0 0]
[0 0 0 0 1 0 0 0 1 1 0 0 0 0 0 0 0 0 0 0]
[2026-02-26 12:59:34] INFO: Found Hamiltonian antidirected path
