[2026-02-26 12:59:22] INFO: Logger initialized at log/log63147.log
[2026-02-26 12:59:22] INFO: Test 1234th graph in data/list_1662_graphs.g6: S~~~~~~~~~~~~~~~~~~~~~~~~~~~~~~~{
[2026-02-26 12:59:22] INFO: Orientation of S~~~~~~~~~~~~~~~~~~~~~~~~~~~~~~~{ with min semidegree 9:
[0 0 0 0 0 0 0 0 0 0 0 1 1 1 1 1 1 1 1 1]
[1 0 0 0 0 0 0 0 0 0 0 0 1 1 1 1 1 1 1 1]
[1 1 0 0 0 0 0 0 0 0 0 0 0 1 1 1 1 1 1 1]
[1 1 1 0 0 0 0 0 0 0 0 0 0 0 1 1 1 1 1 1]
[1 1 1 1 0 0 0 0 0 0 0 0 0 0 0 1 1 1 1 1]
[1 1 1 1 1 0 0 0 0 0 0 0 0 0 0 0 1 1 1 1]
[1 1 1 1 1 1 0 0 0 0 0 0 0 0 0 0 0 1 1 1]
[1 1 1 1 1 1 1 0 0 0 0 0 0 0 0 0 0 0 1 1]
[1 1 1 1 1 1 1 1 0 0 0 0 0 0 0 0 0 0 0 1]
[1 1 1 1 1 1 1 1 1 0 0 0 0 0 0 0 0 0 0 0]
[1 1 1 1 1 1 1 1 1 1 0 0 0 0 0 0 0 0 0 0]
[0 1 1 1 1 1 1 1 1 1 1 0 0 0 0 0 0 0 0 0]
[0 0 1 1 1 1 1 1 1 1 1 1 0 0 0 0 0 0 0 0]
[0 0 0 1 1 1 1 1 1 1 1 1 1 0 0 0 0 0 0 0]
[0 0 0 0 1 1 1 1 1 1 1 1 1 1 0 0 0 0 0 0]
[0 0 0 0 0 1 1 1 1 1 1 1 1 1 1 0 0 0 0 0]
[0 0 0 0 0 0 1 1 1 1 1 1 1 1 1 1 0 0 0 0]
[0 0 0 0 0 0 0 1 1 1 1 1 1 1 1 1 1 0 0 0]
[0 0 0 0 0 0 0 0 1 1 1 1 1 1 1 1 1 1 0 0]
[0 0 0 0 0 0 0 0 0 1 1 1 1 1 1 1 1 1 1 0]
[2026-02-26 12:59:22] INFO: Found Hamiltonian antidirected path
