[2026-02-26 12:59:14] INFO: Logger initialized at log/log60787.log
[2026-02-26 12:59:14] INFO: Test 1168th graph in data/list_1662_graphs.g6: R~?GW[??G@_F?N?N}?~`oBp{NF~}M_
[2026-02-26 12:59:14] INFO: Orientation of R~?GW[??G@_F?N?N}?~`oBp{NF~}M_ with min semidegree 3:
[0 0 0 0 0 0 0 0 0 0 0 0 0 0 1 1 0 0 1]
[1 0 0 0 0 0 0 0 0 0 0 0 0 0 1 0 0 0 1]
[1 1 0 0 0 0 0 0 0 0 0 0 0 0 0 0 0 0 1]
[1 1 1 0 0 0 0 0 0 0 0 0 0 0 0 0 0 0 0]
[0 0 0 0 0 0 0 0 0 0 0 0 0 0 0 0 1 1 1]
[0 0 0 0 1 0 0 0 0 0 0 0 0 0 0 0 1 1 0]
[0 0 0 0 1 1 0 0 0 0 0 0 0 0 0 0 0 1 0]
[0 0 0 0 1 1 1 0 0 0 0 0 0 0 0 0 0 0 0]
[0 0 0 0 0 0 0 0 0 0 0 0 1 1 0 1 0 0 0]
[0 0 0 0 0 0 0 0 1 0 0 0 0 1 0 1 0 0 0]
[0 0 0 0 0 0 0 0 1 1 0 0 0 0 0 1 0 0 0]
[0 0 0 0 0 0 0 0 1 1 1 0 0 0 0 0 0 0 0]
[0 0 0 0 0 0 0 0 0 1 1 1 0 0 0 0 0 0 0]
[0 0 0 0 0 0 0 0 0 0 1 1 1 0 0 0 0 0 0]
[0 0 1 1 0 0 0 0 0 0 0 1 1 1 0 0 0 0 0]
[0 1 1 1 0 0 0 0 0 0 0 0 0 0 0 0 0 0 0]
[0 0 0 0 0 0 1 1 0 0 0 1 1 1 1 1 0 0 0]
[0 0 0 0 0 0 0 1 0 0 0 1 1 1 1 1 1 0 0]
[0 0 0 1 0 1 1 1 0 0 0 1 1 1 0 1 0 0 0]
[2026-02-26 12:59:14] INFO: Found Hamiltonian antidirected path
