[2026-02-26 12:59:53] INFO: Logger initialized at log/log70538.log
[2026-02-26 12:59:53] INFO: Test 1430th graph in data/list_1662_graphs.g6: S~rLTMYdW?LPXRUJIbXatKjSNM?XrGFo{
[2026-02-26 12:59:53] INFO: Orientation of S~rLTMYdW?LPXRUJIbXatKjSNM?XrGFo{ with min semidegree 4:
[0 0 0 0 0 1 1 1 1 0 0 0 0 0 0 0 0 0 0 0]
[1 0 0 0 0 0 0 0 0 0 0 0 1 1 1 0 0 0 0 0]
[1 1 0 0 0 0 0 0 0 0 0 0 0 0 0 1 1 0 0 0]
[1 1 1 0 0 0 0 0 0 0 0 0 0 0 0 0 1 0 0 0]
[1 1 0 0 0 0 0 0 0 0 0 0 0 0 0 0 0 1 1 0]
[0 1 0 0 1 0 0 0 0 0 0 0 0 0 0 0 0 1 1 0]
[0 0 1 0 1 0 0 0 0 0 0 0 0 0 0 0 1 0 0 1]
[0 0 1 0 0 1 1 0 0 0 0 0 0 0 0 0 0 0 0 1]
[0 0 0 1 1 0 1 0 0 0 0 0 0 0 0 0 0 0 0 1]
[1 0 0 1 0 1 0 1 1 0 0 0 0 0 0 0 0 0 0 0]
[0 0 0 0 0 0 0 0 0 0 0 0 0 0 1 1 0 0 1 1]
[0 1 1 0 1 0 1 0 0 0 1 0 0 0 0 0 0 0 0 0]
[0 0 1 0 0 1 0 1 0 0 1 1 0 0 0 0 0 0 0 0]
[0 0 0 1 1 0 0 0 1 0 1 1 0 0 0 0 0 0 0 0]
[0 0 0 1 0 1 0 0 0 1 0 0 1 1 0 0 0 0 0 0]
[0 0 0 1 0 0 0 1 0 1 0 0 1 0 1 0 0 0 0 0]
[0 0 0 0 0 0 0 0 1 0 1 1 0 1 0 1 0 0 0 0]
[0 0 0 0 0 0 1 1 0 0 1 1 1 0 0 0 0 0 0 0]
[0 0 0 0 0 0 0 0 1 1 0 0 0 1 1 0 0 1 0 0]
[0 0 0 0 0 0 0 0 0 1 0 0 0 0 0 1 1 1 1 0]
[2026-02-26 12:59:53] INFO: Found Hamiltonian antidirected path
