[2026-02-26 12:59:57] INFO: Logger initialized at log/log71526.log
[2026-02-26 12:59:58] INFO: Test 1455th graph in data/list_1662_graphs.g6: S~zEmYbfDjtue{\\lvQvwNr`b^yx^p~bo
[2026-02-26 12:59:58] INFO: Orientation of S~zEmYbfDjtue{\\lvQvwNr`b^yx^p~bo with min semidegree 6:
[0 0 1 1 1 0 0 0 0 0 1 1 1 0 0 0 0 0 0 0]
[1 0 0 0 0 0 0 0 0 0 0 0 0 1 1 1 0 1 1 0]
[0 1 0 0 0 0 0 0 0 0 1 0 0 1 0 0 1 1 0 1]
[0 1 1 0 0 0 0 0 0 0 0 0 0 0 0 1 1 0 1 1]
[0 1 1 0 0 0 0 0 0 0 0 1 0 0 0 0 1 0 1 1]
[1 1 0 0 0 0 0 0 0 0 0 0 0 1 1 0 0 0 1 1]
[1 1 0 1 0 1 0 0 0 0 0 0 0 0 0 0 0 1 0 1]
[1 1 0 0 1 1 0 0 0 0 0 0 0 0 0 0 0 1 0 1]
[1 0 1 0 0 0 1 1 0 0 0 0 0 0 1 0 0 0 1 0]
[1 0 0 1 1 1 0 0 0 0 0 0 0 0 0 1 0 1 0 0]
[0 0 0 1 0 1 0 1 1 1 0 0 0 0 0 0 0 1 0 0]
[0 0 1 0 0 1 1 0 1 1 0 0 0 0 0 0 0 0 1 0]
[0 0 0 1 1 0 1 1 1 1 0 0 0 0 0 0 0 0 0 0]
[0 0 0 1 0 0 0 1 1 1 0 1 1 0 0 0 0 0 0 0]
[0 0 1 0 1 0 1 0 0 1 1 0 1 0 0 0 0 0 0 0]
[0 0 0 0 1 0 1 1 1 0 1 1 0 0 0 0 0 0 0 0]
[0 0 0 0 0 1 1 1 0 0 1 1 1 0 0 0 0 0 0 0]
[0 0 0 0 0 0 0 0 0 0 0 1 1 1 1 1 1 0 0 0]
[0 0 0 0 0 0 0 0 0 0 1 0 1 1 1 1 1 0 0 0]
[0 0 0 0 0 0 0 0 1 1 0 0 0 1 1 1 1 0 0 0]
[2026-02-26 12:59:58] INFO: Found Hamiltonian antidirected path
