[2026-02-26 12:59:53] INFO: Logger initialized at log/log70534.log
[2026-02-26 12:59:53] INFO: Test 1429th graph in data/list_1662_graphs.g6: S~rLTMYd[?LRXZUZIrYFoJM[xYplYg}[o
[2026-02-26 12:59:53] INFO: Orientation of S~rLTMYd[?LRXZUZIrYFoJM[xYplYg}[o with min semidegree 5:
[0 1 1 1 1 1 0 0 0 0 0 0 0 0 0 0 0 0 0 0]
[0 0 0 0 0 0 0 0 0 0 0 1 1 1 1 1 0 0 0 0]
[0 1 0 1 0 0 0 0 0 0 0 0 0 0 0 0 1 1 1 0]
[0 1 0 0 0 0 0 0 0 0 0 0 0 0 1 0 0 1 1 1]
[0 1 0 0 0 1 0 0 0 0 0 0 0 0 0 0 1 1 0 1]
[0 1 0 0 0 0 0 0 0 0 0 0 0 0 1 0 1 0 1 1]
[1 0 1 0 1 0 0 0 0 0 0 0 0 0 0 0 0 0 1 1]
[1 0 1 0 0 1 1 0 0 0 0 0 0 0 0 0 0 1 0 0]
[1 0 0 1 1 0 1 0 0 0 0 0 0 0 0 0 1 0 0 0]
[1 0 0 1 0 1 0 1 1 0 0 0 0 0 0 0 0 0 0 0]
[1 0 0 0 0 0 0 0 0 0 0 0 1 1 0 0 0 0 1 1]
[0 0 1 0 1 0 1 0 0 1 1 0 0 0 0 0 0 0 0 0]
[0 0 1 0 0 1 0 1 1 0 0 1 0 0 0 0 0 0 0 0]
[0 0 0 1 1 0 0 1 1 0 0 1 0 0 0 0 0 0 0 0]
[0 0 0 0 0 0 1 0 0 1 1 0 1 1 0 0 0 0 0 0]
[0 0 0 0 0 0 1 1 1 1 1 0 0 0 0 0 0 0 0 0]
[0 0 0 0 0 0 0 0 0 1 1 0 0 1 1 1 0 0 0 0]
[0 0 0 0 0 0 0 0 0 1 1 0 1 0 1 1 0 0 0 0]
[0 0 0 0 0 0 0 0 1 0 0 1 0 1 0 1 0 1 0 0]
[0 0 0 0 0 0 0 1 0 0 0 1 1 0 0 1 1 0 0 0]
[2026-02-26 12:59:53] INFO: Found Hamiltonian antidirected path
