[2026-02-26 12:59:56] INFO: Logger initialized at log/log71273.log
[2026-02-26 12:59:56] INFO: Test 1448th graph in data/list_1662_graphs.g6: R???????F~~}~{~{^}F~_~{B~oF~_?
[2026-02-26 12:59:56] INFO: Orientation of R???????F~~}~{~{^}F~_~{B~oF~_? with min semidegree 4:
[0 0 0 0 0 0 0 0 0 0 1 0 0 0 0 1 1 1 1]
[0 0 0 0 0 0 0 0 0 0 1 0 0 0 0 1 1 1 1]
[0 0 0 0 0 0 0 0 0 0 1 0 0 0 0 0 1 1 1]
[0 0 0 0 0 0 0 0 0 0 1 0 0 0 0 0 1 1 1]
[0 0 0 0 0 0 0 0 0 0 0 1 1 1 1 0 0 0 0]
[0 0 0 0 0 0 0 0 0 0 0 1 1 1 1 0 0 0 0]
[0 0 0 0 0 0 0 0 0 0 0 1 1 1 1 0 0 0 0]
[0 0 0 0 0 0 0 0 0 0 0 1 1 1 1 0 0 0 0]
[0 0 0 0 0 0 0 0 0 0 0 0 0 0 0 1 1 1 1]
[0 0 0 0 0 0 0 0 0 0 0 0 0 0 0 1 1 1 1]
[0 0 0 0 1 1 1 1 1 1 0 0 0 0 0 0 0 0 0]
[1 1 1 1 0 0 0 0 1 1 0 0 0 0 0 0 0 0 0]
[1 1 1 1 0 0 0 0 1 1 0 0 0 0 0 0 0 0 0]
[1 1 1 1 0 0 0 0 1 1 0 0 0 0 0 0 0 0 0]
[1 1 1 1 0 0 0 0 1 1 0 0 0 0 0 0 0 0 0]
[0 0 1 1 1 1 1 1 0 0 0 0 0 0 0 0 0 0 0]
[0 0 0 0 1 1 1 1 0 0 0 0 0 0 0 0 0 0 0]
[0 0 0 0 1 1 1 1 0 0 0 0 0 0 0 0 0 0 0]
[0 0 0 0 1 1 1 1 0 0 0 0 0 0 0 0 0 0 0]
[2026-02-26 12:59:56] INFO: Found Hamiltonian antidirected path
