[2026-03-08 16:33:21] INFO: Logger initialized at log3/log625157.log
[2026-03-08 16:33:22] INFO: Test 714th graph in data/list_1775_graphs.g6: L`K}EF{rx}Fx{r
[2026-03-08 16:33:22] INFO: meta data: 
minimum degree >= 6
independent number >= 2
connected
Not regular
[2026-03-08 16:33:22] INFO: Orientation of L`K}EF{rx}Fx{r with min semidegree 3:
[0 0 0 0 0 0 0 0 1 1 0 0 1]
[1 0 0 0 0 0 0 0 1 1 0 0 0]
[0 0 0 0 0 0 0 0 0 0 1 1 1]
[0 0 1 0 0 0 0 0 0 0 0 1 1]
[0 0 1 1 0 0 0 0 0 1 0 0 0]
[0 0 1 1 1 0 0 0 0 0 0 0 0]
[1 1 0 0 0 0 0 0 0 1 0 0 0]
[1 1 0 0 0 0 1 0 0 0 0 0 0]
[0 0 1 1 1 1 0 0 0 0 0 0 0]
[0 0 0 0 0 1 0 1 1 0 0 0 0]
[0 0 0 1 1 1 1 1 0 0 0 0 0]
[0 0 0 0 1 1 1 1 0 0 1 0 0]
[0 1 0 0 0 0 1 1 0 0 1 1 0]
[2026-03-08 16:33:22] INFO: Any vertex can be a start vertex of a directed path of length 2k-1
