[2026-03-08 17:06:44] INFO: Logger initialized at log3/log640104.log
[2026-03-08 17:06:45] INFO: Test 1141th graph in data/list_1775_graphs.g6: JoSv~~}~Vx_
[2026-03-08 17:06:45] INFO: meta data: 
minimum degree >= 6
independent number >= 2
connected
Not regular
[2026-03-08 17:06:45] INFO: Orientation of JoSv~~}~Vx_ with min semidegree 3:
[0 0 0 0 0 0 1 1 1 0 0]
[1 0 0 0 0 0 0 1 1 0 0]
[1 0 0 0 0 0 0 0 0 1 1]
[0 0 0 0 0 0 1 0 0 1 1]
[0 1 0 1 0 0 0 0 0 0 1]
[0 0 1 1 0 0 1 0 0 0 0]
[0 1 1 0 1 0 0 0 0 0 0]
[0 0 1 1 1 1 1 0 0 0 0]
[0 0 1 1 1 1 1 0 0 0 0]
[1 1 0 0 1 1 0 1 0 0 0]
[1 1 0 0 0 1 0 0 1 1 0]
[2026-03-08 17:06:45] INFO: Any vertex can be a start vertex of a directed path of length 2k-1
