[2026-03-08 16:00:05] INFO: Logger initialized at log3/log600274.log
[2026-03-08 16:00:05] INFO: Test 14th graph in data/list_1775_graphs.g6: RAM?gWPA`ghcwKwK[WDaGqa?CowE]G
[2026-03-08 16:00:05] INFO: meta data: 
minimum degree >= 6
independent number >= 2
connected
Not regular
[2026-03-08 16:00:05] INFO: Orientation of RAM?gWPA`ghcwKwK[WDaGqa?CowE]G with min semidegree 3:
[0 0 0 0 0 0 0 0 0 0 0 0 1 1 0 0 1 0 0]
[0 0 0 0 0 0 0 0 0 0 0 1 1 0 0 0 1 0 0]
[0 0 0 0 0 0 0 0 0 0 1 0 0 1 1 0 0 0 0]
[0 1 0 0 0 0 1 0 0 0 0 0 0 0 0 1 0 0 0]
[0 0 1 1 0 0 0 1 0 0 0 0 0 0 0 0 0 0 0]
[1 0 0 0 0 0 0 0 0 0 1 0 0 0 0 0 0 1 0]
[0 0 0 0 0 1 0 0 0 0 0 0 0 0 1 0 0 0 1]
[0 0 0 0 0 1 0 0 0 0 0 0 0 0 0 1 0 0 1]
[0 0 0 1 0 0 0 1 0 0 0 0 0 0 0 0 0 1 0]
[0 0 0 0 1 0 1 0 0 0 0 0 0 0 0 0 0 1 0]
[0 0 0 1 0 0 0 0 0 1 0 0 0 0 0 0 0 0 1]
[0 0 0 0 1 1 0 0 1 0 0 0 0 0 0 0 0 0 0]
[0 0 1 0 0 0 0 0 1 1 0 0 0 0 0 0 0 0 0]
[0 1 0 0 0 0 0 0 1 1 0 0 0 0 0 0 0 0 0]
[1 1 0 0 0 0 0 1 0 0 0 0 0 0 0 0 0 0 0]
[1 0 1 0 0 0 0 0 0 0 0 1 0 0 0 0 0 0 0]
[0 0 0 0 1 0 1 0 0 0 1 0 0 0 0 0 0 0 0]
[0 0 0 0 0 0 0 0 0 0 0 0 0 0 1 1 1 0 0]
[0 0 0 0 0 0 0 0 0 0 0 1 1 1 0 0 0 1 0]
[2026-03-08 16:00:05] INFO: Any vertex can be a start vertex of a directed path of length 2k-1
