[2026-03-08 16:35:12] INFO: Logger initialized at log3/log634331.log
[2026-03-08 16:35:12] INFO: Test 977th graph in data/list_1775_graphs.g6: Rs??GSiDROI_??jPrpUXcKrd`uadu?
[2026-03-08 16:35:12] INFO: meta data: 
minimum degree >= 6
independent number >= 2
connected
Not regular
[2026-03-08 16:35:12] INFO: Orientation of Rs??GSiDROI_??jPrpUXcKrd`uadu? with min semidegree 3:
[0 0 0 0 0 0 0 0 0 0 0 0 0 1 1 1 0 0 0]
[1 0 0 0 0 0 0 0 0 0 0 0 0 0 0 0 0 1 1]
[1 0 0 0 0 0 0 0 0 0 0 0 0 0 0 0 1 1 0]
[1 0 0 0 0 0 0 0 0 0 0 0 0 0 0 0 1 0 1]
[0 0 0 0 0 0 0 0 0 0 0 0 0 1 1 1 0 0 0]
[0 0 0 0 0 0 0 0 0 0 0 0 0 1 1 1 0 0 0]
[0 0 0 0 0 1 0 0 0 0 0 0 0 0 0 0 1 0 1]
[0 0 0 0 1 0 1 0 0 0 0 0 0 0 0 0 0 1 0]
[0 0 1 0 1 0 1 0 0 0 0 0 0 0 0 0 0 0 0]
[0 0 0 1 0 1 0 1 0 0 0 0 0 0 0 0 0 0 0]
[0 1 1 0 1 0 0 0 0 0 0 0 0 0 0 0 0 0 0]
[0 1 0 1 0 1 0 0 0 0 0 0 0 0 0 0 0 0 0]
[0 0 0 0 0 0 0 0 0 0 0 0 0 0 0 0 1 1 1]
[0 0 1 0 0 0 0 1 0 0 0 1 1 0 0 0 0 0 0]
[0 0 0 1 0 0 1 0 0 0 1 0 1 0 0 0 0 0 0]
[0 1 0 0 0 0 0 0 1 1 0 0 1 0 0 0 0 0 0]
[0 0 0 0 0 0 0 1 0 0 1 1 0 0 0 1 0 0 0]
[0 0 0 0 0 0 0 0 1 1 0 1 0 0 1 0 0 0 0]
[0 0 0 0 0 0 0 0 1 1 1 0 0 1 0 0 0 0 0]
[2026-03-08 16:35:12] INFO: Any vertex can be a start vertex of a directed path of length 2k-1
