[2026-03-08 16:34:49] INFO: Logger initialized at log3/log631982.log
[2026-03-08 16:34:49] INFO: Test 910th graph in data/list_1775_graphs.g6: L~~DKmN\r\jnM~
[2026-03-08 16:34:49] INFO: meta data: 
minimum degree >= 6
independent number >= 2
connected
Not regular
[2026-03-08 16:34:49] INFO: Orientation of L~~DKmN\r\jnM~ with min semidegree 4:
[0 0 0 1 1 1 0 0 1 0 0 0 0]
[1 0 0 0 0 0 0 0 0 1 1 1 0]
[1 1 0 0 0 0 0 0 0 0 1 0 1]
[0 1 1 0 0 0 0 0 0 0 0 1 1]
[0 1 1 1 0 0 0 0 0 0 0 0 1]
[0 1 0 0 0 0 0 0 0 1 1 1 0]
[1 0 1 0 0 1 0 0 0 0 0 0 1]
[1 0 0 1 0 1 1 0 0 0 0 0 0]
[0 0 0 0 1 1 1 1 0 0 0 0 0]
[0 0 1 1 0 0 1 1 0 0 0 0 0]
[0 0 0 0 1 0 1 0 1 1 0 0 0]
[0 0 0 0 1 0 0 1 1 1 1 0 0]
[0 0 0 0 0 0 0 1 1 1 1 1 0]
[2026-03-08 16:34:49] INFO: Any vertex can be a start vertex of a directed path of length 2k-1
