[2026-03-08 16:34:05] INFO: Logger initialized at log3/log628344.log
[2026-03-08 16:34:06] INFO: Test 805th graph in data/list_1775_graphs.g6: L`Mztxyr]f}xzk
[2026-03-08 16:34:06] INFO: meta data: 
minimum degree >= 6
independent number >= 2
connected
Not regular
[2026-03-08 16:34:06] INFO: Orientation of L`Mztxyr]f}xzk with min semidegree 3:
[0 0 0 0 0 0 0 0 0 1 1 1 1]
[1 0 0 0 0 0 0 0 0 0 1 1 0]
[0 0 0 0 0 1 0 0 0 0 0 1 1]
[0 0 1 0 0 0 1 1 0 0 0 0 0]
[0 0 1 1 0 0 0 0 0 0 0 0 1]
[1 0 0 1 1 0 0 0 0 0 0 0 0]
[0 1 1 0 1 0 0 0 0 0 0 0 0]
[1 0 1 0 1 1 0 0 0 0 0 0 0]
[0 1 1 1 1 0 1 0 0 0 0 0 0]
[0 1 0 0 1 1 0 1 1 0 0 0 0]
[0 0 0 1 0 0 1 1 1 1 0 0 0]
[0 0 0 1 0 1 1 1 0 0 1 0 0]
[0 1 0 0 0 1 1 0 1 1 0 0 0]
[2026-03-08 16:34:06] INFO: Any vertex can be a start vertex of a directed path of length 2k-1
