[2026-03-08 16:35:30] INFO: Logger initialized at log3/log634749.log
[2026-03-08 16:35:30] INFO: Test 988th graph in data/list_1775_graphs.g6: JtPM@{~~f~_
[2026-03-08 16:35:30] INFO: meta data: 
minimum degree >= 6
independent number >= 2
connected
Not regular
[2026-03-08 16:35:30] INFO: Orientation of JtPM@{~~f~_ with min semidegree 3:
[0 0 1 0 0 0 0 0 0 1 1]
[1 0 0 0 0 0 0 0 0 1 1]
[0 0 0 0 0 0 0 1 1 1 0]
[1 0 1 0 0 0 0 0 1 0 0]
[0 1 0 0 0 0 0 1 0 0 1]
[0 1 0 0 1 0 0 0 1 0 0]
[1 1 0 0 0 0 0 0 0 1 0]
[0 0 0 1 0 1 1 0 0 0 0]
[0 0 0 0 1 0 1 1 0 0 0]
[0 0 0 1 1 1 0 0 0 0 0]
[0 0 1 1 0 1 1 1 1 1 0]
[2026-03-08 16:35:30] INFO: Any vertex can be a start vertex of a directed path of length 2k-1
