[2026-03-08 16:35:09] INFO: Logger initialized at log3/log633977.log
[2026-03-08 16:35:09] INFO: Test 966th graph in data/list_1775_graphs.g6: RwCWw{??G@{Fw?w?_FW@v?M{^F~}Ho
[2026-03-08 16:35:09] INFO: meta data: 
minimum degree >= 6
independent number >= 2
connected
Not regular
[2026-03-08 16:35:09] INFO: Orientation of RwCWw{??G@{Fw?w?_FW@v?M{^F~}Ho with min semidegree 3:
[0 0 0 0 0 0 0 0 0 0 0 1 0 1 0 0 0 0 1]
[1 0 0 0 0 0 0 0 0 0 0 1 0 0 0 0 0 0 1]
[1 1 0 0 0 0 0 0 0 0 0 0 0 0 0 0 0 0 1]
[0 0 0 0 0 0 0 1 0 0 0 0 0 0 0 0 0 1 1]
[0 0 0 1 0 0 0 0 0 0 0 0 0 0 0 0 0 1 1]
[0 0 0 1 1 0 0 0 0 0 0 0 0 0 0 0 0 1 0]
[0 0 0 1 1 1 0 0 0 0 0 0 0 0 0 0 0 0 0]
[0 0 0 0 1 1 1 0 0 0 0 0 0 0 0 0 0 0 0]
[0 0 0 0 0 0 0 0 0 0 0 1 0 0 1 0 1 0 0]
[0 0 0 0 0 0 0 0 1 0 0 0 0 0 1 0 1 0 0]
[0 0 0 0 0 0 0 0 1 1 0 0 0 0 0 0 1 0 0]
[0 0 1 0 0 0 0 0 0 1 1 0 0 0 0 0 0 0 0]
[1 1 1 0 0 0 0 0 0 0 0 0 0 0 0 0 0 0 0]
[0 1 1 0 0 0 0 0 0 0 0 0 1 0 0 0 0 0 0]
[0 0 0 0 0 0 0 0 0 0 1 0 1 1 0 0 0 0 0]
[0 0 0 0 0 0 0 0 1 1 1 0 1 1 1 0 0 0 0]
[0 0 0 0 0 0 0 0 0 0 0 0 1 1 1 1 0 0 0]
[0 0 0 0 0 0 1 1 0 0 0 1 1 1 1 1 1 0 0]
[0 0 0 0 0 1 1 1 0 0 0 1 0 0 1 1 1 0 0]
[2026-03-08 16:35:09] INFO: Any vertex can be a start vertex of a directed path of length 2k-1
