[2026-03-08 16:33:43] INFO: Logger initialized at log3/log626555.log
[2026-03-08 16:33:43] INFO: Test 754th graph in data/list_1775_graphs.g6: LrzTTTSTM^e}M|
[2026-03-08 16:33:43] INFO: meta data: 
minimum degree >= 6
independent number >= 2
connected
Not regular
[2026-03-08 16:33:43] INFO: Orientation of LrzTTTSTM^e}M| with min semidegree 3:
[0 0 0 0 1 0 1 0 0 0 1 0 0]
[1 0 0 0 1 0 0 0 0 0 1 0 0]
[1 0 0 0 0 0 0 0 0 0 0 1 1]
[0 1 1 0 0 0 0 0 0 0 0 1 0]
[0 0 1 0 0 0 0 0 0 0 1 0 1]
[1 1 0 1 0 0 0 0 0 0 0 0 0]
[0 0 1 0 1 0 0 0 0 0 0 0 1]
[1 0 1 0 1 0 1 0 0 0 0 0 0]
[0 1 0 1 0 1 0 0 0 0 0 0 0]
[0 1 0 1 0 1 0 0 1 0 0 0 0]
[0 0 0 0 0 1 1 1 1 1 0 0 0]
[0 0 0 0 0 1 1 1 1 1 0 0 0]
[0 0 0 1 0 0 0 1 1 1 0 1 0]
[2026-03-08 16:33:43] INFO: Any vertex can be a start vertex of a directed path of length 2k-1
