[2026-03-08 16:34:26] INFO: Logger initialized at log3/log630092.log
[2026-03-08 16:34:27] INFO: Test 855th graph in data/list_1775_graphs.g6: L`~}ECrMxn|]ty
[2026-03-08 16:34:27] INFO: meta data: 
minimum degree >= 6
independent number >= 2
connected
Not regular
[2026-03-08 16:34:27] INFO: Orientation of L`~}ECrMxn|]ty with min semidegree 3:
[0 0 0 0 0 1 0 0 0 0 0 1 1]
[1 0 0 0 0 0 0 0 0 0 0 1 1]
[0 0 0 0 0 0 0 0 0 1 1 1 0]
[0 0 1 0 0 0 0 0 0 0 1 0 1]
[1 1 1 1 0 0 0 0 0 0 0 0 0]
[0 1 1 1 1 0 0 0 0 0 0 0 0]
[1 1 0 0 0 0 0 0 1 0 0 0 0]
[1 1 0 0 0 0 1 0 0 0 0 0 0]
[0 0 1 1 0 0 0 1 0 0 0 0 0]
[0 0 0 1 1 0 1 1 1 0 0 0 0]
[0 0 0 0 0 1 1 1 1 1 0 0 0]
[0 0 0 0 1 0 1 1 1 1 0 0 0]
[0 0 0 0 0 1 1 1 1 0 1 0 0]
[2026-03-08 16:34:27] INFO: Any vertex can be a start vertex of a directed path of length 2k-1
