[2026-03-08 16:34:14] INFO: Logger initialized at log3/log629079.log
[2026-03-08 16:34:15] INFO: Test 826th graph in data/list_1775_graphs.g6: L~qhg[NB}rm^[~
[2026-03-08 16:34:15] INFO: meta data: 
minimum degree >= 6
independent number >= 2
connected
Not regular
[2026-03-08 16:34:15] INFO: Orientation of L~qhg[NB}rm^[~ with min semidegree 3:
[0 0 1 1 0 0 0 0 0 0 1 0 0]
[1 0 0 0 0 0 0 0 0 0 0 1 1]
[0 1 0 0 0 0 0 0 0 0 0 1 1]
[0 1 1 0 0 0 0 0 0 0 0 0 1]
[1 1 0 0 0 0 0 0 1 0 0 0 0]
[1 0 1 0 1 0 0 0 0 0 0 0 0]
[0 0 1 1 0 1 0 0 0 0 0 0 0]
[0 0 0 0 1 1 1 0 0 0 0 0 0]
[0 0 0 0 0 1 1 1 0 0 0 0 0]
[0 0 0 0 1 1 1 1 1 0 0 0 0]
[0 1 0 1 1 0 0 1 1 1 0 0 0]
[0 0 0 1 0 0 1 1 1 1 1 0 0]
[0 0 0 0 0 0 1 1 1 1 1 1 0]
[2026-03-08 16:34:15] INFO: Any vertex can be a start vertex of a directed path of length 2k-1
