[2026-03-08 17:10:17] INFO: Logger initialized at log3/log640629.log
[2026-03-08 17:10:17] INFO: Test 1156th graph in data/list_1775_graphs.g6: P??????~~~^{~w~w^{F~?~w?
[2026-03-08 17:10:17] INFO: meta data: 
minimum degree >= 6
independent number >= 2
connected
Not regular
[2026-03-08 17:10:17] INFO: Orientation of P??????~~~^{~w~w^{F~?~w? with min semidegree 4:
[0 0 0 0 0 0 0 0 0 1 1 1 0 0 0 0 1]
[0 0 0 0 0 0 0 0 0 1 1 1 0 0 0 0 1]
[0 0 0 0 0 0 0 0 0 1 1 1 0 0 0 0 1]
[0 0 0 0 0 0 0 0 0 1 1 1 0 0 0 0 1]
[0 0 0 0 0 0 0 0 0 0 0 0 1 1 1 1 0]
[0 0 0 0 0 0 0 0 0 0 0 0 1 1 1 1 0]
[0 0 0 0 0 0 0 0 0 0 0 0 1 1 1 1 0]
[0 0 0 0 0 0 0 0 0 0 0 0 1 1 1 1 0]
[0 0 0 0 0 0 0 0 0 1 1 1 0 0 0 0 1]
[0 0 0 0 1 1 1 1 0 0 0 0 0 0 0 0 0]
[0 0 0 0 1 1 1 1 0 0 0 0 0 0 0 0 0]
[0 0 0 0 1 1 1 1 0 0 0 0 0 0 0 0 0]
[1 1 1 1 0 0 0 0 1 0 0 0 0 0 0 0 0]
[1 1 1 1 0 0 0 0 1 0 0 0 0 0 0 0 0]
[1 1 1 1 0 0 0 0 1 0 0 0 0 0 0 0 0]
[1 1 1 1 0 0 0 0 1 0 0 0 0 0 0 0 0]
[0 0 0 0 1 1 1 1 0 0 0 0 0 0 0 0 0]
[2026-03-08 17:10:21] INFO: Any vertex can be a start vertex of a directed path of length 2k-1
