[2026-03-08 16:32:56] INFO: Logger initialized at log3/log623549.log
[2026-03-08 16:32:57] INFO: Test 668th graph in data/list_1775_graphs.g6: KvohhmnRy}~~
[2026-03-08 16:32:57] INFO: meta data: 
minimum degree >= 6
independent number >= 2
connected
Not regular
[2026-03-08 16:32:57] INFO: Orientation of KvohhmnRy}~~ with min semidegree 3:
[0 1 0 0 0 0 0 0 1 0 0 1]
[0 0 0 0 0 0 0 0 0 1 1 1]
[1 0 0 0 0 0 0 1 0 0 0 1]
[1 1 1 0 0 0 0 0 0 0 0 0]
[1 1 0 0 0 0 0 0 0 0 1 0]
[0 0 1 0 1 0 0 0 0 0 0 1]
[0 0 1 1 0 1 0 0 0 0 0 0]
[0 0 0 1 0 1 1 0 0 0 0 0]
[0 0 1 0 1 1 1 1 0 0 0 0]
[0 0 0 0 1 1 1 1 1 0 0 0]
[0 0 0 1 0 1 1 1 0 1 0 0]
[0 0 0 1 1 0 1 1 1 1 1 0]
[2026-03-08 16:32:57] INFO: Any vertex can be a start vertex of a directed path of length 2k-1
